04-05 12:15:50.069 11629 11688 I PluginInstance: Adding PixelDrain (https://pixeldrain.com) ExtractorApi
04-05 12:15:50.069 11629 11688 I PluginInstance: Adding Upload18 (https://www.upload18.com) ExtractorApi
04-05 12:15:50.069 11629 11688 I PluginInstance: Adding Xshotcok (https://xshotcok.com) ExtractorApi
04-05 12:15:50.069 11629 11688 I PluginInstance: Adding Co4nxtrl (https://co4nxtrl.com) ExtractorApi
04-05 12:15:50.069 11629 11688 I PluginInstance: Adding Hownetwork (https://stream.hownetwork.xyz) ExtractorApi
04-05 12:15:50.070 11629 11688 I PluginInstance: Adding Hownetwork (https://cloud.hownetwork.xyz) ExtractorApi
04-05 12:15:50.070 11629 11688 I PluginInstance: Adding Furher (https://furher.in) ExtractorApi
04-05 12:15:50.070 11629 11688 I PluginInstance: Adding Furher 2 (723qrh1p.fun) ExtractorApi
04-05 12:15:50.070 11629 11688 I PluginInstance: Adding Turbovidhls (https://turbovid.xyz) ExtractorApi
04-05 12:15:50.070 11629 11688 I PluginInstance: Adding Emturbovid (https://emturbovid.com) ExtractorApi
04-05 12:15:50.070 11629 11688 I PluginInstance: Adding VidHidePro6 (https://vidhidepro.com) ExtractorApi
04-05 12:15:50.070 11629 11688 I PluginManager: Loaded plugin Donghuastream successfully
04-05 12:15:50.070 11629 11692 I PluginManager: Loaded plugin Pencurimovie successfully
04-05 12:15:50.119 11629 11692 I PluginManager: Unloading plugin: /data/user/0/com.lagradost.cloudstream3/files/Extensions/httpsraw.githubusercontent.combyimam2ndcloudstream-ekstensionrefsheadsmasterrepo.json.-1427536412/Animasu.807717554.cs3
04-05 12:15:50.120 11629 11692 I PluginManager: Loading plugin: PluginData(internalName=Animasu, url=https://raw.githubusercontent.com/byimam2nd/oce/builds/Animasu.cs3, isOnline=true, filePath=/data/user/0/com.lagradost.cloudstream3/files/Extensions/httpsraw.githubusercontent.combyimam2ndcloudstream-ekstensionrefsheadsmasterrepo.json.-1427536412/Animasu.807717554.cs3, version=-2147483648)
04-05 12:15:50.130 11629 11692 I PluginInstance: Adding Animasu🐰 (https://v1.animasu.top) MainAPI
04-05 12:15:50.135 11629 11692 I PluginInstance: Adding Do7go (https://do7go.com) ExtractorApi
04-05 12:15:50.135 11629 11692 I PluginInstance: Adding DHC Play (https://dhcplay.com) ExtractorApi
04-05 12:15:50.135 11629 11692 I PluginInstance: Adding Hglink (https://hglink.to) ExtractorApi
04-05 12:15:50.135 11629 11692 I PluginInstance: Adding Ghbrisk (https://ghbrisk.com) ExtractorApi
04-05 12:15:50.135 11629 11692 I PluginInstance: Adding Movearnpre (https://movearnpre.com) ExtractorApi
04-05 12:15:50.135 11629 11692 I PluginInstance: Adding Minochinos (https://minochinos.com) ExtractorApi
04-05 12:15:50.135 11629 11692 I PluginInstance: Adding Mivalyo (https://mivalyo.com) ExtractorApi
04-05 12:15:50.135 11629 11692 I PluginInstance: Adding Ryderjet (https://ryderjet.com) ExtractorApi
04-05 12:15:50.135 11629 11692 I PluginInstance: Adding Bingezove (https://bingezove.com) ExtractorApi
04-05 12:15:50.135 11629 11692 I PluginInstance: Adding Dingtezuni (https://dingtezuni.com) ExtractorApi
04-05 12:15:50.135 11629 11692 I PluginInstance: Adding Dhtpre (https://dhtpre.com) ExtractorApi
04-05 12:15:50.135 11629 11692 I PluginInstance: Adding Listeamed (https://listeamed.net) ExtractorApi
04-05 12:15:50.135 11629 11692 I PluginInstance: Adding Streamcasthub (https://live.streamcasthub.store) ExtractorApi
04-05 12:15:50.135 11629 11692 I PluginInstance: Adding Dm21embed (https://dm21.embed4me.vip) ExtractorApi
04-05 12:15:50.135 11629 11692 I PluginInstance: Adding Dm21upns (https://dm21.upns.live) ExtractorApi
04-05 12:15:50.135 11629 11692 I PluginInstance: Adding Pm21p2p (https://pm21.p2pplay.pro) ExtractorApi
04-05 12:15:50.135 11629 11692 I PluginInstance: Adding Dm21 (https://dm21.embed4me.vip) ExtractorApi
04-05 12:15:50.135 11629 11692 I PluginInstance: Adding Meplayer (https://video.4meplayer.com) ExtractorApi
04-05 12:15:50.135 11629 11692 I PluginInstance: Adding Fufaupns (https://fufafilm.upns.pro) ExtractorApi
04-05 12:15:50.135 11629 11692 I PluginInstance: Adding P2pplay (https://nf21.p2pplay.pro) ExtractorApi
04-05 12:15:50.135 11629 11692 I PluginInstance: Adding Playerngefilm21 (https://player.ngefilm21.com) ExtractorApi
04-05 12:15:50.135 11629 11692 I PluginInstance: Adding Rpmvid (https://rpmvid.com) ExtractorApi
04-05 12:15:50.135 11629 11692 I PluginInstance: Adding Voe (https://voe.sx) ExtractorApi
04-05 12:15:50.135 11629 11692 I PluginInstance: Adding Veev (https://veev.to) ExtractorApi
04-05 12:15:50.135 11629 11692 I PluginInstance: Adding Dintezuvio (https://dintezuvio.com) ExtractorApi
04-05 12:15:50.135 11629 11692 I PluginInstance: Adding Hxfile (https://hxfile.co) ExtractorApi
04-05 12:15:50.135 11629 11692 I PluginInstance: Adding Odnoklassniki (https://odnoklassniki.ru) ExtractorApi
04-05 12:15:50.135 11629 11692 I PluginInstance: Adding OkRuSSL (https://ok.ru) ExtractorApi
04-05 12:15:50.135 11629 11692 I PluginInstance: Adding OkRuHTTP (http://ok.ru) ExtractorApi
04-05 12:15:50.135 11629 11692 I PluginInstance: Adding Dailymotion (https://www.dailymotion.com) ExtractorApi
04-05 12:15:50.135 11629 11692 I PluginInstance: Adding Rumble (https://rumble.com) ExtractorApi
04-05 12:15:50.135 11629 11692 I PluginInstance: Adding StreamRuby (https://rubyvidhub.com) ExtractorApi
04-05 12:15:50.135 11629 11692 I PluginInstance: Adding svanila (https://streamruby.net) ExtractorApi
04-05 12:15:50.135 11629 11692 I PluginInstance: Adding svilla (https://streamruby.com) ExtractorApi
04-05 12:15:50.135 11629 11692 I PluginInstance: Adding Vidguard (https://vidguard.to) ExtractorApi
04-05 12:15:50.135 11629 11692 I PluginInstance: Adding Vidguard (https://bembed.net) ExtractorApi
04-05 12:15:50.135 11629 11692 I PluginInstance: Adding Vidguard (https://listeamed.net) ExtractorApi
04-05 12:15:50.135 11629 11692 I PluginInstance: Adding Vidguard (https://vgfplay.com) ExtractorApi
04-05 12:15:50.135 11629 11692 I PluginInstance: Adding Archivd (https://archivd.net) ExtractorApi
04-05 12:15:50.135 11629 11692 I PluginInstance: Adding Uservideo (https://new.uservideo.xyz) ExtractorApi
04-05 12:15:50.135 11629 11692 I PluginInstance: Adding Vidhidepro (https://vidhidepro.com) ExtractorApi
04-05 12:15:50.135 11629 11692 I PluginInstance: Adding DoodStream (https://dsvplay.com) ExtractorApi
04-05 12:15:50.136 11629 11692 I PluginInstance: Adding ArchiveOrg (https://archive.org) ExtractorApi
04-05 12:15:50.136 11629 11692 I PluginInstance: Adding Megacloud (https://megacloud.blog) ExtractorApi
04-05 12:15:50.136 11629 11692 I PluginInstance: Adding Jeniusplay (https://jeniusplay.com) ExtractorApi
04-05 12:15:50.136 11629 11692 I PluginInstance: Adding Gdriveplayer.to (https://gdriveplayer.to) ExtractorApi
04-05 12:15:50.136 11629 11692 I PluginInstance: Adding GDFlix (https://gdflix.co) ExtractorApi
04-05 12:15:50.136 11629 11692 I PluginInstance: Adding Blogger (https://www.blogger.com) ExtractorApi
04-05 12:15:50.136 11629 11692 I PluginInstance: Adding PixelDrain (https://pixeldrain.com) ExtractorApi
04-05 12:15:50.136 11629 11692 I PluginInstance: Adding Upload18 (https://www.upload18.com) ExtractorApi
04-05 12:15:50.136 11629 11692 I PluginInstance: Adding Xshotcok (https://xshotcok.com) ExtractorApi
04-05 12:15:50.136 11629 11692 I PluginInstance: Adding Co4nxtrl (https://co4nxtrl.com) ExtractorApi
04-05 12:15:50.136 11629 11692 I PluginInstance: Adding Hownetwork (https://stream.hownetwork.xyz) ExtractorApi
04-05 12:15:50.136 11629 11692 I PluginInstance: Adding Hownetwork (https://cloud.hownetwork.xyz) ExtractorApi
04-05 12:15:50.136 11629 11692 I PluginInstance: Adding Furher (https://furher.in) ExtractorApi
04-05 12:15:50.136 11629 11692 I PluginInstance: Adding Furher 2 (723qrh1p.fun) ExtractorApi
04-05 12:15:50.136 11629 11692 I PluginInstance: Adding Turbovidhls (https://turbovid.xyz) ExtractorApi
04-05 12:15:50.136 11629 11692 I PluginInstance: Adding Emturbovid (https://emturbovid.com) ExtractorApi
04-05 12:15:50.136 11629 11692 I PluginInstance: Adding VidHidePro6 (https://vidhidepro.com) ExtractorApi
04-05 12:15:50.136 11629 11692 I PluginManager: Loaded plugin Animasu successfully
04-05 12:15:50.159 11629 11692 I PluginManager: Unloading plugin: /data/user/0/com.lagradost.cloudstream3/files/Extensions/httpsraw.githubusercontent.combyimam2ndcloudstream-ekstensionrefsheadsmasterrepo.json.-1427536412/Funmovieslix.1702794745.cs3
04-05 12:15:50.159 11629 11692 I PluginManager: Loading plugin: PluginData(internalName=Funmovieslix, url=https://raw.githubusercontent.com/byimam2nd/oce/builds/Funmovieslix.cs3, isOnline=true, filePath=/data/user/0/com.lagradost.cloudstream3/files/Extensions/httpsraw.githubusercontent.combyimam2ndcloudstream-ekstensionrefsheadsmasterrepo.json.-1427536412/Funmovieslix.1702794745.cs3, version=-2147483648)
04-05 12:15:50.160 11629 11700 I PluginManager: Unloading plugin: /data/user/0/com.lagradost.cloudstream3/files/Extensions/httpsraw.githubusercontent.combyimam2ndcloudstream-ekstensionrefsheadsmasterrepo.json.-1427536412/Samehadaku.846270246.cs3
04-05 12:15:50.160 11629 11700 I PluginManager: Loading plugin: PluginData(internalName=Samehadaku, url=https://raw.githubusercontent.com/byimam2nd/oce/builds/Samehadaku.cs3, isOnline=true, filePath=/data/user/0/com.lagradost.cloudstream3/files/Extensions/httpsraw.githubusercontent.combyimam2ndcloudstream-ekstensionrefsheadsmasterrepo.json.-1427536412/Samehadaku.846270246.cs3, version=-2147483648)
04-05 12:15:50.175 11629 11692 I PluginInstance: Adding Funmovieslix (https://funmovieslix.com) MainAPI
04-05 12:15:50.176 11629 11700 I PluginInstance: Adding Samehadaku⛩️ (https://v1.samehadaku.how) MainAPI
04-05 12:15:50.179 11629 11692 I PluginInstance: Adding Do7go (https://do7go.com) ExtractorApi
04-05 12:15:50.179 11629 11692 I PluginInstance: Adding DHC Play (https://dhcplay.com) ExtractorApi
04-05 12:15:50.179 11629 11692 I PluginInstance: Adding Hglink (https://hglink.to) ExtractorApi
04-05 12:15:50.179 11629 11692 I PluginInstance: Adding Ghbrisk (https://ghbrisk.com) ExtractorApi
04-05 12:15:50.179 11629 11692 I PluginInstance: Adding Movearnpre (https://movearnpre.com) ExtractorApi
04-05 12:15:50.179 11629 11692 I PluginInstance: Adding Minochinos (https://minochinos.com) ExtractorApi
04-05 12:15:50.179 11629 11692 I PluginInstance: Adding Mivalyo (https://mivalyo.com) ExtractorApi
04-05 12:15:50.179 11629 11692 I PluginInstance: Adding Ryderjet (https://ryderjet.com) ExtractorApi
04-05 12:15:50.179 11629 11692 I PluginInstance: Adding Bingezove (https://bingezove.com) ExtractorApi
04-05 12:15:50.179 11629 11692 I PluginInstance: Adding Dingtezuni (https://dingtezuni.com) ExtractorApi
04-05 12:15:50.179 11629 11692 I PluginInstance: Adding Dhtpre (https://dhtpre.com) ExtractorApi
04-05 12:15:50.179 11629 11692 I PluginInstance: Adding Listeamed (https://listeamed.net) ExtractorApi
04-05 12:15:50.179 11629 11692 I PluginInstance: Adding Streamcasthub (https://live.streamcasthub.store) ExtractorApi
04-05 12:15:50.179 11629 11692 I PluginInstance: Adding Dm21embed (https://dm21.embed4me.vip) ExtractorApi
04-05 12:15:50.179 11629 11692 I PluginInstance: Adding Dm21upns (https://dm21.upns.live) ExtractorApi
04-05 12:15:50.179 11629 11692 I PluginInstance: Adding Pm21p2p (https://pm21.p2pplay.pro) ExtractorApi
04-05 12:15:50.179 11629 11692 I PluginInstance: Adding Dm21 (https://dm21.embed4me.vip) ExtractorApi
04-05 12:15:50.179 11629 11692 I PluginInstance: Adding Meplayer (https://video.4meplayer.com) ExtractorApi
04-05 12:15:50.179 11629 11692 I PluginInstance: Adding Fufaupns (https://fufafilm.upns.pro) ExtractorApi
04-05 12:15:50.179 11629 11692 I PluginInstance: Adding P2pplay (https://nf21.p2pplay.pro) ExtractorApi
04-05 12:15:50.179 11629 11692 I PluginInstance: Adding Playerngefilm21 (https://player.ngefilm21.com) ExtractorApi
04-05 12:15:50.179 11629 11692 I PluginInstance: Adding Rpmvid (https://rpmvid.com) ExtractorApi
04-05 12:15:50.179 11629 11692 I PluginInstance: Adding Voe (https://voe.sx) ExtractorApi
04-05 12:15:50.179 11629 11692 I PluginInstance: Adding Veev (https://veev.to) ExtractorApi
04-05 12:15:50.180 11629 11692 I PluginInstance: Adding Dintezuvio (https://dintezuvio.com) ExtractorApi
04-05 12:15:50.180 11629 11692 I PluginInstance: Adding Hxfile (https://hxfile.co) ExtractorApi
04-05 12:15:50.180 11629 11692 I PluginInstance: Adding Odnoklassniki (https://odnoklassniki.ru) ExtractorApi
04-05 12:15:50.180 11629 11692 I PluginInstance: Adding OkRuSSL (https://ok.ru) ExtractorApi
04-05 12:15:50.180 11629 11692 I PluginInstance: Adding OkRuHTTP (http://ok.ru) ExtractorApi
04-05 12:15:50.180 11629 11692 I PluginInstance: Adding Dailymotion (https://www.dailymotion.com) ExtractorApi
04-05 12:15:50.180 11629 11692 I PluginInstance: Adding Rumble (https://rumble.com) ExtractorApi
04-05 12:15:50.180 11629 11692 I PluginInstance: Adding StreamRuby (https://rubyvidhub.com) ExtractorApi
04-05 12:15:50.180 11629 11692 I PluginInstance: Adding svanila (https://streamruby.net) ExtractorApi
04-05 12:15:50.180 11629 11692 I PluginInstance: Adding svilla (https://streamruby.com) ExtractorApi
04-05 12:15:50.180 11629 11692 I PluginInstance: Adding Vidguard (https://vidguard.to) ExtractorApi
04-05 12:15:50.180 11629 11692 I PluginInstance: Adding Vidguard (https://bembed.net) ExtractorApi
04-05 12:15:50.180 11629 11692 I PluginInstance: Adding Vidguard (https://listeamed.net) ExtractorApi
04-05 12:15:50.180 11629 11692 I PluginInstance: Adding Vidguard (https://vgfplay.com) ExtractorApi
04-05 12:15:50.180 11629 11692 I PluginInstance: Adding Archivd (https://archivd.net) ExtractorApi
04-05 12:15:50.180 11629 11692 I PluginInstance: Adding Uservideo (https://new.uservideo.xyz) ExtractorApi
04-05 12:15:50.180 11629 11692 I PluginInstance: Adding Vidhidepro (https://vidhidepro.com) ExtractorApi
04-05 12:15:50.180 11629 11692 I PluginInstance: Adding DoodStream (https://dsvplay.com) ExtractorApi
04-05 12:15:50.180 11629 11692 I PluginInstance: Adding ArchiveOrg (https://archive.org) ExtractorApi
04-05 12:15:50.180 11629 11692 I PluginInstance: Adding Megacloud (https://megacloud.blog) ExtractorApi
04-05 12:15:50.180 11629 11692 I PluginInstance: Adding Jeniusplay (https://jeniusplay.com) ExtractorApi
04-05 12:15:50.180 11629 11692 I PluginInstance: Adding Gdriveplayer.to (https://gdriveplayer.to) ExtractorApi
04-05 12:15:50.180 11629 11692 I PluginInstance: Adding GDFlix (https://gdflix.co) ExtractorApi
04-05 12:15:50.180 11629 11692 I PluginInstance: Adding Blogger (https://www.blogger.com) ExtractorApi
04-05 12:15:50.180 11629 11692 I PluginInstance: Adding PixelDrain (https://pixeldrain.com) ExtractorApi
04-05 12:15:50.180 11629 11692 I PluginInstance: Adding Upload18 (https://www.upload18.com) ExtractorApi
04-05 12:15:50.180 11629 11692 I PluginInstance: Adding Xshotcok (https://xshotcok.com) ExtractorApi
04-05 12:15:50.180 11629 11692 I PluginInstance: Adding Co4nxtrl (https://co4nxtrl.com) ExtractorApi
04-05 12:15:50.180 11629 11692 I PluginInstance: Adding Hownetwork (https://stream.hownetwork.xyz) ExtractorApi
04-05 12:15:50.180 11629 11692 I PluginInstance: Adding Hownetwork (https://cloud.hownetwork.xyz) ExtractorApi
04-05 12:15:50.180 11629 11692 I PluginInstance: Adding Furher (https://furher.in) ExtractorApi
04-05 12:15:50.180 11629 11692 I PluginInstance: Adding Furher 2 (723qrh1p.fun) ExtractorApi
04-05 12:15:50.180 11629 11692 I PluginInstance: Adding Turbovidhls (https://turbovid.xyz) ExtractorApi
04-05 12:15:50.180 11629 11692 I PluginInstance: Adding Emturbovid (https://emturbovid.com) ExtractorApi
04-05 12:15:50.180 11629 11692 I PluginInstance: Adding VidHidePro6 (https://vidhidepro.com) ExtractorApi
04-05 12:15:50.180 11629 11692 I PluginManager: Loaded plugin Funmovieslix successfully
04-05 12:15:50.183 11629 11700 I PluginInstance: Adding Do7go (https://do7go.com) ExtractorApi
04-05 12:15:50.183 11629 11700 I PluginInstance: Adding DHC Play (https://dhcplay.com) ExtractorApi
04-05 12:15:50.183 11629 11700 I PluginInstance: Adding Hglink (https://hglink.to) ExtractorApi
04-05 12:15:50.183 11629 11700 I PluginInstance: Adding Ghbrisk (https://ghbrisk.com) ExtractorApi
04-05 12:15:50.183 11629 11700 I PluginInstance: Adding Movearnpre (https://movearnpre.com) ExtractorApi
04-05 12:15:50.183 11629 11700 I PluginInstance: Adding Minochinos (https://minochinos.com) ExtractorApi
04-05 12:15:50.183 11629 11700 I PluginInstance: Adding Mivalyo (https://mivalyo.com) ExtractorApi
04-05 12:15:50.183 11629 11700 I PluginInstance: Adding Ryderjet (https://ryderjet.com) ExtractorApi
04-05 12:15:50.183 11629 11700 I PluginInstance: Adding Bingezove (https://bingezove.com) ExtractorApi
04-05 12:15:50.183 11629 11700 I PluginInstance: Adding Dingtezuni (https://dingtezuni.com) ExtractorApi
04-05 12:15:50.183 11629 11700 I PluginInstance: Adding Dhtpre (https://dhtpre.com) ExtractorApi
04-05 12:15:50.183 11629 11700 I PluginInstance: Adding Listeamed (https://listeamed.net) ExtractorApi
04-05 12:15:50.183 11629 11700 I PluginInstance: Adding Streamcasthub (https://live.streamcasthub.store) ExtractorApi
04-05 12:15:50.183 11629 11700 I PluginInstance: Adding Dm21embed (https://dm21.embed4me.vip) ExtractorApi
04-05 12:15:50.183 11629 11700 I PluginInstance: Adding Dm21upns (https://dm21.upns.live) ExtractorApi
04-05 12:15:50.183 11629 11700 I PluginInstance: Adding Pm21p2p (https://pm21.p2pplay.pro) ExtractorApi
04-05 12:15:50.183 11629 11700 I PluginInstance: Adding Dm21 (https://dm21.embed4me.vip) ExtractorApi
04-05 12:15:50.183 11629 11700 I PluginInstance: Adding Meplayer (https://video.4meplayer.com) ExtractorApi
04-05 12:15:50.183 11629 11700 I PluginInstance: Adding Fufaupns (https://fufafilm.upns.pro) ExtractorApi
04-05 12:15:50.183 11629 11700 I PluginInstance: Adding P2pplay (https://nf21.p2pplay.pro) ExtractorApi
04-05 12:15:50.183 11629 11700 I PluginInstance: Adding Playerngefilm21 (https://player.ngefilm21.com) ExtractorApi
04-05 12:15:50.183 11629 11700 I PluginInstance: Adding Rpmvid (https://rpmvid.com) ExtractorApi
04-05 12:15:50.183 11629 11700 I PluginInstance: Adding Voe (https://voe.sx) ExtractorApi
04-05 12:15:50.183 11629 11700 I PluginInstance: Adding Veev (https://veev.to) ExtractorApi
04-05 12:15:50.183 11629 11700 I PluginInstance: Adding Dintezuvio (https://dintezuvio.com) ExtractorApi
04-05 12:15:50.183 11629 11700 I PluginInstance: Adding Hxfile (https://hxfile.co) ExtractorApi
04-05 12:15:50.183 11629 11700 I PluginInstance: Adding Odnoklassniki (https://odnoklassniki.ru) ExtractorApi
04-05 12:15:50.183 11629 11700 I PluginInstance: Adding OkRuSSL (https://ok.ru) ExtractorApi
04-05 12:15:50.183 11629 11700 I PluginInstance: Adding OkRuHTTP (http://ok.ru) ExtractorApi
04-05 12:15:50.183 11629 11700 I PluginInstance: Adding Dailymotion (https://www.dailymotion.com) ExtractorApi
04-05 12:15:50.183 11629 11700 I PluginInstance: Adding Rumble (https://rumble.com) ExtractorApi
04-05 12:15:50.183 11629 11700 I PluginInstance: Adding StreamRuby (https://rubyvidhub.com) ExtractorApi
04-05 12:15:50.183 11629 11700 I PluginInstance: Adding svanila (https://streamruby.net) ExtractorApi
04-05 12:15:50.183 11629 11700 I PluginInstance: Adding svilla (https://streamruby.com) ExtractorApi
04-05 12:15:50.183 11629 11700 I PluginInstance: Adding Vidguard (https://vidguard.to) ExtractorApi
04-05 12:15:50.183 11629 11700 I PluginInstance: Adding Vidguard (https://bembed.net) ExtractorApi
04-05 12:15:50.183 11629 11700 I PluginInstance: Adding Vidguard (https://listeamed.net) ExtractorApi
04-05 12:15:50.183 11629 11700 I PluginInstance: Adding Vidguard (https://vgfplay.com) ExtractorApi
04-05 12:15:50.183 11629 11700 I PluginInstance: Adding Archivd (https://archivd.net) ExtractorApi
04-05 12:15:50.183 11629 11700 I PluginInstance: Adding Uservideo (https://new.uservideo.xyz) ExtractorApi
04-05 12:15:50.183 11629 11700 I PluginInstance: Adding Vidhidepro (https://vidhidepro.com) ExtractorApi
04-05 12:15:50.184 11629 11700 I PluginInstance: Adding DoodStream (https://dsvplay.com) ExtractorApi
04-05 12:15:50.184 11629 11700 I PluginInstance: Adding ArchiveOrg (https://archive.org) ExtractorApi
04-05 12:15:50.184 11629 11700 I PluginInstance: Adding Megacloud (https://megacloud.blog) ExtractorApi
04-05 12:15:50.184 11629 11700 I PluginInstance: Adding Jeniusplay (https://jeniusplay.com) ExtractorApi
04-05 12:15:50.184 11629 11700 I PluginInstance: Adding Gdriveplayer.to (https://gdriveplayer.to) ExtractorApi
04-05 12:15:50.184 11629 11700 I PluginInstance: Adding GDFlix (https://gdflix.co) ExtractorApi
04-05 12:15:50.184 11629 11700 I PluginInstance: Adding Blogger (https://www.blogger.com) ExtractorApi
04-05 12:15:50.184 11629 11700 I PluginInstance: Adding PixelDrain (https://pixeldrain.com) ExtractorApi
04-05 12:15:50.184 11629 11700 I PluginInstance: Adding Upload18 (https://www.upload18.com) ExtractorApi
04-05 12:15:50.184 11629 11700 I PluginInstance: Adding Xshotcok (https://xshotcok.com) ExtractorApi
04-05 12:15:50.184 11629 11700 I PluginInstance: Adding Co4nxtrl (https://co4nxtrl.com) ExtractorApi
04-05 12:15:50.184 11629 11700 I PluginInstance: Adding Hownetwork (https://stream.hownetwork.xyz) ExtractorApi
04-05 12:15:50.184 11629 11700 I PluginInstance: Adding Hownetwork (https://cloud.hownetwork.xyz) ExtractorApi
04-05 12:15:50.184 11629 11700 I PluginInstance: Adding Furher (https://furher.in) ExtractorApi
04-05 12:15:50.184 11629 11700 I PluginInstance: Adding Furher 2 (723qrh1p.fun) ExtractorApi
04-05 12:15:50.184 11629 11700 I PluginInstance: Adding Turbovidhls (https://turbovid.xyz) ExtractorApi
04-05 12:15:50.184 11629 11700 I PluginInstance: Adding Emturbovid (https://emturbovid.com) ExtractorApi
04-05 12:15:50.184 11629 11700 I PluginInstance: Adding VidHidePro6 (https://vidhidepro.com) ExtractorApi
04-05 12:15:50.184 11629 11700 I PluginManager: Loaded plugin Samehadaku successfully
04-05 12:15:50.184 11629 11700 I PluginManager: Plugin update done!
04-05 12:15:50.184 11629 11629 I COMPACT : showToast = Berhasil memperbarui 8 plugin!
04-05 12:15:50.187 11629 11629 E Toast   : setGravity() shouldn't be called on text toasts, the values won't be used
04-05 12:15:50.187 11629 11629 I Toast   : setView: it's a custom toast
04-05 12:15:50.188 11629 11629 V Toast   : show: caller = com.lagradost.cloudstream3.CommonActivity.showToast:194 
04-05 12:15:50.194 11629 11651 D OpenGLRenderer: setSurface called with nullptr
04-05 12:15:50.194 11629 11651 D OpenGLRenderer: setSurface() destroyed EGLSurface
04-05 12:15:50.195 11629 11651 D OpenGLRenderer: destroyEglSurface
04-05 12:15:50.197 11629 11629 I ViewRootImpl@8ba9542[Toast]: dispatchDetachedFromWindow
04-05 12:15:50.197 11629 11629 I BLASTBufferQueue: [ViewRootImpl@8ba9542[Toast]#15](f:0,a:1) destructor()
04-05 12:15:50.197 11629 11629 D BufferQueueConsumer: [ViewRootImpl@8ba9542[Toast]#15(BLAST Consumer)15](id:2d6d0000000f,api:0,p:-1,c:11629) disconnect
04-05 12:15:50.202 11629 11629 D InputTransport: Input channel destroyed: '5e8a1d1', fd=285
04-05 12:15:50.210 11629 11629 V Toast   : HANDLE SHOW: android.widget.Toast$TN@ddaecdc mView=null mNextView=androidx.cardview.widget.CardView{88a11e5 V.E..V... ......ID 0,0-0,0 #7f0a05b5 app:id/toast_layout_root}
04-05 12:15:50.211 11629 11629 V ToastPresenter: sipHeight = -90
04-05 12:15:50.211 11629 11629 V ToastPresenter: yOffset = 9
04-05 12:15:50.213 11629 11651 D NativeCustomFrequencyManager: [NativeCFMS] BpCustomFrequencyManager::BpCustomFrequencyManager()
04-05 12:15:50.217 11629 11629 D InsetsController: onStateChanged: InsetsState: {mDisplayFrame=Rect(0, 0 - 720, 1600), mDisplayCutout=DisplayCutout{insets=Rect(0, 58 - 0, 0) waterfall=Insets{left=0, top=0, right=0, bottom=0} boundingRect={Bounds=[Rect(0, 0 - 0, 0), Rect(298, 0 - 422, 58), Rect(0, 0 - 0, 0), Rect(0, 0 - 0, 0)]} cutoutPathParserInfo={CutoutPathParserInfo{displayWidth=720 displayHeight=1600 physicalDisplayWidth=720 physicalDisplayHeight=1600 density={1.875} cutoutSpec={M62.05,0l-2.7,0l-2.7,0l-1.4,0.1L53.95,0.2l-1.3,0.2l-1.3,0.2L49.95,0.9l-1.3,0.4l-1.3,0.5l-1.2,0.6L44.95,3 l-1.1,0.7l-1,0.8l-1,0.9l-0.9,1l-0.8,1l-0.7,1.1l-0.7,1.2l-0.6,1.2l-0.5,1.3l-0.4,1.3l-0.4,1.3l-0.5,2.3l-0.4,2.3l-0.4,2.3L34.95,23.9 l-0.6,2.3l-0.7,2.2l-0.4,1.1L32.95,30.6l-0.5,1.1L31.95,32.7c-3.5,7.2-9.3,13.1-16.6,16.6c-17.7,8.5-38.9,1.1-47.4-16.6l-0.5-1.1 l-0.5-1.1l-0.4-1.1l-0.4-1.1l-0.7-2.2l-0.6-2.3l-0.5-2.3l-0.4-2.3l-0.4-2.3l-0.5-2.3l-0.4-1.3l-0.4-1.3L-38.15,11l-0.6-1.2l-0.7-1.2 L-40.05,7.5l-0.8-1l-0.9-1l-1-0.9l-1-0.8L-44.95,3l-1.2-0.6l-1.2-0.6l-1.3-0.5l-1.3-0.4l-1.3-0.3L-52.55,0.4L-53.95,0.2L-55.25,0.1L-56.65,0L-59.35,0 L-62.05,0Z} rotation={0} scale={1.0} physicalPixelDisplaySizeRatio={1.0}}}}, mRoundedCorners=RoundedCorners{[RoundedCorner{position=TopLeft, radius=60, center=Point(60, 60)}, RoundedCorner{position=TopRight, radius=60, center=Point(660, 60)}, RoundedCorner{position=BottomRight, radius=60, center=Point(660, 1540)}, RoundedCorner{position=BottomLeft, radius=60, center=Point(60, 1540)}]}  mRoundedCornerFrame=Rect(0, 0 - 0, 0), mPrivacyIndicatorBounds=PrivacyIndicatorBounds {static bounds=Rect(637, 0 - 720, 53) rotation=0}, mSources= { InsetsSource: {mType=ITYPE_NAVIGATION_BAR, mFrame=[0,1510][720,1600], mVisible=true, mInsetsRoundedCornerFrame=false}, InsetsSource: {mType=ITYPE_LEFT_GESTURES, mFrame=[0,0][0,1600], mVisible=true, mInsetsRoundedCornerFrame=false}, InsetsSource: {mType=ITYPE_RIGHT_GESTURES, mFrame=[720,0][720,1600], mVisible=true, mInsetsRoundedCornerFrame=false}, InsetsSource: {mType=ITYPE_TOP_MANDATORY_GESTURES, mFrame=[0,0][720,81], mVisible=true, mInsetsRoundedCornerFrame=false}, InsetsSource: {mType=ITYPE_BOTTOM_MANDATORY_GESTURES, mFrame=[0,1510][720,1600], mVisible=true, mInsetsRoundedCornerFrame=false}, InsetsSource: {mType=ITYPE_LEFT_DISPLAY_CUTOUT, mFrame=[0,0][-100000,1600], mVisible=true, mInsetsRoundedCornerFrame=false}, InsetsSource: {mType=ITYPE_TOP_DISPLAY_CUTOUT, mFrame=[0,0][720,58], mVisible=true, mInsetsRoundedCornerFrame=false}, InsetsSource: {mType=ITYPE_RIGHT_DISPLAY_CUTOUT, mFrame=[100000,0][720,1600], mVisible=true, mInsetsRoundedCornerFrame=false}, InsetsSource: {mType=ITYPE_BOTTOM_DISPLAY_CUTOUT, mFrame=[0,100000][720,1600], mVisible=true, mInsetsRoundedCornerFrame=false}, InsetsSource: {mType=ITYPE_BOTTOM_TAPPABLE_ELEMENT, mFrame=[0,1510][720,1600], mVisible=true, mInsetsRoundedCornerFrame=false} } host=Toast from=android.view.ViewRootImpl.setView:1732
04-05 12:15:50.219 11629 11629 I ViewRootImpl@5b94ba[Toast]: setView = androidx.cardview.widget.CardView@88a11e5 TM=true
04-05 12:15:50.231 11629 11629 I ViewRootImpl@5b94ba[Toast]: performTraversals params={(0,9)(wrapxwrap) gr=BOTTOM CENTER sim={adjust=resize} ty=TOAST fmt=TRANSLUCENT wanim=0x1030004 surfaceInsets=Rect(8, 8 - 8, 8)
04-05 12:15:50.231 11629 11629 I ViewRootImpl@5b94ba[Toast]:   fl=1000098
04-05 12:15:50.231 11629 11629 I ViewRootImpl@5b94ba[Toast]:   pfl=12000000
04-05 12:15:50.231 11629 11629 I ViewRootImpl@5b94ba[Toast]:   bhv=DEFAULT
04-05 12:15:50.231 11629 11629 I ViewRootImpl@5b94ba[Toast]:   fitTypes=STATUS_BARS NAVIGATION_BARS CAPTION_BAR
04-05 12:15:50.231 11629 11629 I ViewRootImpl@5b94ba[Toast]:   fitIgnoreVis naviIconColor=0}
04-05 12:15:50.232 11629 11629 I ViewRootImpl@5b94ba[Toast]: performTraversals mFirst=true windowShouldResize=false viewVisibilityChanged=false mForceNextWindowRelayout=false params={(0,9)(wrapxwrap) gr=BOTTOM CENTER sim={adjust=resize} ty=TOAST fmt=TRANSLUCENT wanim=0x1030004 surfaceInsets=Rect(8, 8 - 8, 8)
04-05 12:15:50.232 11629 11629 I ViewRootImpl@5b94ba[Toast]:   fl=1000098
04-05 12:15:50.232 11629 11629 I ViewRootImpl@5b94ba[Toast]:   pfl=12000000
04-05 12:15:50.232 11629 11629 I ViewRootImpl@5b94ba[Toast]:   bhv=DEFAULT
04-05 12:15:50.232 11629 11629 I ViewRootImpl@5b94ba[Toast]:   fitTypes=STATUS_BARS NAVIGATION_BARS CAPTION_BAR
04-05 12:15:50.232 11629 11629 I ViewRootImpl@5b94ba[Toast]:   fitIgnoreVis naviIconColor=0}
04-05 12:15:50.237 11629 11629 I ViewRootImpl@5b94ba[Toast]: updateBlastSurfaceIfNeeded mBlastBufferQueue=null isSameSurfaceControl=false
04-05 12:15:50.237 11629 11629 D BufferQueueConsumer: [](id:2d6d00000010,api:0,p:-1,c:11629) connect: controlledByApp=false
04-05 12:15:50.238 11629 11629 I BLASTBufferQueue: new BLASTBufferQueue, mName= ViewRootImpl@5b94ba[Toast] mNativeObject= 0xb4000077c785d580 sc.mNativeObject= 0xb4000077d6e5f520 caller= android.view.ViewRootImpl.updateBlastSurfaceIfNeeded:2909 android.view.ViewRootImpl.relayoutWindow:9847 android.view.ViewRootImpl.performTraversals:3884 android.view.ViewRootImpl.doTraversal:3116 android.view.ViewRootImpl$TraversalRunnable.run:10885 android.view.Choreographer$CallbackRecord.run:1301 android.view.Choreographer$CallbackRecord.run:1309 android.view.Choreographer.doCallbacks:923 android.view.Choreographer.doFrame:852 android.view.Choreographer$FrameDisplayEventReceiver.run:1283 
04-05 12:15:50.238 11629 11629 I BLASTBufferQueue: update, w= 509 h= 129 mName = ViewRootImpl@5b94ba[Toast] mNativeObject= 0xb4000077c785d580 sc.mNativeObject= 0xb4000077d6e5f520 format= -3 caller= android.graphics.BLASTBufferQueue.<init>:84 android.view.ViewRootImpl.updateBlastSurfaceIfNeeded:2909 android.view.ViewRootImpl.relayoutWindow:9847 android.view.ViewRootImpl.performTraversals:3884 android.view.ViewRootImpl.doTraversal:3116 android.view.ViewRootImpl$TraversalRunnable.run:10885 
04-05 12:15:50.238 11629 11629 I ViewRootImpl@5b94ba[Toast]: Relayout returned: old=(0,58,720,1510) new=(113,1388,606,1501) req=(493,113)0 dur=5 res=0x3 s={true 0xb40000785522f800} ch=true seqId=0
04-05 12:15:50.239 11629 11629 I ViewRootImpl@5b94ba[Toast]: mThreadedRenderer.initialize() mSurface={isValid=true 0xb40000785522f800} hwInitialized=true
04-05 12:15:50.239 11629 11651 D OpenGLRenderer: eglCreateWindowSurface
04-05 12:15:50.240 11629 11629 I ViewRootImpl@5b94ba[Toast]: reportNextDraw android.view.ViewRootImpl.performTraversals:4438 android.view.ViewRootImpl.doTraversal:3116 android.view.ViewRootImpl$TraversalRunnable.run:10885 android.view.Choreographer$CallbackRecord.run:1301 android.view.Choreographer$CallbackRecord.run:1309 
04-05 12:15:50.240 11629 11629 I ViewRootImpl@5b94ba[Toast]: Setup new sync id=0
04-05 12:15:50.240 11629 11629 I ViewRootImpl@5b94ba[Toast]: Setting syncFrameCallback
04-05 12:15:50.240 11629 11629 I ViewRootImpl@5b94ba[Toast]: registerCallbacksForSync syncBuffer=false
04-05 12:15:50.240 11629 11715 I ViewRootImpl@5b94ba[Toast]: Received frameDrawingCallback syncResult=0 frameNum=1.
04-05 12:15:50.240 11629 11715 I ViewRootImpl@5b94ba[Toast]: Setting up sync and frameCommitCallback
04-05 12:15:50.243 11629 11651 I BLASTBufferQueue: [ViewRootImpl@5b94ba[Toast]#16](f:0,a:0) onFrameAvailable the first frame is available
04-05 12:15:50.243 11629 11651 I BLASTBufferQueue: [ViewRootImpl@5b94ba[Toast]#16](f:0,a:1) acquireNextBufferLocked size=509x129 mFrameNumber=1 applyTransaction=true mTimestamp=1093002330827686(auto) mPendingTransactions.size=0 graphicBufferId=49946174685258 transform=0
04-05 12:15:50.243 11629 11651 I ViewRootImpl@5b94ba[Toast]: Received frameCommittedCallback lastAttemptedDrawFrameNum=1 didProduceBuffer=true
04-05 12:15:50.244 11629 11651 D OpenGLRenderer: CFMS:: SetUp Pid : 11629    Tid : 11651
04-05 12:15:50.244 11629 11651 W Parcel  : Expecting binder but got null!
04-05 12:15:50.244 11629 11629 I ViewRootImpl@5b94ba[Toast]: onSyncComplete
04-05 12:15:50.244 11629 11629 I ViewRootImpl@5b94ba[Toast]: setupSync seqId=0 mSyncId=0 fn=1 caller=android.view.ViewRootImpl$$ExternalSyntheticLambda11.accept:6 android.window.SurfaceSyncer.lambda$setupSync$1$android-window-SurfaceSyncer:128 android.window.SurfaceSyncer$$ExternalSyntheticLambda1.accept:8 android.window.SurfaceSyncer$SyncSet.checkIfSyncIsComplete:382 android.window.SurfaceSyncer$SyncSet.markSyncReady:359 android.window.SurfaceSyncer.markSyncReady:151 android.view.ViewRootImpl.performTraversals:4503 
04-05 12:15:50.245 11629 11629 I ViewRootImpl@5b94ba[Toast]: reportDrawFinished seqId=0 mSyncId=-1 fn=1 mSurfaceChangedTransaction=0xb4000077c76fd900
04-05 12:15:53.713 11629 11651 D OpenGLRenderer: setSurface called with nullptr
04-05 12:15:53.714 11629 11651 D OpenGLRenderer: setSurface() destroyed EGLSurface
04-05 12:15:53.714 11629 11651 D OpenGLRenderer: destroyEglSurface
04-05 12:15:53.718 11629 11629 I ViewRootImpl@5b94ba[Toast]: dispatchDetachedFromWindow
04-05 12:15:53.719 11629 11629 I BLASTBufferQueue: [ViewRootImpl@5b94ba[Toast]#16](f:0,a:1) destructor()
04-05 12:15:53.719 11629 11629 D BufferQueueConsumer: [ViewRootImpl@5b94ba[Toast]#16(BLAST Consumer)16](id:2d6d00000010,api:0,p:-1,c:11629) disconnect
04-05 12:15:53.727 11629 11629 D InputTransport: Input channel destroyed: 'a72e6d4', fd=282
04-05 12:16:00.304 11629 11629 I ViewRootImpl@4c7fcff[MainActivity]: MSG_WINDOW_FOCUS_CHANGED 0 0
04-05 12:16:00.771 11629 11629 I ViewRootImpl@4c7fcff[MainActivity]: handleAppVisibility mAppVisible = true visible = false
04-05 12:16:00.787 11629 11651 D OpenGLRenderer: setSurface called with nullptr
04-05 12:16:00.787 11629 11651 D OpenGLRenderer: setSurface() destroyed EGLSurface
04-05 12:16:00.788 11629 11651 D OpenGLRenderer: destroyEglSurface
04-05 12:16:00.791 11629 11629 I ViewRootImpl@4c7fcff[MainActivity]: performTraversals mFirst=false windowShouldResize=false viewVisibilityChanged=true mForceNextWindowRelayout=false params=null
04-05 12:16:00.804 11629 11629 I BLASTBufferQueue: [ViewRootImpl@4c7fcff[MainActivity]#8](f:0,a:1) destructor()
04-05 12:16:00.804 11629 11629 D BufferQueueConsumer: [ViewRootImpl@4c7fcff[MainActivity]#8(BLAST Consumer)8](id:2d6d00000008,api:0,p:-1,c:11629) disconnect
04-05 12:16:00.809 11629 11629 I ViewRootImpl@4c7fcff[MainActivity]: Relayout returned: old=(0,0,720,1600) new=(0,0,720,1600) req=(720,1600)8 dur=11 res=0x2 s={false 0x0} ch=true seqId=1
04-05 12:16:00.810 11629 11629 I ViewRootImpl@4c7fcff[MainActivity]: stopped(true) old = false
04-05 12:16:00.810 11629 11629 I ViewRootImpl@4c7fcff[MainActivity]: WindowStopped on com.lagradost.cloudstream3/com.lagradost.cloudstream3.MainActivity set to true
04-05 12:16:00.821 11629 11629 I MSHandlerLifeCycle: removeMultiSplitHandler: no exist. decor=DecorView@5c38412[MainActivity]
04-05 12:16:00.821 11629 11629 D InputTransport: Input channel destroyed: 'ClientS', fd=162
04-05 12:16:00.822 11629 11629 I ViewRootImpl@4c7fcff[MainActivity]: performTraversals mFirst=false windowShouldResize=false viewVisibilityChanged=false mForceNextWindowRelayout=false params={(0,0)(fillxfill) sim={state=always_hidden adjust=pan} ty=BASE_APPLICATION fmt=TRANSLUCENT wanim=0x1030309
04-05 12:16:00.822 11629 11629 I ViewRootImpl@4c7fcff[MainActivity]:   fl=85810100
04-05 12:16:00.822 11629 11629 I ViewRootImpl@4c7fcff[MainActivity]:   pfl=12020040
04-05 12:16:00.822 11629 11629 I ViewRootImpl@4c7fcff[MainActivity]:   vsysui=1500
04-05 12:16:00.822 11629 11629 I ViewRootImpl@4c7fcff[MainActivity]:   bhv=SHOW_TRANSIENT_BARS_BY_SWIPE
04-05 12:16:00.822 11629 11629 I ViewRootImpl@4c7fcff[MainActivity]:   fitSides= naviIconColor=0}
04-05 12:16:00.830 11629 11629 I ViewRootImpl@4c7fcff[MainActivity]: Relayout returned: old=(0,0,720,1600) new=(0,0,720,1600) req=(720,1600)8 dur=8 res=0x2 s={false 0x0} ch=false seqId=1
04-05 12:16:01.409 11629 11651 D OpenGLRenderer: setSurface called with nullptr
04-05 12:16:01.410 11629 11651 D OpenGLRenderer: setSurface called with nullptr
04-05 12:16:01.410 11629 11651 D OpenGLRenderer: setSurface called with nullptr
04-05 12:16:01.410 11629 11635 D InputTransport: Input channel destroyed: 'ClientS', fd=178
04-05 12:16:01.410 11629 11651 D OpenGLRenderer: setSurface called with nullptr
04-05 12:16:01.411 11629 11651 D OpenGLRenderer: setSurface called with nullptr
04-05 12:16:01.411 11629 11651 D OpenGLRenderer: setSurface called with nullptr
04-05 12:16:01.412 11629 11635 D InputTransport: Input channel destroyed: 'ClientS', fd=237
04-05 12:16:01.412 11629 11651 D OpenGLRenderer: setSurface called with nullptr
04-05 12:16:01.412 11629 11651 D OpenGLRenderer: setSurface called with nullptr
04-05 12:16:01.412 11629 11636 W System  : A resource failed to call ZipFile.close. 
04-05 12:16:01.412 11629 11636 W System  : A resource failed to call ZipFile.close. 
04-05 12:16:01.412 11629 11636 W System  : A resource failed to call ZipFile.close. 
04-05 12:16:01.413 11629 11636 W System  : A resource failed to call ZipFile.close. 
04-05 12:16:01.413 11629 11636 W System  : A resource failed to call ZipFile.close. 
04-05 12:16:01.413 11629 11636 W System  : A resource failed to call ZipFile.close. 
04-05 12:16:01.413 11629 11636 W System  : A resource failed to call ZipFile.close. 
04-05 12:16:01.413 11629 11636 W System  : A resource failed to call ZipFile.close. 
04-05 12:16:01.413 11629 11636 W System  : A resource failed to call ZipFile.close. 
04-05 12:16:01.413 11629 11636 W System  : A resource failed to call ZipFile.close. 
04-05 12:16:01.414 11629 11636 W System  : A resource failed to call ZipFile.close. 
04-05 12:16:01.414 11629 11636 W System  : A resource failed to call ZipFile.close. 
04-05 12:16:01.414 11629 11636 W System  : A resource failed to call ZipFile.close. 
04-05 12:16:01.414 11629 11636 W System  : A resource failed to call ZipFile.close. 
04-05 12:16:01.414 11629 11636 W System  : A resource failed to call ZipFile.close. 
04-05 12:16:01.414 11629 11636 W System  : A resource failed to call ZipFile.close. 
04-05 12:16:01.414 11629 11636 W System  : A resource failed to call ZipFile.close. 
04-05 12:16:01.414 11629 11636 W System  : A resource failed to call ZipFile.close. 
04-05 12:16:01.414 11629 11636 W System  : A resource failed to call ZipFile.close. 
04-05 12:16:01.414 11629 11636 W System  : A resource failed to call ZipFile.close. 
04-05 12:16:01.415 11629 11636 W System  : A resource failed to call ZipFile.close. 
04-05 12:16:01.415 11629 11636 W System  : A resource failed to call ZipFile.close. 
04-05 12:16:01.415 11629 11636 W System  : A resource failed to call ZipFile.close. 
04-05 12:16:01.415 11629 11636 W System  : A resource failed to call ZipFile.close. 
04-05 12:16:01.415 11629 11636 W System  : A resource failed to call ZipFile.close. 
04-05 12:16:01.415 11629 11636 W System  : A resource failed to call ZipFile.close. 
04-05 12:16:01.415 11629 11636 W System  : A resource failed to call ZipFile.close. 
04-05 12:16:01.415 11629 11636 W System  : A resource failed to call ZipFile.close. 
04-05 12:16:01.415 11629 11636 W System  : A resource failed to call ZipFile.close. 
04-05 12:16:01.415 11629 11636 W System  : A resource failed to call ZipFile.close. 
04-05 12:16:01.415 11629 11636 W System  : A resource failed to call ZipFile.close. 
04-05 12:16:01.415 11629 11636 W System  : A resource failed to call ZipFile.close. 
04-05 12:16:01.415 11629 11636 W System  : A resource failed to call ZipFile.close. 
04-05 12:16:01.415 11629 11636 W System  : A resource failed to call ZipFile.close. 
04-05 12:16:01.415 11629 11636 W System  : A resource failed to call ZipFile.close. 
04-05 12:16:01.415 11629 11636 W System  : A resource failed to call ZipFile.close. 
04-05 12:16:01.415 11629 11636 W System  : A resource failed to call ZipFile.close. 
04-05 12:16:01.416 11629 11636 W System  : A resource failed to call ZipFile.close. 
04-05 12:16:01.416 11629 11636 W System  : A resource failed to call ZipFile.close. 
04-05 12:16:01.416 11629 11636 W System  : A resource failed to call ZipFile.close. 
04-05 12:16:01.416 11629 11636 W System  : A resource failed to call ZipFile.close. 
04-05 12:16:01.416 11629 11636 W System  : A resource failed to call ZipFile.close. 
04-05 12:16:01.416 11629 11636 W System  : A resource failed to call ZipFile.close. 
04-05 12:16:01.416 11629 11636 W System  : A resource failed to call ZipFile.close. 
04-05 12:16:01.416 11629 11636 W System  : A resource failed to call ZipFile.close. 
04-05 12:16:01.416 11629 11636 W System  : A resource failed to call ZipFile.close. 
04-05 12:16:01.422 11629 11636 W System  : A resource failed to call close. 
04-05 12:16:01.422 11629 11636 W System  : A resource failed to call close. 
04-05 12:16:01.422 11629 11636 W System  : A resource failed to call close. 
04-05 12:16:01.422 11629 11636 W System  : A resource failed to call close. 
04-05 12:16:01.422 11629 11636 W System  : A resource failed to call close. 
04-05 12:16:01.422 11629 11636 W System  : A resource failed to call close. 
04-05 12:16:01.422 11629 11636 W System  : A resource failed to call close. 
04-05 12:16:01.423 11629 11636 W System  : A resource failed to call close. 
04-05 12:16:01.423 11629 11636 W System  : A resource failed to call close. 
04-05 12:16:01.423 11629 11636 W System  : A resource failed to call close. 
04-05 12:16:01.423 11629 11636 W System  : A resource failed to call close. 
04-05 12:16:01.423 11629 11636 W System  : A resource failed to call close. 
04-05 12:16:01.423 11629 11636 W System  : A resource failed to call close. 
04-05 12:16:01.426 11629 11636 W System  : A resource failed to call close. 
04-05 12:16:01.426 11629 11636 W System  : A resource failed to call close. 
04-05 12:16:01.426 11629 11636 W System  : A resource failed to call close. 
04-05 12:16:01.430 11629 11636 W System  : A resource failed to call close. 
04-05 12:16:01.430 11629 11636 W System  : A resource failed to call close. 
04-05 12:16:01.430 11629 11636 W System  : A resource failed to call close. 
04-05 12:16:01.430 11629 11636 W System  : A resource failed to call close. 
04-05 12:16:01.430 11629 11636 W System  : A resource failed to call close. 
04-05 12:16:01.430 11629 11636 W System  : A resource failed to call close. 
04-05 12:16:01.431 11629 11636 W System  : A resource failed to call close. 
04-05 12:16:01.431 11629 11636 W System  : A resource failed to call close. 
04-05 12:16:01.431 11629 11636 W System  : A resource failed to call close. 
04-05 12:16:01.431 11629 11636 W System  : A resource failed to call close. 
04-05 12:16:01.431 11629 11636 W System  : A resource failed to call close. 
04-05 12:16:01.432 11629 11636 W System  : A resource failed to call close. 
04-05 12:16:01.432 11629 11636 W System  : A resource failed to call close. 
04-05 12:16:01.433 11629 11636 W System  : A resource failed to call close. 
04-05 12:16:01.434 11629 11636 W System  : A resource failed to call close. 
04-05 12:16:01.434 11629 11636 W System  : A resource failed to call close. 
04-05 12:16:01.438 11629 11636 W System  : A resource failed to call close. 
04-05 12:16:01.438 11629 11636 W System  : A resource failed to call close. 
04-05 12:16:01.438 11629 11636 W System  : A resource failed to call close. 
04-05 12:16:01.438 11629 11636 W System  : A resource failed to call close. 
04-05 12:16:01.438 11629 11636 W System  : A resource failed to call close. 
04-05 12:16:01.438 11629 11636 W System  : A resource failed to call close. 
04-05 12:16:01.438 11629 11636 W System  : A resource failed to call close. 
04-05 12:16:01.438 11629 11636 W System  : A resource failed to call close. 
04-05 12:16:01.438 11629 11636 W System  : A resource failed to call close. 
04-05 12:16:01.438 11629 11636 W System  : A resource failed to call close. 
04-05 12:16:01.438 11629 11636 W System  : A resource failed to call close. 
04-05 12:16:01.438 11629 11636 W System  : A resource failed to call close. 
04-05 12:16:01.438 11629 11636 W System  : A resource failed to call close. 
04-05 12:16:01.438 11629 11636 W System  : A resource failed to call close. 
04-05 12:16:01.438 11629 11636 W System  : A resource failed to call close. 
04-05 12:16:01.439 11629 11636 W System  : A resource failed to call close. 
04-05 12:16:02.747 13149 13149 I st.cloudstream3: Using CollectorTypeCC GC.
04-05 12:16:02.755 13149 13149 D nativeloader: Load libframework-connectivity-tiramisu-jni.so using APEX ns com_android_tethering for caller /apex/com.android.tethering/javalib/framework-connectivity-t.jar: ok
04-05 12:16:02.758 13149 13149 D ActivityThread: setConscryptValidator
04-05 12:16:02.758 13149 13149 D ActivityThread: setConscryptValidator - put
04-05 12:16:02.770 13149 13149 D nativeloader: Load libstats_jni.so using APEX ns com_android_os_statsd for caller /apex/com.android.os.statsd/javalib/framework-statsd.jar: ok
04-05 12:16:02.771 13149 13149 D CompatibilityChangeReporter: Compat change id reported: 171979766; UID 11425; state: ENABLED
04-05 12:16:02.819 13149 13149 D nativeloader: Configuring clns-4 for other apk /data/app/~~9XCdPoWc2ykWZ3H_GFjmqA==/com.lagradost.cloudstream3-RUHZik4kkY7fUbHJvzcvOg==/base.apk. target_sdk_version=36, uses_libraries=, library_path=/data/app/~~9XCdPoWc2ykWZ3H_GFjmqA==/com.lagradost.cloudstream3-RUHZik4kkY7fUbHJvzcvOg==/lib/arm64:/data/app/~~9XCdPoWc2ykWZ3H_GFjmqA==/com.lagradost.cloudstream3-RUHZik4kkY7fUbHJvzcvOg==/base.apk!/lib/arm64-v8a, permitted_path=/data:/mnt/expand:/data/user/0/com.lagradost.cloudstream3
04-05 12:16:02.827 13149 13149 D nativeloader: Load libframework-connectivity-jni.so using APEX ns com_android_tethering for caller /apex/com.android.tethering/javalib/framework-connectivity.jar: ok
04-05 12:16:02.833 13149 13149 V GraphicsEnvironment: ANGLE Developer option for 'com.lagradost.cloudstream3' set to: 'default'
04-05 12:16:02.833 13149 13149 V GraphicsEnvironment: ANGLE GameManagerService for com.lagradost.cloudstream3: false
04-05 12:16:02.833 13149 13149 V GraphicsEnvironment: Neither updatable production driver nor prerelease driver is supported.
04-05 12:16:02.837 13149 13149 D NetworkSecurityConfig: No Network Security Config specified, using platform default
04-05 12:16:02.839 13149 13149 D NetworkSecurityConfig: No Network Security Config specified, using platform default
04-05 12:16:02.841 13149 13149 D WM-WrkMgrInitializer: Initializing WorkManager with default configuration.
04-05 12:16:02.845 13149 13149 D WM-PackageManagerHelper: Skipping component enablement for androidx.work.impl.background.systemjob.SystemJobService
04-05 12:16:02.845 13149 13149 D WM-Schedulers: Created SystemJobScheduler and enabled SystemJobService
04-05 12:16:02.846 13149 13170 D WM-ForceStopRunnable: The default process name was not specified.
04-05 12:16:02.848 13149 13170 D WM-ForceStopRunnable: Performing cleanup operations.
04-05 12:16:02.869 13149 13170 D CompatibilityChangeReporter: Compat change id reported: 160794467; UID 11425; state: ENABLED
04-05 12:16:02.872 13149 13170 D WM-ForceStopRunnable: Application was force-stopped, rescheduling.
04-05 12:16:02.892 13149 13149 D nativeloader: Load /data/app/~~9XCdPoWc2ykWZ3H_GFjmqA==/com.lagradost.cloudstream3-RUHZik4kkY7fUbHJvzcvOg==/lib/arm64/libconscrypt_jni.so using class loader ns clns-4 (caller=/data/app/~~9XCdPoWc2ykWZ3H_GFjmqA==/com.lagradost.cloudstream3-RUHZik4kkY7fUbHJvzcvOg==/base.apk!classes7.dex): ok
04-05 12:16:02.892 13149 13149 V NativeCrypto: Registering org/conscrypt/NativeCrypto's 288 native methods...
04-05 12:16:02.901 13149 13172 D OpenGLRenderer: RenderThread::requireGlContext()
04-05 12:16:02.901 13149 13172 D libMEOW : meow new tls: 0xb40000785cbb2d80
04-05 12:16:02.902 13149 13172 D libMEOW : meow reload base cfg path: na
04-05 12:16:02.902 13149 13172 D libMEOW : meow reload overlay cfg path: na
04-05 12:16:02.904 13149 13172 E QT      : [QT]file does not exist
04-05 12:16:02.905 13149 13172 D libMEOW : applied 2 plugins for [com.lagradost.cloudstream3]:
04-05 12:16:02.905 13149 13172 D libMEOW :   plugin 1: [libMEOW_gift.so]:
04-05 12:16:02.905 13149 13172 D libMEOW :   plugin 2: [libMEOW_semaphore]:
04-05 12:16:02.911 13149 13172 E OpenGLRenderer: Device claims wide gamut support, cannot find matching config, error = EGL_SUCCESS
04-05 12:16:02.911 13149 13172 W OpenGLRenderer: Failed to initialize 101010-2 format, error = EGL_SUCCESS
04-05 12:16:02.926 13149 13172 D OpenGLRenderer: RenderThread::setGrContext()
04-05 12:16:02.929 13149 13149 I DecorView: [INFO] isPopOver=false config=true
04-05 12:16:02.929 13149 13149 I DecorView: updateCaptionType: isFloating=false isApplication=true hasWindowDecorCaption=false this=DecorView@233b9bb[]
04-05 12:16:02.929 13149 13149 D DecorView: setCaptionType = 0, this = DecorView@233b9bb[]
04-05 12:16:02.930 13149 13149 I DecorView: getCurrentDensityDpi: from real metrics. densityDpi=300 msg=resources_loaded
04-05 12:16:02.930 13149 13149 I DecorView: setWindowBackground: isPopOver=false color=ff000000 d=android.graphics.drawable.ColorDrawable@723c231
04-05 12:16:02.934 13149 13191 D WM-PackageManagerHelper: Skipping component enablement for androidx.work.impl.background.systemalarm.RescheduleReceiver
04-05 12:16:02.978 13149 13149 I NavComponent: Navigating to Activity: MainActivity
04-05 12:16:03.002 13149 13149 D AppCompatDelegate: Checking for metadata for AppLocalesMetadataHolderService : Service not found
04-05 12:16:03.018 13149 13149 I DecorView: [INFO] isPopOver=false config=true
04-05 12:16:03.018 13149 13149 I DecorView: updateCaptionType: isFloating=false isApplication=true hasWindowDecorCaption=false this=DecorView@5c38412[]
04-05 12:16:03.018 13149 13149 D DecorView: setCaptionType = 0, this = DecorView@5c38412[]
04-05 12:16:03.020 13149 13149 I DecorView: getCurrentDensityDpi: from real metrics. densityDpi=300 msg=resources_loaded
04-05 12:16:03.020 13149 13149 I DecorView: setWindowBackground: isPopOver=false color=ff000000 d=android.graphics.drawable.ColorDrawable@5f7e9d1
04-05 12:16:03.041 13149 13149 V MediaRouter: Selecting route: RouteInfo{ name=Ponsel, description=null, status=null, category=RouteCategory{ name=Sistem types=ROUTE_TYPE_LIVE_AUDIO ROUTE_TYPE_LIVE_VIDEO  groupable=false }, supportedTypes=ROUTE_TYPE_LIVE_AUDIO ROUTE_TYPE_LIVE_VIDEO , presentationDisplay=null }
04-05 12:16:03.041 13149 13149 I MediaRouter: Skip setBluetoothA2dpOn(): types=8388615, isPlaybackActive()=false, BT route=null
