04-05 12:04:01.839 30040 30040 I SurfaceView@3415ff3: Changes: creating=false format=false size=false visible=true alpha=false hint=false mUseAlpha=false visible=true left=false top=false
04-05 12:04:01.839 30040 30040 I SurfaceView@3415ff3: 54616051 Cur surface: Surface(name=null)/@0x26bda7b
04-05 12:04:01.839 30040 30040 I SurfaceView@3415ff3: applyTransactionOnVriDraw: vri = ViewRootImpl@96a8cf7[MainActivity] fRS = false t = 0xb40000779f400100 android.view.SurfaceView.performSurfaceTransaction:959 android.view.SurfaceView.updateSurface:1105 android.view.SurfaceView.onWindowVisibilityChanged:371 
04-05 12:04:01.839 30040 30040 I ViewRootImpl@96a8cf7[MainActivity]: applyTransactionOnDraw: mRemoved = false isHardwareEnabled = true t = 0xb40000779f400100android.view.SurfaceView.applyTransactionOnVriDraw:2048 android.view.SurfaceView.performSurfaceTransaction:959 android.view.SurfaceView.updateSurface:1105 android.view.SurfaceView.onWindowVisibilityChanged:371 android.view.View.dispatchDetachedFromWindow:22529 
04-05 12:04:01.839 30040 30040 I SurfaceView@3415ff3: surfaceDestroyed
04-05 12:04:01.839 30040 30040 I SurfaceView@3415ff3: surfaceDestroyed callback.size 0 #2 android.view.SurfaceView{3415ff3 V.E..V... ........ 0,0-720,375}
04-05 12:04:01.840 30040 30040 I SurfaceView@3415ff3: updateSurface: mVisible = false mSurface.isValid() = true
04-05 12:04:01.840 30040 30040 I BLASTBufferQueue: [SurfaceView[com.lagradost.cloudstream3/com.lagradost.cloudstream3.MainActivity]@0#28](f:0,a:0) destructor()
04-05 12:04:01.840 30040 30040 D BufferQueueConsumer: [SurfaceView[com.lagradost.cloudstream3/com.lagradost.cloudstream3.MainActivity]@0#28(BLAST Consumer)28](id:75580000001c,api:0,p:-1,c:30040) disconnect
04-05 12:04:01.840 30040 30040 I SurfaceView@3415ff3: releaseSurfaces: viewRoot = ViewRootImpl@96a8cf7[MainActivity]
04-05 12:04:01.840 30040 30040 I SurfaceView@3415ff3: applyTransactionOnVriDraw: vri = ViewRootImpl@96a8cf7[MainActivity] fRS = true t = 0xb40000779f400300 android.view.SurfaceView.releaseSurfaces:858 android.view.SurfaceView.updateSurface:1172 android.view.SurfaceView.onWindowVisibilityChanged:371 
04-05 12:04:01.840 30040 30040 I SurfaceView@3415ff3: applyTransactionOnVriDraw: viewRoot.applyTransactionOnDrawFromReleaseSurfaces
04-05 12:04:01.840 30040 30040 I ViewRootImpl@96a8cf7[MainActivity]: applyTransactionOnDraw: mRemoved = false isHardwareEnabled = true t = 0xb40000779f400300android.view.ViewRootImpl.applyTransactionOnDrawFromReleaseSurfaces:12850 android.view.SurfaceView.applyTransactionOnVriDraw:2046 android.view.SurfaceView.releaseSurfaces:858 android.view.SurfaceView.updateSurface:1172 android.view.SurfaceView.onWindowVisibilityChanged:371 
04-05 12:04:01.840 30040 30040 V SurfaceView@3415ff3: Layout: x=0 y=-1071 w=720 h=375, frame=Rect(0, 0 - 720, 375)
04-05 12:04:01.841 30040 30040 I SurfaceView@3415ff3: onDetachedFromWindow: tryReleaseSurfaces()
04-05 12:04:01.841 30040 30040 I SurfaceView@3415ff3: releaseSurfaces: viewRoot = ViewRootImpl@96a8cf7[MainActivity]
04-05 12:04:01.841 30040 30040 I SurfaceView@3415ff3: applyTransactionOnVriDraw: vri = ViewRootImpl@96a8cf7[MainActivity] fRS = true t = 0xb40000779f400900 android.view.SurfaceView.releaseSurfaces:858 android.view.SurfaceView.onDetachedFromWindow:500 android.view.View.dispatchDetachedFromWindow:22538 
04-05 12:04:01.841 30040 30040 I SurfaceView@3415ff3: applyTransactionOnVriDraw: viewRoot.applyTransactionOnDrawFromReleaseSurfaces
04-05 12:04:01.841 30040 30040 I ViewRootImpl@96a8cf7[MainActivity]: applyTransactionOnDraw: mRemoved = false isHardwareEnabled = true t = 0xb40000779f400900android.view.ViewRootImpl.applyTransactionOnDrawFromReleaseSurfaces:12850 android.view.SurfaceView.applyTransactionOnVriDraw:2046 android.view.SurfaceView.releaseSurfaces:858 android.view.SurfaceView.onDetachedFromWindow:500 android.view.View.dispatchDetachedFromWindow:22538 
04-05 12:04:01.857 30040 30066 D SurfaceView@3415ff3: windowPositionLost, frameNr = 994
04-05 12:04:01.858 30040 30132 I ViewRootImpl@96a8cf7[MainActivity]: mWNT: t=0xb40000779f400100 mBlastBufferQueue=0xb4000077c5424700 fn= 994 caller= android.view.ViewRootImpl.lambda$applyTransactionOnDraw$11$android-view-ViewRootImpl:12865 android.view.ViewRootImpl$$ExternalSyntheticLambda1.onFrameDraw:4 android.graphics.HardwareRenderer$FrameDrawingCallback.onFrameDraw:924 
04-05 12:04:01.858 30040 30132 I ViewRootImpl@96a8cf7[MainActivity]: mWNT: t=0xb40000779f400300 mBlastBufferQueue=0xb4000077c5424700 fn= 994 caller= android.view.ViewRootImpl.lambda$applyTransactionOnDraw$11$android-view-ViewRootImpl:12865 android.view.ViewRootImpl$$ExternalSyntheticLambda1.onFrameDraw:4 android.graphics.HardwareRenderer$FrameDrawingCallback.onFrameDraw:924 
04-05 12:04:01.858 30040 30132 I ViewRootImpl@96a8cf7[MainActivity]: mWNT: t=0xb40000779f400900 mBlastBufferQueue=0xb4000077c5424700 fn= 994 caller= android.view.ViewRootImpl.lambda$applyTransactionOnDraw$11$android-view-ViewRootImpl:12865 android.view.ViewRootImpl$$ExternalSyntheticLambda1.onFrameDraw:4 android.graphics.HardwareRenderer$FrameDrawingCallback.onFrameDraw:924 
04-05 12:04:01.926 30040 30040 D InsetsController: cancelAnimation of types: 3, animType: 1, host: com.lagradost.cloudstream3/com.lagradost.cloudstream3.MainActivity, from:android.view.InsetsController.notifyFinished:1375 android.view.InsetsAnimationThreadControlRunner$1.lambda$notifyFinished$0$android-view-InsetsAnimationThreadControlRunner$1:84 android.view.InsetsAnimationThreadControlRunner$1$$ExternalSyntheticLambda1.run:4 
04-05 12:04:01.984 30040 32468 D ExtractorHelper: Ō£ģ loadExtractor result: true (links delivered: 0)
04-05 12:04:01.984 30040 32468 W ExtractorHelper: ŌÜĀ’ĖÅ loadExtractor returned true with 0 links, trying direct SyncExtractors...
04-05 12:04:01.984 30040 32468 D ExtractorHelper:    URL: https://ok.ru/videoembed/5989442652850
04-05 12:04:01.985 30040 32468 D ExtractorHelper:    URL Domain: ok.ru
04-05 12:04:01.985 30040 32468 D ExtractorHelper:    Total SyncExtractors available: 59
04-05 12:04:01.986 30040 32468 D ExtractorHelper:    Found 2 matching extractors: OkRuSSL, OkRuHTTP
04-05 12:04:01.986 30040 32468 D ExtractorHelper:    ­¤Ä» Trying extractor: OkRuHTTP (http://ok.ru)
04-05 12:04:01.986 30040 30114 D ExtractorHelper:    ­¤Ä» Trying extractor: OkRuSSL (https://ok.ru)
04-05 12:04:01.998 30040 30114 D ExtractorHelper: Ō£ģ loadExtractor result: true (links delivered: 0)
04-05 12:04:01.999 30040 30114 W ExtractorHelper: ŌÜĀ’ĖÅ loadExtractor returned true with 0 links, trying direct SyncExtractors...
04-05 12:04:01.999 30040 30114 D ExtractorHelper:    URL: https://krakenfiles.com/embed-video/fftpwWYkNC
04-05 12:04:01.999 30040 30114 D ExtractorHelper:    URL Domain: krakenfiles.com
04-05 12:04:01.999 30040 30114 D ExtractorHelper:    Total SyncExtractors available: 59
04-05 12:04:01.999 30040 30114 D ExtractorHelper:    Found 0 matching extractors: 
04-05 12:04:01.999 30040 30114 D ExtractorHelper: ­¤ōŖ SyncExtractors result: 0 links delivered from 0 extractors tried
04-05 12:04:01.999 30040 30114 W ExtractorHelper: ŌÜĀ’ĖÅ No links delivered ŌĆö all extractors returned empty
04-05 12:04:02.000 30040 30114 D ExtractorHelper: ŌÅ▒’ĖÅ loadExtractorWithFallback completed in 318ms - loaded=false
04-05 12:04:02.478 30040 30114 D ExtractorHelper: ­¤ōŖ SyncExtractors result: 0 links delivered from 2 extractors tried
04-05 12:04:02.478 30040 30114 W ExtractorHelper: ŌÜĀ’ĖÅ No links delivered ŌĆö all extractors returned empty
04-05 12:04:02.478 30040 30114 D ExtractorHelper: ŌÅ▒’ĖÅ loadExtractorWithFallback completed in 795ms - loaded=false
04-05 12:04:02.479 30040 30040 I COMPACT : showToast = Tidak Ada Tautan Yang Ditemukan
04-05 12:04:02.484 30040 30040 E Toast   : setGravity() shouldn't be called on text toasts, the values won't be used
04-05 12:04:02.484 30040 30040 I Toast   : setView: it's a custom toast
04-05 12:04:02.487 30040 30040 V Toast   : show: caller = com.lagradost.cloudstream3.CommonActivity.showToast:194 
04-05 12:04:02.492 30040 30040 I CS3ExoPlayer: setActiveSubtitles 0
04-05 12:04:02.492 30040 30040 I CS3ExoPlayer: autoSelectFromSettings = null
04-05 12:04:02.493 30040 30040 V Toast   : HANDLE SHOW: android.widget.Toast$TN@95073ae mView=null mNextView=androidx.cardview.widget.CardView{114754f V.E..V... ......ID 0,0-0,0 #7f0a05b5 app:id/toast_layout_root}
04-05 12:04:02.494 30040 30040 V ToastPresenter: sipHeight = 0
04-05 12:04:02.494 30040 30040 V ToastPresenter: yOffset = 9
04-05 12:04:02.497 30040 30066 D NativeCustomFrequencyManager: [NativeCFMS] BpCustomFrequencyManager::BpCustomFrequencyManager()
04-05 12:04:02.503 30040 30040 D InsetsController: onStateChanged: InsetsState: {mDisplayFrame=Rect(0, 0 - 1600, 720), mDisplayCutout=DisplayCutout{insets=Rect(58, 0 - 0, 0) waterfall=Insets{left=0, top=0, right=0, bottom=0} boundingRect={Bounds=[Rect(0, 298 - 58, 422), Rect(0, 0 - 0, 0), Rect(0, 0 - 0, 0), Rect(0, 0 - 0, 0)]} cutoutPathParserInfo={CutoutPathParserInfo{displayWidth=720 displayHeight=1600 physicalDisplayWidth=720 physicalDisplayHeight=1600 density={1.875} cutoutSpec={M62.05,0l-2.7,0l-2.7,0l-1.4,0.1L53.95,0.2l-1.3,0.2l-1.3,0.2L49.95,0.9l-1.3,0.4l-1.3,0.5l-1.2,0.6L44.95,3 l-1.1,0.7l-1,0.8l-1,0.9l-0.9,1l-0.8,1l-0.7,1.1l-0.7,1.2l-0.6,1.2l-0.5,1.3l-0.4,1.3l-0.4,1.3l-0.5,2.3l-0.4,2.3l-0.4,2.3L34.95,23.9 l-0.6,2.3l-0.7,2.2l-0.4,1.1L32.95,30.6l-0.5,1.1L31.95,32.7c-3.5,7.2-9.3,13.1-16.6,16.6c-17.7,8.5-38.9,1.1-47.4-16.6l-0.5-1.1 l-0.5-1.1l-0.4-1.1l-0.4-1.1l-0.7-2.2l-0.6-2.3l-0.5-2.3l-0.4-2.3l-0.4-2.3l-0.5-2.3l-0.4-1.3l-0.4-1.3L-38.15,11l-0.6-1.2l-0.7-1.2 L-40.05,7.5l-0.8-1l-0.9-1l-1-0.9l-1-0.8L-44.95,3l-1.2-0.6l-1.2-0.6l-1.3-0.5l-1.3-0.4l-1.3-0.3L-52.55,0.4L-53.95,0.2L-55.25,0.1L-56.65,0L-59.35,0 L-62.05,0Z} rotation={1} scale={1.0} physicalPixelDisplaySizeRatio={1.0}}}}, mRoundedCorners=RoundedCorners{[RoundedCorner{position=TopLeft, radius=60, center=Point(60, 60)}, RoundedCorner{position=TopRight, radius=60, center=Point(1540, 60)}, RoundedCorner{position=BottomRight, radius=60, center=Point(1540, 660)}, RoundedCorner{position=BottomLeft, radius=60, center=Point(60, 660)}]}  mRoundedCornerFrame=Rect(0, 0 - 0, 0), mPrivacyIndicatorBounds=PrivacyIndicatorBounds {static bounds=Rect(1435, 0 - 1518, 45) rotation=1}, mSources= { InsetsSource: {mType=ITYPE_NAVIGATION_BAR, mFrame=[1510,0][1600,720], mVisible=false, mInsetsRoundedCornerFrame=false}, InsetsSource: {mType=ITYPE_LEFT_GESTURES, mFrame=[0,0][58,720], mVisible=true, mInsetsRoundedCornerFrame=false}, InsetsSource: {mType=ITYPE_RIGHT_GESTURES, mFrame=[1600,0][1600,720], mVisible=true, mInsetsRoundedCornerFrame=false}, InsetsSource: {mType=ITYPE_TOP_MANDATORY_GESTURES, mFrame=[0,0][1600,45], mVisible=true, mInsetsRoundedCornerFrame=false}, InsetsSource: {mType=ITYPE_BOTTOM_MANDATORY_GESTURES, mFrame=[1510,0][1600,720], mVisible=true, mInsetsRoundedCornerFrame=false}, InsetsSource: {mType=ITYPE_LEFT_DISPLAY_CUTOUT, mFrame=[0,0][58,720], mVisible=true, mInsetsRoundedCornerFrame=false}, InsetsSource: {mType=ITYPE_TOP_DISPLAY_CUTOUT, mFrame=[0,0][1600,-100000], mVisible=true, mInsetsRoundedCornerFrame=false}, InsetsSource: {mType=ITYPE_RIGHT_DISPLAY_CUTOUT, mFrame=[100000,0][1600,720], mVisible=true, mInsetsRoundedCornerFrame=false}, InsetsSource: {mType=ITYPE_BOTTOM_DISPLAY_CUTOUT, mFrame=[0,100000][1600,720], mVisible=true, mInsetsRoundedCornerFrame=false}, InsetsSource: {mType=ITYPE_BOTTOM_TAPPABLE_ELEMENT, mFrame=[1510,0][1600,720], mVisible=true, mInsetsRoundedCornerFrame=false} } host=Toast from=android.view.ViewRootImpl.setView:1732
04-05 12:04:02.505 30040 30040 I ViewRootImpl@b8e34dc[Toast]: setView = androidx.cardview.widget.CardView@114754f TM=true
04-05 12:04:02.507 30040 30040 D popFragment: Destroying Fragment
04-05 12:04:02.515 30040 30040 I ViewRootImpl@b8e34dc[Toast]: performTraversals params={(0,9)(wrapxwrap) gr=BOTTOM CENTER sim={adjust=resize} ty=TOAST fmt=TRANSLUCENT wanim=0x1030004 surfaceInsets=Rect(8, 8 - 8, 8)
04-05 12:04:02.515 30040 30040 I ViewRootImpl@b8e34dc[Toast]:   fl=1000098
04-05 12:04:02.515 30040 30040 I ViewRootImpl@b8e34dc[Toast]:   pfl=12000000
04-05 12:04:02.515 30040 30040 I ViewRootImpl@b8e34dc[Toast]:   bhv=DEFAULT
04-05 12:04:02.515 30040 30040 I ViewRootImpl@b8e34dc[Toast]:   fitTypes=STATUS_BARS NAVIGATION_BARS CAPTION_BAR
04-05 12:04:02.515 30040 30040 I ViewRootImpl@b8e34dc[Toast]:   fitIgnoreVis naviIconColor=0}
04-05 12:04:02.516 30040 30040 I ViewRootImpl@b8e34dc[Toast]: performTraversals mFirst=true windowShouldResize=false viewVisibilityChanged=false mForceNextWindowRelayout=false params={(0,9)(wrapxwrap) gr=BOTTOM CENTER sim={adjust=resize} ty=TOAST fmt=TRANSLUCENT wanim=0x1030004 surfaceInsets=Rect(8, 8 - 8, 8)
04-05 12:04:02.516 30040 30040 I ViewRootImpl@b8e34dc[Toast]:   fl=1000098
04-05 12:04:02.516 30040 30040 I ViewRootImpl@b8e34dc[Toast]:   pfl=12000000
04-05 12:04:02.516 30040 30040 I ViewRootImpl@b8e34dc[Toast]:   bhv=DEFAULT
04-05 12:04:02.516 30040 30040 I ViewRootImpl@b8e34dc[Toast]:   fitTypes=STATUS_BARS NAVIGATION_BARS CAPTION_BAR
04-05 12:04:02.516 30040 30040 I ViewRootImpl@b8e34dc[Toast]:   fitIgnoreVis naviIconColor=0}
04-05 12:04:02.523 30040 30040 I ViewRootImpl@b8e34dc[Toast]: updateBlastSurfaceIfNeeded mBlastBufferQueue=null isSameSurfaceControl=false
04-05 12:04:02.523 30040 30040 D BufferQueueConsumer: [](id:75580000001e,api:0,p:-1,c:30040) connect: controlledByApp=false
04-05 12:04:02.524 30040 30040 I BLASTBufferQueue: new BLASTBufferQueue, mName= ViewRootImpl@b8e34dc[Toast] mNativeObject= 0xb400007782aa7d80 sc.mNativeObject= 0xb4000077dff34740 caller= android.view.ViewRootImpl.updateBlastSurfaceIfNeeded:2909 android.view.ViewRootImpl.relayoutWindow:9847 android.view.ViewRootImpl.performTraversals:3884 android.view.ViewRootImpl.doTraversal:3116 android.view.ViewRootImpl$TraversalRunnable.run:10885 android.view.Choreographer$CallbackRecord.run:1301 android.view.Choreographer$CallbackRecord.run:1309 android.view.Choreographer.doCallbacks:923 android.view.Choreographer.doFrame:852 android.view.Choreographer$FrameDisplayEventReceiver.run:1283 
04-05 12:04:02.524 30040 30040 I BLASTBufferQueue: update, w= 547 h= 129 mName = ViewRootImpl@b8e34dc[Toast] mNativeObject= 0xb400007782aa7d80 sc.mNativeObject= 0xb4000077dff34740 format= -3 caller= android.graphics.BLASTBufferQueue.<init>:84 android.view.ViewRootImpl.updateBlastSurfaceIfNeeded:2909 android.view.ViewRootImpl.relayoutWindow:9847 android.view.ViewRootImpl.performTraversals:3884 android.view.ViewRootImpl.doTraversal:3116 android.view.ViewRootImpl$TraversalRunnable.run:10885 
04-05 12:04:02.525 30040 30040 I ViewRootImpl@b8e34dc[Toast]: Relayout returned: old=(58,0,1510,720) new=(518,598,1049,711) req=(531,113)0 dur=7 res=0x3 s={true 0xb400007782aac000} ch=true seqId=0
04-05 12:04:02.526 30040 30040 I ViewRootImpl@b8e34dc[Toast]: mThreadedRenderer.initialize() mSurface={isValid=true 0xb400007782aac000} hwInitialized=true
04-05 12:04:02.526 30040 30040 I ViewRootImpl@b8e34dc[Toast]: reportNextDraw android.view.ViewRootImpl.performTraversals:4438 android.view.ViewRootImpl.doTraversal:3116 android.view.ViewRootImpl$TraversalRunnable.run:10885 android.view.Choreographer$CallbackRecord.run:1301 android.view.Choreographer$CallbackRecord.run:1309 
04-05 12:04:02.526 30040 30040 I ViewRootImpl@b8e34dc[Toast]: Setup new sync id=0
04-05 12:04:02.526 30040 30040 I ViewRootImpl@b8e34dc[Toast]: Setting syncFrameCallback
04-05 12:04:02.526 30040 30040 I ViewRootImpl@b8e34dc[Toast]: registerCallbacksForSync syncBuffer=false
04-05 12:04:02.529 30040 30066 D OpenGLRenderer: eglCreateWindowSurface
04-05 12:04:02.530 30040 30131 I ViewRootImpl@b8e34dc[Toast]: Received frameDrawingCallback syncResult=0 frameNum=1.
04-05 12:04:02.531 30040 30131 I ViewRootImpl@b8e34dc[Toast]: Setting up sync and frameCommitCallback
04-05 12:04:02.536 30040 30066 I BLASTBufferQueue: [ViewRootImpl@b8e34dc[Toast]#30](f:0,a:0) onFrameAvailable the first frame is available
04-05 12:04:02.537 30040 30066 I BLASTBufferQueue: [ViewRootImpl@b8e34dc[Toast]#30](f:0,a:1) acquireNextBufferLocked size=547x129 mFrameNumber=1 applyTransaction=true mTimestamp=1092294624138720(auto) mPendingTransactions.size=0 graphicBufferId=129020817571954 transform=7
04-05 12:04:02.537 30040 30066 I ViewRootImpl@b8e34dc[Toast]: Received frameCommittedCallback lastAttemptedDrawFrameNum=1 didProduceBuffer=true
04-05 12:04:02.538 30040 30066 D OpenGLRenderer: CFMS:: SetUp Pid : 30040    Tid : 30066
04-05 12:04:02.538 30040 30066 W Parcel  : Expecting binder but got null!
04-05 12:04:02.538 30040 30040 I ViewRootImpl@b8e34dc[Toast]: onSyncComplete
04-05 12:04:02.539 30040 30040 I ViewRootImpl@b8e34dc[Toast]: setupSync seqId=0 mSyncId=0 fn=1 caller=android.view.ViewRootImpl$$ExternalSyntheticLambda11.accept:6 android.window.SurfaceSyncer.lambda$setupSync$1$android-window-SurfaceSyncer:128 android.window.SurfaceSyncer$$ExternalSyntheticLambda1.accept:8 android.window.SurfaceSyncer$SyncSet.checkIfSyncIsComplete:382 android.window.SurfaceSyncer$SyncSet.markSyncReady:359 android.window.SurfaceSyncer.markSyncReady:151 android.view.ViewRootImpl.performTraversals:4503 
04-05 12:04:02.539 30040 30040 I ViewRootImpl@b8e34dc[Toast]: reportDrawFinished seqId=0 mSyncId=-1 fn=1 mSurfaceChangedTransaction=0xb40000779f400d00
04-05 12:04:02.540 30040 30040 D popFragment: Destroying Fragment
04-05 12:04:02.542 30040 30040 I IMM_LC  : hsifw() - flag : 0
04-05 12:04:02.542 30040 30040 I IMM_LC  : hsifw() - mService.hideSoftInput
04-05 12:04:02.544 30040 30040 I CS3ExoPlayer: onStop
04-05 12:04:02.544 30040 30040 I CS3ExoPlayer: saveData
04-05 12:04:02.544 30040 30040 I CS3ExoPlayer: handleEvent Pause
04-05 12:04:02.557 30040 30040 D ScrollView: initGoToTop
04-05 12:04:02.830 30040 30040 W Resources: Drawable com.lagradost.cloudstream3:drawable/go_forward_30 has unresolved theme attributes! Consider using Resources.getDrawable(int, Theme) or Context.getDrawable(int).
04-05 12:04:02.830 30040 30040 W Resources: java.lang.RuntimeException
04-05 12:04:02.830 30040 30040 W Resources: 	at android.content.res.Resources.getDrawable(Resources.java:967)
04-05 12:04:02.830 30040 30040 W Resources: 	at com.google.android.gms.cast.framework.media.widget.zzq.zzd(com.google.android.gms:play-services-cast-framework@@22.1.0:2)
04-05 12:04:02.830 30040 30040 W Resources: 	at com.google.android.gms.cast.framework.media.widget.zzq.zzc(com.google.android.gms:play-services-cast-framework@@22.1.0:1)
04-05 12:04:02.830 30040 30040 W Resources: 	at com.google.android.gms.cast.framework.media.widget.MiniControllerFragment.zza(com.google.android.gms:play-services-cast-framework@@22.1.0:41)
04-05 12:04:02.830 30040 30040 W Resources: 	at com.google.android.gms.cast.framework.media.widget.MiniControllerFragment.onCreateView(com.google.android.gms:play-services-cast-framework@@22.1.0:30)
04-05 12:04:02.830 30040 30040 W Resources: 	at androidx.fragment.app.Fragment.performCreateView(Fragment.java:3119)
04-05 12:04:02.830 30040 30040 W Resources: 	at androidx.fragment.app.FragmentStateManager.ensureInflatedView(FragmentStateManager.java:418)
04-05 12:04:02.830 30040 30040 W Resources: 	at androidx.fragment.app.FragmentStateManager.moveToExpectedState(FragmentStateManager.java:285)
04-05 12:04:02.830 30040 30040 W Resources: 	at androidx.fragment.app.FragmentLayoutInflaterFactory.onCreateView(FragmentLayoutInflaterFactory.java:142)
04-05 12:04:02.830 30040 30040 W Resources: 	at android.view.LayoutInflater$FactoryMerger.onCreateView(LayoutInflater.java:247)
04-05 12:04:02.830 30040 30040 W Resources: 	at android.view.LayoutInflater.tryCreateView(LayoutInflater.java:1083)
04-05 12:04:02.830 30040 30040 W Resources: 	at android.view.LayoutInflater.createViewFromTag(LayoutInflater.java:1019)
04-05 12:04:02.830 30040 30040 W Resources: 	at android.view.LayoutInflater.createViewFromTag(LayoutInflater.java:983)
04-05 12:04:02.830 30040 30040 W Resources: 	at android.view.LayoutInflater.rInflate(LayoutInflater.java:1145)
04-05 12:04:02.830 30040 30040 W Resources: 	at android.view.LayoutInflater.rInflateChildren(LayoutInflater.java:1106)
04-05 12:04:02.830 30040 30040 W Resources: 	at android.view.LayoutInflater.rInflate(LayoutInflater.java:1148)
04-05 12:04:02.830 30040 30040 W Resources: 	at android.view.LayoutInflater.rInflateChildren(LayoutInflater.java:1106)
04-05 12:04:02.830 30040 30040 W Resources: 	at android.view.LayoutInflater.rInflate(LayoutInflater.java:1148)
04-05 12:04:02.830 30040 30040 W Resources: 	at android.view.LayoutInflater.rInflateChildren(LayoutInflater.java:1106)
04-05 12:04:02.830 30040 30040 W Resources: 	at android.view.LayoutInflater.inflate(LayoutInflater.java:692)
04-05 12:04:02.830 30040 30040 W Resources: 	at android.view.LayoutInflater.inflate(LayoutInflater.java:544)
04-05 12:04:02.830 30040 30040 W Resources: 	at com.lagradost.cloudstream3.ui.player.AbstractPlayerFragment.onCreateView(AbstractPlayerFragment.kt:746)
04-05 12:04:02.830 30040 30040 W Resources: 	at com.lagradost.cloudstream3.ui.player.FullScreenPlayer.onCreateView(FullScreenPlayer.kt:218)
04-05 12:04:02.830 30040 30040 W Resources: 	at com.lagradost.cloudstream3.ui.result.ResultFragmentPhone.onCreateView(ResultFragmentPhone.kt:129)
04-05 12:04:02.830 30040 30040 W Resources: 	at androidx.fragment.app.Fragment.performCreateView(Fragment.java:3119)
04-05 12:04:02.830 30040 30040 W Resources: 	at androidx.fragment.app.FragmentStateManager.createView(FragmentStateManager.java:577)
04-05 12:04:02.830 30040 30040 W Resources: 	at androidx.fragment.app.FragmentStateManager.moveToExpectedState(FragmentStateManager.java:286)
04-05 12:04:02.830 30040 30040 W Resources: 	at androidx.fragment.app.FragmentManager.executeOpsTogether(FragmentManager.java:2205)
04-05 12:04:02.830 30040 30040 W Resources: 	at androidx.fragment.app.FragmentManager.removeRedundantOperationsAndExecute(FragmentManager.java:2115)
04-05 12:04:02.830 30040 30040 W Resources: 	at androidx.fragment.app.FragmentManager.popBackStackImmediate(FragmentManager.java:1116)
04-05 12:04:02.830 30040 30040 W Resources: 	at androidx.fragment.app.FragmentManager.popBackStackImmediate(FragmentManager.java:998)
04-05 12:04:02.830 30040 30040 W Resources: 	at androidx.fragment.app.FragmentManager.handleOnBackPressed(FragmentManager.java:914)
04-05 12:04:02.830 30040 30040 W Resources: 	at androidx.fragment.app.FragmentManager$1.handleOnBackPressed(FragmentManager.java:572)
04-05 12:04:02.830 30040 30040 W Resources: 	at androidx.activity.OnBackPressedCallback$OnBackPressedEventHandler.onBackCompleted(OnBackPressedCallback.kt:172)
04-05 12:04:02.830 30040 30040 W Resources: 	at androidx.navigationevent.NavigationEventHandler.doOnBackCompleted$navigationevent(NavigationEventHandler.kt:242)
04-05 12:04:02.830 30040 30040 W Resources: 	at androidx.navigationevent.NavigationEventProcessor.dispatchOnCompleted(NavigationEventProcessor.kt:487)
04-05 12:04:02.830 30040 30040 W Resources: 	at androidx.navigationevent.NavigationEventDispatcher.dispatchOnCompleted$navigationevent(NavigationEventDispatcher.kt:383)
04-05 12:04:02.830 30040 30040 W Resources: 	at androidx.navigationevent.NavigationEventInput.dispatchOnBackCompleted(NavigationEventInput.kt:227)
04-05 12:04:02.830 30040 30040 W Resources: 	at androidx.activity.OnBackPressedDispatcher$OnBackPressedEventInput.backCompleted(OnBackPressedDispatcher.kt:301)
04-05 12:04:02.830 30040 30040 W Resources: 	at androidx.activity.OnBackPressedDispatcher.onBackPressed(OnBackPressedDispatcher.kt:246)
04-05 12:04:02.830 30040 30040 W Resources: 	at com.lagradost.cloudstream3.utils.BackPressedCallbackHelper$CallbackHelper.runDefault(BackPressedCallbackHelper.kt:22)
04-05 12:04:02.830 30040 30040 W Resources: 	at com.lagradost.cloudstream3.MainActivity.onCreate$lambda$25(MainActivity.kt:2037)
04-05 12:04:02.830 30040 30040 W Resources: 	at com.lagradost.cloudstream3.MainActivity.$r8$lambda$Gy8B8YvjReNz_FTAxokyyhRFBSo(Unknown Source:0)
04-05 12:04:02.830 30040 30040 W Resources: 	at com.lagradost.cloudstream3.MainActivity$$ExternalSyntheticLambda1.invoke(D8$$SyntheticClass:0)
04-05 12:04:02.830 30040 30040 W Resources: 	at com.lagradost.cloudstream3.utils.BackPressedCallbackHelper$attachBackPressedCallback$newCallback$1.handleOnBackPressed(BackPressedCallbackHelper.kt:40)
04-05 12:04:02.830 30040 30040 W Resources: 	at androidx.activity.OnBackPressedCallback$OnBackPressedEventHandler.onBackCompleted(OnBackPressedCallback.kt:172)
04-05 12:04:02.830 30040 30040 W Resources: 	at androidx.navigationevent.NavigationEventHandler.doOnBackCompleted$navigationevent(NavigationEventHandler.kt:242)
04-05 12:04:02.830 30040 30040 W Resources: 	at androidx.navigationevent.NavigationEventProcessor.dispatchOnCompleted(NavigationEventProcessor.kt:487)
04-05 12:04:02.830 30040 30040 W Resources: 	at androidx.navigationevent.NavigationEventDispatcher.dispatchOnCompleted$navigationevent(NavigationEventDispatcher.kt:383)
04-05 12:04:02.830 30040 30040 W Resources: 	at androidx.navigationevent.NavigationEventInput.dispatchOnBackCompleted(NavigationEventInput.kt:227)
04-05 12:04:02.830 30040 30040 W Resources: 	at androidx.activity.OnBackPressedDispatcher$OnBackPressedEventInput.backCompleted(OnBackPressedDispatcher.kt:301)
04-05 12:04:02.830 30040 30040 W Resources: 	at androidx.activity.OnBackPressedDispatcher.onBackPressed(OnBackPressedDispatcher.kt:246)
04-05 12:04:02.830 30040 30040 W Resources: 	at com.lagradost.cloudstream3.utils.UIHelper$popCurrentPage$1.invokeSuspend(UIHelper.kt:289)
04-05 12:04:02.830 30040 30040 W Resources: 	at com.lagradost.cloudstream3.utils.UIHelper$popCurrentPage$1.invoke(Unknown Source:8)
04-05 12:04:02.830 30040 30040 W Resources: 	at com.lagradost.cloudstream3.utils.UIHelper$popCurrentPage$1.invoke(Unknown Source:4)
04-05 12:04:02.830 30040 30040 W Resources: 	at com.lagradost.cloudstream3.utils.Coroutines$main$1.invokeSuspend(Coroutines.kt:13)
04-05 12:04:02.830 30040 30040 W Resources: 	at com.lagradost.cloudstream3.utils.Coroutines$main$1.invoke(Unknown Source:8)
04-05 12:04:02.830 30040 30040 W Resources: 	at com.lagradost.cloudstream3.utils.Coroutines$main$1.invoke(Unknown Source:4)
04-05 12:04:02.830 30040 30040 W Resources: 	at com.lagradost.cloudstream3.mvvm.ArchComponentExtKt$launchSafe$obj$1.invokeSuspend(ArchComponentExt.kt:154)
04-05 12:04:02.830 30040 30040 W Resources: 	at kotlin.coroutines.jvm.internal.BaseContinuationImpl.resumeWith(ContinuationImpl.kt:34)
04-05 12:04:02.830 30040 30040 W Resources: 	at kotlinx.coroutines.DispatchedTask.run(DispatchedTask.kt:100)
04-05 12:04:02.830 30040 30040 W Resources: 	at android.os.Handler.handleCallback(Handler.java:942)
04-05 12:04:02.830 30040 30040 W Resources: 	at android.os.Handler.dispatchMessage(Handler.java:99)
04-05 12:04:02.830 30040 30040 W Resources: 	at android.os.Looper.loopOnce(Looper.java:226)
04-05 12:04:02.830 30040 30040 W Resources: 	at android.os.Looper.loop(Looper.java:313)
04-05 12:04:02.830 30040 30040 W Resources: 	at android.app.ActivityThread.main(ActivityThread.java:8762)
04-05 12:04:02.830 30040 30040 W Resources: 	at java.lang.reflect.Method.invoke(Native Method)
04-05 12:04:02.830 30040 30040 W Resources: 	at com.android.internal.os.RuntimeInit$MethodAndArgsCaller.run(RuntimeInit.java:604)
04-05 12:04:02.830 30040 30040 W Resources: 	at com.android.internal.os.ZygoteInit.main(ZygoteInit.java:1067)
04-05 12:04:02.834 30040 30040 I SurfaceView@15424e6: onWindowVisibilityChanged(0) true android.view.SurfaceView{15424e6 V.E..V... ......I. 0,0-0,0} of ViewRootImpl@96a8cf7[MainActivity]
04-05 12:04:02.834 30040 30040 D SurfaceView@15424e6: updateSurface: has no frame
04-05 12:04:02.839 30040 30040 I CS3ExoPlayer: SET STYLE = SaveCaptionStyle(foregroundColor=-1, backgroundColor=0, windowColor=0, edgeType=1, edgeColor=-16777216, typeface=2131296262, typefaceFilePath=null, elevation=40, fixedTextSize=14.0, edgeSize=null, removeCaptions=false, removeBloat=true, upperCase=false, bold=false, italic=false, backgroundRadius=null, alignment=null)
04-05 12:04:02.846 30040 30040 I IMM_LC  : hsifw() - flag : 0
04-05 12:04:02.846 30040 30040 I IMM_LC  : hsifw() - mService.hideSoftInput
04-05 12:04:02.847 30040 30114 I SYNCVM  : addFromUrl = https://anichin.cafe/seri/shrouding-the-heavens/
04-05 12:04:02.847 30040 30114 I SYNCUTIL: getIdsFromUrl https://anichin.cafe/seri/shrouding-the-heavens/
04-05 12:04:02.856 30040 30040 I SurfaceView@15424e6: onWindowVisibilityChanged(8) false android.view.SurfaceView{15424e6 V.E..V... ......I. 0,0-0,0} of ViewRootImpl@96a8cf7[MainActivity]
04-05 12:04:02.856 30040 30040 D SurfaceView@15424e6: updateSurface: has no frame
04-05 12:04:02.856 30040 30040 D SurfaceView@15424e6: updateSurface: has no frame
04-05 12:04:02.856 30040 30040 I SurfaceView@15424e6: onDetachedFromWindow: tryReleaseSurfaces()
04-05 12:04:02.856 30040 30040 I SurfaceView@15424e6: releaseSurfaces: viewRoot = ViewRootImpl@96a8cf7[MainActivity]
04-05 12:04:02.856 30040 30040 I SurfaceView@15424e6: applyTransactionOnVriDraw: vri = ViewRootImpl@96a8cf7[MainActivity] fRS = true t = 0xb4000077a04cdf00 android.view.SurfaceView.releaseSurfaces:858 android.view.SurfaceView.onDetachedFromWindow:500 android.view.View.dispatchDetachedFromWindow:22538 
04-05 12:04:02.856 30040 30040 I SurfaceView@15424e6: applyTransactionOnVriDraw: viewRoot.applyTransactionOnDrawFromReleaseSurfaces
04-05 12:04:02.857 30040 30040 I ViewRootImpl@96a8cf7[MainActivity]: applyTransactionOnDraw: mRemoved = false isHardwareEnabled = true t = 0xb4000077a04cdf00android.view.ViewRootImpl.applyTransactionOnDrawFromReleaseSurfaces:12850 android.view.SurfaceView.applyTransactionOnVriDraw:2046 android.view.SurfaceView.releaseSurfaces:858 android.view.SurfaceView.onDetachedFromWindow:500 android.view.View.dispatchDetachedFromWindow:22538 
04-05 12:04:02.858 30040 30040 I SurfaceView@15424e6: onWindowVisibilityChanged(0) true android.view.SurfaceView{15424e6 V.E..V... ......I. 0,0-0,0} of ViewRootImpl@96a8cf7[MainActivity]
04-05 12:04:02.858 30040 30040 D SurfaceView@15424e6: updateSurface: has no frame
04-05 12:04:02.931 30040 30051 I ViewRootImpl@b8e34dc[Toast]: Resizing android.view.ViewRootImpl@c37c2c8: frame = [94,1388][625,1501] reportDraw = true forceLayout = true syncSeqId = 0
04-05 12:04:02.931 30040 30049 I ViewRootImpl@96a8cf7[MainActivity]: Resizing android.view.ViewRootImpl@da2a1e7: frame = [0,0][720,1600] reportDraw = true forceLayout = true syncSeqId = 5
04-05 12:04:02.932 30040 30040 I DecorView: notifyKeepScreenOnChanged: keepScreenOn=false
04-05 12:04:02.933 30040 30040 D InsetsSourceConsumer: setRequestedVisible: visible=true, type=23, host=com.lagradost.cloudstream3/com.lagradost.cloudstream3.MainActivity, from=android.view.InsetsSourceConsumer.show:250 android.view.InsetsController.collectSourceControls:1303 android.view.InsetsController.controlAnimationUnchecked:1164 android.view.InsetsController.applyAnimation:1576 android.view.InsetsController.applyAnimation:1557 android.view.InsetsController.show:1063 android.view.InsetsController.show:1004 androidx.core.util.HalfKt$$ExternalSyntheticApiModelOutline0.m:0 androidx.core.view.WindowInsetsControllerCompat$Impl30.show:656 androidx.core.view.WindowInsetsControllerCompat.show:183 
04-05 12:04:02.934 30040 30040 D InsetsSourceConsumer: setRequestedVisible: visible=true, type=22, host=com.lagradost.cloudstream3/com.lagradost.cloudstream3.MainActivity, from=android.view.InsetsSourceConsumer.show:250 android.view.InsetsController.collectSourceControls:1303 android.view.InsetsController.controlAnimationUnchecked:1164 android.view.InsetsController.applyAnimation:1576 android.view.InsetsController.applyAnimation:1557 android.view.InsetsController.show:1063 android.view.InsetsController.show:1004 androidx.core.util.HalfKt$$ExternalSyntheticApiModelOutline0.m:0 androidx.core.view.WindowInsetsControllerCompat$Impl30.show:656 androidx.core.view.WindowInsetsControllerCompat.show:183 
04-05 12:04:02.934 30040 30040 D InsetsSourceConsumer: setRequestedVisible: visible=true, type=21, host=com.lagradost.cloudstream3/com.lagradost.cloudstream3.MainActivity, from=android.view.InsetsSourceConsumer.show:250 android.view.InsetsController.collectSourceControls:1303 android.view.InsetsController.controlAnimationUnchecked:1164 android.view.InsetsController.applyAnimation:1576 android.view.InsetsController.applyAnimation:1557 android.view.InsetsController.show:1063 android.view.InsetsController.show:1004 androidx.core.util.HalfKt$$ExternalSyntheticApiModelOutline0.m:0 androidx.core.view.WindowInsetsControllerCompat$Impl30.show:656 androidx.core.view.WindowInsetsControllerCompat.show:183 
04-05 12:04:02.935 30040 30040 D InsetsSourceConsumer: setRequestedVisible: visible=true, type=20, host=com.lagradost.cloudstream3/com.lagradost.cloudstream3.MainActivity, from=android.view.InsetsSourceConsumer.show:250 android.view.InsetsController.collectSourceControls:1303 android.view.InsetsController.controlAnimationUnchecked:1164 android.view.InsetsController.applyAnimation:1576 android.view.InsetsController.applyAnimation:1557 android.view.InsetsController.show:1063 android.view.InsetsController.show:1004 androidx.core.util.HalfKt$$ExternalSyntheticApiModelOutline0.m:0 androidx.core.view.WindowInsetsControllerCompat$Impl30.show:656 androidx.core.view.WindowInsetsControllerCompat.show:183 
04-05 12:04:02.935 30040 30040 D InsetsSourceConsumer: setRequestedVisible: visible=true, type=2, host=com.lagradost.cloudstream3/com.lagradost.cloudstream3.MainActivity, from=android.view.InsetsSourceConsumer.show:250 android.view.InsetsController.collectSourceControls:1303 android.view.InsetsController.controlAnimationUnchecked:1164 android.view.InsetsController.applyAnimation:1576 android.view.InsetsController.applyAnimation:1557 android.view.InsetsController.show:1063 android.view.InsetsController.show:1004 androidx.core.util.HalfKt$$ExternalSyntheticApiModelOutline0.m:0 androidx.core.view.WindowInsetsControllerCompat$Impl30.show:656 androidx.core.view.WindowInsetsControllerCompat.show:183 
04-05 12:04:02.936 30040 30040 D InsetsController: controlAnimationUnchecked: Added types=3 animType=0 host=com.lagradost.cloudstream3/com.lagradost.cloudstream3.MainActivity from=android.view.InsetsController.applyAnimation:1576 android.view.InsetsController.applyAnimation:1557 android.view.InsetsController.show:1063 
04-05 12:04:02.937 30040 30040 D InsetsSourceConsumer: setRequestedVisible: visible=true, type=1, host=com.lagradost.cloudstream3/com.lagradost.cloudstream3.MainActivity, from=android.view.InsetsSourceConsumer.show:250 android.view.InsetsController.showDirectly:1609 android.view.InsetsController.controlAnimationUnchecked:1232 android.view.InsetsController.applyAnimation:1576 android.view.InsetsController.applyAnimation:1557 android.view.InsetsController.show:1063 android.view.InsetsController.show:1004 androidx.core.util.HalfKt$$ExternalSyntheticApiModelOutline0.m:0 androidx.core.view.WindowInsetsControllerCompat$Impl30.show:656 androidx.core.view.WindowInsetsControllerCompat.show:183 
04-05 12:04:02.937 30040 30040 D InsetsSourceConsumer: setRequestedVisible: visible=true, type=0, host=com.lagradost.cloudstream3/com.lagradost.cloudstream3.MainActivity, from=android.view.InsetsSourceConsumer.show:250 android.view.InsetsController.showDirectly:1609 android.view.InsetsController.controlAnimationUnchecked:1232 android.view.InsetsController.applyAnimation:1576 android.view.InsetsController.applyAnimation:1557 android.view.InsetsController.show:1063 android.view.InsetsController.show:1004 androidx.core.util.HalfKt$$ExternalSyntheticApiModelOutline0.m:0 androidx.core.view.WindowInsetsControllerCompat$Impl30.show:656 androidx.core.view.WindowInsetsControllerCompat.show:183 
04-05 12:04:02.946 30040 30114 I SYNCVM  : addFromUrl = https://anichin.cafe/seri/shrouding-the-heavens/
04-05 12:04:02.946 30040 30114 I SYNCUTIL: getIdsFromUrl https://anichin.cafe/seri/shrouding-the-heavens/
04-05 12:04:02.951 30040 30049 I ViewRootImpl@96a8cf7[MainActivity]: Resizing android.view.ViewRootImpl@da2a1e7: frame = [0,0][720,1600] reportDraw = true forceLayout = false syncSeqId = 5
04-05 12:04:02.952 30040 30408 I ViewRootImpl@b8e34dc[Toast]: Resizing android.view.ViewRootImpl@c37c2c8: frame = [94,1388][625,1501] reportDraw = true forceLayout = false syncSeqId = 0
04-05 12:04:02.961 30040 30040 I CS3ExoPlayer: reloadPlayer
04-05 12:04:02.961 30040 30040 I CS3ExoPlayer: releasePlayer
04-05 12:04:02.961 30040 30040 I CS3ExoPlayer: Handle event: PlayerAttachedEvent(player=null, source=Player)
04-05 12:04:03.214 30040 30040 I ViewRootImpl@96a8cf7[MainActivity]: performTraversals params={(0,0)(fillxfill) sim={state=always_hidden adjust=resize} ty=BASE_APPLICATION wanim=0x1030309
04-05 12:04:03.214 30040 30040 I ViewRootImpl@96a8cf7[MainActivity]:   fl=85810100
04-05 12:04:03.214 30040 30040 I ViewRootImpl@96a8cf7[MainActivity]:   pfl=12020040
04-05 12:04:03.214 30040 30040 I ViewRootImpl@96a8cf7[MainActivity]:   vsysui=1500
04-05 12:04:03.214 30040 30040 I ViewRootImpl@96a8cf7[MainActivity]:   bhv=SHOW_TRANSIENT_BARS_BY_SWIPE
04-05 12:04:03.214 30040 30040 I ViewRootImpl@96a8cf7[MainActivity]:   fitSides= naviIconColor=0}
04-05 12:04:03.214 30040 30040 I ViewRootImpl@96a8cf7[MainActivity]: performTraversals mFirst=false windowShouldResize=false viewVisibilityChanged=false mForceNextWindowRelayout=false params={(0,0)(fillxfill) sim={state=always_hidden adjust=resize} ty=BASE_APPLICATION fmt=TRANSLUCENT wanim=0x1030309
04-05 12:04:03.214 30040 30040 I ViewRootImpl@96a8cf7[MainActivity]:   fl=85810100
04-05 12:04:03.214 30040 30040 I ViewRootImpl@96a8cf7[MainActivity]:   pfl=12020040
04-05 12:04:03.214 30040 30040 I ViewRootImpl@96a8cf7[MainActivity]:   vsysui=1500
04-05 12:04:03.214 30040 30040 I ViewRootImpl@96a8cf7[MainActivity]:   bhv=SHOW_TRANSIENT_BARS_BY_SWIPE
04-05 12:04:03.214 30040 30040 I ViewRootImpl@96a8cf7[MainActivity]:   fitSides= naviIconColor=0}
04-05 12:04:03.221 30040 30040 D InsetsController: onStateChanged: InsetsState: {mDisplayFrame=Rect(0, 0 - 720, 1600), mDisplayCutout=DisplayCutout{insets=Rect(0, 58 - 0, 0) waterfall=Insets{left=0, top=0, right=0, bottom=0} boundingRect={Bounds=[Rect(0, 0 - 0, 0), Rect(298, 0 - 422, 58), Rect(0, 0 - 0, 0), Rect(0, 0 - 0, 0)]} cutoutPathParserInfo={CutoutPathParserInfo{displayWidth=720 displayHeight=1600 physicalDisplayWidth=720 physicalDisplayHeight=1600 density={1.875} cutoutSpec={M62.05,0l-2.7,0l-2.7,0l-1.4,0.1L53.95,0.2l-1.3,0.2l-1.3,0.2L49.95,0.9l-1.3,0.4l-1.3,0.5l-1.2,0.6L44.95,3 l-1.1,0.7l-1,0.8l-1,0.9l-0.9,1l-0.8,1l-0.7,1.1l-0.7,1.2l-0.6,1.2l-0.5,1.3l-0.4,1.3l-0.4,1.3l-0.5,2.3l-0.4,2.3l-0.4,2.3L34.95,23.9 l-0.6,2.3l-0.7,2.2l-0.4,1.1L32.95,30.6l-0.5,1.1L31.95,32.7c-3.5,7.2-9.3,13.1-16.6,16.6c-17.7,8.5-38.9,1.1-47.4-16.6l-0.5-1.1 l-0.5-1.1l-0.4-1.1l-0.4-1.1l-0.7-2.2l-0.6-2.3l-0.5-2.3l-0.4-2.3l-0.4-2.3l-0.5-2.3l-0.4-1.3l-0.4-1.3L-38.15,11l-0.6-1.2l-0.7-1.2 L-40.05,7.5l-0.8-1l-0.9-1l-1-0.9l-1-0.8L-44.95,3l-1.2-0.6l-1.2-0.6l-1.3-0.5l-1.3-0.4l-1.3-0.3L-52.55,0.4L-53.95,0.2L-55.25,0.1L-56.65,0L-59.35,0 L-62.05,0Z} rotation={0} scale={1.0} physicalPixelDisplaySizeRatio={1.0}}}}, mRoundedCorners=RoundedCorners{[RoundedCorner{position=TopLeft, radius=60, center=Point(60, 60)}, RoundedCorner{position=TopRight, radius=60, center=Point(660, 60)}, RoundedCorner{position=BottomRight, radius=60, center=Point(660, 1540)}, RoundedCorner{position=BottomLeft, radius=60, center=Point(60, 1540)}]}  mRoundedCornerFrame=Rect(0, 0 - 720, 1600), mPrivacyIndicatorBounds=PrivacyIndicatorBounds {static bounds=Rect(637, 0 - 720, 53) rotation=0}, mSources= { InsetsSource: {mType=ITYPE_STATUS_BAR, mFrame=[0,0][720,53], mVisible=true, mInsetsRoundedCornerFrame=false}, InsetsSource: {mType=ITYPE_NAVIGATION_BAR, mFrame=[0,1510][720,1600], mVisible=true, mInsetsRoundedCornerFrame=false}, InsetsSource: {mType=ITYPE_LEFT_GESTURES, mFrame=[0,0][0,1600], mVisible=true, mInsetsRoundedCornerFrame=false}, InsetsSource: {mType=ITYPE_RIGHT_GESTURES, mFrame=[720,0][720,1600], mVisible=true, mInsetsRoundedCornerFrame=false}, InsetsSource: {mType=ITYPE_TOP_MANDATORY_GESTURES, mFrame=[0,0][720,81], mVisible=true, mInsetsRoundedCornerFrame=false}, InsetsSource: {mType=ITYPE_BOTTOM_MANDATORY_GESTURES, mFrame=[0,1510][720,1600], mVisible=true, mInsetsRoundedCornerFrame=false}, InsetsSource: {mType=ITYPE_LEFT_DISPLAY_CUTOUT, mFrame=[0,0][-100000,1600], mVisible=true, mInsetsRoundedCornerFrame=false}, InsetsSource: {mType=ITYPE_TOP_DISPLAY_CUTOUT, mFrame=[0,0][720,58], mVisible=true, mInsetsRoundedCornerFrame=false}, InsetsSource: {mType=ITYPE_RIGHT_DISPLAY_CUTOUT, mFrame=[100000,0][720,1600], mVisible=true, mInsetsRoundedCornerFrame=false}, InsetsSource: {mType=ITYPE_BOTTOM_DISPLAY_CUTOUT, mFrame=[0,100000][720,1600], mVisible=true, mInsetsRoundedCornerFrame=false}, InsetsSource: {mType=ITYPE_TOP_TAPPABLE_ELEMENT, mFrame=[0,0][720,53], mVisible=true, mInsetsRoundedCornerFrame=false}, InsetsSource: {mType=ITYPE_BOTTOM_TAPPABLE_ELEMENT, mFrame=[0,1510][720,1600], mVisible=true, mInsetsRoundedCornerFrame=false}, InsetsSource: {mType=ITYPE_IME, mFrame=[0,0][0,0], mVisible=false, mInsetsRoundedCornerFrame=false} } host=com.lagradost.cloudstream3/com.lagradost.cloudstream3.MainActivity from=android.view.ViewRootImpl.relayoutWindow:9802
04-05 12:04:03.222 30040 30040 I DecorView: onImmersiveModeChanged: isStatusBarHidden=false
04-05 12:04:03.223 30040 30040 I ViewRootImpl@96a8cf7[MainActivity]: updateBlastSurfaceIfNeeded mBlastBufferQueue=0xb4000077c5424700 isSameSurfaceControl=true
04-05 12:04:03.224 30040 30040 I BLASTBufferQueue: update, w= 720 h= 1600 mName = ViewRootImpl@96a8cf7[MainActivity] mNativeObject= 0xb4000077c5424700 sc.mNativeObject= 0xb400007782befe00 format= -3 caller= android.view.ViewRootImpl.updateBlastSurfaceIfNeeded:2898 android.view.ViewRootImpl.relayoutWindow:9847 android.view.ViewRootImpl.performTraversals:3884 android.view.ViewRootImpl.doTraversal:3116 android.view.ViewRootImpl$TraversalRunnable.run:10885 android.view.Choreographer$CallbackRecord.run:1301 
04-05 12:04:03.224 30040 30040 I ViewRootImpl@96a8cf7[MainActivity]: Relayout returned: old=(0,0,1600,720) new=(0,0,720,1600) req=(1600,720)0 dur=9 res=0x1 s={true 0xb4000077c5698000} ch=false seqId=5
04-05 12:04:03.256 30040 30040 I IMM_LC  : hsifw() - flag : 0
04-05 12:04:03.256 30040 30040 I IMM_LC  : hsifw() - mService.hideSoftInput
04-05 12:04:03.258 30040 30040 I DecorView: getCurrentDensityDpi: from real metrics. densityDpi=300 msg=remove_caption
04-05 12:04:03.258 30040 30040 I DecorView: [INFO] isPopOver=false config=true
04-05 12:04:03.258 30040 30040 I DecorView: updateCaptionType: isFloating=false isApplication=true hasWindowDecorCaption=false this=DecorView@5c38412[MainActivity]
04-05 12:04:03.258 30040 30040 D DecorView: setCaptionType = 0, this = DecorView@5c38412[MainActivity]
04-05 12:04:03.259 30040 30040 I MSHandlerLifeCycle: removeMultiSplitHandler: no exist. decor=DecorView@5c38412[MainActivity]
04-05 12:04:03.261 30040 30040 I ViewRootImpl@96a8cf7[MainActivity]: mThreadedRenderer.updateSurface() mSurface={isValid=true 0xb4000077c5698000}
04-05 12:04:03.261 30040 30066 D OpenGLRenderer: setSurface() destroyed EGLSurface
04-05 12:04:03.261 30040 30066 D OpenGLRenderer: destroyEglSurface
04-05 12:04:03.265 30040 30066 D OpenGLRenderer: eglCreateWindowSurface
04-05 12:04:03.269 30040 30040 I ViewRootImpl@96a8cf7[MainActivity]: updateBoundsLayer: t = android.view.SurfaceControl$Transaction@d960653 sc = Surface(name=Bounds for - com.lagradost.cloudstream3/com.lagradost.cloudstream3.MainActivity@1)/@0x5c75665 frame = 1076
04-05 12:04:03.269 30040 30040 I ViewRootImpl@96a8cf7[MainActivity]: mWNT: t=0xb4000077c533df00 mBlastBufferQueue=0xb4000077c5424700 fn= 1076 caller= android.view.ViewRootImpl.prepareSurfaces:2985 android.view.ViewRootImpl.performTraversals:4233 android.view.ViewRootImpl.doTraversal:3116 
04-05 12:04:03.270 30040 30040 D SurfaceView@15424e6: updateSurface: has no frame
04-05 12:04:03.271 30040 30040 W View    : requestLayout() improperly called by android.widget.FrameLayout{939b47d I.E..V... ......I. 0,0-0,0 #7f0a053e app:id/start_panel} during layout: running second layout pass
04-05 12:04:03.271 30040 30040 W View    : requestLayout() improperly called by android.widget.FrameLayout{83e1f72 I.E..V... ......ID 720,0-720,1448 #7f0a0184 app:id/end_panel} during layout: running second layout pass
04-05 12:04:03.273 30040 30040 I ViewRootImpl@96a8cf7[MainActivity]: reportNextDraw android.view.ViewRootImpl.performTraversals:4438 android.view.ViewRootImpl.doTraversal:3116 android.view.ViewRootImpl$TraversalRunnable.run:10885 android.view.Choreographer$CallbackRecord.run:1301 android.view.Choreographer$CallbackRecord.run:1309 
04-05 12:04:03.273 30040 30040 I SurfaceView@15424e6: Changes: creating=true format=true size=true visible=true alpha=false hint=true mUseAlpha=false visible=true left=true top=true
04-05 12:04:03.275 30040 30040 D BufferQueueConsumer: [](id:75580000001f,api:0,p:-1,c:30040) connect: controlledByApp=false
04-05 12:04:03.276 30040 30040 I BLASTBufferQueue: update, w= 720 h= 375 mName = null mNativeObject= 0xb400007782aa8100 sc.mNativeObject= 0xb40000778306ca80 format= 4 caller= android.view.SurfaceView.createBlastSurfaceControls:1383 android.view.SurfaceView.updateSurface:1079 android.view.SurfaceView.lambda$new$0$android-view-SurfaceView:200 android.view.SurfaceView$$ExternalSyntheticLambda5.onPreDraw:2 android.view.ViewTreeObserver.dispatchOnPreDraw:1121 android.view.ViewRootImpl.performTraversals:4442 
04-05 12:04:03.276 30040 30040 I SurfaceView@15424e6: 22291686 Cur surface: Surface(name=null)/@0xe659040
04-05 12:04:03.276 30040 30040 I SurfaceView@15424e6: pST: sr = Rect(0, -1071 - 720, -696) sw = 720 sh = 375
04-05 12:04:03.276 30040 30040 D SurfaceView@15424e6: performSurfaceTransaction RenderWorker position = [0, -1071, 720, -696] surfaceSize = 720x375
04-05 12:04:03.277 30040 30040 I SurfaceView@15424e6: applyTransactionOnVriDraw: vri = ViewRootImpl@96a8cf7[MainActivity] fRS = false t = 0xb40000778a2fe900 android.view.SurfaceView.performSurfaceTransaction:959 android.view.SurfaceView.updateSurface:1105 android.view.SurfaceView.lambda$new$0$android-view-SurfaceView:200 
04-05 12:04:03.277 30040 30040 I ViewRootImpl@96a8cf7[MainActivity]: applyTransactionOnDraw: mRemoved = false isHardwareEnabled = true t = 0xb40000778a2fe900android.view.SurfaceView.applyTransactionOnVriDraw:2048 android.view.SurfaceView.performSurfaceTransaction:959 android.view.SurfaceView.updateSurface:1105 android.view.SurfaceView.lambda$new$0$android-view-SurfaceView:200 android.view.SurfaceView$$ExternalSyntheticLambda5.onPreDraw:2 
04-05 12:04:03.277 30040 30040 I SurfaceView@15424e6: updateSurface: mVisible = true mSurface.isValid() = true
04-05 12:04:03.277 30040 30040 I SurfaceView@15424e6: updateSurface: mSurfaceCreated = false surfaceChanged = true visibleChanged = true
04-05 12:04:03.277 30040 30040 I SurfaceView@15424e6: visibleChanged -- surfaceCreated
04-05 12:04:03.277 30040 30040 I SurfaceView@15424e6: surfaceCreated 0 #8 android.view.SurfaceView{15424e6 V.E..V... ......ID 0,0-720,375}
04-05 12:04:03.277 30040 30040 I SurfaceView@15424e6: surfaceChanged -- format=4 w=720 h=375
04-05 12:04:03.277 30040 30040 I SurfaceView@15424e6: surfaceChanged (720,375) 0 #8 android.view.SurfaceView{15424e6 V.E..V... ......ID 0,0-720,375}
04-05 12:04:03.277 30040 30040 I SurfaceView@15424e6: surfaceRedrawNeeded
04-05 12:04:03.278 30040 30040 V SurfaceView@15424e6: Layout: x=0 y=-1071 w=720 h=375, frame=Rect(0, 0 - 720, 375)
04-05 12:04:03.278 30040 30040 I ViewRootImpl@96a8cf7[MainActivity]: Setup new sync id=21
04-05 12:04:03.279 30040 30040 I ViewRootImpl@96a8cf7[MainActivity]: Setting syncFrameCallback
04-05 12:04:03.279 30040 30040 E SurfaceSyncer: Failed to find sync for id=0
04-05 12:04:03.279 30040 30040 E SurfaceSyncer: Failed to find sync for id=1
04-05 12:04:03.279 30040 30040 E SurfaceSyncer: Failed to find sync for id=0
04-05 12:04:03.279 30040 30040 I ViewRootImpl@96a8cf7[MainActivity]: registerCallbacksForSync syncBuffer=false
04-05 12:04:03.292 30040 30132 D SurfaceView@15424e6: updateSurfacePosition RenderWorker, frameNr = 1076, position = [36, -884, 684, -546] surfaceSize = 720x375
04-05 12:04:03.292 30040 30132 I SurfaceView@15424e6: uSP: rtp = Rect(36, -884 - 684, -546) rtsw = 720 rtsh = 375
04-05 12:04:03.292 30040 30132 I SurfaceView@15424e6: onSSPAndSRT: pl = 36 pt = -884 sx = 0.9 sy = 0.90133333
04-05 12:04:03.293 30040 30132 I SurfaceView@15424e6: aOrMT: ViewRootImpl@96a8cf7[MainActivity] t = android.view.SurfaceControl$Transaction@f33706c fN = 1076 android.view.SurfaceView.-$$Nest$mapplyOrMergeTransaction:0 android.view.SurfaceView$SurfaceViewPositionUpdateListener.positionChanged:1537 android.graphics.RenderNode$CompositePositionUpdateListener.positionChanged:373 
04-05 12:04:03.293 30040 30132 I ViewRootImpl@96a8cf7[MainActivity]: mWNT: t=0xb40000778a2fea00 mBlastBufferQueue=0xb4000077c5424700 fn= 1076 caller= android.view.SurfaceView.applyOrMergeTransaction:1455 android.view.SurfaceView.-$$Nest$mapplyOrMergeTransaction:0 android.view.SurfaceView$SurfaceViewPositionUpdateListener.positionChanged:1537 
04-05 12:04:03.294 30040 30131 I ViewRootImpl@96a8cf7[MainActivity]: mWNT: t=0xb4000077a04cdf00 mBlastBufferQueue=0xb4000077c5424700 fn= 1076 caller= android.view.ViewRootImpl.lambda$applyTransactionOnDraw$11$android-view-ViewRootImpl:12865 android.view.ViewRootImpl$$ExternalSyntheticLambda1.onFrameDraw:4 android.graphics.HardwareRenderer$FrameDrawingCallback.onFrameDraw:924 
