04-13 16:06:51.527 31486 31486 D InsetsController: onStateChanged: InsetsState: {mDisplayFrame=Rect(0, 0 - 720, 1600), mDisplayCutout=DisplayCutout{insets=Rect(0, 58 - 0, 0) waterfall=Insets{left=0, top=0, right=0, bottom=0} boundingRect={Bounds=[Rect(0, 0 - 0, 0), Rect(298, 0 - 422, 58), Rect(0, 0 - 0, 0), Rect(0, 0 - 0, 0)]} cutoutPathParserInfo={CutoutPathParserInfo{displayWidth=720 displayHeight=1600 physicalDisplayWidth=720 physicalDisplayHeight=1600 density={1.875} cutoutSpec={M62.05,0l-2.7,0l-2.7,0l-1.4,0.1L53.95,0.2l-1.3,0.2l-1.3,0.2L49.95,0.9l-1.3,0.4l-1.3,0.5l-1.2,0.6L44.95,3 l-1.1,0.7l-1,0.8l-1,0.9l-0.9,1l-0.8,1l-0.7,1.1l-0.7,1.2l-0.6,1.2l-0.5,1.3l-0.4,1.3l-0.4,1.3l-0.5,2.3l-0.4,2.3l-0.4,2.3L34.95,23.9 l-0.6,2.3l-0.7,2.2l-0.4,1.1L32.95,30.6l-0.5,1.1L31.95,32.7c-3.5,7.2-9.3,13.1-16.6,16.6c-17.7,8.5-38.9,1.1-47.4-16.6l-0.5-1.1 l-0.5-1.1l-0.4-1.1l-0.4-1.1l-0.7-2.2l-0.6-2.3l-0.5-2.3l-0.4-2.3l-0.4-2.3l-0.5-2.3l-0.4-1.3l-0.4-1.3L-38.15,11l-0.6-1.2l-0.7-1.2 L-40.05,7.5l-0.8-1l-0.9-1l-1-0.9l-1-0.8L-44.95,3l-1.2-0.6l-1.2-0.6l-1.3-0.5l-1.3-0.4l-1.3-0.3L-52.55,0.4L-53.95,0.2L-55.25,0.1L-56.65,0L-59.35,0 L-62.05,0Z} rotation={0} scale={1.0} physicalPixelDisplaySizeRatio={1.0}}}}, mRoundedCorners=RoundedCorners{[RoundedCorner{position=TopLeft, radius=60, center=Point(60, 60)}, RoundedCorner{position=TopRight, radius=60, center=Point(660, 60)}, RoundedCorner{position=BottomRight, radius=60, center=Point(660, 1540)}, RoundedCorner{position=BottomLeft, radius=60, center=Point(60, 1540)}]}  mRoundedCornerFrame=Rect(0, 0 - 720, 1600), mPrivacyIndicatorBounds=PrivacyIndicatorBounds {static bounds=Rect(637, 0 - 720, 58) rotation=0}, mSources= { InsetsSource: {mType=ITYPE_STATUS_BAR, mFrame=[0,0][720,58], mVisible=true, mInsetsRoundedCornerFrame=false}, InsetsSource: {mType=ITYPE_NAVIGATION_BAR, mFrame=[0,1510][720,1600], mVisible=true, mInsetsRoundedCornerFrame=false}, InsetsSource: {mType=ITYPE_LEFT_GESTURES, mFrame=[0,0][0,1600], mVisible=true, mInsetsRoundedCornerFrame=false}, InsetsSource: {mType=ITYPE_RIGHT_GESTURES, mFrame=[720,0][720,1600], mVisible=true, mInsetsRoundedCornerFrame=false}, InsetsSource: {mType=ITYPE_TOP_MANDATORY_GESTURES, mFrame=[0,0][720,81], mVisible=true, mInsetsRoundedCornerFrame=false}, InsetsSource: {mType=ITYPE_BOTTOM_MANDATORY_GESTURES, mFrame=[0,1510][720,1600], mVisible=true, mInsetsRoundedCornerFrame=false}, InsetsSource: {mType=ITYPE_LEFT_DISPLAY_CUTOUT, mFrame=[0,0][-100000,1600], mVisible=true, mInsetsRoundedCornerFrame=false}, InsetsSource: {mType=ITYPE_TOP_DISPLAY_CUTOUT, mFrame=[0,0][720,58], mVisible=true, mInsetsRoundedCornerFrame=false}, InsetsSource: {mType=ITYPE_RIGHT_DISPLAY_CUTOUT, mFrame=[100000,0][720,1600], mVisible=true, mInsetsRoundedCornerFrame=false}, InsetsSource: {mType=ITYPE_BOTTOM_DISPLAY_CUTOUT, mFrame=[0,100000][720,1600], mVisible=true, mInsetsRoundedCornerFrame=false}, InsetsSource: {mType=ITYPE_TOP_TAPPABLE_ELEMENT, mFrame=[0,0][720,58], mVisible=true, mInsetsRoundedCornerFrame=false}, InsetsSource: {mType=ITYPE_BOTTOM_TAPPABLE_ELEMENT, mFrame=[0,1510][720,1600], mVisible=true, mInsetsRoundedCornerFrame=false} } host=com.lagradost.cloudstream3/com.lagradost.cloudstream3.MainActivity from=android.view.ViewRootImpl$ViewRootHandler.handleMessageImpl:6740
04-13 16:06:51.552 31486 31486 I ViewRootImpl@a2f93a6[MainActivity]: MSG_WINDOW_FOCUS_CHANGED 1 0
04-13 16:06:51.552 31486 31486 I ViewRootImpl@a2f93a6[MainActivity]: mThreadedRenderer.initializeIfNeeded()#2 mSurface={isValid=true 0xb4000077c35ca800}
04-13 16:06:51.556 31486 31486 D InputMethodManager: startInputInner - Id : 0
04-13 16:06:51.556 31486 31486 I InputMethodManager: startInputInner - mService.startInputOrWindowGainedFocus
04-13 16:06:53.183 31486 31491 I st.cloudstream3: Background young concurrent copying GC freed 16MB AllocSpace bytes, 51(3640KB) LOS objects, 19% free, 59MB/73MB, paused 501us,86us total 335.362ms
04-13 16:06:53.183 31486 31491 W st.cloudstream3: Reducing the number of considered missed Gc histogram windows from 391 to 100
04-13 16:06:53.189 31486 31507 D OpenGLRenderer: setSurface called with nullptr
04-13 16:06:53.191 31486 31507 D OpenGLRenderer: setSurface called with nullptr
04-13 16:06:53.193 31486 31492 D InputTransport: Input channel destroyed: 'ClientS', fd=530
04-13 16:06:53.193 31486 31492 D InputTransport: Input channel destroyed: 'ClientS', fd=535
04-13 16:06:53.204 31486 31507 D OpenGLRenderer: setSurface called with nullptr
04-13 16:06:53.204 31486 31507 D OpenGLRenderer: setSurface called with nullptr
04-13 16:06:53.205 31486 31507 D OpenGLRenderer: setSurface called with nullptr
04-13 16:06:53.206 31486 31507 D OpenGLRenderer: setSurface called with nullptr
04-13 16:06:53.207 31486 31507 D OpenGLRenderer: setSurface called with nullptr
04-13 16:06:53.208 31486 31493 W System  : A resource failed to call ZipFile.close. 
04-13 16:06:53.208 31486 31493 W System  : A resource failed to call ZipFile.close. 
04-13 16:06:53.208 31486 31493 W System  : A resource failed to call ZipFile.close. 
04-13 16:06:53.208 31486 31493 W System  : A resource failed to call ZipFile.close. 
04-13 16:06:53.208 31486 31493 W System  : A resource failed to call ZipFile.close. 
04-13 16:06:53.209 31486 31493 W System  : A resource failed to call ZipFile.close. 
04-13 16:06:53.209 31486 31493 W System  : A resource failed to call ZipFile.close. 
04-13 16:06:53.209 31486 31493 W System  : A resource failed to call ZipFile.close. 
04-13 16:06:53.209 31486 31493 W System  : A resource failed to call ZipFile.close. 
04-13 16:06:53.209 31486 31493 W System  : A resource failed to call ZipFile.close. 
04-13 16:06:53.209 31486 31493 W System  : A resource failed to call ZipFile.close. 
04-13 16:06:53.209 31486 31493 W System  : A resource failed to call ZipFile.close. 
04-13 16:06:53.209 31486 31493 W System  : A resource failed to call ZipFile.close. 
04-13 16:06:53.209 31486 31493 W System  : A resource failed to call ZipFile.close. 
04-13 16:06:53.209 31486 31493 W System  : A resource failed to call ZipFile.close. 
04-13 16:06:53.209 31486 31493 W System  : A resource failed to call ZipFile.close. 
04-13 16:06:53.209 31486 31493 W System  : A resource failed to call ZipFile.close. 
04-13 16:06:53.209 31486 31493 W System  : A resource failed to call ZipFile.close. 
04-13 16:06:53.209 31486 31493 W System  : A resource failed to call ZipFile.close. 
04-13 16:06:53.209 31486 31493 W System  : A resource failed to call ZipFile.close. 
04-13 16:06:53.209 31486 31493 W System  : A resource failed to call ZipFile.close. 
04-13 16:06:53.209 31486 31493 W System  : A resource failed to call ZipFile.close. 
04-13 16:06:53.209 31486 31493 W System  : A resource failed to call ZipFile.close. 
04-13 16:06:53.209 31486 31493 W System  : A resource failed to call ZipFile.close. 
04-13 16:06:53.210 31486 31493 W System  : A resource failed to call ZipFile.close. 
04-13 16:06:53.210 31486 31493 W System  : A resource failed to call ZipFile.close. 
04-13 16:06:53.210 31486 31493 W System  : A resource failed to call ZipFile.close. 
04-13 16:06:53.210 31486 31493 W System  : A resource failed to call ZipFile.close. 
04-13 16:06:53.210 31486 31493 W System  : A resource failed to call ZipFile.close. 
04-13 16:06:53.210 31486 31493 W System  : A resource failed to call ZipFile.close. 
04-13 16:06:53.210 31486 31493 W System  : A resource failed to call ZipFile.close. 
04-13 16:06:53.210 31486 31493 W System  : A resource failed to call ZipFile.close. 
04-13 16:06:53.220 31486 31493 W System  : A resource failed to call close. 
04-13 16:06:53.220 31486 31493 W System  : A resource failed to call close. 
04-13 16:06:53.220 31486 31493 W System  : A resource failed to call close. 
04-13 16:06:53.220 31486 31493 W System  : A resource failed to call close. 
04-13 16:06:53.220 31486 31493 W System  : A resource failed to call close. 
04-13 16:06:53.220 31486 31493 W System  : A resource failed to call close. 
04-13 16:06:53.220 31486 31493 W System  : A resource failed to call close. 
04-13 16:06:53.221 31486 31493 W System  : A resource failed to call close. 
04-13 16:06:53.221 31486 31493 W System  : A resource failed to call close. 
04-13 16:06:53.221 31486 31493 W System  : A resource failed to call close. 
04-13 16:06:53.221 31486 31493 W System  : A resource failed to call close. 
04-13 16:06:53.221 31486 31493 W System  : A resource failed to call close. 
04-13 16:06:53.221 31486 31493 W System  : A resource failed to call close. 
04-13 16:06:53.221 31486 31493 W System  : A resource failed to call close. 
04-13 16:06:53.221 31486 31493 W System  : A resource failed to call close. 
04-13 16:06:53.221 31486 31493 W System  : A resource failed to call close. 
04-13 16:06:53.226 31486 31493 W System  : A resource failed to call close. 
04-13 16:06:53.227 31486 31493 W System  : A resource failed to call close. 
04-13 16:06:53.227 31486 31493 W System  : A resource failed to call close. 
04-13 16:06:53.228 31486 31493 W System  : A resource failed to call close. 
04-13 16:06:53.229 31486 31493 W System  : A resource failed to call close. 
04-13 16:06:53.229 31486 31493 W System  : A resource failed to call close. 
04-13 16:06:53.229 31486 31493 W System  : A resource failed to call close. 
04-13 16:06:53.229 31486 31493 W System  : A resource failed to call close. 
04-13 16:06:53.229 31486 31493 W System  : A resource failed to call close. 
04-13 16:06:53.230 31486 31493 W System  : A resource failed to call close. 
04-13 16:06:53.231 31486 31493 W System  : A resource failed to call close. 
04-13 16:06:53.231 31486 31493 W System  : A resource failed to call close. 
04-13 16:06:53.231 31486 31493 W System  : A resource failed to call close. 
04-13 16:06:53.231 31486 31493 W System  : A resource failed to call close. 
04-13 16:06:53.231 31486 31493 W System  : A resource failed to call close. 
04-13 16:06:53.231 31486 31493 W System  : A resource failed to call close. 
04-13 16:06:53.236 31486 31493 W System  : A resource failed to call close. 
04-13 16:06:53.237 31486 31493 W System  : A resource failed to call close. 
04-13 16:06:53.238 31486 31493 W System  : A resource failed to call close. 
04-13 16:06:53.239 31486 31493 W System  : A resource failed to call close. 
04-13 16:06:53.239 31486 31493 W System  : A resource failed to call close. 
04-13 16:06:53.239 31486 31493 W System  : A resource failed to call close. 
04-13 16:06:53.240 31486 31493 W System  : A resource failed to call close. 
04-13 16:06:53.241 31486 31493 W System  : A resource failed to call close. 
04-13 16:06:53.241 31486 31493 W System  : A resource failed to call close. 
04-13 16:06:53.242 31486 31493 W System  : A resource failed to call close. 
04-13 16:06:53.242 31486 31493 W System  : A resource failed to call close. 
04-13 16:06:53.242 31486 31493 W System  : A resource failed to call close. 
04-13 16:06:53.242 31486 31493 W System  : A resource failed to call close. 
04-13 16:06:53.242 31486 31493 W System  : A resource failed to call close. 
04-13 16:06:53.242 31486 31493 W System  : A resource failed to call close. 
04-13 16:06:54.128 31486 31491 I st.cloudstream3: Background concurrent copying GC freed 12MB AllocSpace bytes, 66(4584KB) LOS objects, 32% free, 49MB/73MB, paused 177us,78us total 468.504ms
04-13 16:06:54.157 31486 31493 W System  : A resource failed to call ZipFile.close. 
04-13 16:06:54.158 31486 31493 W System  : A resource failed to call ZipFile.close. 
04-13 16:06:54.159 31486 31493 W System  : A resource failed to call ZipFile.close. 
04-13 16:06:54.159 31486 31493 W System  : A resource failed to call ZipFile.close. 
04-13 16:06:54.159 31486 31493 W System  : A resource failed to call ZipFile.close. 
04-13 16:06:54.159 31486 31493 W System  : A resource failed to call ZipFile.close. 
04-13 16:06:54.160 31486 31493 W System  : A resource failed to call ZipFile.close. 
04-13 16:06:54.160 31486 31493 W System  : A resource failed to call ZipFile.close. 
04-13 16:06:54.160 31486 31493 W System  : A resource failed to call ZipFile.close. 
04-13 16:06:54.161 31486 31493 W System  : A resource failed to call ZipFile.close. 
04-13 16:06:54.161 31486 31493 W System  : A resource failed to call ZipFile.close. 
04-13 16:06:54.161 31486 31493 W System  : A resource failed to call ZipFile.close. 
04-13 16:06:56.067 31486 31578 E OpenGLRenderer: Device claims wide gamut support, cannot find matching config, error = EGL_SUCCESS
04-13 16:06:56.067 31486 31578 W OpenGLRenderer: Failed to initialize 101010-2 format, error = EGL_SUCCESS
04-13 16:06:56.529 31486 31486 I ViewRootImpl@a2f93a6[MainActivity]: ViewPostIme pointer 0
04-13 16:06:56.600 31486 31486 I ViewRootImpl@a2f93a6[MainActivity]: ViewPostIme pointer 1
04-13 16:06:56.946 31486 31486 I ViewRootImpl@a2f93a6[MainActivity]: ViewPostIme pointer 0
04-13 16:06:57.356 31486 31486 I ViewRootImpl@a2f93a6[MainActivity]: ViewPostIme pointer 1
04-13 16:06:58.164 31486 31486 I ViewRootImpl@a2f93a6[MainActivity]: ViewPostIme pointer 0
04-13 16:06:58.309 31486 31486 I ViewRootImpl@a2f93a6[MainActivity]: ViewPostIme pointer 1
04-13 16:06:58.483 31486 31486 I ViewRootImpl@a2f93a6[MainActivity]: ViewPostIme pointer 0
04-13 16:06:58.789 31486 31486 I ViewRootImpl@a2f93a6[MainActivity]: ViewPostIme pointer 1
04-13 16:06:59.218 31486 31486 I ViewRootImpl@a2f93a6[MainActivity]: ViewPostIme pointer 0
04-13 16:06:59.277 31486 31486 I ViewRootImpl@a2f93a6[MainActivity]: ViewPostIme pointer 1
04-13 16:06:59.536 31486 31486 I ViewRootImpl@a2f93a6[MainActivity]: ViewPostIme pointer 0
04-13 16:07:00.555 31486 31486 I ViewRootImpl@a2f93a6[MainActivity]: ViewPostIme pointer 1
04-13 16:07:01.052 31486 31486 I ViewRootImpl@a2f93a6[MainActivity]: ViewPostIme pointer 0
04-13 16:07:01.143 31486 31486 I ViewRootImpl@a2f93a6[MainActivity]: ViewPostIme pointer 1
04-13 16:07:01.376 31486 31486 I ViewRootImpl@a2f93a6[MainActivity]: ViewPostIme pointer 0
04-13 16:07:01.451 31486 31486 I ViewRootImpl@a2f93a6[MainActivity]: ViewPostIme pointer 1
04-13 16:07:01.641 31486 31486 I ViewRootImpl@a2f93a6[MainActivity]: ViewPostIme pointer 0
04-13 16:07:01.691 31486 31486 I ViewRootImpl@a2f93a6[MainActivity]: ViewPostIme pointer 1
04-13 16:07:01.979 31486 31486 I ViewRootImpl@a2f93a6[MainActivity]: ViewPostIme pointer 0
04-13 16:07:02.011 31486 31486 I ViewRootImpl@a2f93a6[MainActivity]: ViewPostIme pointer 1
04-13 16:07:02.988 31486 31486 I ViewRootImpl@a2f93a6[MainActivity]: ViewPostIme pointer 0
04-13 16:07:03.317 31486 31486 I ViewRootImpl@a2f93a6[MainActivity]: ViewPostIme pointer 1
04-13 16:07:03.763 31486 31486 I ViewRootImpl@a2f93a6[MainActivity]: ViewPostIme pointer 0
04-13 16:07:04.039 31486 31486 I ViewRootImpl@a2f93a6[MainActivity]: ViewPostIme pointer 1
04-13 16:07:04.254 31486 31486 I ViewRootImpl@a2f93a6[MainActivity]: ViewPostIme pointer 0
04-13 16:07:04.345 31486 31486 I ViewRootImpl@a2f93a6[MainActivity]: ViewPostIme pointer 1
04-13 16:07:04.783 31486 31486 I ViewRootImpl@a2f93a6[MainActivity]: ViewPostIme pointer 0
04-13 16:07:05.075 31486 31486 I ViewRootImpl@a2f93a6[MainActivity]: ViewPostIme pointer 1
04-13 16:07:05.705 31486 31486 I ViewRootImpl@a2f93a6[MainActivity]: ViewPostIme pointer 0
04-13 16:07:05.798 31486 31486 I ViewRootImpl@a2f93a6[MainActivity]: ViewPostIme pointer 1
04-13 16:07:06.151 31486 31486 I ViewRootImpl@a2f93a6[MainActivity]: ViewPostIme pointer 0
04-13 16:07:06.258 31486 31486 I ViewRootImpl@a2f93a6[MainActivity]: ViewPostIme pointer 1
04-13 16:07:06.657 31486 31486 I ViewRootImpl@a2f93a6[MainActivity]: ViewPostIme pointer 0
04-13 16:07:06.740 31486 31486 I ViewRootImpl@a2f93a6[MainActivity]: ViewPostIme pointer 1
04-13 16:07:07.038 31486 31486 I ViewRootImpl@a2f93a6[MainActivity]: ViewPostIme pointer 0
04-13 16:07:07.146 31486 31486 I ViewRootImpl@a2f93a6[MainActivity]: ViewPostIme pointer 1
04-13 16:07:07.486 31486 31486 I ViewRootImpl@a2f93a6[MainActivity]: ViewPostIme pointer 0
04-13 16:07:08.053 31486 31486 I ViewRootImpl@a2f93a6[MainActivity]: ViewPostIme pointer 1
04-13 16:07:08.292 31486 31486 I ViewRootImpl@a2f93a6[MainActivity]: ViewPostIme pointer 0
04-13 16:07:08.334 31486 31486 I ViewRootImpl@a2f93a6[MainActivity]: ViewPostIme pointer 1
04-13 16:07:08.638 31486 31486 I ViewRootImpl@a2f93a6[MainActivity]: ViewPostIme pointer 0
04-13 16:07:08.679 31486 31486 I ViewRootImpl@a2f93a6[MainActivity]: ViewPostIme pointer 1
04-13 16:07:08.685 31486 31486 I NavComponent: Navigating to fragment: 2131362305
04-13 16:07:08.687 31486 31486 I IMM_LC  : hsifw() - flag : 0
04-13 16:07:08.687 31486 31486 I IMM_LC  : hsifw() - mService.hideSoftInput
04-13 16:07:08.715 31486 31486 D ScrollView: initGoToTop
04-13 16:07:08.997 31486 31486 W Resources: Drawable com.lagradost.cloudstream3:drawable/go_forward_30 has unresolved theme attributes! Consider using Resources.getDrawable(int, Theme) or Context.getDrawable(int).
04-13 16:07:08.997 31486 31486 W Resources: java.lang.RuntimeException
04-13 16:07:08.997 31486 31486 W Resources: 	at android.content.res.Resources.getDrawable(Resources.java:967)
04-13 16:07:08.997 31486 31486 W Resources: 	at com.google.android.gms.cast.framework.media.widget.zzq.zzd(com.google.android.gms:play-services-cast-framework@@22.1.0:2)
04-13 16:07:08.997 31486 31486 W Resources: 	at com.google.android.gms.cast.framework.media.widget.zzq.zzc(com.google.android.gms:play-services-cast-framework@@22.1.0:1)
04-13 16:07:08.997 31486 31486 W Resources: 	at com.google.android.gms.cast.framework.media.widget.MiniControllerFragment.zza(com.google.android.gms:play-services-cast-framework@@22.1.0:41)
04-13 16:07:08.997 31486 31486 W Resources: 	at com.google.android.gms.cast.framework.media.widget.MiniControllerFragment.onCreateView(com.google.android.gms:play-services-cast-framework@@22.1.0:30)
04-13 16:07:08.997 31486 31486 W Resources: 	at androidx.fragment.app.Fragment.performCreateView(Fragment.java:3119)
04-13 16:07:08.997 31486 31486 W Resources: 	at androidx.fragment.app.FragmentStateManager.ensureInflatedView(FragmentStateManager.java:418)
04-13 16:07:08.997 31486 31486 W Resources: 	at androidx.fragment.app.FragmentStateManager.moveToExpectedState(FragmentStateManager.java:285)
04-13 16:07:08.997 31486 31486 W Resources: 	at androidx.fragment.app.FragmentLayoutInflaterFactory.onCreateView(FragmentLayoutInflaterFactory.java:142)
04-13 16:07:08.997 31486 31486 W Resources: 	at android.view.LayoutInflater$FactoryMerger.onCreateView(LayoutInflater.java:247)
04-13 16:07:08.997 31486 31486 W Resources: 	at android.view.LayoutInflater.tryCreateView(LayoutInflater.java:1083)
04-13 16:07:08.997 31486 31486 W Resources: 	at android.view.LayoutInflater.createViewFromTag(LayoutInflater.java:1019)
04-13 16:07:08.997 31486 31486 W Resources: 	at android.view.LayoutInflater.createViewFromTag(LayoutInflater.java:983)
04-13 16:07:08.997 31486 31486 W Resources: 	at android.view.LayoutInflater.rInflate(LayoutInflater.java:1145)
04-13 16:07:08.997 31486 31486 W Resources: 	at android.view.LayoutInflater.rInflateChildren(LayoutInflater.java:1106)
04-13 16:07:08.997 31486 31486 W Resources: 	at android.view.LayoutInflater.rInflate(LayoutInflater.java:1148)
04-13 16:07:08.997 31486 31486 W Resources: 	at android.view.LayoutInflater.rInflateChildren(LayoutInflater.java:1106)
04-13 16:07:08.997 31486 31486 W Resources: 	at android.view.LayoutInflater.rInflate(LayoutInflater.java:1148)
04-13 16:07:08.997 31486 31486 W Resources: 	at android.view.LayoutInflater.rInflateChildren(LayoutInflater.java:1106)
04-13 16:07:08.997 31486 31486 W Resources: 	at android.view.LayoutInflater.inflate(LayoutInflater.java:692)
04-13 16:07:08.997 31486 31486 W Resources: 	at android.view.LayoutInflater.inflate(LayoutInflater.java:544)
04-13 16:07:08.997 31486 31486 W Resources: 	at com.lagradost.cloudstream3.ui.player.AbstractPlayerFragment.onCreateView(AbstractPlayerFragment.kt:746)
04-13 16:07:08.997 31486 31486 W Resources: 	at com.lagradost.cloudstream3.ui.player.FullScreenPlayer.onCreateView(FullScreenPlayer.kt:218)
04-13 16:07:08.997 31486 31486 W Resources: 	at com.lagradost.cloudstream3.ui.result.ResultFragmentPhone.onCreateView(ResultFragmentPhone.kt:129)
04-13 16:07:08.997 31486 31486 W Resources: 	at androidx.fragment.app.Fragment.performCreateView(Fragment.java:3119)
04-13 16:07:08.997 31486 31486 W Resources: 	at androidx.fragment.app.FragmentStateManager.createView(FragmentStateManager.java:577)
04-13 16:07:08.997 31486 31486 W Resources: 	at androidx.fragment.app.FragmentStateManager.moveToExpectedState(FragmentStateManager.java:286)
04-13 16:07:08.997 31486 31486 W Resources: 	at androidx.fragment.app.FragmentManager.executeOpsTogether(FragmentManager.java:2214)
04-13 16:07:08.997 31486 31486 W Resources: 	at androidx.fragment.app.FragmentManager.removeRedundantOperationsAndExecute(FragmentManager.java:2115)
04-13 16:07:08.997 31486 31486 W Resources: 	at androidx.fragment.app.FragmentManager.execPendingActions(FragmentManager.java:2052)
04-13 16:07:08.997 31486 31486 W Resources: 	at androidx.fragment.app.FragmentManager$5.run(FragmentManager.java:703)
04-13 16:07:08.997 31486 31486 W Resources: 	at android.os.Handler.handleCallback(Handler.java:942)
04-13 16:07:08.997 31486 31486 W Resources: 	at android.os.Handler.dispatchMessage(Handler.java:99)
04-13 16:07:08.997 31486 31486 W Resources: 	at android.os.Looper.loopOnce(Looper.java:226)
04-13 16:07:08.997 31486 31486 W Resources: 	at android.os.Looper.loop(Looper.java:313)
04-13 16:07:08.997 31486 31486 W Resources: 	at android.app.ActivityThread.main(ActivityThread.java:8762)
04-13 16:07:08.997 31486 31486 W Resources: 	at java.lang.reflect.Method.invoke(Native Method)
04-13 16:07:08.997 31486 31486 W Resources: 	at com.android.internal.os.RuntimeInit$MethodAndArgsCaller.run(RuntimeInit.java:604)
04-13 16:07:08.997 31486 31486 W Resources: 	at com.android.internal.os.ZygoteInit.main(ZygoteInit.java:1067)
04-13 16:07:09.003 31486 31486 I SurfaceView@73c0aa1: onWindowVisibilityChanged(0) true android.view.SurfaceView{73c0aa1 V.E..V... ......I. 0,0-0,0} of ViewRootImpl@a2f93a6[MainActivity]
04-13 16:07:09.003 31486 31486 D SurfaceView@73c0aa1: updateSurface: has no frame
04-13 16:07:09.010 31486 31486 I CS3ExoPlayer: SET STYLE = SaveCaptionStyle(foregroundColor=-1, backgroundColor=0, windowColor=0, edgeType=1, edgeColor=-16777216, typeface=2131296262, typefaceFilePath=null, elevation=40, fixedTextSize=14.0, edgeSize=null, removeCaptions=false, removeBloat=true, upperCase=false, bold=false, italic=false, backgroundRadius=null, alignment=null)
04-13 16:07:09.020 31486 31486 I IMM_LC  : hsifw() - flag : 0
04-13 16:07:09.020 31486 31486 I IMM_LC  : hsifw() - mService.hideSoftInput
04-13 16:07:09.022 31486 11460 I SYNCVM  : addFromUrl = https://funmovieslix.com/tron-ares-2025/
04-13 16:07:09.023 31486 11460 I SYNCUTIL: getIdsFromUrl https://funmovieslix.com/tron-ares-2025/
04-13 16:07:09.033 31486 31486 I SurfaceView@73c0aa1: onWindowVisibilityChanged(8) false android.view.SurfaceView{73c0aa1 V.E..V... ......I. 0,0-0,0} of ViewRootImpl@a2f93a6[MainActivity]
04-13 16:07:09.033 31486 31486 D SurfaceView@73c0aa1: updateSurface: has no frame
04-13 16:07:09.033 31486 31486 D SurfaceView@73c0aa1: updateSurface: has no frame
04-13 16:07:09.033 31486 31486 I SurfaceView@73c0aa1: onDetachedFromWindow: tryReleaseSurfaces()
04-13 16:07:09.033 31486 31486 I SurfaceView@73c0aa1: releaseSurfaces: viewRoot = ViewRootImpl@a2f93a6[MainActivity]
04-13 16:07:09.033 31486 31486 I SurfaceView@73c0aa1: applyTransactionOnVriDraw: vri = ViewRootImpl@a2f93a6[MainActivity] fRS = true t = 0xb40000777f1c7a00 android.view.SurfaceView.releaseSurfaces:858 android.view.SurfaceView.onDetachedFromWindow:500 android.view.View.dispatchDetachedFromWindow:22538 
04-13 16:07:09.033 31486 31486 I SurfaceView@73c0aa1: applyTransactionOnVriDraw: viewRoot.applyTransactionOnDrawFromReleaseSurfaces
04-13 16:07:09.033 31486 31486 I ViewRootImpl@a2f93a6[MainActivity]: applyTransactionOnDraw: mRemoved = false isHardwareEnabled = true t = 0xb40000777f1c7a00android.view.ViewRootImpl.applyTransactionOnDrawFromReleaseSurfaces:12850 android.view.SurfaceView.applyTransactionOnVriDraw:2046 android.view.SurfaceView.releaseSurfaces:858 android.view.SurfaceView.onDetachedFromWindow:500 android.view.View.dispatchDetachedFromWindow:22538 
04-13 16:07:09.035 31486 31486 I SurfaceView@73c0aa1: onWindowVisibilityChanged(0) true android.view.SurfaceView{73c0aa1 V.E..V... ......I. 0,0-0,0} of ViewRootImpl@a2f93a6[MainActivity]
04-13 16:07:09.035 31486 31486 D SurfaceView@73c0aa1: updateSurface: has no frame
04-13 16:07:09.037 31486 31486 I DecorView: notifyKeepScreenOnChanged: keepScreenOn=false
04-13 16:07:09.043 31486 31486 I CS3ExoPlayer: reloadPlayer
04-13 16:07:09.043 31486 31486 I CS3ExoPlayer: releasePlayer
04-13 16:07:09.044 31486 31486 I CS3ExoPlayer: Handle event: PlayerAttachedEvent(player=null, source=Player)
04-13 16:07:09.048 31486 31486 I ViewRootImpl@a2f93a6[MainActivity]: performTraversals params={(0,0)(fillxfill) sim={state=always_hidden adjust=resize} ty=BASE_APPLICATION wanim=0x1030309
04-13 16:07:09.048 31486 31486 I ViewRootImpl@a2f93a6[MainActivity]:   fl=85810100
04-13 16:07:09.048 31486 31486 I ViewRootImpl@a2f93a6[MainActivity]:   pfl=12020040
04-13 16:07:09.048 31486 31486 I ViewRootImpl@a2f93a6[MainActivity]:   vsysui=1500
04-13 16:07:09.048 31486 31486 I ViewRootImpl@a2f93a6[MainActivity]:   bhv=SHOW_TRANSIENT_BARS_BY_SWIPE
04-13 16:07:09.048 31486 31486 I ViewRootImpl@a2f93a6[MainActivity]:   fitSides= naviIconColor=0}
04-13 16:07:09.048 31486 31486 I ViewRootImpl@a2f93a6[MainActivity]: performTraversals mFirst=false windowShouldResize=false viewVisibilityChanged=false mForceNextWindowRelayout=false params={(0,0)(fillxfill) sim={state=always_hidden adjust=resize} ty=BASE_APPLICATION fmt=TRANSLUCENT wanim=0x1030309
04-13 16:07:09.048 31486 31486 I ViewRootImpl@a2f93a6[MainActivity]:   fl=85810100
04-13 16:07:09.048 31486 31486 I ViewRootImpl@a2f93a6[MainActivity]:   pfl=12020040
04-13 16:07:09.048 31486 31486 I ViewRootImpl@a2f93a6[MainActivity]:   vsysui=1500
04-13 16:07:09.048 31486 31486 I ViewRootImpl@a2f93a6[MainActivity]:   bhv=SHOW_TRANSIENT_BARS_BY_SWIPE
04-13 16:07:09.048 31486 31486 I ViewRootImpl@a2f93a6[MainActivity]:   fitSides= naviIconColor=0}
04-13 16:07:09.052 31486 31486 I ViewRootImpl@a2f93a6[MainActivity]: updateBlastSurfaceIfNeeded mBlastBufferQueue=0xb40000777f9dde00 isSameSurfaceControl=true
04-13 16:07:09.053 31486 31486 I BLASTBufferQueue: update, w= 720 h= 1600 mName = ViewRootImpl@a2f93a6[MainActivity] mNativeObject= 0xb40000777f9dde00 sc.mNativeObject= 0xb40000777f37b800 format= -3 caller= android.view.ViewRootImpl.updateBlastSurfaceIfNeeded:2898 android.view.ViewRootImpl.relayoutWindow:9847 android.view.ViewRootImpl.performTraversals:3884 android.view.ViewRootImpl.doTraversal:3116 android.view.ViewRootImpl$TraversalRunnable.run:10885 android.view.Choreographer$CallbackRecord.run:1301 
04-13 16:07:09.053 31486 31486 I ViewRootImpl@a2f93a6[MainActivity]: Relayout returned: old=(0,0,720,1600) new=(0,0,720,1600) req=(720,1600)0 dur=4 res=0x0 s={true 0xb4000077c35ca800} ch=false seqId=4
04-13 16:07:09.053 31486 31486 W View    : requestLayout() improperly called by android.widget.FrameLayout{b3fc13b I.E..V... ......I. 0,0-0,0 #7f0a053e app:id/start_panel} during layout: running second layout pass
04-13 16:07:09.054 31486 31486 W View    : requestLayout() improperly called by android.widget.FrameLayout{5a77058 I.E..V... ......ID 720,0-720,1358 #7f0a0184 app:id/end_panel} during layout: running second layout pass
04-13 16:07:09.054 31486 31486 D SurfaceView@73c0aa1: updateSurface: has no frame
04-13 16:07:09.058 31486 31568 I ViewRootImpl@a2f93a6[MainActivity]: mWNT: t=0xb40000777f1c7a00 mBlastBufferQueue=0xb40000777f9dde00 fn= 1011 caller= android.view.ViewRootImpl.lambda$applyTransactionOnDraw$11$android-view-ViewRootImpl:12865 android.view.ViewRootImpl$$ExternalSyntheticLambda1.onFrameDraw:4 android.graphics.HardwareRenderer$FrameDrawingCallback.onFrameDraw:924 
04-13 16:07:09.061 31486 31486 D SurfaceView@73c0aa1: updateSurface: has no frame
04-13 16:07:09.067 31486 31486 D SurfaceView@73c0aa1: updateSurface: has no frame
04-13 16:07:09.079 31486 31486 D SurfaceView@73c0aa1: updateSurface: has no frame
04-13 16:07:09.104 31486 31486 D SurfaceView@73c0aa1: updateSurface: has no frame
04-13 16:07:09.119 31486 31486 D SurfaceView@73c0aa1: updateSurface: has no frame
04-13 16:07:09.129 31486 31486 D SurfaceView@73c0aa1: updateSurface: has no frame
04-13 16:07:09.146 31486 31486 D SurfaceView@73c0aa1: updateSurface: has no frame
04-13 16:07:09.162 31486 31486 D SurfaceView@73c0aa1: updateSurface: has no frame
04-13 16:07:09.179 31486 31486 D SurfaceView@73c0aa1: updateSurface: has no frame
04-13 16:07:09.196 31486 31486 D SurfaceView@73c0aa1: updateSurface: has no frame
04-13 16:07:09.212 31486 31486 D SurfaceView@73c0aa1: updateSurface: has no frame
04-13 16:07:09.229 31486 31486 D SurfaceView@73c0aa1: updateSurface: has no frame
04-13 16:07:09.246 31486 31486 D SurfaceView@73c0aa1: updateSurface: has no frame
04-13 16:07:09.262 31486 31486 D SurfaceView@73c0aa1: updateSurface: has no frame
04-13 16:07:09.279 31486 31486 D SurfaceView@73c0aa1: updateSurface: has no frame
04-13 16:07:09.295 31486 31486 D SurfaceView@73c0aa1: updateSurface: has no frame
04-13 16:07:09.313 31486 31486 D SurfaceView@73c0aa1: updateSurface: has no frame
04-13 16:07:09.329 31486 31486 D SurfaceView@73c0aa1: updateSurface: has no frame
04-13 16:07:09.346 31486 31486 D SurfaceView@73c0aa1: updateSurface: has no frame
04-13 16:07:09.362 31486 31486 D SurfaceView@73c0aa1: updateSurface: has no frame
04-13 16:07:09.379 31486 31486 D SurfaceView@73c0aa1: updateSurface: has no frame
04-13 16:07:09.395 31486 31486 D SurfaceView@73c0aa1: updateSurface: has no frame
04-13 16:07:09.412 31486 31486 D SurfaceView@73c0aa1: updateSurface: has no frame
04-13 16:07:09.428 31486 31486 D SurfaceView@73c0aa1: updateSurface: has no frame
04-13 16:07:09.445 31486 31486 D SurfaceView@73c0aa1: updateSurface: has no frame
04-13 16:07:09.462 31486 31486 D SurfaceView@73c0aa1: updateSurface: has no frame
04-13 16:07:09.478 31486 31486 D SurfaceView@73c0aa1: updateSurface: has no frame
04-13 16:07:09.495 31486 31486 D SurfaceView@73c0aa1: updateSurface: has no frame
04-13 16:07:09.511 31486 31486 D SurfaceView@73c0aa1: updateSurface: has no frame
04-13 16:07:09.528 31486 31486 D SurfaceView@73c0aa1: updateSurface: has no frame
04-13 16:07:09.545 31486 31486 D SurfaceView@73c0aa1: updateSurface: has no frame
04-13 16:07:09.561 31486 31486 D SurfaceView@73c0aa1: updateSurface: has no frame
04-13 16:07:09.578 31486 31486 D SurfaceView@73c0aa1: updateSurface: has no frame
04-13 16:07:09.594 31486 31486 D SurfaceView@73c0aa1: updateSurface: has no frame
04-13 16:07:09.611 31486 31486 D SurfaceView@73c0aa1: updateSurface: has no frame
04-13 16:07:09.628 31486 31486 D SurfaceView@73c0aa1: updateSurface: has no frame
04-13 16:07:09.644 31486 31486 D SurfaceView@73c0aa1: updateSurface: has no frame
04-13 16:07:09.660 31486 31486 D SurfaceView@73c0aa1: updateSurface: has no frame
04-13 16:07:09.677 31486 31486 D SurfaceView@73c0aa1: updateSurface: has no frame
04-13 16:07:09.694 31486 31486 D SurfaceView@73c0aa1: updateSurface: has no frame
04-13 16:07:09.710 31486 31486 D SurfaceView@73c0aa1: updateSurface: has no frame
04-13 16:07:09.727 31486 31486 D SurfaceView@73c0aa1: updateSurface: has no frame
04-13 16:07:09.743 31486 31486 D SurfaceView@73c0aa1: updateSurface: has no frame
04-13 16:07:09.760 31486 31486 D SurfaceView@73c0aa1: updateSurface: has no frame
04-13 16:07:09.777 31486 31486 D SurfaceView@73c0aa1: updateSurface: has no frame
04-13 16:07:09.793 31486 31486 D SurfaceView@73c0aa1: updateSurface: has no frame
04-13 16:07:09.810 31486 31486 D SurfaceView@73c0aa1: updateSurface: has no frame
04-13 16:07:09.827 31486 31486 D SurfaceView@73c0aa1: updateSurface: has no frame
04-13 16:07:09.843 31486 31486 D SurfaceView@73c0aa1: updateSurface: has no frame
04-13 16:07:09.859 31486 31486 D SurfaceView@73c0aa1: updateSurface: has no frame
04-13 16:07:09.876 31486 31486 D SurfaceView@73c0aa1: updateSurface: has no frame
04-13 16:07:09.893 31486 31486 D SurfaceView@73c0aa1: updateSurface: has no frame
04-13 16:07:09.910 31486 31486 D SurfaceView@73c0aa1: updateSurface: has no frame
04-13 16:07:09.926 31486 31486 D SurfaceView@73c0aa1: updateSurface: has no frame
04-13 16:07:09.943 31486 31486 D SurfaceView@73c0aa1: updateSurface: has no frame
04-13 16:07:09.959 31486 31486 D SurfaceView@73c0aa1: updateSurface: has no frame
04-13 16:07:09.975 31486 31486 D SurfaceView@73c0aa1: updateSurface: has no frame
04-13 16:07:09.992 31486 31486 D SurfaceView@73c0aa1: updateSurface: has no frame
04-13 16:07:10.009 31486 31486 D SurfaceView@73c0aa1: updateSurface: has no frame
04-13 16:07:10.026 31486 31486 D SurfaceView@73c0aa1: updateSurface: has no frame
04-13 16:07:10.042 31486 31486 D SurfaceView@73c0aa1: updateSurface: has no frame
04-13 16:07:10.059 31486 31486 D SurfaceView@73c0aa1: updateSurface: has no frame
04-13 16:07:10.075 31486 31486 D SurfaceView@73c0aa1: updateSurface: has no frame
04-13 16:07:10.092 31486 31486 D SurfaceView@73c0aa1: updateSurface: has no frame
04-13 16:07:10.108 31486 31486 D SurfaceView@73c0aa1: updateSurface: has no frame
04-13 16:07:10.125 31486 31486 D SurfaceView@73c0aa1: updateSurface: has no frame
04-13 16:07:10.141 31486 31486 D SurfaceView@73c0aa1: updateSurface: has no frame
04-13 16:07:10.158 31486 31486 D SurfaceView@73c0aa1: updateSurface: has no frame
04-13 16:07:10.175 31486 31486 D SurfaceView@73c0aa1: updateSurface: has no frame
04-13 16:07:10.191 31486 31486 D SurfaceView@73c0aa1: updateSurface: has no frame
04-13 16:07:10.208 31486 31486 D SurfaceView@73c0aa1: updateSurface: has no frame
04-13 16:07:10.225 31486 31486 D SurfaceView@73c0aa1: updateSurface: has no frame
04-13 16:07:10.241 31486 31486 D SurfaceView@73c0aa1: updateSurface: has no frame
04-13 16:07:10.258 31486 31486 D SurfaceView@73c0aa1: updateSurface: has no frame
04-13 16:07:10.274 31486 31486 D SurfaceView@73c0aa1: updateSurface: has no frame
04-13 16:07:10.291 31486 31486 D SurfaceView@73c0aa1: updateSurface: has no frame
04-13 16:07:10.307 31486 31486 D SurfaceView@73c0aa1: updateSurface: has no frame
04-13 16:07:10.324 31486 31486 D SurfaceView@73c0aa1: updateSurface: has no frame
04-13 16:07:10.341 31486 31486 D SurfaceView@73c0aa1: updateSurface: has no frame
04-13 16:07:10.357 31486 31486 D SurfaceView@73c0aa1: updateSurface: has no frame
04-13 16:07:10.374 31486 31486 D SurfaceView@73c0aa1: updateSurface: has no frame
04-13 16:07:10.390 31486 31486 D SurfaceView@73c0aa1: updateSurface: has no frame
04-13 16:07:10.407 31486 31486 D SurfaceView@73c0aa1: updateSurface: has no frame
04-13 16:07:10.423 31486 31486 D SurfaceView@73c0aa1: updateSurface: has no frame
04-13 16:07:10.440 31486 31486 D SurfaceView@73c0aa1: updateSurface: has no frame
04-13 16:07:10.456 31486 31486 D SurfaceView@73c0aa1: updateSurface: has no frame
04-13 16:07:10.473 31486 31486 D SurfaceView@73c0aa1: updateSurface: has no frame
04-13 16:07:10.489 31486 31486 D SurfaceView@73c0aa1: updateSurface: has no frame
04-13 16:07:10.506 31486 31486 D SurfaceView@73c0aa1: updateSurface: has no frame
04-13 16:07:10.523 31486 31486 D SurfaceView@73c0aa1: updateSurface: has no frame
04-13 16:07:10.536 31486 31540 I RVM2    : applyMeta
04-13 16:07:10.540 31486 31486 W PanelsChildGestureRegionObserver: failed to register view with ID 2131362875. already registered
04-13 16:07:10.557 31486 11460 I SYNCVM  : addFromUrl = https://funmovieslix.com/tron-ares-2025/
04-13 16:07:10.557 31486 11460 I SYNCUTIL: getIdsFromUrl https://funmovieslix.com/tron-ares-2025/
04-13 16:07:10.562 31486 31486 D SurfaceView@73c0aa1: updateSurface: has no frame
04-13 16:07:10.563 31486 31486 I SurfaceView@73c0aa1: Changes: creating=true format=true size=true visible=true alpha=false hint=false mUseAlpha=false visible=true left=true top=true
04-13 16:07:10.566 31486 31486 D BufferQueueConsumer: [](id:7afe00000032,api:0,p:-1,c:31486) connect: controlledByApp=false
04-13 16:07:10.567 31486 31486 I BLASTBufferQueue: update, w= 720 h= 375 mName = null mNativeObject= 0xb4000077c33eb880 sc.mNativeObject= 0xb40000777f3a2920 format= 4 caller= android.view.SurfaceView.createBlastSurfaceControls:1383 android.view.SurfaceView.updateSurface:1079 android.view.SurfaceView.lambda$new$0$android-view-SurfaceView:200 android.view.SurfaceView$$ExternalSyntheticLambda5.onPreDraw:2 android.view.ViewTreeObserver.dispatchOnPreDraw:1121 android.view.ViewRootImpl.performTraversals:4442 
04-13 16:07:10.567 31486 31486 I SurfaceView@73c0aa1: 121375393 Cur surface: Surface(name=null)/@0x8e99436
04-13 16:07:10.567 31486 31486 I SurfaceView@73c0aa1: pST: sr = Rect(0, 152 - 720, 527) sw = 720 sh = 375
04-13 16:07:10.568 31486 31486 D SurfaceView@73c0aa1: performSurfaceTransaction RenderWorker position = [0, 152, 720, 527] surfaceSize = 720x375
04-13 16:07:10.568 31486 31486 I SurfaceView@73c0aa1: applyTransactionOnVriDraw: vri = ViewRootImpl@a2f93a6[MainActivity] fRS = false t = 0xb40000777f1c7c00 android.view.SurfaceView.performSurfaceTransaction:959 android.view.SurfaceView.updateSurface:1105 android.view.SurfaceView.lambda$new$0$android-view-SurfaceView:200 
04-13 16:07:10.568 31486 31486 I ViewRootImpl@a2f93a6[MainActivity]: applyTransactionOnDraw: mRemoved = false isHardwareEnabled = true t = 0xb40000777f1c7c00android.view.SurfaceView.applyTransactionOnVriDraw:2048 android.view.SurfaceView.performSurfaceTransaction:959 android.view.SurfaceView.updateSurface:1105 android.view.SurfaceView.lambda$new$0$android-view-SurfaceView:200 android.view.SurfaceView$$ExternalSyntheticLambda5.onPreDraw:2 
04-13 16:07:10.568 31486 31486 I SurfaceView@73c0aa1: updateSurface: mVisible = true mSurface.isValid() = true
04-13 16:07:10.568 31486 31486 I SurfaceView@73c0aa1: updateSurface: mSurfaceCreated = false surfaceChanged = true visibleChanged = true
04-13 16:07:10.568 31486 31486 I SurfaceView@73c0aa1: visibleChanged -- surfaceCreated
04-13 16:07:10.568 31486 31486 I SurfaceView@73c0aa1: surfaceCreated 0 #8 android.view.SurfaceView{73c0aa1 V.E..V... ......ID 0,0-720,375}
04-13 16:07:10.568 31486 31486 I SurfaceView@73c0aa1: surfaceChanged -- format=4 w=720 h=375
04-13 16:07:10.568 31486 31486 I SurfaceView@73c0aa1: surfaceChanged (720,375) 0 #8 android.view.SurfaceView{73c0aa1 V.E..V... ......ID 0,0-720,375}
04-13 16:07:10.568 31486 31486 I SurfaceView@73c0aa1: surfaceRedrawNeeded
04-13 16:07:10.569 31486 31486 V SurfaceView@73c0aa1: Layout: x=0 y=152 w=720 h=375, frame=Rect(0, 0 - 720, 375)
04-13 16:07:10.576 31486 31569 D SurfaceView@73c0aa1: updateSurfacePosition RenderWorker, frameNr = 1101, position = [0, 152, 720, 527] surfaceSize = 720x375
04-13 16:07:10.576 31486 31569 I SurfaceView@73c0aa1: uSP: rtp = Rect(0, 152 - 720, 527) rtsw = 720 rtsh = 375
04-13 16:07:10.576 31486 31569 I SurfaceView@73c0aa1: onSSPAndSRT: pl = 0 pt = 152 sx = 1.0 sy = 1.0
04-13 16:07:10.576 31486 31569 I SurfaceView@73c0aa1: aOrMT: ViewRootImpl@a2f93a6[MainActivity] t = android.view.SurfaceControl$Transaction@b5f9a0d fN = 1101 android.view.SurfaceView.-$$Nest$mapplyOrMergeTransaction:0 android.view.SurfaceView$SurfaceViewPositionUpdateListener.positionChanged:1537 android.graphics.RenderNode$CompositePositionUpdateListener.positionChanged:373 
04-13 16:07:10.577 31486 31569 I ViewRootImpl@a2f93a6[MainActivity]: mWNT: t=0xb40000777f2f2100 mBlastBufferQueue=0xb40000777f9dde00 fn= 1101 caller= android.view.SurfaceView.applyOrMergeTransaction:1455 android.view.SurfaceView.-$$Nest$mapplyOrMergeTransaction:0 android.view.SurfaceView$SurfaceViewPositionUpdateListener.positionChanged:1537 
04-13 16:07:10.577 31486 31569 I ViewRootImpl@a2f93a6[MainActivity]: mWNT: t=0xb40000777f1c7c00 mBlastBufferQueue=0xb40000777f9dde00 fn= 1101 caller= android.view.ViewRootImpl.lambda$applyTransactionOnDraw$11$android-view-ViewRootImpl:12865 android.view.ViewRootImpl$$ExternalSyntheticLambda1.onFrameDraw:4 android.graphics.HardwareRenderer$FrameDrawingCallback.onFrameDraw:924 
04-13 16:07:10.661 31486 31486 I SurfaceView@73c0aa1: finishedDrawing
04-13 16:07:10.945 31486 31578 E OpenGLRenderer: Device claims wide gamut support, cannot find matching config, error = EGL_SUCCESS
04-13 16:07:10.945 31486 31578 W OpenGLRenderer: Failed to initialize 101010-2 format, error = EGL_SUCCESS
04-13 16:07:10.948 31486 11460 D libMEOW : meow new tls: 0xb4000077a95a6400
04-13 16:07:10.949 31486 11460 D libMEOW : applied 2 plugins for [com.lagradost.cloudstream3]:
04-13 16:07:10.949 31486 11460 D libMEOW :   plugin 1: [libMEOW_gift.so]:
04-13 16:07:10.949 31486 11460 D libMEOW :   plugin 2: [libMEOW_semaphore]:
04-13 16:07:10.973 31486  6749 D libMEOW : meow new tls: 0xb4000077a95f8d40
04-13 16:07:10.973 31486  6749 D libMEOW : applied 2 plugins for [com.lagradost.cloudstream3]:
04-13 16:07:10.973 31486  6749 D libMEOW :   plugin 1: [libMEOW_gift.so]:
04-13 16:07:10.973 31486  6749 D libMEOW :   plugin 2: [libMEOW_semaphore]:
04-13 16:07:10.974 31486  6861 D libMEOW : meow new tls: 0xb40000777f6f73c0
04-13 16:07:10.974 31486  6861 D libMEOW : applied 2 plugins for [com.lagradost.cloudstream3]:
04-13 16:07:10.974 31486  6861 D libMEOW :   plugin 1: [libMEOW_gift.so]:
04-13 16:07:10.974 31486  6861 D libMEOW :   plugin 2: [libMEOW_semaphore]:
04-13 16:07:11.239 31486 31486 I ViewRootImpl@a2f93a6[MainActivity]: ViewPostIme pointer 0
04-13 16:07:11.271 31486 31486 I ViewRootImpl@a2f93a6[MainActivity]: ViewPostIme pointer 1
04-13 16:07:11.287 31486 31486 I CS3ExoPlayer: newInstance = {}
04-13 16:07:11.287 31486 31486 I NavComponent: Navigating to fragment: 2131362303
04-13 16:07:11.290 31486 31486 I IMM_LC  : hsifw() - flag : 0
04-13 16:07:11.291 31486 31486 I IMM_LC  : hsifw() - mService.hideSoftInput
04-13 16:07:11.293 31486 31486 I CS3ExoPlayer: onStop
04-13 16:07:11.293 31486 31486 I CS3ExoPlayer: saveData
04-13 16:07:11.293 31486 31486 I CS3ExoPlayer: handleEvent Pause
04-13 16:07:11.294 31486 31486 I CS3ExoPlayer: unwrapBundle = null
04-13 16:07:11.294 31486 31486 I CS3ExoPlayer: unwrapBundle = Bundle[{resumePosition=0, syncData={}}]
04-13 16:07:11.394 31486 31486 I SurfaceView@95ba2f9: onWindowVisibilityChanged(0) true android.view.SurfaceView{95ba2f9 V.E..V... ......I. 0,0-0,0} of ViewRootImpl@a2f93a6[MainActivity]
04-13 16:07:11.394 31486 31486 D SurfaceView@95ba2f9: updateSurface: has no frame
04-13 16:07:11.399 31486 31486 I CS3ExoPlayer: SET STYLE = SaveCaptionStyle(foregroundColor=-1, backgroundColor=0, windowColor=0, edgeType=1, edgeColor=-16777216, typeface=2131296262, typefaceFilePath=null, elevation=40, fixedTextSize=14.0, edgeSize=null, removeCaptions=false, removeBloat=true, upperCase=false, bold=false, italic=false, backgroundRadius=null, alignment=null)
04-13 16:07:11.408 31486 31486 I CS3ExoPlayer: unwrapBundle = null
04-13 16:07:11.408 31486 31486 I CS3ExoPlayer: unwrapBundle = Bundle[{resumePosition=0, syncData={}}]
04-13 16:07:11.408 31486 31486 I PlayViewGen: loadLinks
04-13 16:07:11.408 31486  6861 I SYNCVM  : updateUserData
04-13 16:07:11.411 31486 31486 I CS3ExoPlayer: setActiveSubtitles 0
04-13 16:07:11.411 31486 31486 I CS3ExoPlayer: autoSelectFromSettings = null
04-13 16:07:11.419 31486 31486 D InsetsSourceConsumer: setRequestedVisible: visible=false, type=23, host=com.lagradost.cloudstream3/com.lagradost.cloudstream3.MainActivity, from=android.view.InsetsSourceConsumer.hide:257 android.view.InsetsController.collectSourceControls:1310 android.view.InsetsController.controlAnimationUnchecked:1164 android.view.InsetsController.applyAnimation:1576 android.view.InsetsController.applyAnimation:1557 android.view.InsetsController.hide:1093 android.view.InsetsController.hide:1068 androidx.core.util.HalfKt$$ExternalSyntheticApiModelOutline0.m$1:0 androidx.core.view.WindowInsetsControllerCompat$Impl30.hide:664 androidx.core.view.WindowInsetsControllerCompat.hide:197 
04-13 16:07:11.419 31486 31486 D InsetsSourceConsumer: setRequestedVisible: visible=false, type=22, host=com.lagradost.cloudstream3/com.lagradost.cloudstream3.MainActivity, from=android.view.InsetsSourceConsumer.hide:257 android.view.InsetsController.collectSourceControls:1310 android.view.InsetsController.controlAnimationUnchecked:1164 android.view.InsetsController.applyAnimation:1576 android.view.InsetsController.applyAnimation:1557 android.view.InsetsController.hide:1093 android.view.InsetsController.hide:1068 androidx.core.util.HalfKt$$ExternalSyntheticApiModelOutline0.m$1:0 androidx.core.view.WindowInsetsControllerCompat$Impl30.hide:664 androidx.core.view.WindowInsetsControllerCompat.hide:197 
04-13 16:07:11.419 31486 31486 D InsetsSourceConsumer: setRequestedVisible: visible=false, type=21, host=com.lagradost.cloudstream3/com.lagradost.cloudstream3.MainActivity, from=android.view.InsetsSourceConsumer.hide:257 android.view.InsetsController.collectSourceControls:1310 android.view.InsetsController.controlAnimationUnchecked:1164 android.view.InsetsController.applyAnimation:1576 android.view.InsetsController.applyAnimation:1557 android.view.InsetsController.hide:1093 android.view.InsetsController.hide:1068 androidx.core.util.HalfKt$$ExternalSyntheticApiModelOutline0.m$1:0 androidx.core.view.WindowInsetsControllerCompat$Impl30.hide:664 androidx.core.view.WindowInsetsControllerCompat.hide:197 
04-13 16:07:11.419 31486 31486 D InsetsSourceConsumer: setRequestedVisible: visible=false, type=20, host=com.lagradost.cloudstream3/com.lagradost.cloudstream3.MainActivity, from=android.view.InsetsSourceConsumer.hide:257 android.view.InsetsController.collectSourceControls:1310 android.view.InsetsController.controlAnimationUnchecked:1164 android.view.InsetsController.applyAnimation:1576 android.view.InsetsController.applyAnimation:1557 android.view.InsetsController.hide:1093 android.view.InsetsController.hide:1068 androidx.core.util.HalfKt$$ExternalSyntheticApiModelOutline0.m$1:0 androidx.core.view.WindowInsetsControllerCompat$Impl30.hide:664 androidx.core.view.WindowInsetsControllerCompat.hide:197 
04-13 16:07:11.419 31486 31486 D InsetsSourceConsumer: setRequestedVisible: visible=false, type=2, host=com.lagradost.cloudstream3/com.lagradost.cloudstream3.MainActivity, from=android.view.InsetsSourceConsumer.hide:257 android.view.InsetsController.collectSourceControls:1310 android.view.InsetsController.controlAnimationUnchecked:1164 android.view.InsetsController.applyAnimation:1576 android.view.InsetsController.applyAnimation:1557 android.view.InsetsController.hide:1093 android.view.InsetsController.hide:1068 androidx.core.util.HalfKt$$ExternalSyntheticApiModelOutline0.m$1:0 androidx.core.view.WindowInsetsControllerCompat$Impl30.hide:664 androidx.core.view.WindowInsetsControllerCompat.hide:197 
04-13 16:07:11.420 31486 31486 D InsetsController: controlAnimationUnchecked: Added types=3 animType=1 host=com.lagradost.cloudstream3/com.lagradost.cloudstream3.MainActivity from=android.view.InsetsController.applyAnimation:1576 android.view.InsetsController.applyAnimation:1557 android.view.InsetsController.hide:1093 
04-13 16:07:11.420 31486 31486 D InsetsSourceConsumer: setRequestedVisible: visible=false, type=1, host=com.lagradost.cloudstream3/com.lagradost.cloudstream3.MainActivity, from=android.view.InsetsSourceConsumer.hide:257 android.view.InsetsSourceConsumer.hide:261 android.view.InsetsController.hideDirectly:1593 android.view.InsetsController.controlAnimationUnchecked:1234 android.view.InsetsController.applyAnimation:1576 android.view.InsetsController.applyAnimation:1557 android.view.InsetsController.hide:1093 android.view.InsetsController.hide:1068 androidx.core.util.HalfKt$$ExternalSyntheticApiModelOutline0.m$1:0 androidx.core.view.WindowInsetsControllerCompat$Impl30.hide:664 
04-13 16:07:11.420 31486 31486 D InsetsSourceConsumer: setRequestedVisible: visible=false, type=0, host=com.lagradost.cloudstream3/com.lagradost.cloudstream3.MainActivity, from=android.view.InsetsSourceConsumer.hide:257 android.view.InsetsSourceConsumer.hide:261 android.view.InsetsController.hideDirectly:1593 android.view.InsetsController.controlAnimationUnchecked:1234 android.view.InsetsController.applyAnimation:1576 android.view.InsetsController.applyAnimation:1557 android.view.InsetsController.hide:1093 android.view.InsetsController.hide:1068 androidx.core.util.HalfKt$$ExternalSyntheticApiModelOutline0.m$1:0 androidx.core.view.WindowInsetsControllerCompat$Impl30.hide:664 
04-13 16:07:11.421 31486 31486 I DecorView: notifyKeepScreenOnChanged: keepScreenOn=false
04-13 16:07:11.430 31486 12270 I ViewRootImpl@a2f93a6[MainActivity]: Resizing android.view.ViewRootImpl@299edf5: frame = [0,58][720,1600] reportDraw = true forceLayout = true syncSeqId = 5
04-13 16:07:11.581 31486 31495 I ViewRootImpl@a2f93a6[MainActivity]: Resizing android.view.ViewRootImpl@299edf5: frame = [58,0][1600,720] reportDraw = true forceLayout = true syncSeqId = 5
04-13 16:07:11.584 31486 31486 I CS3ExoPlayer: reloadPlayer
04-13 16:07:11.584 31486 31486 I CS3ExoPlayer: releasePlayer
04-13 16:07:11.584 31486 31486 I CS3ExoPlayer: Handle event: PlayerAttachedEvent(player=null, source=Player)
04-13 16:07:11.591 31486 31486 I ViewRootImpl@a2f93a6[MainActivity]: performTraversals params={(0,0)(fillxfill) sim={state=always_hidden adjust=resize} layoutInDisplayCutoutMode=shortEdges ty=BASE_APPLICATION wanim=0x1030309
04-13 16:07:11.591 31486 31486 I ViewRootImpl@a2f93a6[MainActivity]:   fl=85810100
04-13 16:07:11.591 31486 31486 I ViewRootImpl@a2f93a6[MainActivity]:   pfl=12020040
04-13 16:07:11.591 31486 31486 I ViewRootImpl@a2f93a6[MainActivity]:   vsysui=1500
04-13 16:07:11.591 31486 31486 I ViewRootImpl@a2f93a6[MainActivity]:   bhv=SHOW_TRANSIENT_BARS_BY_SWIPE
04-13 16:07:11.591 31486 31486 I ViewRootImpl@a2f93a6[MainActivity]:   fitSides= naviIconColor=0}
