04-05 10:43:06.276 28757 28757 I ViewRootImpl@eb84c2a[MainActivity]: applyTransactionOnDraw: mRemoved = false isHardwareEnabled = true t = 0xb4000078746ae300android.view.SurfaceView.applyTransactionOnVriDraw:2048 android.view.SurfaceView.performSurfaceTransaction:959 android.view.SurfaceView.updateSurface:1105 android.view.SurfaceView.lambda$new$0$android-view-SurfaceView:200 android.view.SurfaceView$$ExternalSyntheticLambda5.onPreDraw:2 
04-05 10:43:06.276 28757 28757 I SurfaceView@3d7d945: updateSurface: mVisible = true mSurface.isValid() = true
04-05 10:43:06.276 28757 28757 I SurfaceView@3d7d945: updateSurface: mSurfaceCreated = true surfaceChanged = false visibleChanged = false
04-05 10:43:06.276 28757 28757 V SurfaceView@3d7d945: Layout: x=0 y=-562 w=720 h=375, frame=Rect(0, 0 - 720, 375)
04-05 10:43:06.277 28757 28851 D SurfaceView@3d7d945: updateSurfacePosition RenderWorker, frameNr = 266, position = [0, -562, 720, -187] surfaceSize = 720x375
04-05 10:43:06.277 28757 28851 I SurfaceView@3d7d945: uSP: rtp = Rect(0, -562 - 720, -187) rtsw = 720 rtsh = 375
04-05 10:43:06.277 28757 28851 I SurfaceView@3d7d945: onSSPAndSRT: pl = 0 pt = -562 sx = 1.0 sy = 1.0
04-05 10:43:06.277 28757 28851 I SurfaceView@3d7d945: aOrMT: ViewRootImpl@eb84c2a[MainActivity] t = android.view.SurfaceControl$Transaction@283b4e3 fN = 266 android.view.SurfaceView.-$$Nest$mapplyOrMergeTransaction:0 android.view.SurfaceView$SurfaceViewPositionUpdateListener.positionChanged:1537 android.graphics.RenderNode$CompositePositionUpdateListener.positionChanged:373 
04-05 10:43:06.277 28757 28851 I ViewRootImpl@eb84c2a[MainActivity]: mWNT: t=0xb4000077b72d8b00 mBlastBufferQueue=0xb4000077b6f3b400 fn= 266 caller= android.view.SurfaceView.applyOrMergeTransaction:1455 android.view.SurfaceView.-$$Nest$mapplyOrMergeTransaction:0 android.view.SurfaceView$SurfaceViewPositionUpdateListener.positionChanged:1537 
04-05 10:43:06.277 28757 28851 I ViewRootImpl@eb84c2a[MainActivity]: mWNT: t=0xb4000078746ae300 mBlastBufferQueue=0xb4000077b6f3b400 fn= 266 caller= android.view.ViewRootImpl.lambda$applyTransactionOnDraw$11$android-view-ViewRootImpl:12865 android.view.ViewRootImpl$$ExternalSyntheticLambda1.onFrameDraw:4 android.graphics.HardwareRenderer$FrameDrawingCallback.onFrameDraw:924 
04-05 10:43:06.292 28757 28757 I SurfaceView@3d7d945: Changes: creating=false format=false size=false visible=false alpha=false hint=false mUseAlpha=false visible=false left=false top=true
04-05 10:43:06.292 28757 28757 I SurfaceView@3d7d945: 64477509 Cur surface: Surface(name=null)/@0x9a01b61
04-05 10:43:06.293 28757 28757 I SurfaceView@3d7d945: applyTransactionOnVriDraw: vri = ViewRootImpl@eb84c2a[MainActivity] fRS = false t = 0xb400007855228700 android.view.SurfaceView.performSurfaceTransaction:959 android.view.SurfaceView.updateSurface:1105 android.view.SurfaceView.lambda$new$0$android-view-SurfaceView:200 
04-05 10:43:06.293 28757 28757 I ViewRootImpl@eb84c2a[MainActivity]: applyTransactionOnDraw: mRemoved = false isHardwareEnabled = true t = 0xb400007855228700android.view.SurfaceView.applyTransactionOnVriDraw:2048 android.view.SurfaceView.performSurfaceTransaction:959 android.view.SurfaceView.updateSurface:1105 android.view.SurfaceView.lambda$new$0$android-view-SurfaceView:200 android.view.SurfaceView$$ExternalSyntheticLambda5.onPreDraw:2 
04-05 10:43:06.293 28757 28757 I SurfaceView@3d7d945: updateSurface: mVisible = true mSurface.isValid() = true
04-05 10:43:06.293 28757 28757 I SurfaceView@3d7d945: updateSurface: mSurfaceCreated = true surfaceChanged = false visibleChanged = false
04-05 10:43:06.293 28757 28757 V SurfaceView@3d7d945: Layout: x=0 y=-588 w=720 h=375, frame=Rect(0, 0 - 720, 375)
04-05 10:43:06.294 28757 28852 D SurfaceView@3d7d945: updateSurfacePosition RenderWorker, frameNr = 267, position = [0, -588, 720, -213] surfaceSize = 720x375
04-05 10:43:06.294 28757 28852 I SurfaceView@3d7d945: uSP: rtp = Rect(0, -588 - 720, -213) rtsw = 720 rtsh = 375
04-05 10:43:06.294 28757 28852 I SurfaceView@3d7d945: onSSPAndSRT: pl = 0 pt = -588 sx = 1.0 sy = 1.0
04-05 10:43:06.294 28757 28852 I SurfaceView@3d7d945: aOrMT: ViewRootImpl@eb84c2a[MainActivity] t = android.view.SurfaceControl$Transaction@283b4e3 fN = 267 android.view.SurfaceView.-$$Nest$mapplyOrMergeTransaction:0 android.view.SurfaceView$SurfaceViewPositionUpdateListener.positionChanged:1537 android.graphics.RenderNode$CompositePositionUpdateListener.positionChanged:373 
04-05 10:43:06.294 28757 28852 I ViewRootImpl@eb84c2a[MainActivity]: mWNT: t=0xb4000077b72d8b00 mBlastBufferQueue=0xb4000077b6f3b400 fn= 267 caller= android.view.SurfaceView.applyOrMergeTransaction:1455 android.view.SurfaceView.-$$Nest$mapplyOrMergeTransaction:0 android.view.SurfaceView$SurfaceViewPositionUpdateListener.positionChanged:1537 
04-05 10:43:06.294 28757 28852 I ViewRootImpl@eb84c2a[MainActivity]: mWNT: t=0xb400007855228700 mBlastBufferQueue=0xb4000077b6f3b400 fn= 267 caller= android.view.ViewRootImpl.lambda$applyTransactionOnDraw$11$android-view-ViewRootImpl:12865 android.view.ViewRootImpl$$ExternalSyntheticLambda1.onFrameDraw:4 android.graphics.HardwareRenderer$FrameDrawingCallback.onFrameDraw:924 
04-05 10:43:06.309 28757 28757 I SurfaceView@3d7d945: Changes: creating=false format=false size=false visible=false alpha=false hint=false mUseAlpha=false visible=false left=false top=true
04-05 10:43:06.309 28757 28757 I SurfaceView@3d7d945: 64477509 Cur surface: Surface(name=null)/@0x9a01b61
04-05 10:43:06.310 28757 28757 I SurfaceView@3d7d945: applyTransactionOnVriDraw: vri = ViewRootImpl@eb84c2a[MainActivity] fRS = false t = 0xb4000077d6cdc400 android.view.SurfaceView.performSurfaceTransaction:959 android.view.SurfaceView.updateSurface:1105 android.view.SurfaceView.lambda$new$0$android-view-SurfaceView:200 
04-05 10:43:06.310 28757 28757 I ViewRootImpl@eb84c2a[MainActivity]: applyTransactionOnDraw: mRemoved = false isHardwareEnabled = true t = 0xb4000077d6cdc400android.view.SurfaceView.applyTransactionOnVriDraw:2048 android.view.SurfaceView.performSurfaceTransaction:959 android.view.SurfaceView.updateSurface:1105 android.view.SurfaceView.lambda$new$0$android-view-SurfaceView:200 android.view.SurfaceView$$ExternalSyntheticLambda5.onPreDraw:2 
04-05 10:43:06.310 28757 28757 I SurfaceView@3d7d945: updateSurface: mVisible = true mSurface.isValid() = true
04-05 10:43:06.310 28757 28757 I SurfaceView@3d7d945: updateSurface: mSurfaceCreated = true surfaceChanged = false visibleChanged = false
04-05 10:43:06.310 28757 28757 V SurfaceView@3d7d945: Layout: x=0 y=-616 w=720 h=375, frame=Rect(0, 0 - 720, 375)
04-05 10:43:06.310 28757 28851 D SurfaceView@3d7d945: updateSurfacePosition RenderWorker, frameNr = 268, position = [0, -616, 720, -241] surfaceSize = 720x375
04-05 10:43:06.310 28757 28851 I SurfaceView@3d7d945: uSP: rtp = Rect(0, -616 - 720, -241) rtsw = 720 rtsh = 375
04-05 10:43:06.310 28757 28851 I SurfaceView@3d7d945: onSSPAndSRT: pl = 0 pt = -616 sx = 1.0 sy = 1.0
04-05 10:43:06.311 28757 28851 I SurfaceView@3d7d945: aOrMT: ViewRootImpl@eb84c2a[MainActivity] t = android.view.SurfaceControl$Transaction@283b4e3 fN = 268 android.view.SurfaceView.-$$Nest$mapplyOrMergeTransaction:0 android.view.SurfaceView$SurfaceViewPositionUpdateListener.positionChanged:1537 android.graphics.RenderNode$CompositePositionUpdateListener.positionChanged:373 
04-05 10:43:06.311 28757 28851 I ViewRootImpl@eb84c2a[MainActivity]: mWNT: t=0xb4000077b72d8b00 mBlastBufferQueue=0xb4000077b6f3b400 fn= 268 caller= android.view.SurfaceView.applyOrMergeTransaction:1455 android.view.SurfaceView.-$$Nest$mapplyOrMergeTransaction:0 android.view.SurfaceView$SurfaceViewPositionUpdateListener.positionChanged:1537 
04-05 10:43:06.311 28757 28851 I ViewRootImpl@eb84c2a[MainActivity]: mWNT: t=0xb4000077d6cdc400 mBlastBufferQueue=0xb4000077b6f3b400 fn= 268 caller= android.view.ViewRootImpl.lambda$applyTransactionOnDraw$11$android-view-ViewRootImpl:12865 android.view.ViewRootImpl$$ExternalSyntheticLambda1.onFrameDraw:4 android.graphics.HardwareRenderer$FrameDrawingCallback.onFrameDraw:924 
04-05 10:43:06.326 28757 28757 I SurfaceView@3d7d945: Changes: creating=false format=false size=false visible=false alpha=false hint=false mUseAlpha=false visible=false left=false top=true
04-05 10:43:06.326 28757 28757 I SurfaceView@3d7d945: 64477509 Cur surface: Surface(name=null)/@0x9a01b61
04-05 10:43:06.326 28757 28757 I SurfaceView@3d7d945: applyTransactionOnVriDraw: vri = ViewRootImpl@eb84c2a[MainActivity] fRS = false t = 0xb4000077d6cdc500 android.view.SurfaceView.performSurfaceTransaction:959 android.view.SurfaceView.updateSurface:1105 android.view.SurfaceView.lambda$new$0$android-view-SurfaceView:200 
04-05 10:43:06.326 28757 28757 I ViewRootImpl@eb84c2a[MainActivity]: applyTransactionOnDraw: mRemoved = false isHardwareEnabled = true t = 0xb4000077d6cdc500android.view.SurfaceView.applyTransactionOnVriDraw:2048 android.view.SurfaceView.performSurfaceTransaction:959 android.view.SurfaceView.updateSurface:1105 android.view.SurfaceView.lambda$new$0$android-view-SurfaceView:200 android.view.SurfaceView$$ExternalSyntheticLambda5.onPreDraw:2 
04-05 10:43:06.326 28757 28757 I SurfaceView@3d7d945: updateSurface: mVisible = true mSurface.isValid() = true
04-05 10:43:06.326 28757 28757 I SurfaceView@3d7d945: updateSurface: mSurfaceCreated = true surfaceChanged = false visibleChanged = false
04-05 10:43:06.326 28757 28757 V SurfaceView@3d7d945: Layout: x=0 y=-629 w=720 h=375, frame=Rect(0, 0 - 720, 375)
04-05 10:43:06.327 28757 28852 D SurfaceView@3d7d945: updateSurfacePosition RenderWorker, frameNr = 269, position = [0, -629, 720, -254] surfaceSize = 720x375
04-05 10:43:06.327 28757 28852 I SurfaceView@3d7d945: uSP: rtp = Rect(0, -629 - 720, -254) rtsw = 720 rtsh = 375
04-05 10:43:06.327 28757 28852 I SurfaceView@3d7d945: onSSPAndSRT: pl = 0 pt = -629 sx = 1.0 sy = 1.0
04-05 10:43:06.327 28757 28852 I SurfaceView@3d7d945: aOrMT: ViewRootImpl@eb84c2a[MainActivity] t = android.view.SurfaceControl$Transaction@283b4e3 fN = 269 android.view.SurfaceView.-$$Nest$mapplyOrMergeTransaction:0 android.view.SurfaceView$SurfaceViewPositionUpdateListener.positionChanged:1537 android.graphics.RenderNode$CompositePositionUpdateListener.positionChanged:373 
04-05 10:43:06.328 28757 28852 I ViewRootImpl@eb84c2a[MainActivity]: mWNT: t=0xb4000077b72d8b00 mBlastBufferQueue=0xb4000077b6f3b400 fn= 269 caller= android.view.SurfaceView.applyOrMergeTransaction:1455 android.view.SurfaceView.-$$Nest$mapplyOrMergeTransaction:0 android.view.SurfaceView$SurfaceViewPositionUpdateListener.positionChanged:1537 
04-05 10:43:06.328 28757 28852 I ViewRootImpl@eb84c2a[MainActivity]: mWNT: t=0xb4000077d6cdc500 mBlastBufferQueue=0xb4000077b6f3b400 fn= 269 caller= android.view.ViewRootImpl.lambda$applyTransactionOnDraw$11$android-view-ViewRootImpl:12865 android.view.ViewRootImpl$$ExternalSyntheticLambda1.onFrameDraw:4 android.graphics.HardwareRenderer$FrameDrawingCallback.onFrameDraw:924 
04-05 10:43:06.329 28757 28757 I ViewRootImpl@eb84c2a[MainActivity]: ViewPostIme pointer 1
04-05 10:43:06.342 28757 28851 D SurfaceView@3d7d945: updateSurfacePosition RenderWorker, frameNr = 270, position = [0, -653, 720, -278] surfaceSize = 720x375
04-05 10:43:06.342 28757 28851 I SurfaceView@3d7d945: uSP: rtp = Rect(0, -653 - 720, -278) rtsw = 720 rtsh = 375
04-05 10:43:06.342 28757 28851 I SurfaceView@3d7d945: onSSPAndSRT: pl = 0 pt = -653 sx = 1.0 sy = 1.0
04-05 10:43:06.343 28757 28851 I SurfaceView@3d7d945: aOrMT: ViewRootImpl@eb84c2a[MainActivity] t = android.view.SurfaceControl$Transaction@283b4e3 fN = 270 android.view.SurfaceView.-$$Nest$mapplyOrMergeTransaction:0 android.view.SurfaceView$SurfaceViewPositionUpdateListener.positionChanged:1537 android.graphics.RenderNode$CompositePositionUpdateListener.positionChanged:373 
04-05 10:43:06.343 28757 28851 I ViewRootImpl@eb84c2a[MainActivity]: mWNT: t=0xb4000077b72d8b00 mBlastBufferQueue=0xb4000077b6f3b400 fn= 270 caller= android.view.SurfaceView.applyOrMergeTransaction:1455 android.view.SurfaceView.-$$Nest$mapplyOrMergeTransaction:0 android.view.SurfaceView$SurfaceViewPositionUpdateListener.positionChanged:1537 
04-05 10:43:06.359 28757 28757 I SurfaceView@3d7d945: Changes: creating=false format=false size=false visible=false alpha=false hint=false mUseAlpha=false visible=false left=false top=true
04-05 10:43:06.359 28757 28757 I SurfaceView@3d7d945: 64477509 Cur surface: Surface(name=null)/@0x9a01b61
04-05 10:43:06.359 28757 28757 I SurfaceView@3d7d945: applyTransactionOnVriDraw: vri = ViewRootImpl@eb84c2a[MainActivity] fRS = false t = 0xb4000077d6cdc600 android.view.SurfaceView.performSurfaceTransaction:959 android.view.SurfaceView.updateSurface:1105 android.view.SurfaceView.lambda$new$0$android-view-SurfaceView:200 
04-05 10:43:06.359 28757 28757 I ViewRootImpl@eb84c2a[MainActivity]: applyTransactionOnDraw: mRemoved = false isHardwareEnabled = true t = 0xb4000077d6cdc600android.view.SurfaceView.applyTransactionOnVriDraw:2048 android.view.SurfaceView.performSurfaceTransaction:959 android.view.SurfaceView.updateSurface:1105 android.view.SurfaceView.lambda$new$0$android-view-SurfaceView:200 android.view.SurfaceView$$ExternalSyntheticLambda5.onPreDraw:2 
04-05 10:43:06.359 28757 28757 I SurfaceView@3d7d945: updateSurface: mVisible = true mSurface.isValid() = true
04-05 10:43:06.359 28757 28757 I SurfaceView@3d7d945: updateSurface: mSurfaceCreated = true surfaceChanged = false visibleChanged = false
04-05 10:43:06.359 28757 28757 V SurfaceView@3d7d945: Layout: x=0 y=-653 w=720 h=375, frame=Rect(0, 0 - 720, 375)
04-05 10:43:06.360 28757 28852 D SurfaceView@3d7d945: updateSurfacePosition RenderWorker, frameNr = 271, position = [0, -670, 720, -295] surfaceSize = 720x375
04-05 10:43:06.360 28757 28852 I SurfaceView@3d7d945: uSP: rtp = Rect(0, -670 - 720, -295) rtsw = 720 rtsh = 375
04-05 10:43:06.360 28757 28852 I SurfaceView@3d7d945: onSSPAndSRT: pl = 0 pt = -670 sx = 1.0 sy = 1.0
04-05 10:43:06.360 28757 28852 I SurfaceView@3d7d945: aOrMT: ViewRootImpl@eb84c2a[MainActivity] t = android.view.SurfaceControl$Transaction@283b4e3 fN = 271 android.view.SurfaceView.-$$Nest$mapplyOrMergeTransaction:0 android.view.SurfaceView$SurfaceViewPositionUpdateListener.positionChanged:1537 android.graphics.RenderNode$CompositePositionUpdateListener.positionChanged:373 
04-05 10:43:06.360 28757 28852 I ViewRootImpl@eb84c2a[MainActivity]: mWNT: t=0xb4000077b72d8b00 mBlastBufferQueue=0xb4000077b6f3b400 fn= 271 caller= android.view.SurfaceView.applyOrMergeTransaction:1455 android.view.SurfaceView.-$$Nest$mapplyOrMergeTransaction:0 android.view.SurfaceView$SurfaceViewPositionUpdateListener.positionChanged:1537 
04-05 10:43:06.360 28757 28852 I ViewRootImpl@eb84c2a[MainActivity]: mWNT: t=0xb4000077d6cdc600 mBlastBufferQueue=0xb4000077b6f3b400 fn= 271 caller= android.view.ViewRootImpl.lambda$applyTransactionOnDraw$11$android-view-ViewRootImpl:12865 android.view.ViewRootImpl$$ExternalSyntheticLambda1.onFrameDraw:4 android.graphics.HardwareRenderer$FrameDrawingCallback.onFrameDraw:924 
04-05 10:43:06.375 28757 28757 I SurfaceView@3d7d945: Changes: creating=false format=false size=false visible=false alpha=false hint=false mUseAlpha=false visible=false left=false top=true
04-05 10:43:06.376 28757 28757 I SurfaceView@3d7d945: 64477509 Cur surface: Surface(name=null)/@0x9a01b61
04-05 10:43:06.376 28757 28757 I SurfaceView@3d7d945: applyTransactionOnVriDraw: vri = ViewRootImpl@eb84c2a[MainActivity] fRS = false t = 0xb4000077d6cdc900 android.view.SurfaceView.performSurfaceTransaction:959 android.view.SurfaceView.updateSurface:1105 android.view.SurfaceView.lambda$new$0$android-view-SurfaceView:200 
04-05 10:43:06.376 28757 28757 I ViewRootImpl@eb84c2a[MainActivity]: applyTransactionOnDraw: mRemoved = false isHardwareEnabled = true t = 0xb4000077d6cdc900android.view.SurfaceView.applyTransactionOnVriDraw:2048 android.view.SurfaceView.performSurfaceTransaction:959 android.view.SurfaceView.updateSurface:1105 android.view.SurfaceView.lambda$new$0$android-view-SurfaceView:200 android.view.SurfaceView$$ExternalSyntheticLambda5.onPreDraw:2 
04-05 10:43:06.376 28757 28757 I SurfaceView@3d7d945: updateSurface: mVisible = true mSurface.isValid() = true
04-05 10:43:06.376 28757 28757 I SurfaceView@3d7d945: updateSurface: mSurfaceCreated = true surfaceChanged = false visibleChanged = false
04-05 10:43:06.376 28757 28757 V SurfaceView@3d7d945: Layout: x=0 y=-670 w=720 h=375, frame=Rect(0, 0 - 720, 375)
04-05 10:43:06.377 28757 28851 D SurfaceView@3d7d945: updateSurfacePosition RenderWorker, frameNr = 272, position = [0, -696, 720, -321] surfaceSize = 720x375
04-05 10:43:06.377 28757 28851 I SurfaceView@3d7d945: uSP: rtp = Rect(0, -696 - 720, -321) rtsw = 720 rtsh = 375
04-05 10:43:06.377 28757 28851 I SurfaceView@3d7d945: onSSPAndSRT: pl = 0 pt = -696 sx = 1.0 sy = 1.0
04-05 10:43:06.377 28757 28851 I SurfaceView@3d7d945: aOrMT: ViewRootImpl@eb84c2a[MainActivity] t = android.view.SurfaceControl$Transaction@283b4e3 fN = 272 android.view.SurfaceView.-$$Nest$mapplyOrMergeTransaction:0 android.view.SurfaceView$SurfaceViewPositionUpdateListener.positionChanged:1537 android.graphics.RenderNode$CompositePositionUpdateListener.positionChanged:373 
04-05 10:43:06.377 28757 28851 I ViewRootImpl@eb84c2a[MainActivity]: mWNT: t=0xb4000077b72d8b00 mBlastBufferQueue=0xb4000077b6f3b400 fn= 272 caller= android.view.SurfaceView.applyOrMergeTransaction:1455 android.view.SurfaceView.-$$Nest$mapplyOrMergeTransaction:0 android.view.SurfaceView$SurfaceViewPositionUpdateListener.positionChanged:1537 
04-05 10:43:06.377 28757 28851 I ViewRootImpl@eb84c2a[MainActivity]: mWNT: t=0xb4000077d6cdc900 mBlastBufferQueue=0xb4000077b6f3b400 fn= 272 caller= android.view.ViewRootImpl.lambda$applyTransactionOnDraw$11$android-view-ViewRootImpl:12865 android.view.ViewRootImpl$$ExternalSyntheticLambda1.onFrameDraw:4 android.graphics.HardwareRenderer$FrameDrawingCallback.onFrameDraw:924 
04-05 10:43:06.392 28757 28757 I SurfaceView@3d7d945: Changes: creating=false format=false size=false visible=false alpha=false hint=false mUseAlpha=false visible=false left=false top=true
04-05 10:43:06.392 28757 28757 I SurfaceView@3d7d945: 64477509 Cur surface: Surface(name=null)/@0x9a01b61
04-05 10:43:06.392 28757 28757 I SurfaceView@3d7d945: applyTransactionOnVriDraw: vri = ViewRootImpl@eb84c2a[MainActivity] fRS = false t = 0xb4000077d6cdca00 android.view.SurfaceView.performSurfaceTransaction:959 android.view.SurfaceView.updateSurface:1105 android.view.SurfaceView.lambda$new$0$android-view-SurfaceView:200 
04-05 10:43:06.393 28757 28757 I ViewRootImpl@eb84c2a[MainActivity]: applyTransactionOnDraw: mRemoved = false isHardwareEnabled = true t = 0xb4000077d6cdca00android.view.SurfaceView.applyTransactionOnVriDraw:2048 android.view.SurfaceView.performSurfaceTransaction:959 android.view.SurfaceView.updateSurface:1105 android.view.SurfaceView.lambda$new$0$android-view-SurfaceView:200 android.view.SurfaceView$$ExternalSyntheticLambda5.onPreDraw:2 
04-05 10:43:06.393 28757 28757 I SurfaceView@3d7d945: updateSurface: mVisible = true mSurface.isValid() = true
04-05 10:43:06.393 28757 28757 I SurfaceView@3d7d945: updateSurface: mSurfaceCreated = true surfaceChanged = false visibleChanged = false
04-05 10:43:06.393 28757 28757 V SurfaceView@3d7d945: Layout: x=0 y=-696 w=720 h=375, frame=Rect(0, 0 - 720, 375)
04-05 10:43:06.393 28757 28852 D SurfaceView@3d7d945: updateSurfacePosition RenderWorker, frameNr = 273, position = [0, -723, 720, -348] surfaceSize = 720x375
04-05 10:43:06.393 28757 28852 I SurfaceView@3d7d945: uSP: rtp = Rect(0, -723 - 720, -348) rtsw = 720 rtsh = 375
04-05 10:43:06.393 28757 28852 I SurfaceView@3d7d945: onSSPAndSRT: pl = 0 pt = -723 sx = 1.0 sy = 1.0
04-05 10:43:06.394 28757 28852 I SurfaceView@3d7d945: aOrMT: ViewRootImpl@eb84c2a[MainActivity] t = android.view.SurfaceControl$Transaction@283b4e3 fN = 273 android.view.SurfaceView.-$$Nest$mapplyOrMergeTransaction:0 android.view.SurfaceView$SurfaceViewPositionUpdateListener.positionChanged:1537 android.graphics.RenderNode$CompositePositionUpdateListener.positionChanged:373 
04-05 10:43:06.394 28757 28852 I ViewRootImpl@eb84c2a[MainActivity]: mWNT: t=0xb4000077b72d8b00 mBlastBufferQueue=0xb4000077b6f3b400 fn= 273 caller= android.view.SurfaceView.applyOrMergeTransaction:1455 android.view.SurfaceView.-$$Nest$mapplyOrMergeTransaction:0 android.view.SurfaceView$SurfaceViewPositionUpdateListener.positionChanged:1537 
04-05 10:43:06.394 28757 28852 I ViewRootImpl@eb84c2a[MainActivity]: mWNT: t=0xb4000077d6cdca00 mBlastBufferQueue=0xb4000077b6f3b400 fn= 273 caller= android.view.ViewRootImpl.lambda$applyTransactionOnDraw$11$android-view-ViewRootImpl:12865 android.view.ViewRootImpl$$ExternalSyntheticLambda1.onFrameDraw:4 android.graphics.HardwareRenderer$FrameDrawingCallback.onFrameDraw:924 
04-05 10:43:06.409 28757 28757 I SurfaceView@3d7d945: Changes: creating=false format=false size=false visible=false alpha=false hint=false mUseAlpha=false visible=false left=false top=true
04-05 10:43:06.409 28757 28757 I SurfaceView@3d7d945: 64477509 Cur surface: Surface(name=null)/@0x9a01b61
04-05 10:43:06.409 28757 28757 I SurfaceView@3d7d945: applyTransactionOnVriDraw: vri = ViewRootImpl@eb84c2a[MainActivity] fRS = false t = 0xb4000077d6cdcc00 android.view.SurfaceView.performSurfaceTransaction:959 android.view.SurfaceView.updateSurface:1105 android.view.SurfaceView.lambda$new$0$android-view-SurfaceView:200 
04-05 10:43:06.409 28757 28757 I ViewRootImpl@eb84c2a[MainActivity]: applyTransactionOnDraw: mRemoved = false isHardwareEnabled = true t = 0xb4000077d6cdcc00android.view.SurfaceView.applyTransactionOnVriDraw:2048 android.view.SurfaceView.performSurfaceTransaction:959 android.view.SurfaceView.updateSurface:1105 android.view.SurfaceView.lambda$new$0$android-view-SurfaceView:200 android.view.SurfaceView$$ExternalSyntheticLambda5.onPreDraw:2 
04-05 10:43:06.409 28757 28757 I SurfaceView@3d7d945: updateSurface: mVisible = true mSurface.isValid() = true
04-05 10:43:06.409 28757 28757 I SurfaceView@3d7d945: updateSurface: mSurfaceCreated = true surfaceChanged = false visibleChanged = false
04-05 10:43:06.409 28757 28757 V SurfaceView@3d7d945: Layout: x=0 y=-723 w=720 h=375, frame=Rect(0, 0 - 720, 375)
04-05 10:43:06.410 28757 28851 D SurfaceView@3d7d945: updateSurfacePosition RenderWorker, frameNr = 274, position = [0, -754, 720, -379] surfaceSize = 720x375
04-05 10:43:06.410 28757 28851 I SurfaceView@3d7d945: uSP: rtp = Rect(0, -754 - 720, -379) rtsw = 720 rtsh = 375
04-05 10:43:06.410 28757 28851 I SurfaceView@3d7d945: onSSPAndSRT: pl = 0 pt = -754 sx = 1.0 sy = 1.0
04-05 10:43:06.410 28757 28851 I SurfaceView@3d7d945: aOrMT: ViewRootImpl@eb84c2a[MainActivity] t = android.view.SurfaceControl$Transaction@283b4e3 fN = 274 android.view.SurfaceView.-$$Nest$mapplyOrMergeTransaction:0 android.view.SurfaceView$SurfaceViewPositionUpdateListener.positionChanged:1537 android.graphics.RenderNode$CompositePositionUpdateListener.positionChanged:373 
04-05 10:43:06.410 28757 28851 I ViewRootImpl@eb84c2a[MainActivity]: mWNT: t=0xb4000077b72d8b00 mBlastBufferQueue=0xb4000077b6f3b400 fn= 274 caller= android.view.SurfaceView.applyOrMergeTransaction:1455 android.view.SurfaceView.-$$Nest$mapplyOrMergeTransaction:0 android.view.SurfaceView$SurfaceViewPositionUpdateListener.positionChanged:1537 
04-05 10:43:06.411 28757 28851 I ViewRootImpl@eb84c2a[MainActivity]: mWNT: t=0xb4000077d6cdcc00 mBlastBufferQueue=0xb4000077b6f3b400 fn= 274 caller= android.view.ViewRootImpl.lambda$applyTransactionOnDraw$11$android-view-ViewRootImpl:12865 android.view.ViewRootImpl$$ExternalSyntheticLambda1.onFrameDraw:4 android.graphics.HardwareRenderer$FrameDrawingCallback.onFrameDraw:924 
04-05 10:43:06.426 28757 28757 I SurfaceView@3d7d945: Changes: creating=false format=false size=false visible=false alpha=false hint=false mUseAlpha=false visible=false left=false top=true
04-05 10:43:06.426 28757 28757 I SurfaceView@3d7d945: 64477509 Cur surface: Surface(name=null)/@0x9a01b61
04-05 10:43:06.426 28757 28757 I SurfaceView@3d7d945: applyTransactionOnVriDraw: vri = ViewRootImpl@eb84c2a[MainActivity] fRS = false t = 0xb4000077d6cdcd00 android.view.SurfaceView.performSurfaceTransaction:959 android.view.SurfaceView.updateSurface:1105 android.view.SurfaceView.lambda$new$0$android-view-SurfaceView:200 
04-05 10:43:06.426 28757 28757 I ViewRootImpl@eb84c2a[MainActivity]: applyTransactionOnDraw: mRemoved = false isHardwareEnabled = true t = 0xb4000077d6cdcd00android.view.SurfaceView.applyTransactionOnVriDraw:2048 android.view.SurfaceView.performSurfaceTransaction:959 android.view.SurfaceView.updateSurface:1105 android.view.SurfaceView.lambda$new$0$android-view-SurfaceView:200 android.view.SurfaceView$$ExternalSyntheticLambda5.onPreDraw:2 
04-05 10:43:06.426 28757 28757 I SurfaceView@3d7d945: updateSurface: mVisible = true mSurface.isValid() = true
04-05 10:43:06.426 28757 28757 I SurfaceView@3d7d945: updateSurface: mSurfaceCreated = true surfaceChanged = false visibleChanged = false
04-05 10:43:06.426 28757 28757 V SurfaceView@3d7d945: Layout: x=0 y=-754 w=720 h=375, frame=Rect(0, 0 - 720, 375)
04-05 10:43:06.427 28757 28852 D SurfaceView@3d7d945: updateSurfacePosition RenderWorker, frameNr = 275, position = [0, -784, 720, -409] surfaceSize = 720x375
04-05 10:43:06.427 28757 28852 I SurfaceView@3d7d945: uSP: rtp = Rect(0, -784 - 720, -409) rtsw = 720 rtsh = 375
04-05 10:43:06.427 28757 28852 I SurfaceView@3d7d945: onSSPAndSRT: pl = 0 pt = -784 sx = 1.0 sy = 1.0
04-05 10:43:06.427 28757 28852 I SurfaceView@3d7d945: aOrMT: ViewRootImpl@eb84c2a[MainActivity] t = android.view.SurfaceControl$Transaction@283b4e3 fN = 275 android.view.SurfaceView.-$$Nest$mapplyOrMergeTransaction:0 android.view.SurfaceView$SurfaceViewPositionUpdateListener.positionChanged:1537 android.graphics.RenderNode$CompositePositionUpdateListener.positionChanged:373 
04-05 10:43:06.427 28757 28852 I ViewRootImpl@eb84c2a[MainActivity]: mWNT: t=0xb4000077b72d8b00 mBlastBufferQueue=0xb4000077b6f3b400 fn= 275 caller= android.view.SurfaceView.applyOrMergeTransaction:1455 android.view.SurfaceView.-$$Nest$mapplyOrMergeTransaction:0 android.view.SurfaceView$SurfaceViewPositionUpdateListener.positionChanged:1537 
04-05 10:43:06.427 28757 28852 I ViewRootImpl@eb84c2a[MainActivity]: mWNT: t=0xb4000077d6cdcd00 mBlastBufferQueue=0xb4000077b6f3b400 fn= 275 caller= android.view.ViewRootImpl.lambda$applyTransactionOnDraw$11$android-view-ViewRootImpl:12865 android.view.ViewRootImpl$$ExternalSyntheticLambda1.onFrameDraw:4 android.graphics.HardwareRenderer$FrameDrawingCallback.onFrameDraw:924 
04-05 10:43:06.442 28757 28757 I SurfaceView@3d7d945: Changes: creating=false format=false size=false visible=false alpha=false hint=false mUseAlpha=false visible=false left=false top=true
04-05 10:43:06.442 28757 28757 I SurfaceView@3d7d945: 64477509 Cur surface: Surface(name=null)/@0x9a01b61
04-05 10:43:06.443 28757 28757 I SurfaceView@3d7d945: applyTransactionOnVriDraw: vri = ViewRootImpl@eb84c2a[MainActivity] fRS = false t = 0xb4000077d6cdcf00 android.view.SurfaceView.performSurfaceTransaction:959 android.view.SurfaceView.updateSurface:1105 android.view.SurfaceView.lambda$new$0$android-view-SurfaceView:200 
04-05 10:43:06.443 28757 28757 I ViewRootImpl@eb84c2a[MainActivity]: applyTransactionOnDraw: mRemoved = false isHardwareEnabled = true t = 0xb4000077d6cdcf00android.view.SurfaceView.applyTransactionOnVriDraw:2048 android.view.SurfaceView.performSurfaceTransaction:959 android.view.SurfaceView.updateSurface:1105 android.view.SurfaceView.lambda$new$0$android-view-SurfaceView:200 android.view.SurfaceView$$ExternalSyntheticLambda5.onPreDraw:2 
04-05 10:43:06.443 28757 28757 I SurfaceView@3d7d945: updateSurface: mVisible = true mSurface.isValid() = true
04-05 10:43:06.443 28757 28757 I SurfaceView@3d7d945: updateSurface: mSurfaceCreated = true surfaceChanged = false visibleChanged = false
04-05 10:43:06.443 28757 28757 V SurfaceView@3d7d945: Layout: x=0 y=-784 w=720 h=375, frame=Rect(0, 0 - 720, 375)
04-05 10:43:06.443 28757 28851 D SurfaceView@3d7d945: updateSurfacePosition RenderWorker, frameNr = 276, position = [0, -813, 720, -438] surfaceSize = 720x375
04-05 10:43:06.443 28757 28851 I SurfaceView@3d7d945: uSP: rtp = Rect(0, -813 - 720, -438) rtsw = 720 rtsh = 375
04-05 10:43:06.443 28757 28851 I SurfaceView@3d7d945: onSSPAndSRT: pl = 0 pt = -813 sx = 1.0 sy = 1.0
04-05 10:43:06.443 28757 28851 I SurfaceView@3d7d945: aOrMT: ViewRootImpl@eb84c2a[MainActivity] t = android.view.SurfaceControl$Transaction@283b4e3 fN = 276 android.view.SurfaceView.-$$Nest$mapplyOrMergeTransaction:0 android.view.SurfaceView$SurfaceViewPositionUpdateListener.positionChanged:1537 android.graphics.RenderNode$CompositePositionUpdateListener.positionChanged:373 
04-05 10:43:06.444 28757 28851 I ViewRootImpl@eb84c2a[MainActivity]: mWNT: t=0xb4000077b72d8b00 mBlastBufferQueue=0xb4000077b6f3b400 fn= 276 caller= android.view.SurfaceView.applyOrMergeTransaction:1455 android.view.SurfaceView.-$$Nest$mapplyOrMergeTransaction:0 android.view.SurfaceView$SurfaceViewPositionUpdateListener.positionChanged:1537 
04-05 10:43:06.444 28757 28851 I ViewRootImpl@eb84c2a[MainActivity]: mWNT: t=0xb4000077d6cdcf00 mBlastBufferQueue=0xb4000077b6f3b400 fn= 276 caller= android.view.ViewRootImpl.lambda$applyTransactionOnDraw$11$android-view-ViewRootImpl:12865 android.view.ViewRootImpl$$ExternalSyntheticLambda1.onFrameDraw:4 android.graphics.HardwareRenderer$FrameDrawingCallback.onFrameDraw:924 
04-05 10:43:06.459 28757 28757 I SurfaceView@3d7d945: Changes: creating=false format=false size=false visible=false alpha=false hint=false mUseAlpha=false visible=false left=false top=true
04-05 10:43:06.459 28757 28757 I SurfaceView@3d7d945: 64477509 Cur surface: Surface(name=null)/@0x9a01b61
04-05 10:43:06.459 28757 28757 I SurfaceView@3d7d945: applyTransactionOnVriDraw: vri = ViewRootImpl@eb84c2a[MainActivity] fRS = false t = 0xb4000077d6dfd500 android.view.SurfaceView.performSurfaceTransaction:959 android.view.SurfaceView.updateSurface:1105 android.view.SurfaceView.lambda$new$0$android-view-SurfaceView:200 
04-05 10:43:06.459 28757 28757 I ViewRootImpl@eb84c2a[MainActivity]: applyTransactionOnDraw: mRemoved = false isHardwareEnabled = true t = 0xb4000077d6dfd500android.view.SurfaceView.applyTransactionOnVriDraw:2048 android.view.SurfaceView.performSurfaceTransaction:959 android.view.SurfaceView.updateSurface:1105 android.view.SurfaceView.lambda$new$0$android-view-SurfaceView:200 android.view.SurfaceView$$ExternalSyntheticLambda5.onPreDraw:2 
04-05 10:43:06.459 28757 28757 I SurfaceView@3d7d945: updateSurface: mVisible = true mSurface.isValid() = true
04-05 10:43:06.459 28757 28757 I SurfaceView@3d7d945: updateSurface: mSurfaceCreated = true surfaceChanged = false visibleChanged = false
04-05 10:43:06.459 28757 28757 V SurfaceView@3d7d945: Layout: x=0 y=-813 w=720 h=375, frame=Rect(0, 0 - 720, 375)
04-05 10:43:06.460 28757 28852 D SurfaceView@3d7d945: updateSurfacePosition RenderWorker, frameNr = 277, position = [0, -842, 720, -467] surfaceSize = 720x375
04-05 10:43:06.460 28757 28852 I SurfaceView@3d7d945: uSP: rtp = Rect(0, -842 - 720, -467) rtsw = 720 rtsh = 375
04-05 10:43:06.460 28757 28852 I SurfaceView@3d7d945: onSSPAndSRT: pl = 0 pt = -842 sx = 1.0 sy = 1.0
04-05 10:43:06.460 28757 28852 I SurfaceView@3d7d945: aOrMT: ViewRootImpl@eb84c2a[MainActivity] t = android.view.SurfaceControl$Transaction@283b4e3 fN = 277 android.view.SurfaceView.-$$Nest$mapplyOrMergeTransaction:0 android.view.SurfaceView$SurfaceViewPositionUpdateListener.positionChanged:1537 android.graphics.RenderNode$CompositePositionUpdateListener.positionChanged:373 
04-05 10:43:06.460 28757 28852 I ViewRootImpl@eb84c2a[MainActivity]: mWNT: t=0xb4000077b72d8b00 mBlastBufferQueue=0xb4000077b6f3b400 fn= 277 caller= android.view.SurfaceView.applyOrMergeTransaction:1455 android.view.SurfaceView.-$$Nest$mapplyOrMergeTransaction:0 android.view.SurfaceView$SurfaceViewPositionUpdateListener.positionChanged:1537 
04-05 10:43:06.460 28757 28852 I ViewRootImpl@eb84c2a[MainActivity]: mWNT: t=0xb4000077d6dfd500 mBlastBufferQueue=0xb4000077b6f3b400 fn= 277 caller= android.view.ViewRootImpl.lambda$applyTransactionOnDraw$11$android-view-ViewRootImpl:12865 android.view.ViewRootImpl$$ExternalSyntheticLambda1.onFrameDraw:4 android.graphics.HardwareRenderer$FrameDrawingCallback.onFrameDraw:924 
04-05 10:43:06.475 28757 28757 I SurfaceView@3d7d945: Changes: creating=false format=false size=false visible=false alpha=false hint=false mUseAlpha=false visible=false left=false top=true
04-05 10:43:06.476 28757 28757 I SurfaceView@3d7d945: 64477509 Cur surface: Surface(name=null)/@0x9a01b61
04-05 10:43:06.476 28757 28757 I SurfaceView@3d7d945: applyTransactionOnVriDraw: vri = ViewRootImpl@eb84c2a[MainActivity] fRS = false t = 0xb4000077d6dfd600 android.view.SurfaceView.performSurfaceTransaction:959 android.view.SurfaceView.updateSurface:1105 android.view.SurfaceView.lambda$new$0$android-view-SurfaceView:200 
04-05 10:43:06.476 28757 28757 I ViewRootImpl@eb84c2a[MainActivity]: applyTransactionOnDraw: mRemoved = false isHardwareEnabled = true t = 0xb4000077d6dfd600android.view.SurfaceView.applyTransactionOnVriDraw:2048 android.view.SurfaceView.performSurfaceTransaction:959 android.view.SurfaceView.updateSurface:1105 android.view.SurfaceView.lambda$new$0$android-view-SurfaceView:200 android.view.SurfaceView$$ExternalSyntheticLambda5.onPreDraw:2 
04-05 10:43:06.476 28757 28757 I SurfaceView@3d7d945: updateSurface: mVisible = true mSurface.isValid() = true
04-05 10:43:06.476 28757 28757 I SurfaceView@3d7d945: updateSurface: mSurfaceCreated = true surfaceChanged = false visibleChanged = false
04-05 10:43:06.476 28757 28757 V SurfaceView@3d7d945: Layout: x=0 y=-842 w=720 h=375, frame=Rect(0, 0 - 720, 375)
04-05 10:43:06.477 28757 28851 D SurfaceView@3d7d945: updateSurfacePosition RenderWorker, frameNr = 278, position = [0, -870, 720, -495] surfaceSize = 720x375
04-05 10:43:06.477 28757 28851 I SurfaceView@3d7d945: uSP: rtp = Rect(0, -870 - 720, -495) rtsw = 720 rtsh = 375
04-05 10:43:06.477 28757 28851 I SurfaceView@3d7d945: onSSPAndSRT: pl = 0 pt = -870 sx = 1.0 sy = 1.0
04-05 10:43:06.477 28757 28851 I SurfaceView@3d7d945: aOrMT: ViewRootImpl@eb84c2a[MainActivity] t = android.view.SurfaceControl$Transaction@283b4e3 fN = 278 android.view.SurfaceView.-$$Nest$mapplyOrMergeTransaction:0 android.view.SurfaceView$SurfaceViewPositionUpdateListener.positionChanged:1537 android.graphics.RenderNode$CompositePositionUpdateListener.positionChanged:373 
04-05 10:43:06.477 28757 28851 I ViewRootImpl@eb84c2a[MainActivity]: mWNT: t=0xb4000077b72d8b00 mBlastBufferQueue=0xb4000077b6f3b400 fn= 278 caller= android.view.SurfaceView.applyOrMergeTransaction:1455 android.view.SurfaceView.-$$Nest$mapplyOrMergeTransaction:0 android.view.SurfaceView$SurfaceViewPositionUpdateListener.positionChanged:1537 
04-05 10:43:06.477 28757 28851 I ViewRootImpl@eb84c2a[MainActivity]: mWNT: t=0xb4000077d6dfd600 mBlastBufferQueue=0xb4000077b6f3b400 fn= 278 caller= android.view.ViewRootImpl.lambda$applyTransactionOnDraw$11$android-view-ViewRootImpl:12865 android.view.ViewRootImpl$$ExternalSyntheticLambda1.onFrameDraw:4 android.graphics.HardwareRenderer$FrameDrawingCallback.onFrameDraw:924 
04-05 10:43:06.492 28757 28757 I SurfaceView@3d7d945: Changes: creating=false format=false size=false visible=false alpha=false hint=false mUseAlpha=false visible=false left=false top=true
04-05 10:43:06.492 28757 28757 I SurfaceView@3d7d945: 64477509 Cur surface: Surface(name=null)/@0x9a01b61
04-05 10:43:06.493 28757 28757 I SurfaceView@3d7d945: applyTransactionOnVriDraw: vri = ViewRootImpl@eb84c2a[MainActivity] fRS = false t = 0xb4000077d6e25f00 android.view.SurfaceView.performSurfaceTransaction:959 android.view.SurfaceView.updateSurface:1105 android.view.SurfaceView.lambda$new$0$android-view-SurfaceView:200 
04-05 10:43:06.493 28757 28757 I ViewRootImpl@eb84c2a[MainActivity]: applyTransactionOnDraw: mRemoved = false isHardwareEnabled = true t = 0xb4000077d6e25f00android.view.SurfaceView.applyTransactionOnVriDraw:2048 android.view.SurfaceView.performSurfaceTransaction:959 android.view.SurfaceView.updateSurface:1105 android.view.SurfaceView.lambda$new$0$android-view-SurfaceView:200 android.view.SurfaceView$$ExternalSyntheticLambda5.onPreDraw:2 
04-05 10:43:06.493 28757 28757 I SurfaceView@3d7d945: updateSurface: mVisible = true mSurface.isValid() = true
04-05 10:43:06.493 28757 28757 I SurfaceView@3d7d945: updateSurface: mSurfaceCreated = true surfaceChanged = false visibleChanged = false
04-05 10:43:06.493 28757 28757 V SurfaceView@3d7d945: Layout: x=0 y=-870 w=720 h=375, frame=Rect(0, 0 - 720, 375)
04-05 10:43:06.494 28757 28852 D SurfaceView@3d7d945: updateSurfacePosition RenderWorker, frameNr = 279, position = [0, -894, 720, -519] surfaceSize = 720x375
04-05 10:43:06.494 28757 28852 I SurfaceView@3d7d945: uSP: rtp = Rect(0, -894 - 720, -519) rtsw = 720 rtsh = 375
04-05 10:43:06.494 28757 28852 I SurfaceView@3d7d945: onSSPAndSRT: pl = 0 pt = -894 sx = 1.0 sy = 1.0
04-05 10:43:06.494 28757 28852 I SurfaceView@3d7d945: aOrMT: ViewRootImpl@eb84c2a[MainActivity] t = android.view.SurfaceControl$Transaction@283b4e3 fN = 279 android.view.SurfaceView.-$$Nest$mapplyOrMergeTransaction:0 android.view.SurfaceView$SurfaceViewPositionUpdateListener.positionChanged:1537 android.graphics.RenderNode$CompositePositionUpdateListener.positionChanged:373 
04-05 10:43:06.494 28757 28852 I ViewRootImpl@eb84c2a[MainActivity]: mWNT: t=0xb4000077b72d8b00 mBlastBufferQueue=0xb4000077b6f3b400 fn= 279 caller= android.view.SurfaceView.applyOrMergeTransaction:1455 android.view.SurfaceView.-$$Nest$mapplyOrMergeTransaction:0 android.view.SurfaceView$SurfaceViewPositionUpdateListener.positionChanged:1537 
04-05 10:43:06.494 28757 28851 I ViewRootImpl@eb84c2a[MainActivity]: mWNT: t=0xb4000077d6e25f00 mBlastBufferQueue=0xb4000077b6f3b400 fn= 279 caller= android.view.ViewRootImpl.lambda$applyTransactionOnDraw$11$android-view-ViewRootImpl:12865 android.view.ViewRootImpl$$ExternalSyntheticLambda1.onFrameDraw:4 android.graphics.HardwareRenderer$FrameDrawingCallback.onFrameDraw:924 
04-05 10:43:06.509 28757 28757 I SurfaceView@3d7d945: Changes: creating=false format=false size=false visible=false alpha=false hint=false mUseAlpha=false visible=false left=false top=true
04-05 10:43:06.509 28757 28757 I SurfaceView@3d7d945: 64477509 Cur surface: Surface(name=null)/@0x9a01b61
04-05 10:43:06.509 28757 28757 I SurfaceView@3d7d945: applyTransactionOnVriDraw: vri = ViewRootImpl@eb84c2a[MainActivity] fRS = false t = 0xb4000077d6e26000 android.view.SurfaceView.performSurfaceTransaction:959 android.view.SurfaceView.updateSurface:1105 android.view.SurfaceView.lambda$new$0$android-view-SurfaceView:200 
04-05 10:43:06.509 28757 28757 I ViewRootImpl@eb84c2a[MainActivity]: applyTransactionOnDraw: mRemoved = false isHardwareEnabled = true t = 0xb4000077d6e26000android.view.SurfaceView.applyTransactionOnVriDraw:2048 android.view.SurfaceView.performSurfaceTransaction:959 android.view.SurfaceView.updateSurface:1105 android.view.SurfaceView.lambda$new$0$android-view-SurfaceView:200 android.view.SurfaceView$$ExternalSyntheticLambda5.onPreDraw:2 
04-05 10:43:06.509 28757 28757 I SurfaceView@3d7d945: updateSurface: mVisible = true mSurface.isValid() = true
04-05 10:43:06.510 28757 28757 I SurfaceView@3d7d945: updateSurface: mSurfaceCreated = true surfaceChanged = false visibleChanged = false
04-05 10:43:06.510 28757 28757 V SurfaceView@3d7d945: Layout: x=0 y=-894 w=720 h=375, frame=Rect(0, 0 - 720, 375)
04-05 10:43:06.510 28757 28852 D SurfaceView@3d7d945: updateSurfacePosition RenderWorker, frameNr = 280, position = [0, -919, 720, -544] surfaceSize = 720x375
04-05 10:43:06.510 28757 28852 I SurfaceView@3d7d945: uSP: rtp = Rect(0, -919 - 720, -544) rtsw = 720 rtsh = 375
04-05 10:43:06.510 28757 28852 I SurfaceView@3d7d945: onSSPAndSRT: pl = 0 pt = -919 sx = 1.0 sy = 1.0
04-05 10:43:06.510 28757 28852 I SurfaceView@3d7d945: aOrMT: ViewRootImpl@eb84c2a[MainActivity] t = android.view.SurfaceControl$Transaction@283b4e3 fN = 280 android.view.SurfaceView.-$$Nest$mapplyOrMergeTransaction:0 android.view.SurfaceView$SurfaceViewPositionUpdateListener.positionChanged:1537 android.graphics.RenderNode$CompositePositionUpdateListener.positionChanged:373 
04-05 10:43:06.510 28757 28852 I ViewRootImpl@eb84c2a[MainActivity]: mWNT: t=0xb4000077b72d8b00 mBlastBufferQueue=0xb4000077b6f3b400 fn= 280 caller= android.view.SurfaceView.applyOrMergeTransaction:1455 android.view.SurfaceView.-$$Nest$mapplyOrMergeTransaction:0 android.view.SurfaceView$SurfaceViewPositionUpdateListener.positionChanged:1537 
04-05 10:43:06.510 28757 28852 I ViewRootImpl@eb84c2a[MainActivity]: mWNT: t=0xb4000077d6e26000 mBlastBufferQueue=0xb4000077b6f3b400 fn= 280 caller= android.view.ViewRootImpl.lambda$applyTransactionOnDraw$11$android-view-ViewRootImpl:12865 android.view.ViewRootImpl$$ExternalSyntheticLambda1.onFrameDraw:4 android.graphics.HardwareRenderer$FrameDrawingCallback.onFrameDraw:924 
04-05 10:43:06.526 28757 28757 I SurfaceView@3d7d945: Changes: creating=false format=false size=false visible=false alpha=false hint=false mUseAlpha=false visible=false left=false top=true
04-05 10:43:06.526 28757 28757 I SurfaceView@3d7d945: 64477509 Cur surface: Surface(name=null)/@0x9a01b61
04-05 10:43:06.526 28757 28757 I SurfaceView@3d7d945: applyTransactionOnVriDraw: vri = ViewRootImpl@eb84c2a[MainActivity] fRS = false t = 0xb4000077d6e26100 android.view.SurfaceView.performSurfaceTransaction:959 android.view.SurfaceView.updateSurface:1105 android.view.SurfaceView.lambda$new$0$android-view-SurfaceView:200 
04-05 10:43:06.526 28757 28757 I ViewRootImpl@eb84c2a[MainActivity]: applyTransactionOnDraw: mRemoved = false isHardwareEnabled = true t = 0xb4000077d6e26100android.view.SurfaceView.applyTransactionOnVriDraw:2048 android.view.SurfaceView.performSurfaceTransaction:959 android.view.SurfaceView.updateSurface:1105 android.view.SurfaceView.lambda$new$0$android-view-SurfaceView:200 android.view.SurfaceView$$ExternalSyntheticLambda5.onPreDraw:2 
04-05 10:43:06.526 28757 28757 I SurfaceView@3d7d945: updateSurface: mVisible = true mSurface.isValid() = true
04-05 10:43:06.526 28757 28757 I SurfaceView@3d7d945: updateSurface: mSurfaceCreated = true surfaceChanged = false visibleChanged = false
04-05 10:43:06.526 28757 28757 V SurfaceView@3d7d945: Layout: x=0 y=-919 w=720 h=375, frame=Rect(0, 0 - 720, 375)
04-05 10:43:06.527 28757 28851 D SurfaceView@3d7d945: updateSurfacePosition RenderWorker, frameNr = 281, position = [0, -943, 720, -568] surfaceSize = 720x375
04-05 10:43:06.527 28757 28851 I SurfaceView@3d7d945: uSP: rtp = Rect(0, -943 - 720, -568) rtsw = 720 rtsh = 375
04-05 10:43:06.527 28757 28851 I SurfaceView@3d7d945: onSSPAndSRT: pl = 0 pt = -943 sx = 1.0 sy = 1.0
04-05 10:43:06.527 28757 28851 I SurfaceView@3d7d945: aOrMT: ViewRootImpl@eb84c2a[MainActivity] t = android.view.SurfaceControl$Transaction@283b4e3 fN = 281 android.view.SurfaceView.-$$Nest$mapplyOrMergeTransaction:0 android.view.SurfaceView$SurfaceViewPositionUpdateListener.positionChanged:1537 android.graphics.RenderNode$CompositePositionUpdateListener.positionChanged:373 
04-05 10:43:06.527 28757 28851 I ViewRootImpl@eb84c2a[MainActivity]: mWNT: t=0xb4000077b72d8b00 mBlastBufferQueue=0xb4000077b6f3b400 fn= 281 caller= android.view.SurfaceView.applyOrMergeTransaction:1455 android.view.SurfaceView.-$$Nest$mapplyOrMergeTransaction:0 android.view.SurfaceView$SurfaceViewPositionUpdateListener.positionChanged:1537 
04-05 10:43:06.527 28757 28851 I ViewRootImpl@eb84c2a[MainActivity]: mWNT: t=0xb4000077d6e26100 mBlastBufferQueue=0xb4000077b6f3b400 fn= 281 caller= android.view.ViewRootImpl.lambda$applyTransactionOnDraw$11$android-view-ViewRootImpl:12865 android.view.ViewRootImpl$$ExternalSyntheticLambda1.onFrameDraw:4 android.graphics.HardwareRenderer$FrameDrawingCallback.onFrameDraw:924 
04-05 10:43:06.542 28757 28757 I SurfaceView@3d7d945: Changes: creating=false format=false size=false visible=false alpha=false hint=false mUseAlpha=false visible=false left=false top=true
04-05 10:43:06.542 28757 28757 I SurfaceView@3d7d945: 64477509 Cur surface: Surface(name=null)/@0x9a01b61
04-05 10:43:06.542 28757 28757 I SurfaceView@3d7d945: applyTransactionOnVriDraw: vri = ViewRootImpl@eb84c2a[MainActivity] fRS = false t = 0xb4000077d6e26200 android.view.SurfaceView.performSurfaceTransaction:959 android.view.SurfaceView.updateSurface:1105 android.view.SurfaceView.lambda$new$0$android-view-SurfaceView:200 
04-05 10:43:06.543 28757 28757 I ViewRootImpl@eb84c2a[MainActivity]: applyTransactionOnDraw: mRemoved = false isHardwareEnabled = true t = 0xb4000077d6e26200android.view.SurfaceView.applyTransactionOnVriDraw:2048 android.view.SurfaceView.performSurfaceTransaction:959 android.view.SurfaceView.updateSurface:1105 android.view.SurfaceView.lambda$new$0$android-view-SurfaceView:200 android.view.SurfaceView$$ExternalSyntheticLambda5.onPreDraw:2 
04-05 10:43:06.543 28757 28757 I SurfaceView@3d7d945: updateSurface: mVisible = true mSurface.isValid() = true
04-05 10:43:06.543 28757 28757 I SurfaceView@3d7d945: updateSurface: mSurfaceCreated = true surfaceChanged = false visibleChanged = false
04-05 10:43:06.543 28757 28757 V SurfaceView@3d7d945: Layout: x=0 y=-943 w=720 h=375, frame=Rect(0, 0 - 720, 375)
04-05 10:43:06.543 28757 28852 D SurfaceView@3d7d945: updateSurfacePosition RenderWorker, frameNr = 282, position = [0, -964, 720, -589] surfaceSize = 720x375
04-05 10:43:06.543 28757 28852 I SurfaceView@3d7d945: uSP: rtp = Rect(0, -964 - 720, -589) rtsw = 720 rtsh = 375
04-05 10:43:06.543 28757 28852 I SurfaceView@3d7d945: onSSPAndSRT: pl = 0 pt = -964 sx = 1.0 sy = 1.0
04-05 10:43:06.543 28757 28852 I SurfaceView@3d7d945: aOrMT: ViewRootImpl@eb84c2a[MainActivity] t = android.view.SurfaceControl$Transaction@283b4e3 fN = 282 android.view.SurfaceView.-$$Nest$mapplyOrMergeTransaction:0 android.view.SurfaceView$SurfaceViewPositionUpdateListener.positionChanged:1537 android.graphics.RenderNode$CompositePositionUpdateListener.positionChanged:373 
04-05 10:43:06.544 28757 28852 I ViewRootImpl@eb84c2a[MainActivity]: mWNT: t=0xb4000077b72d8b00 mBlastBufferQueue=0xb4000077b6f3b400 fn= 282 caller= android.view.SurfaceView.applyOrMergeTransaction:1455 android.view.SurfaceView.-$$Nest$mapplyOrMergeTransaction:0 android.view.SurfaceView$SurfaceViewPositionUpdateListener.positionChanged:1537 
04-05 10:43:06.544 28757 28852 I ViewRootImpl@eb84c2a[MainActivity]: mWNT: t=0xb4000077d6e26200 mBlastBufferQueue=0xb4000077b6f3b400 fn= 282 caller= android.view.ViewRootImpl.lambda$applyTransactionOnDraw$11$android-view-ViewRootImpl:12865 android.view.ViewRootImpl$$ExternalSyntheticLambda1.onFrameDraw:4 android.graphics.HardwareRenderer$FrameDrawingCallback.onFrameDraw:924 
04-05 10:43:06.559 28757 28757 I SurfaceView@3d7d945: Changes: creating=false format=false size=false visible=false alpha=false hint=false mUseAlpha=false visible=false left=false top=true
04-05 10:43:06.559 28757 28757 I SurfaceView@3d7d945: 64477509 Cur surface: Surface(name=null)/@0x9a01b61
04-05 10:43:06.559 28757 28757 I SurfaceView@3d7d945: applyTransactionOnVriDraw: vri = ViewRootImpl@eb84c2a[MainActivity] fRS = false t = 0xb4000077d6f6d900 android.view.SurfaceView.performSurfaceTransaction:959 android.view.SurfaceView.updateSurface:1105 android.view.SurfaceView.lambda$new$0$android-view-SurfaceView:200 
04-05 10:43:06.559 28757 28757 I ViewRootImpl@eb84c2a[MainActivity]: applyTransactionOnDraw: mRemoved = false isHardwareEnabled = true t = 0xb4000077d6f6d900android.view.SurfaceView.applyTransactionOnVriDraw:2048 android.view.SurfaceView.performSurfaceTransaction:959 android.view.SurfaceView.updateSurface:1105 android.view.SurfaceView.lambda$new$0$android-view-SurfaceView:200 android.view.SurfaceView$$ExternalSyntheticLambda5.onPreDraw:2 
04-05 10:43:06.559 28757 28757 I SurfaceView@3d7d945: updateSurface: mVisible = true mSurface.isValid() = true
04-05 10:43:06.559 28757 28757 I SurfaceView@3d7d945: updateSurface: mSurfaceCreated = true surfaceChanged = false visibleChanged = false
04-05 10:43:06.559 28757 28757 V SurfaceView@3d7d945: Layout: x=0 y=-964 w=720 h=375, frame=Rect(0, 0 - 720, 375)
04-05 10:43:06.560 28757 28851 D SurfaceView@3d7d945: updateSurfacePosition RenderWorker, frameNr = 283, position = [0, -985, 720, -610] surfaceSize = 720x375
04-05 10:43:06.560 28757 28851 I SurfaceView@3d7d945: uSP: rtp = Rect(0, -985 - 720, -610) rtsw = 720 rtsh = 375
04-05 10:43:06.560 28757 28851 I SurfaceView@3d7d945: onSSPAndSRT: pl = 0 pt = -985 sx = 1.0 sy = 1.0
04-05 10:43:06.560 28757 28851 I SurfaceView@3d7d945: aOrMT: ViewRootImpl@eb84c2a[MainActivity] t = android.view.SurfaceControl$Transaction@283b4e3 fN = 283 android.view.SurfaceView.-$$Nest$mapplyOrMergeTransaction:0 android.view.SurfaceView$SurfaceViewPositionUpdateListener.positionChanged:1537 android.graphics.RenderNode$CompositePositionUpdateListener.positionChanged:373 
04-05 10:43:06.560 28757 28851 I ViewRootImpl@eb84c2a[MainActivity]: mWNT: t=0xb4000077b72d8b00 mBlastBufferQueue=0xb4000077b6f3b400 fn= 283 caller= android.view.SurfaceView.applyOrMergeTransaction:1455 android.view.SurfaceView.-$$Nest$mapplyOrMergeTransaction:0 android.view.SurfaceView$SurfaceViewPositionUpdateListener.positionChanged:1537 
04-05 10:43:06.560 28757 28851 I ViewRootImpl@eb84c2a[MainActivity]: mWNT: t=0xb4000077d6f6d900 mBlastBufferQueue=0xb4000077b6f3b400 fn= 283 caller= android.view.ViewRootImpl.lambda$applyTransactionOnDraw$11$android-view-ViewRootImpl:12865 android.view.ViewRootImpl$$ExternalSyntheticLambda1.onFrameDraw:4 android.graphics.HardwareRenderer$FrameDrawingCallback.onFrameDraw:924 
