04-05 12:03:55.397 30040 32461 I PluginInstance: Adding Dm21 (https://dm21.embed4me.vip) ExtractorApi
04-05 12:03:55.398 30040 32461 I PluginInstance: Adding Meplayer (https://video.4meplayer.com) ExtractorApi
04-05 12:03:55.398 30040 32461 I PluginInstance: Adding Fufaupns (https://fufafilm.upns.pro) ExtractorApi
04-05 12:03:55.398 30040 32461 I PluginInstance: Adding P2pplay (https://nf21.p2pplay.pro) ExtractorApi
04-05 12:03:55.398 30040 32461 I PluginInstance: Adding Playerngefilm21 (https://player.ngefilm21.com) ExtractorApi
04-05 12:03:55.398 30040 32461 I PluginInstance: Adding Rpmvid (https://rpmvid.com) ExtractorApi
04-05 12:03:55.398 30040 32461 I PluginInstance: Adding Voe (https://voe.sx) ExtractorApi
04-05 12:03:55.398 30040 32461 I PluginInstance: Adding Veev (https://veev.to) ExtractorApi
04-05 12:03:55.398 30040 32461 I PluginInstance: Adding Dintezuvio (https://dintezuvio.com) ExtractorApi
04-05 12:03:55.398 30040 32461 I PluginInstance: Adding Hxfile (https://hxfile.co) ExtractorApi
04-05 12:03:55.398 30040 32461 I PluginInstance: Adding Odnoklassniki (https://odnoklassniki.ru) ExtractorApi
04-05 12:03:55.398 30040 32461 I PluginInstance: Adding OkRuSSL (https://ok.ru) ExtractorApi
04-05 12:03:55.398 30040 32461 I PluginInstance: Adding OkRuHTTP (http://ok.ru) ExtractorApi
04-05 12:03:55.398 30040 32461 I PluginInstance: Adding Dailymotion (https://www.dailymotion.com) ExtractorApi
04-05 12:03:55.398 30040 32461 I PluginInstance: Adding Rumble (https://rumble.com) ExtractorApi
04-05 12:03:55.398 30040 32461 I PluginInstance: Adding StreamRuby (https://rubyvidhub.com) ExtractorApi
04-05 12:03:55.398 30040 32461 I PluginInstance: Adding svanila (https://streamruby.net) ExtractorApi
04-05 12:03:55.398 30040 32461 I PluginInstance: Adding svilla (https://streamruby.com) ExtractorApi
04-05 12:03:55.398 30040 32461 I PluginInstance: Adding Vidguard (https://vidguard.to) ExtractorApi
04-05 12:03:55.398 30040 32461 I PluginInstance: Adding Vidguard (https://bembed.net) ExtractorApi
04-05 12:03:55.398 30040 32461 I PluginInstance: Adding Vidguard (https://listeamed.net) ExtractorApi
04-05 12:03:55.398 30040 32461 I PluginInstance: Adding Vidguard (https://vgfplay.com) ExtractorApi
04-05 12:03:55.398 30040 32461 I PluginInstance: Adding Archivd (https://archivd.net) ExtractorApi
04-05 12:03:55.398 30040 32461 I PluginInstance: Adding Uservideo (https://new.uservideo.xyz) ExtractorApi
04-05 12:03:55.398 30040 32461 I PluginInstance: Adding Vidhidepro (https://vidhidepro.com) ExtractorApi
04-05 12:03:55.398 30040 32461 I PluginInstance: Adding DoodStream (https://dsvplay.com) ExtractorApi
04-05 12:03:55.398 30040 32461 I PluginInstance: Adding ArchiveOrg (https://archive.org) ExtractorApi
04-05 12:03:55.398 30040 32461 I PluginInstance: Adding Megacloud (https://megacloud.blog) ExtractorApi
04-05 12:03:55.398 30040 32461 I PluginInstance: Adding Jeniusplay (https://jeniusplay.com) ExtractorApi
04-05 12:03:55.398 30040 32461 I PluginInstance: Adding Gdriveplayer.to (https://gdriveplayer.to) ExtractorApi
04-05 12:03:55.398 30040 32461 I PluginInstance: Adding GDFlix (https://gdflix.co) ExtractorApi
04-05 12:03:55.398 30040 32461 I PluginInstance: Adding Blogger (https://www.blogger.com) ExtractorApi
04-05 12:03:55.398 30040 32461 I PluginInstance: Adding PixelDrain (https://pixeldrain.com) ExtractorApi
04-05 12:03:55.398 30040 32461 I PluginInstance: Adding Upload18 (https://www.upload18.com) ExtractorApi
04-05 12:03:55.398 30040 32461 I PluginInstance: Adding Xshotcok (https://xshotcok.com) ExtractorApi
04-05 12:03:55.398 30040 32461 I PluginInstance: Adding Co4nxtrl (https://co4nxtrl.com) ExtractorApi
04-05 12:03:55.398 30040 32461 I PluginInstance: Adding Hownetwork (https://stream.hownetwork.xyz) ExtractorApi
04-05 12:03:55.398 30040 32461 I PluginInstance: Adding Hownetwork (https://cloud.hownetwork.xyz) ExtractorApi
04-05 12:03:55.398 30040 32461 I PluginInstance: Adding Furher (https://furher.in) ExtractorApi
04-05 12:03:55.398 30040 32461 I PluginInstance: Adding Furher 2 (723qrh1p.fun) ExtractorApi
04-05 12:03:55.398 30040 32461 I PluginInstance: Adding Turbovidhls (https://turbovid.xyz) ExtractorApi
04-05 12:03:55.398 30040 32461 I PluginInstance: Adding Emturbovid (https://emturbovid.com) ExtractorApi
04-05 12:03:55.398 30040 32461 I PluginInstance: Adding VidHidePro6 (https://vidhidepro.com) ExtractorApi
04-05 12:03:55.398 30040 32461 I PluginManager: Loaded plugin Animasu successfully
04-05 12:03:55.408 30040 32461 I PluginManager: Unloading plugin: /data/user/0/com.lagradost.cloudstream3/files/Extensions/httpsraw.githubusercontent.combyimam2ndcloudstream-ekstensionrefsheadsmasterrepo.json.-1427536412/Samehadaku.846270246.cs3
04-05 12:03:55.408 30040 32461 I PluginManager: Loading plugin: PluginData(internalName=Samehadaku, url=https://raw.githubusercontent.com/byimam2nd/oce/builds/Samehadaku.cs3, isOnline=true, filePath=/data/user/0/com.lagradost.cloudstream3/files/Extensions/httpsraw.githubusercontent.combyimam2ndcloudstream-ekstensionrefsheadsmasterrepo.json.-1427536412/Samehadaku.846270246.cs3, version=-2147483648)
04-05 12:03:55.409 30040 32462 I PluginManager: Unloading plugin: /data/user/0/com.lagradost.cloudstream3/files/Extensions/httpsraw.githubusercontent.combyimam2ndcloudstream-ekstensionrefsheadsmasterrepo.json.-1427536412/Pencurimovie.898939342.cs3
04-05 12:03:55.410 30040 32462 I PluginManager: Loading plugin: PluginData(internalName=Pencurimovie, url=https://raw.githubusercontent.com/byimam2nd/oce/builds/Pencurimovie.cs3, isOnline=true, filePath=/data/user/0/com.lagradost.cloudstream3/files/Extensions/httpsraw.githubusercontent.combyimam2ndcloudstream-ekstensionrefsheadsmasterrepo.json.-1427536412/Pencurimovie.898939342.cs3, version=-2147483648)
04-05 12:03:55.419 30040 32461 I PluginInstance: Adding SamehadakuŌø®’ĖÅ (https://v1.samehadaku.how) MainAPI
04-05 12:03:55.420 30040 32462 I PluginInstance: Adding Pencurimovie (https://ww73.pencurimovie.bond) MainAPI
04-05 12:03:55.424 30040 32461 I PluginInstance: Adding Do7go (https://do7go.com) ExtractorApi
04-05 12:03:55.424 30040 32461 I PluginInstance: Adding DHC Play (https://dhcplay.com) ExtractorApi
04-05 12:03:55.424 30040 32461 I PluginInstance: Adding Hglink (https://hglink.to) ExtractorApi
04-05 12:03:55.424 30040 32461 I PluginInstance: Adding Ghbrisk (https://ghbrisk.com) ExtractorApi
04-05 12:03:55.424 30040 32461 I PluginInstance: Adding Movearnpre (https://movearnpre.com) ExtractorApi
04-05 12:03:55.424 30040 32461 I PluginInstance: Adding Minochinos (https://minochinos.com) ExtractorApi
04-05 12:03:55.424 30040 32461 I PluginInstance: Adding Mivalyo (https://mivalyo.com) ExtractorApi
04-05 12:03:55.424 30040 32461 I PluginInstance: Adding Ryderjet (https://ryderjet.com) ExtractorApi
04-05 12:03:55.424 30040 32461 I PluginInstance: Adding Bingezove (https://bingezove.com) ExtractorApi
04-05 12:03:55.424 30040 32461 I PluginInstance: Adding Dingtezuni (https://dingtezuni.com) ExtractorApi
04-05 12:03:55.424 30040 32461 I PluginInstance: Adding Dhtpre (https://dhtpre.com) ExtractorApi
04-05 12:03:55.424 30040 32461 I PluginInstance: Adding Listeamed (https://listeamed.net) ExtractorApi
04-05 12:03:55.424 30040 32461 I PluginInstance: Adding Streamcasthub (https://live.streamcasthub.store) ExtractorApi
04-05 12:03:55.424 30040 32461 I PluginInstance: Adding Dm21embed (https://dm21.embed4me.vip) ExtractorApi
04-05 12:03:55.424 30040 32461 I PluginInstance: Adding Dm21upns (https://dm21.upns.live) ExtractorApi
04-05 12:03:55.424 30040 32461 I PluginInstance: Adding Pm21p2p (https://pm21.p2pplay.pro) ExtractorApi
04-05 12:03:55.424 30040 32461 I PluginInstance: Adding Dm21 (https://dm21.embed4me.vip) ExtractorApi
04-05 12:03:55.424 30040 32461 I PluginInstance: Adding Meplayer (https://video.4meplayer.com) ExtractorApi
04-05 12:03:55.424 30040 32461 I PluginInstance: Adding Fufaupns (https://fufafilm.upns.pro) ExtractorApi
04-05 12:03:55.424 30040 32461 I PluginInstance: Adding P2pplay (https://nf21.p2pplay.pro) ExtractorApi
04-05 12:03:55.424 30040 32461 I PluginInstance: Adding Playerngefilm21 (https://player.ngefilm21.com) ExtractorApi
04-05 12:03:55.424 30040 32461 I PluginInstance: Adding Rpmvid (https://rpmvid.com) ExtractorApi
04-05 12:03:55.424 30040 32461 I PluginInstance: Adding Voe (https://voe.sx) ExtractorApi
04-05 12:03:55.424 30040 32461 I PluginInstance: Adding Veev (https://veev.to) ExtractorApi
04-05 12:03:55.424 30040 32461 I PluginInstance: Adding Dintezuvio (https://dintezuvio.com) ExtractorApi
04-05 12:03:55.424 30040 32461 I PluginInstance: Adding Hxfile (https://hxfile.co) ExtractorApi
04-05 12:03:55.424 30040 32461 I PluginInstance: Adding Odnoklassniki (https://odnoklassniki.ru) ExtractorApi
04-05 12:03:55.424 30040 32461 I PluginInstance: Adding OkRuSSL (https://ok.ru) ExtractorApi
04-05 12:03:55.424 30040 32461 I PluginInstance: Adding OkRuHTTP (http://ok.ru) ExtractorApi
04-05 12:03:55.424 30040 32461 I PluginInstance: Adding Dailymotion (https://www.dailymotion.com) ExtractorApi
04-05 12:03:55.424 30040 32461 I PluginInstance: Adding Rumble (https://rumble.com) ExtractorApi
04-05 12:03:55.425 30040 32461 I PluginInstance: Adding StreamRuby (https://rubyvidhub.com) ExtractorApi
04-05 12:03:55.425 30040 32461 I PluginInstance: Adding svanila (https://streamruby.net) ExtractorApi
04-05 12:03:55.425 30040 32461 I PluginInstance: Adding svilla (https://streamruby.com) ExtractorApi
04-05 12:03:55.425 30040 32461 I PluginInstance: Adding Vidguard (https://vidguard.to) ExtractorApi
04-05 12:03:55.425 30040 32461 I PluginInstance: Adding Vidguard (https://bembed.net) ExtractorApi
04-05 12:03:55.425 30040 32461 I PluginInstance: Adding Vidguard (https://listeamed.net) ExtractorApi
04-05 12:03:55.425 30040 32461 I PluginInstance: Adding Vidguard (https://vgfplay.com) ExtractorApi
04-05 12:03:55.425 30040 32461 I PluginInstance: Adding Archivd (https://archivd.net) ExtractorApi
04-05 12:03:55.425 30040 32461 I PluginInstance: Adding Uservideo (https://new.uservideo.xyz) ExtractorApi
04-05 12:03:55.425 30040 32461 I PluginInstance: Adding Vidhidepro (https://vidhidepro.com) ExtractorApi
04-05 12:03:55.425 30040 32461 I PluginInstance: Adding DoodStream (https://dsvplay.com) ExtractorApi
04-05 12:03:55.425 30040 32461 I PluginInstance: Adding ArchiveOrg (https://archive.org) ExtractorApi
04-05 12:03:55.425 30040 32461 I PluginInstance: Adding Megacloud (https://megacloud.blog) ExtractorApi
04-05 12:03:55.425 30040 32461 I PluginInstance: Adding Jeniusplay (https://jeniusplay.com) ExtractorApi
04-05 12:03:55.425 30040 32461 I PluginInstance: Adding Gdriveplayer.to (https://gdriveplayer.to) ExtractorApi
04-05 12:03:55.425 30040 32461 I PluginInstance: Adding GDFlix (https://gdflix.co) ExtractorApi
04-05 12:03:55.425 30040 32461 I PluginInstance: Adding Blogger (https://www.blogger.com) ExtractorApi
04-05 12:03:55.425 30040 32461 I PluginInstance: Adding PixelDrain (https://pixeldrain.com) ExtractorApi
04-05 12:03:55.425 30040 32462 I PluginInstance: Adding Do7go (https://do7go.com) ExtractorApi
04-05 12:03:55.425 30040 32461 I PluginInstance: Adding Upload18 (https://www.upload18.com) ExtractorApi
04-05 12:03:55.425 30040 32462 I PluginInstance: Adding DHC Play (https://dhcplay.com) ExtractorApi
04-05 12:03:55.425 30040 32461 I PluginInstance: Adding Xshotcok (https://xshotcok.com) ExtractorApi
04-05 12:03:55.425 30040 32461 I PluginInstance: Adding Co4nxtrl (https://co4nxtrl.com) ExtractorApi
04-05 12:03:55.425 30040 32461 I PluginInstance: Adding Hownetwork (https://stream.hownetwork.xyz) ExtractorApi
04-05 12:03:55.425 30040 32461 I PluginInstance: Adding Hownetwork (https://cloud.hownetwork.xyz) ExtractorApi
04-05 12:03:55.425 30040 32461 I PluginInstance: Adding Furher (https://furher.in) ExtractorApi
04-05 12:03:55.425 30040 32461 I PluginInstance: Adding Furher 2 (723qrh1p.fun) ExtractorApi
04-05 12:03:55.425 30040 32461 I PluginInstance: Adding Turbovidhls (https://turbovid.xyz) ExtractorApi
04-05 12:03:55.425 30040 32461 I PluginInstance: Adding Emturbovid (https://emturbovid.com) ExtractorApi
04-05 12:03:55.425 30040 32461 I PluginInstance: Adding VidHidePro6 (https://vidhidepro.com) ExtractorApi
04-05 12:03:55.425 30040 32461 I PluginManager: Loaded plugin Samehadaku successfully
04-05 12:03:55.426 30040 32462 I PluginInstance: Adding Hglink (https://hglink.to) ExtractorApi
04-05 12:03:55.426 30040 32462 I PluginInstance: Adding Ghbrisk (https://ghbrisk.com) ExtractorApi
04-05 12:03:55.426 30040 32462 I PluginInstance: Adding Movearnpre (https://movearnpre.com) ExtractorApi
04-05 12:03:55.426 30040 32462 I PluginInstance: Adding Minochinos (https://minochinos.com) ExtractorApi
04-05 12:03:55.426 30040 32462 I PluginInstance: Adding Mivalyo (https://mivalyo.com) ExtractorApi
04-05 12:03:55.426 30040 32462 I PluginInstance: Adding Ryderjet (https://ryderjet.com) ExtractorApi
04-05 12:03:55.426 30040 32462 I PluginInstance: Adding Bingezove (https://bingezove.com) ExtractorApi
04-05 12:03:55.426 30040 32462 I PluginInstance: Adding Dingtezuni (https://dingtezuni.com) ExtractorApi
04-05 12:03:55.426 30040 32462 I PluginInstance: Adding Dhtpre (https://dhtpre.com) ExtractorApi
04-05 12:03:55.426 30040 32462 I PluginInstance: Adding Listeamed (https://listeamed.net) ExtractorApi
04-05 12:03:55.426 30040 32462 I PluginInstance: Adding Streamcasthub (https://live.streamcasthub.store) ExtractorApi
04-05 12:03:55.426 30040 32462 I PluginInstance: Adding Dm21embed (https://dm21.embed4me.vip) ExtractorApi
04-05 12:03:55.426 30040 32462 I PluginInstance: Adding Dm21upns (https://dm21.upns.live) ExtractorApi
04-05 12:03:55.426 30040 32462 I PluginInstance: Adding Pm21p2p (https://pm21.p2pplay.pro) ExtractorApi
04-05 12:03:55.426 30040 32462 I PluginInstance: Adding Dm21 (https://dm21.embed4me.vip) ExtractorApi
04-05 12:03:55.426 30040 32462 I PluginInstance: Adding Meplayer (https://video.4meplayer.com) ExtractorApi
04-05 12:03:55.426 30040 32462 I PluginInstance: Adding Fufaupns (https://fufafilm.upns.pro) ExtractorApi
04-05 12:03:55.426 30040 32462 I PluginInstance: Adding P2pplay (https://nf21.p2pplay.pro) ExtractorApi
04-05 12:03:55.426 30040 32462 I PluginInstance: Adding Playerngefilm21 (https://player.ngefilm21.com) ExtractorApi
04-05 12:03:55.426 30040 32462 I PluginInstance: Adding Rpmvid (https://rpmvid.com) ExtractorApi
04-05 12:03:55.426 30040 32462 I PluginInstance: Adding Voe (https://voe.sx) ExtractorApi
04-05 12:03:55.426 30040 32462 I PluginInstance: Adding Veev (https://veev.to) ExtractorApi
04-05 12:03:55.426 30040 32462 I PluginInstance: Adding Dintezuvio (https://dintezuvio.com) ExtractorApi
04-05 12:03:55.427 30040 32462 I PluginInstance: Adding Hxfile (https://hxfile.co) ExtractorApi
04-05 12:03:55.427 30040 32462 I PluginInstance: Adding Odnoklassniki (https://odnoklassniki.ru) ExtractorApi
04-05 12:03:55.427 30040 32462 I PluginInstance: Adding OkRuSSL (https://ok.ru) ExtractorApi
04-05 12:03:55.427 30040 32462 I PluginInstance: Adding OkRuHTTP (http://ok.ru) ExtractorApi
04-05 12:03:55.427 30040 32462 I PluginInstance: Adding Dailymotion (https://www.dailymotion.com) ExtractorApi
04-05 12:03:55.427 30040 32462 I PluginInstance: Adding Rumble (https://rumble.com) ExtractorApi
04-05 12:03:55.427 30040 32462 I PluginInstance: Adding StreamRuby (https://rubyvidhub.com) ExtractorApi
04-05 12:03:55.427 30040 32462 I PluginInstance: Adding svanila (https://streamruby.net) ExtractorApi
04-05 12:03:55.427 30040 32462 I PluginInstance: Adding svilla (https://streamruby.com) ExtractorApi
04-05 12:03:55.427 30040 32462 I PluginInstance: Adding Vidguard (https://vidguard.to) ExtractorApi
04-05 12:03:55.427 30040 32462 I PluginInstance: Adding Vidguard (https://bembed.net) ExtractorApi
04-05 12:03:55.427 30040 32462 I PluginInstance: Adding Vidguard (https://listeamed.net) ExtractorApi
04-05 12:03:55.427 30040 32462 I PluginInstance: Adding Vidguard (https://vgfplay.com) ExtractorApi
04-05 12:03:55.427 30040 32462 I PluginInstance: Adding Archivd (https://archivd.net) ExtractorApi
04-05 12:03:55.427 30040 32462 I PluginInstance: Adding Uservideo (https://new.uservideo.xyz) ExtractorApi
04-05 12:03:55.427 30040 32462 I PluginInstance: Adding Vidhidepro (https://vidhidepro.com) ExtractorApi
04-05 12:03:55.427 30040 32462 I PluginInstance: Adding DoodStream (https://dsvplay.com) ExtractorApi
04-05 12:03:55.427 30040 32462 I PluginInstance: Adding ArchiveOrg (https://archive.org) ExtractorApi
04-05 12:03:55.427 30040 32462 I PluginInstance: Adding Megacloud (https://megacloud.blog) ExtractorApi
04-05 12:03:55.427 30040 32462 I PluginInstance: Adding Jeniusplay (https://jeniusplay.com) ExtractorApi
04-05 12:03:55.427 30040 32462 I PluginInstance: Adding Gdriveplayer.to (https://gdriveplayer.to) ExtractorApi
04-05 12:03:55.427 30040 32462 I PluginInstance: Adding GDFlix (https://gdflix.co) ExtractorApi
04-05 12:03:55.427 30040 32462 I PluginInstance: Adding Blogger (https://www.blogger.com) ExtractorApi
04-05 12:03:55.427 30040 32462 I PluginInstance: Adding PixelDrain (https://pixeldrain.com) ExtractorApi
04-05 12:03:55.427 30040 32462 I PluginInstance: Adding Upload18 (https://www.upload18.com) ExtractorApi
04-05 12:03:55.427 30040 32462 I PluginInstance: Adding Xshotcok (https://xshotcok.com) ExtractorApi
04-05 12:03:55.427 30040 32462 I PluginInstance: Adding Co4nxtrl (https://co4nxtrl.com) ExtractorApi
04-05 12:03:55.427 30040 32462 I PluginInstance: Adding Hownetwork (https://stream.hownetwork.xyz) ExtractorApi
04-05 12:03:55.427 30040 32462 I PluginInstance: Adding Hownetwork (https://cloud.hownetwork.xyz) ExtractorApi
04-05 12:03:55.427 30040 32462 I PluginInstance: Adding Furher (https://furher.in) ExtractorApi
04-05 12:03:55.427 30040 32462 I PluginInstance: Adding Furher 2 (723qrh1p.fun) ExtractorApi
04-05 12:03:55.427 30040 32462 I PluginInstance: Adding Turbovidhls (https://turbovid.xyz) ExtractorApi
04-05 12:03:55.427 30040 32462 I PluginInstance: Adding Emturbovid (https://emturbovid.com) ExtractorApi
04-05 12:03:55.427 30040 32462 I PluginInstance: Adding VidHidePro6 (https://vidhidepro.com) ExtractorApi
04-05 12:03:55.427 30040 32462 I PluginManager: Loaded plugin Pencurimovie successfully
04-05 12:03:55.428 30040 32462 I PluginManager: Plugin update done!
04-05 12:03:55.428 30040 30040 I COMPACT : showToast = Berhasil memperbarui 7 plugin!
04-05 12:03:55.430 30040 30040 E Toast   : setGravity() shouldn't be called on text toasts, the values won't be used
04-05 12:03:55.430 30040 30040 I Toast   : setView: it's a custom toast
04-05 12:03:55.432 30040 30040 V Toast   : show: caller = com.lagradost.cloudstream3.CommonActivity.showToast:194 
04-05 12:03:55.437 30040 30066 D OpenGLRenderer: setSurface called with nullptr
04-05 12:03:55.437 30040 30066 D OpenGLRenderer: setSurface() destroyed EGLSurface
04-05 12:03:55.437 30040 30066 D OpenGLRenderer: destroyEglSurface
04-05 12:03:55.439 30040 30040 I ViewRootImpl@8864747[Toast]: dispatchDetachedFromWindow
04-05 12:03:55.439 30040 30040 I BLASTBufferQueue: [ViewRootImpl@8864747[Toast]#26](f:0,a:1) destructor()
04-05 12:03:55.439 30040 30040 D BufferQueueConsumer: [ViewRootImpl@8864747[Toast]#26(BLAST Consumer)26](id:75580000001a,api:0,p:-1,c:30040) disconnect
04-05 12:03:55.443 30040 30040 D InputTransport: Input channel destroyed: 'fb8a267', fd=160
04-05 12:03:55.449 30040 30040 V Toast   : HANDLE SHOW: android.widget.Toast$TN@1041494 mView=null mNextView=androidx.cardview.widget.CardView{b7a0b3d V.E..V... ......ID 0,0-0,0 #7f0a05b5 app:id/toast_layout_root}
04-05 12:03:55.449 30040 30040 V ToastPresenter: sipHeight = -90
04-05 12:03:55.450 30040 30040 V ToastPresenter: yOffset = 9
04-05 12:03:55.451 30040 30066 D NativeCustomFrequencyManager: [NativeCFMS] BpCustomFrequencyManager::BpCustomFrequencyManager()
04-05 12:03:55.455 30040 30040 D InsetsController: onStateChanged: InsetsState: {mDisplayFrame=Rect(0, 0 - 720, 1600), mDisplayCutout=DisplayCutout{insets=Rect(0, 58 - 0, 0) waterfall=Insets{left=0, top=0, right=0, bottom=0} boundingRect={Bounds=[Rect(0, 0 - 0, 0), Rect(298, 0 - 422, 58), Rect(0, 0 - 0, 0), Rect(0, 0 - 0, 0)]} cutoutPathParserInfo={CutoutPathParserInfo{displayWidth=720 displayHeight=1600 physicalDisplayWidth=720 physicalDisplayHeight=1600 density={1.875} cutoutSpec={M62.05,0l-2.7,0l-2.7,0l-1.4,0.1L53.95,0.2l-1.3,0.2l-1.3,0.2L49.95,0.9l-1.3,0.4l-1.3,0.5l-1.2,0.6L44.95,3 l-1.1,0.7l-1,0.8l-1,0.9l-0.9,1l-0.8,1l-0.7,1.1l-0.7,1.2l-0.6,1.2l-0.5,1.3l-0.4,1.3l-0.4,1.3l-0.5,2.3l-0.4,2.3l-0.4,2.3L34.95,23.9 l-0.6,2.3l-0.7,2.2l-0.4,1.1L32.95,30.6l-0.5,1.1L31.95,32.7c-3.5,7.2-9.3,13.1-16.6,16.6c-17.7,8.5-38.9,1.1-47.4-16.6l-0.5-1.1 l-0.5-1.1l-0.4-1.1l-0.4-1.1l-0.7-2.2l-0.6-2.3l-0.5-2.3l-0.4-2.3l-0.4-2.3l-0.5-2.3l-0.4-1.3l-0.4-1.3L-38.15,11l-0.6-1.2l-0.7-1.2 L-40.05,7.5l-0.8-1l-0.9-1l-1-0.9l-1-0.8L-44.95,3l-1.2-0.6l-1.2-0.6l-1.3-0.5l-1.3-0.4l-1.3-0.3L-52.55,0.4L-53.95,0.2L-55.25,0.1L-56.65,0L-59.35,0 L-62.05,0Z} rotation={0} scale={1.0} physicalPixelDisplaySizeRatio={1.0}}}}, mRoundedCorners=RoundedCorners{[RoundedCorner{position=TopLeft, radius=60, center=Point(60, 60)}, RoundedCorner{position=TopRight, radius=60, center=Point(660, 60)}, RoundedCorner{position=BottomRight, radius=60, center=Point(660, 1540)}, RoundedCorner{position=BottomLeft, radius=60, center=Point(60, 1540)}]}  mRoundedCornerFrame=Rect(0, 0 - 0, 0), mPrivacyIndicatorBounds=PrivacyIndicatorBounds {static bounds=Rect(637, 0 - 720, 53) rotation=0}, mSources= { InsetsSource: {mType=ITYPE_NAVIGATION_BAR, mFrame=[0,1510][720,1600], mVisible=true, mInsetsRoundedCornerFrame=false}, InsetsSource: {mType=ITYPE_LEFT_GESTURES, mFrame=[0,0][0,1600], mVisible=true, mInsetsRoundedCornerFrame=false}, InsetsSource: {mType=ITYPE_RIGHT_GESTURES, mFrame=[720,0][720,1600], mVisible=true, mInsetsRoundedCornerFrame=false}, InsetsSource: {mType=ITYPE_TOP_MANDATORY_GESTURES, mFrame=[0,0][720,81], mVisible=true, mInsetsRoundedCornerFrame=false}, InsetsSource: {mType=ITYPE_BOTTOM_MANDATORY_GESTURES, mFrame=[0,1510][720,1600], mVisible=true, mInsetsRoundedCornerFrame=false}, InsetsSource: {mType=ITYPE_LEFT_DISPLAY_CUTOUT, mFrame=[0,0][-100000,1600], mVisible=true, mInsetsRoundedCornerFrame=false}, InsetsSource: {mType=ITYPE_TOP_DISPLAY_CUTOUT, mFrame=[0,0][720,58], mVisible=true, mInsetsRoundedCornerFrame=false}, InsetsSource: {mType=ITYPE_RIGHT_DISPLAY_CUTOUT, mFrame=[100000,0][720,1600], mVisible=true, mInsetsRoundedCornerFrame=false}, InsetsSource: {mType=ITYPE_BOTTOM_DISPLAY_CUTOUT, mFrame=[0,100000][720,1600], mVisible=true, mInsetsRoundedCornerFrame=false}, InsetsSource: {mType=ITYPE_BOTTOM_TAPPABLE_ELEMENT, mFrame=[0,1510][720,1600], mVisible=true, mInsetsRoundedCornerFrame=false} } host=Toast from=android.view.ViewRootImpl.setView:1732
04-05 12:03:55.456 30040 30040 I ViewRootImpl@918f32[Toast]: setView = androidx.cardview.widget.CardView@b7a0b3d TM=true
04-05 12:03:55.461 30040 30040 I ViewRootImpl@918f32[Toast]: performTraversals params={(0,9)(wrapxwrap) gr=BOTTOM CENTER sim={adjust=resize} ty=TOAST fmt=TRANSLUCENT wanim=0x1030004 surfaceInsets=Rect(8, 8 - 8, 8)
04-05 12:03:55.461 30040 30040 I ViewRootImpl@918f32[Toast]:   fl=1000098
04-05 12:03:55.461 30040 30040 I ViewRootImpl@918f32[Toast]:   pfl=12000000
04-05 12:03:55.461 30040 30040 I ViewRootImpl@918f32[Toast]:   bhv=DEFAULT
04-05 12:03:55.461 30040 30040 I ViewRootImpl@918f32[Toast]:   fitTypes=STATUS_BARS NAVIGATION_BARS CAPTION_BAR
04-05 12:03:55.461 30040 30040 I ViewRootImpl@918f32[Toast]:   fitIgnoreVis naviIconColor=0}
04-05 12:03:55.462 30040 30040 I ViewRootImpl@918f32[Toast]: performTraversals mFirst=true windowShouldResize=false viewVisibilityChanged=false mForceNextWindowRelayout=false params={(0,9)(wrapxwrap) gr=BOTTOM CENTER sim={adjust=resize} ty=TOAST fmt=TRANSLUCENT wanim=0x1030004 surfaceInsets=Rect(8, 8 - 8, 8)
04-05 12:03:55.462 30040 30040 I ViewRootImpl@918f32[Toast]:   fl=1000098
04-05 12:03:55.462 30040 30040 I ViewRootImpl@918f32[Toast]:   pfl=12000000
04-05 12:03:55.462 30040 30040 I ViewRootImpl@918f32[Toast]:   bhv=DEFAULT
04-05 12:03:55.462 30040 30040 I ViewRootImpl@918f32[Toast]:   fitTypes=STATUS_BARS NAVIGATION_BARS CAPTION_BAR
04-05 12:03:55.462 30040 30040 I ViewRootImpl@918f32[Toast]:   fitIgnoreVis naviIconColor=0}
04-05 12:03:55.468 30040 30040 I ViewRootImpl@918f32[Toast]: updateBlastSurfaceIfNeeded mBlastBufferQueue=null isSameSurfaceControl=false
04-05 12:03:55.468 30040 30040 D BufferQueueConsumer: [](id:75580000001b,api:0,p:-1,c:30040) connect: controlledByApp=false
04-05 12:03:55.468 30040 30040 I BLASTBufferQueue: new BLASTBufferQueue, mName= ViewRootImpl@918f32[Toast] mNativeObject= 0xb4000077c555ce80 sc.mNativeObject= 0xb400007787298780 caller= android.view.ViewRootImpl.updateBlastSurfaceIfNeeded:2909 android.view.ViewRootImpl.relayoutWindow:9847 android.view.ViewRootImpl.performTraversals:3884 android.view.ViewRootImpl.doTraversal:3116 android.view.ViewRootImpl$TraversalRunnable.run:10885 android.view.Choreographer$CallbackRecord.run:1301 android.view.Choreographer$CallbackRecord.run:1309 android.view.Choreographer.doCallbacks:923 android.view.Choreographer.doFrame:852 android.view.Choreographer$FrameDisplayEventReceiver.run:1283 
04-05 12:03:55.469 30040 30040 I BLASTBufferQueue: update, w= 508 h= 129 mName = ViewRootImpl@918f32[Toast] mNativeObject= 0xb4000077c555ce80 sc.mNativeObject= 0xb400007787298780 format= -3 caller= android.graphics.BLASTBufferQueue.<init>:84 android.view.ViewRootImpl.updateBlastSurfaceIfNeeded:2909 android.view.ViewRootImpl.relayoutWindow:9847 android.view.ViewRootImpl.performTraversals:3884 android.view.ViewRootImpl.doTraversal:3116 android.view.ViewRootImpl$TraversalRunnable.run:10885 
04-05 12:03:55.469 30040 30040 I ViewRootImpl@918f32[Toast]: Relayout returned: old=(0,58,720,1510) new=(114,1388,606,1501) req=(492,113)0 dur=6 res=0x3 s={true 0xb400007795960800} ch=true seqId=0
04-05 12:03:55.470 30040 30040 I ViewRootImpl@918f32[Toast]: mThreadedRenderer.initialize() mSurface={isValid=true 0xb400007795960800} hwInitialized=true
04-05 12:03:55.470 30040 30066 D OpenGLRenderer: eglCreateWindowSurface
04-05 12:03:55.470 30040 30040 I ViewRootImpl@918f32[Toast]: reportNextDraw android.view.ViewRootImpl.performTraversals:4438 android.view.ViewRootImpl.doTraversal:3116 android.view.ViewRootImpl$TraversalRunnable.run:10885 android.view.Choreographer$CallbackRecord.run:1301 android.view.Choreographer$CallbackRecord.run:1309 
04-05 12:03:55.471 30040 30040 I ViewRootImpl@918f32[Toast]: Setup new sync id=0
04-05 12:03:55.471 30040 30040 I ViewRootImpl@918f32[Toast]: Setting syncFrameCallback
04-05 12:03:55.471 30040 30040 I ViewRootImpl@918f32[Toast]: registerCallbacksForSync syncBuffer=false
04-05 12:03:55.471 30040 30132 I ViewRootImpl@918f32[Toast]: Received frameDrawingCallback syncResult=0 frameNum=1.
04-05 12:03:55.472 30040 30132 I ViewRootImpl@918f32[Toast]: Setting up sync and frameCommitCallback
04-05 12:03:55.475 30040 30066 I BLASTBufferQueue: [ViewRootImpl@918f32[Toast]#27](f:0,a:0) onFrameAvailable the first frame is available
04-05 12:03:55.476 30040 30066 I BLASTBufferQueue: [ViewRootImpl@918f32[Toast]#27](f:0,a:1) acquireNextBufferLocked size=508x129 mFrameNumber=1 applyTransaction=true mTimestamp=1092287563354643(auto) mPendingTransactions.size=0 graphicBufferId=129020817571947 transform=0
04-05 12:03:55.476 30040 30066 I ViewRootImpl@918f32[Toast]: Received frameCommittedCallback lastAttemptedDrawFrameNum=1 didProduceBuffer=true
04-05 12:03:55.477 30040 30066 D OpenGLRenderer: CFMS:: SetUp Pid : 30040    Tid : 30066
04-05 12:03:55.477 30040 30066 W Parcel  : Expecting binder but got null!
04-05 12:03:55.477 30040 30040 I ViewRootImpl@918f32[Toast]: onSyncComplete
04-05 12:03:55.478 30040 30040 I ViewRootImpl@918f32[Toast]: setupSync seqId=0 mSyncId=0 fn=1 caller=android.view.ViewRootImpl$$ExternalSyntheticLambda11.accept:6 android.window.SurfaceSyncer.lambda$setupSync$1$android-window-SurfaceSyncer:128 android.window.SurfaceSyncer$$ExternalSyntheticLambda1.accept:8 android.window.SurfaceSyncer$SyncSet.checkIfSyncIsComplete:382 android.window.SurfaceSyncer$SyncSet.markSyncReady:359 android.window.SurfaceSyncer.markSyncReady:151 android.view.ViewRootImpl.performTraversals:4503 
04-05 12:03:55.478 30040 30040 I ViewRootImpl@918f32[Toast]: reportDrawFinished seqId=0 mSyncId=-1 fn=1 mSurfaceChangedTransaction=0xb40000785ca45300
04-05 12:03:55.615 30040 30045 I st.cloudstream3: Background young concurrent copying GC freed 13MB AllocSpace bytes, 50(1280KB) LOS objects, 24% free, 44MB/59MB, paused 233us,87us total 240.683ms
04-05 12:03:55.615 30040 30066 D OpenGLRenderer: setSurface called with nullptr
04-05 12:03:55.615 30040 30066 D OpenGLRenderer: setSurface called with nullptr
04-05 12:03:55.616 30040 30046 D InputTransport: Input channel destroyed: 'ClientS', fd=157
04-05 12:03:55.616 30040 30066 D OpenGLRenderer: setSurface called with nullptr
04-05 12:03:55.619 30040 30066 D OpenGLRenderer: setSurface called with nullptr
04-05 12:03:55.619 30040 30047 W System  : A resource failed to call ZipFile.close. 
04-05 12:03:55.619 30040 30047 W System  : A resource failed to call ZipFile.close. 
04-05 12:03:55.619 30040 30047 W System  : A resource failed to call ZipFile.close. 
04-05 12:03:55.619 30040 30047 W System  : A resource failed to call ZipFile.close. 
04-05 12:03:55.619 30040 30047 W System  : A resource failed to call ZipFile.close. 
04-05 12:03:55.620 30040 30047 W System  : A resource failed to call ZipFile.close. 
04-05 12:03:55.620 30040 30047 W System  : A resource failed to call ZipFile.close. 
04-05 12:03:55.620 30040 30047 W System  : A resource failed to call ZipFile.close. 
04-05 12:03:55.620 30040 30047 W System  : A resource failed to call ZipFile.close. 
04-05 12:03:55.620 30040 30047 W System  : A resource failed to call ZipFile.close. 
04-05 12:03:55.620 30040 30047 W System  : A resource failed to call ZipFile.close. 
04-05 12:03:55.620 30040 30047 W System  : A resource failed to call ZipFile.close. 
04-05 12:03:55.620 30040 30047 W System  : A resource failed to call ZipFile.close. 
04-05 12:03:55.620 30040 30047 W System  : A resource failed to call ZipFile.close. 
04-05 12:03:55.620 30040 30047 W System  : A resource failed to call ZipFile.close. 
04-05 12:03:55.620 30040 30047 W System  : A resource failed to call ZipFile.close. 
04-05 12:03:55.620 30040 30047 W System  : A resource failed to call ZipFile.close. 
04-05 12:03:55.620 30040 30047 W System  : A resource failed to call close. 
04-05 12:03:55.620 30040 30047 W System  : A resource failed to call close. 
04-05 12:03:55.620 30040 30047 W System  : A resource failed to call close. 
04-05 12:03:55.620 30040 30047 W System  : A resource failed to call close. 
04-05 12:03:55.620 30040 30047 W System  : A resource failed to call close. 
04-05 12:03:55.620 30040 30047 W System  : A resource failed to call close. 
04-05 12:03:55.620 30040 30047 W System  : A resource failed to call close. 
04-05 12:03:55.620 30040 30047 W System  : A resource failed to call close. 
04-05 12:03:55.620 30040 30047 W System  : A resource failed to call close. 
04-05 12:03:55.620 30040 30047 W System  : A resource failed to call close. 
04-05 12:03:55.623 30040 30047 W System  : A resource failed to call close. 
04-05 12:03:55.623 30040 30047 W System  : A resource failed to call close. 
04-05 12:03:55.623 30040 30047 W System  : A resource failed to call close. 
04-05 12:03:55.623 30040 30047 W System  : A resource failed to call close. 
04-05 12:03:55.623 30040 30047 W System  : A resource failed to call close. 
04-05 12:03:55.624 30040 30047 W System  : A resource failed to call close. 
04-05 12:03:55.624 30040 30047 W System  : A resource failed to call close. 
04-05 12:03:55.624 30040 30047 W System  : A resource failed to call close. 
04-05 12:03:55.624 30040 30047 W System  : A resource failed to call close. 
04-05 12:03:55.624 30040 30047 W System  : A resource failed to call close. 
04-05 12:03:55.624 30040 30047 W System  : A resource failed to call close. 
04-05 12:03:55.624 30040 30047 W System  : A resource failed to call close. 
04-05 12:03:55.624 30040 30047 W System  : A resource failed to call close. 
04-05 12:03:55.624 30040 30047 W System  : A resource failed to call close. 
04-05 12:03:55.624 30040 30047 W System  : A resource failed to call close. 
04-05 12:03:55.624 30040 30047 W System  : A resource failed to call close. 
04-05 12:03:56.463 30040 30040 I ViewRootImpl@96a8cf7[MainActivity]: ViewPostIme pointer 0
04-05 12:03:56.551 30040 30040 I ViewRootImpl@96a8cf7[MainActivity]: ViewPostIme pointer 1
04-05 12:03:56.559 30040 30040 I IMM_LC  : hsifw() - flag : 0
04-05 12:03:56.559 30040 30040 I IMM_LC  : hsifw() - mService.hideSoftInput
04-05 12:03:56.720 30040 30040 W View    : requestLayout() improperly called by com.lagradost.cloudstream3.ui.AutofitRecyclerView{65ec118 VFED.V... ......ID 720,0-1440,1246 #7f0a0398 app:id/page_recyclerview} during layout: running second layout pass
04-05 12:03:56.720 30040 30040 W View    : requestLayout() improperly called by com.lagradost.cloudstream3.ui.AutofitRecyclerView{5bdb771 VFED.V... ......ID 1440,0-2160,1246 #7f0a0398 app:id/page_recyclerview} during layout: running second layout pass
04-05 12:03:57.887 30040 30040 I ViewRootImpl@96a8cf7[MainActivity]: ViewPostIme pointer 0
04-05 12:03:57.968 30040 30040 I ViewRootImpl@96a8cf7[MainActivity]: ViewPostIme pointer 1
04-05 12:03:57.986 30040 30040 I NavComponent: Navigating to fragment: 2131362305
04-05 12:03:57.987 30040 30040 I IMM_LC  : hsifw() - flag : 0
04-05 12:03:57.987 30040 30040 I IMM_LC  : hsifw() - mService.hideSoftInput
04-05 12:03:58.000 30040 30040 D ScrollView: initGoToTop
04-05 12:03:58.208 30040 30040 W Resources: Drawable com.lagradost.cloudstream3:drawable/go_forward_30 has unresolved theme attributes! Consider using Resources.getDrawable(int, Theme) or Context.getDrawable(int).
04-05 12:03:58.208 30040 30040 W Resources: java.lang.RuntimeException
04-05 12:03:58.208 30040 30040 W Resources: 	at android.content.res.Resources.getDrawable(Resources.java:967)
04-05 12:03:58.208 30040 30040 W Resources: 	at com.google.android.gms.cast.framework.media.widget.zzq.zzd(com.google.android.gms:play-services-cast-framework@@22.1.0:2)
04-05 12:03:58.208 30040 30040 W Resources: 	at com.google.android.gms.cast.framework.media.widget.zzq.zzc(com.google.android.gms:play-services-cast-framework@@22.1.0:1)
04-05 12:03:58.208 30040 30040 W Resources: 	at com.google.android.gms.cast.framework.media.widget.MiniControllerFragment.zza(com.google.android.gms:play-services-cast-framework@@22.1.0:41)
04-05 12:03:58.208 30040 30040 W Resources: 	at com.google.android.gms.cast.framework.media.widget.MiniControllerFragment.onCreateView(com.google.android.gms:play-services-cast-framework@@22.1.0:30)
04-05 12:03:58.208 30040 30040 W Resources: 	at androidx.fragment.app.Fragment.performCreateView(Fragment.java:3119)
04-05 12:03:58.208 30040 30040 W Resources: 	at androidx.fragment.app.FragmentStateManager.ensureInflatedView(FragmentStateManager.java:418)
04-05 12:03:58.208 30040 30040 W Resources: 	at androidx.fragment.app.FragmentStateManager.moveToExpectedState(FragmentStateManager.java:285)
04-05 12:03:58.208 30040 30040 W Resources: 	at androidx.fragment.app.FragmentLayoutInflaterFactory.onCreateView(FragmentLayoutInflaterFactory.java:142)
04-05 12:03:58.208 30040 30040 W Resources: 	at android.view.LayoutInflater$FactoryMerger.onCreateView(LayoutInflater.java:247)
04-05 12:03:58.208 30040 30040 W Resources: 	at android.view.LayoutInflater.tryCreateView(LayoutInflater.java:1083)
04-05 12:03:58.208 30040 30040 W Resources: 	at android.view.LayoutInflater.createViewFromTag(LayoutInflater.java:1019)
04-05 12:03:58.208 30040 30040 W Resources: 	at android.view.LayoutInflater.createViewFromTag(LayoutInflater.java:983)
04-05 12:03:58.208 30040 30040 W Resources: 	at android.view.LayoutInflater.rInflate(LayoutInflater.java:1145)
04-05 12:03:58.208 30040 30040 W Resources: 	at android.view.LayoutInflater.rInflateChildren(LayoutInflater.java:1106)
04-05 12:03:58.208 30040 30040 W Resources: 	at android.view.LayoutInflater.rInflate(LayoutInflater.java:1148)
04-05 12:03:58.208 30040 30040 W Resources: 	at android.view.LayoutInflater.rInflateChildren(LayoutInflater.java:1106)
04-05 12:03:58.208 30040 30040 W Resources: 	at android.view.LayoutInflater.rInflate(LayoutInflater.java:1148)
04-05 12:03:58.208 30040 30040 W Resources: 	at android.view.LayoutInflater.rInflateChildren(LayoutInflater.java:1106)
04-05 12:03:58.208 30040 30040 W Resources: 	at android.view.LayoutInflater.inflate(LayoutInflater.java:692)
04-05 12:03:58.208 30040 30040 W Resources: 	at android.view.LayoutInflater.inflate(LayoutInflater.java:544)
04-05 12:03:58.208 30040 30040 W Resources: 	at com.lagradost.cloudstream3.ui.player.AbstractPlayerFragment.onCreateView(AbstractPlayerFragment.kt:746)
04-05 12:03:58.208 30040 30040 W Resources: 	at com.lagradost.cloudstream3.ui.player.FullScreenPlayer.onCreateView(FullScreenPlayer.kt:218)
04-05 12:03:58.208 30040 30040 W Resources: 	at com.lagradost.cloudstream3.ui.result.ResultFragmentPhone.onCreateView(ResultFragmentPhone.kt:129)
04-05 12:03:58.208 30040 30040 W Resources: 	at androidx.fragment.app.Fragment.performCreateView(Fragment.java:3119)
04-05 12:03:58.208 30040 30040 W Resources: 	at androidx.fragment.app.FragmentStateManager.createView(FragmentStateManager.java:577)
04-05 12:03:58.208 30040 30040 W Resources: 	at androidx.fragment.app.FragmentStateManager.moveToExpectedState(FragmentStateManager.java:286)
04-05 12:03:58.208 30040 30040 W Resources: 	at androidx.fragment.app.FragmentManager.executeOpsTogether(FragmentManager.java:2214)
04-05 12:03:58.208 30040 30040 W Resources: 	at androidx.fragment.app.FragmentManager.removeRedundantOperationsAndExecute(FragmentManager.java:2115)
04-05 12:03:58.208 30040 30040 W Resources: 	at androidx.fragment.app.FragmentManager.execPendingActions(FragmentManager.java:2052)
04-05 12:03:58.208 30040 30040 W Resources: 	at androidx.fragment.app.FragmentManager$5.run(FragmentManager.java:703)
04-05 12:03:58.208 30040 30040 W Resources: 	at android.os.Handler.handleCallback(Handler.java:942)
04-05 12:03:58.208 30040 30040 W Resources: 	at android.os.Handler.dispatchMessage(Handler.java:99)
04-05 12:03:58.208 30040 30040 W Resources: 	at android.os.Looper.loopOnce(Looper.java:226)
04-05 12:03:58.208 30040 30040 W Resources: 	at android.os.Looper.loop(Looper.java:313)
04-05 12:03:58.208 30040 30040 W Resources: 	at android.app.ActivityThread.main(ActivityThread.java:8762)
04-05 12:03:58.208 30040 30040 W Resources: 	at java.lang.reflect.Method.invoke(Native Method)
04-05 12:03:58.208 30040 30040 W Resources: 	at com.android.internal.os.RuntimeInit$MethodAndArgsCaller.run(RuntimeInit.java:604)
04-05 12:03:58.208 30040 30040 W Resources: 	at com.android.internal.os.ZygoteInit.main(ZygoteInit.java:1067)
04-05 12:03:58.213 30040 30040 I SurfaceView@3415ff3: onWindowVisibilityChanged(0) true android.view.SurfaceView{3415ff3 V.E..V... ......I. 0,0-0,0} of ViewRootImpl@96a8cf7[MainActivity]
04-05 12:03:58.213 30040 30040 D SurfaceView@3415ff3: updateSurface: has no frame
04-05 12:03:58.217 30040 30040 I CS3ExoPlayer: SET STYLE = SaveCaptionStyle(foregroundColor=-1, backgroundColor=0, windowColor=0, edgeType=1, edgeColor=-16777216, typeface=2131296262, typefaceFilePath=null, elevation=40, fixedTextSize=14.0, edgeSize=null, removeCaptions=false, removeBloat=true, upperCase=false, bold=false, italic=false, backgroundRadius=null, alignment=null)
04-05 12:03:58.224 30040 30040 I IMM_LC  : hsifw() - flag : 0
04-05 12:03:58.224 30040 30040 I IMM_LC  : hsifw() - mService.hideSoftInput
04-05 12:03:58.226 30040 30111 I SYNCVM  : addFromUrl = https://anichin.cafe/seri/shrouding-the-heavens/
04-05 12:03:58.226 30040 30111 I SYNCUTIL: getIdsFromUrl https://anichin.cafe/seri/shrouding-the-heavens/
04-05 12:03:58.226 30040 32462 I RVM2    : applyMeta
04-05 12:03:58.236 30040 30040 I SurfaceView@3415ff3: onWindowVisibilityChanged(8) false android.view.SurfaceView{3415ff3 V.E..V... ......I. 0,0-0,0} of ViewRootImpl@96a8cf7[MainActivity]
04-05 12:03:58.236 30040 30040 D SurfaceView@3415ff3: updateSurface: has no frame
04-05 12:03:58.236 30040 30040 D SurfaceView@3415ff3: updateSurface: has no frame
04-05 12:03:58.236 30040 30040 I SurfaceView@3415ff3: onDetachedFromWindow: tryReleaseSurfaces()
04-05 12:03:58.236 30040 30040 I SurfaceView@3415ff3: releaseSurfaces: viewRoot = ViewRootImpl@96a8cf7[MainActivity]
04-05 12:03:58.236 30040 30040 I SurfaceView@3415ff3: applyTransactionOnVriDraw: vri = ViewRootImpl@96a8cf7[MainActivity] fRS = true t = 0xb4000077867d9d00 android.view.SurfaceView.releaseSurfaces:858 android.view.SurfaceView.onDetachedFromWindow:500 android.view.View.dispatchDetachedFromWindow:22538 
04-05 12:03:58.236 30040 30040 I SurfaceView@3415ff3: applyTransactionOnVriDraw: viewRoot.applyTransactionOnDrawFromReleaseSurfaces
04-05 12:03:58.236 30040 30040 I ViewRootImpl@96a8cf7[MainActivity]: applyTransactionOnDraw: mRemoved = false isHardwareEnabled = true t = 0xb4000077867d9d00android.view.ViewRootImpl.applyTransactionOnDrawFromReleaseSurfaces:12850 android.view.SurfaceView.applyTransactionOnVriDraw:2046 android.view.SurfaceView.releaseSurfaces:858 android.view.SurfaceView.onDetachedFromWindow:500 android.view.View.dispatchDetachedFromWindow:22538 
04-05 12:03:58.238 30040 30040 I SurfaceView@3415ff3: onWindowVisibilityChanged(0) true android.view.SurfaceView{3415ff3 V.E..V... ......I. 0,0-0,0} of ViewRootImpl@96a8cf7[MainActivity]
04-05 12:03:58.238 30040 30040 D SurfaceView@3415ff3: updateSurface: has no frame
04-05 12:03:58.240 30040 30040 I DecorView: notifyKeepScreenOnChanged: keepScreenOn=false
04-05 12:03:58.246 30040 30040 I CS3ExoPlayer: reloadPlayer
04-05 12:03:58.246 30040 30040 I CS3ExoPlayer: releasePlayer
04-05 12:03:58.246 30040 30040 I CS3ExoPlayer: Handle event: PlayerAttachedEvent(player=null, source=Player)
04-05 12:03:58.250 30040 30040 I ViewRootImpl@96a8cf7[MainActivity]: performTraversals params={(0,0)(fillxfill) sim={state=always_hidden adjust=resize} ty=BASE_APPLICATION wanim=0x1030309
04-05 12:03:58.250 30040 30040 I ViewRootImpl@96a8cf7[MainActivity]:   fl=85810100
04-05 12:03:58.250 30040 30040 I ViewRootImpl@96a8cf7[MainActivity]:   pfl=12020040
04-05 12:03:58.250 30040 30040 I ViewRootImpl@96a8cf7[MainActivity]:   vsysui=1500
04-05 12:03:58.250 30040 30040 I ViewRootImpl@96a8cf7[MainActivity]:   bhv=SHOW_TRANSIENT_BARS_BY_SWIPE
04-05 12:03:58.250 30040 30040 I ViewRootImpl@96a8cf7[MainActivity]:   fitSides= naviIconColor=0}
04-05 12:03:58.250 30040 30040 I ViewRootImpl@96a8cf7[MainActivity]: performTraversals mFirst=false windowShouldResize=false viewVisibilityChanged=false mForceNextWindowRelayout=false params={(0,0)(fillxfill) sim={state=always_hidden adjust=resize} ty=BASE_APPLICATION fmt=TRANSLUCENT wanim=0x1030309
04-05 12:03:58.250 30040 30040 I ViewRootImpl@96a8cf7[MainActivity]:   fl=85810100
04-05 12:03:58.250 30040 30040 I ViewRootImpl@96a8cf7[MainActivity]:   pfl=12020040
04-05 12:03:58.250 30040 30040 I ViewRootImpl@96a8cf7[MainActivity]:   vsysui=1500
04-05 12:03:58.250 30040 30040 I ViewRootImpl@96a8cf7[MainActivity]:   bhv=SHOW_TRANSIENT_BARS_BY_SWIPE
04-05 12:03:58.250 30040 30040 I ViewRootImpl@96a8cf7[MainActivity]:   fitSides= naviIconColor=0}
04-05 12:03:58.255 30040 30040 I ViewRootImpl@96a8cf7[MainActivity]: updateBlastSurfaceIfNeeded mBlastBufferQueue=0xb4000077c5424700 isSameSurfaceControl=true
04-05 12:03:58.255 30040 30040 I BLASTBufferQueue: update, w= 720 h= 1600 mName = ViewRootImpl@96a8cf7[MainActivity] mNativeObject= 0xb4000077c5424700 sc.mNativeObject= 0xb4000077870ffa00 format= -3 caller= android.view.ViewRootImpl.updateBlastSurfaceIfNeeded:2898 android.view.ViewRootImpl.relayoutWindow:9847 android.view.ViewRootImpl.performTraversals:3884 android.view.ViewRootImpl.doTraversal:3116 android.view.ViewRootImpl$TraversalRunnable.run:10885 android.view.Choreographer$CallbackRecord.run:1301 
04-05 12:03:58.255 30040 30040 I ViewRootImpl@96a8cf7[MainActivity]: Relayout returned: old=(0,0,720,1600) new=(0,0,720,1600) req=(720,1600)0 dur=5 res=0x0 s={true 0xb4000077c5698000} ch=false seqId=4
04-05 12:03:58.256 30040 30040 I ViewRootImpl@96a8cf7[MainActivity]: updateBoundsLayer: t = android.view.SurfaceControl$Transaction@d960653 sc = Surface(name=Bounds for - com.lagradost.cloudstream3/com.lagradost.cloudstream3.MainActivity@1)/@0x5c75665 frame = 855
04-05 12:03:58.256 30040 30040 I ViewRootImpl@96a8cf7[MainActivity]: mWNT: t=0xb4000077c533df00 mBlastBufferQueue=0xb4000077c5424700 fn= 855 caller= android.view.ViewRootImpl.prepareSurfaces:2985 android.view.ViewRootImpl.performTraversals:4233 android.view.ViewRootImpl.doTraversal:3116 
04-05 12:03:58.257 30040 30040 W View    : requestLayout() improperly called by android.widget.FrameLayout{ca50c04 I.E..V... ......I. 0,0-0,0 #7f0a053e app:id/start_panel} during layout: running second layout pass
04-05 12:03:58.257 30040 30040 W View    : requestLayout() improperly called by android.widget.FrameLayout{b0785ed I.E..V... ......ID 720,0-720,1358 #7f0a0184 app:id/end_panel} during layout: running second layout pass
04-05 12:03:58.258 30040 30040 D SurfaceView@3415ff3: updateSurface: has no frame
04-05 12:03:58.261 30040 30132 I ViewRootImpl@96a8cf7[MainActivity]: mWNT: t=0xb4000077867d9d00 mBlastBufferQueue=0xb4000077c5424700 fn= 855 caller= android.view.ViewRootImpl.lambda$applyTransactionOnDraw$11$android-view-ViewRootImpl:12865 android.view.ViewRootImpl$$ExternalSyntheticLambda1.onFrameDraw:4 android.graphics.HardwareRenderer$FrameDrawingCallback.onFrameDraw:924 
04-05 12:03:58.264 30040 30114 I SYNCVM  : addFromUrl = https://anichin.cafe/seri/shrouding-the-heavens/
04-05 12:03:58.264 30040 30114 I SYNCUTIL: getIdsFromUrl https://anichin.cafe/seri/shrouding-the-heavens/
04-05 12:03:58.445 30040 30040 D SurfaceView@3415ff3: updateSurface: has no frame
04-05 12:03:58.447 30040 30040 I SurfaceView@3415ff3: Changes: creating=true format=true size=true visible=true alpha=false hint=false mUseAlpha=false visible=true left=true top=true
04-05 12:03:58.449 30040 30040 D BufferQueueConsumer: [](id:75580000001c,api:0,p:-1,c:30040) connect: controlledByApp=false
04-05 12:03:58.450 30040 30040 I BLASTBufferQueue: update, w= 720 h= 375 mName = null mNativeObject= 0xb40000779595a100 sc.mNativeObject= 0xb4000077a05a8e80 format= 4 caller= android.view.SurfaceView.createBlastSurfaceControls:1383 android.view.SurfaceView.updateSurface:1079 android.view.SurfaceView.lambda$new$0$android-view-SurfaceView:200 android.view.SurfaceView$$ExternalSyntheticLambda5.onPreDraw:2 android.view.ViewTreeObserver.dispatchOnPreDraw:1121 android.view.ViewRootImpl.performTraversals:4442 
04-05 12:03:58.450 30040 30040 I SurfaceView@3415ff3: 54616051 Cur surface: Surface(name=null)/@0x26bda7b
04-05 12:03:58.450 30040 30040 I SurfaceView@3415ff3: pST: sr = Rect(0, 152 - 720, 527) sw = 720 sh = 375
04-05 12:03:58.450 30040 30040 D SurfaceView@3415ff3: performSurfaceTransaction RenderWorker position = [0, 152, 720, 527] surfaceSize = 720x375
04-05 12:03:58.450 30040 30040 I SurfaceView@3415ff3: applyTransactionOnVriDraw: vri = ViewRootImpl@96a8cf7[MainActivity] fRS = false t = 0xb4000077a057b900 android.view.SurfaceView.performSurfaceTransaction:959 android.view.SurfaceView.updateSurface:1105 android.view.SurfaceView.lambda$new$0$android-view-SurfaceView:200 
04-05 12:03:58.450 30040 30040 I ViewRootImpl@96a8cf7[MainActivity]: applyTransactionOnDraw: mRemoved = false isHardwareEnabled = true t = 0xb4000077a057b900android.view.SurfaceView.applyTransactionOnVriDraw:2048 android.view.SurfaceView.performSurfaceTransaction:959 android.view.SurfaceView.updateSurface:1105 android.view.SurfaceView.lambda$new$0$android-view-SurfaceView:200 android.view.SurfaceView$$ExternalSyntheticLambda5.onPreDraw:2 
04-05 12:03:58.450 30040 30040 I SurfaceView@3415ff3: updateSurface: mVisible = true mSurface.isValid() = true
04-05 12:03:58.450 30040 30040 I SurfaceView@3415ff3: updateSurface: mSurfaceCreated = false surfaceChanged = true visibleChanged = true
04-05 12:03:58.450 30040 30040 I SurfaceView@3415ff3: visibleChanged -- surfaceCreated
04-05 12:03:58.450 30040 30040 I SurfaceView@3415ff3: surfaceCreated 0 #8 android.view.SurfaceView{3415ff3 V.E..V... ......ID 0,0-720,375}
04-05 12:03:58.450 30040 30040 I SurfaceView@3415ff3: surfaceChanged -- format=4 w=720 h=375
04-05 12:03:58.451 30040 30040 I SurfaceView@3415ff3: surfaceChanged (720,375) 0 #8 android.view.SurfaceView{3415ff3 V.E..V... ......ID 0,0-720,375}
04-05 12:03:58.451 30040 30040 I SurfaceView@3415ff3: surfaceRedrawNeeded
04-05 12:03:58.451 30040 30040 V SurfaceView@3415ff3: Layout: x=0 y=152 w=720 h=375, frame=Rect(0, 0 - 720, 375)
04-05 12:03:58.462 30040 30131 D SurfaceView@3415ff3: updateSurfacePosition RenderWorker, frameNr = 856, position = [36, 216, 684, 555] surfaceSize = 720x375
04-05 12:03:58.463 30040 30131 I SurfaceView@3415ff3: uSP: rtp = Rect(36, 216 - 684, 555) rtsw = 720 rtsh = 375
04-05 12:03:58.463 30040 30131 I SurfaceView@3415ff3: onSSPAndSRT: pl = 36 pt = 216 sx = 0.9 sy = 0.904
04-05 12:03:58.463 30040 30131 I SurfaceView@3415ff3: aOrMT: ViewRootImpl@96a8cf7[MainActivity] t = android.view.SurfaceControl$Transaction@fc6f4d6 fN = 856 android.view.SurfaceView.-$$Nest$mapplyOrMergeTransaction:0 android.view.SurfaceView$SurfaceViewPositionUpdateListener.positionChanged:1537 android.graphics.RenderNode$CompositePositionUpdateListener.positionChanged:373 
