04-05 12:16:07.581 13149 13149 I ViewRootImpl@f8b7859[MainActivity]: applyTransactionOnDraw: mRemoved = false isHardwareEnabled = true t = 0xb4000077d83d6a00android.view.SurfaceView.applyTransactionOnVriDraw:2048 android.view.SurfaceView.performSurfaceTransaction:959 android.view.SurfaceView.updateSurface:1105 android.view.SurfaceView.lambda$new$0$android-view-SurfaceView:200 android.view.SurfaceView$$ExternalSyntheticLambda5.onPreDraw:2 
04-05 12:16:07.581 13149 13149 I SurfaceView@d3473f7: updateSurface: mVisible = true mSurface.isValid() = true
04-05 12:16:07.581 13149 13149 I SurfaceView@d3473f7: updateSurface: mSurfaceCreated = true surfaceChanged = false visibleChanged = false
04-05 12:16:07.581 13149 13149 V SurfaceView@d3473f7: Layout: x=0 y=-262 w=720 h=375, frame=Rect(0, 0 - 720, 375)
04-05 12:16:07.582 13149 13238 D SurfaceView@d3473f7: updateSurfacePosition RenderWorker, frameNr = 172, position = [0, -262, 720, 113] surfaceSize = 720x375
04-05 12:16:07.582 13149 13238 I SurfaceView@d3473f7: uSP: rtp = Rect(0, -262 - 720, 113) rtsw = 720 rtsh = 375
04-05 12:16:07.582 13149 13238 I SurfaceView@d3473f7: onSSPAndSRT: pl = 0 pt = -262 sx = 1.0 sy = 1.0
04-05 12:16:07.582 13149 13238 I SurfaceView@d3473f7: aOrMT: ViewRootImpl@f8b7859[MainActivity] t = android.view.SurfaceControl$Transaction@bd0067b fN = 172 android.view.SurfaceView.-$$Nest$mapplyOrMergeTransaction:0 android.view.SurfaceView$SurfaceViewPositionUpdateListener.positionChanged:1537 android.graphics.RenderNode$CompositePositionUpdateListener.positionChanged:373 
04-05 12:16:07.582 13149 13238 I ViewRootImpl@f8b7859[MainActivity]: mWNT: t=0xb4000077ab8be700 mBlastBufferQueue=0xb4000077c7d0c600 fn= 172 caller= android.view.SurfaceView.applyOrMergeTransaction:1455 android.view.SurfaceView.-$$Nest$mapplyOrMergeTransaction:0 android.view.SurfaceView$SurfaceViewPositionUpdateListener.positionChanged:1537 
04-05 12:16:07.583 13149 13238 I ViewRootImpl@f8b7859[MainActivity]: mWNT: t=0xb4000077d83d6a00 mBlastBufferQueue=0xb4000077c7d0c600 fn= 172 caller= android.view.ViewRootImpl.lambda$applyTransactionOnDraw$11$android-view-ViewRootImpl:12865 android.view.ViewRootImpl$$ExternalSyntheticLambda1.onFrameDraw:4 android.graphics.HardwareRenderer$FrameDrawingCallback.onFrameDraw:924 
04-05 12:16:07.597 13149 13149 I SurfaceView@d3473f7: Changes: creating=false format=false size=false visible=false alpha=false hint=false mUseAlpha=false visible=false left=false top=true
04-05 12:16:07.597 13149 13149 I SurfaceView@d3473f7: 221541367 Cur surface: Surface(name=null)/@0x987fffe
04-05 12:16:07.597 13149 13149 I SurfaceView@d3473f7: applyTransactionOnVriDraw: vri = ViewRootImpl@f8b7859[MainActivity] fRS = false t = 0xb4000077d83d6c00 android.view.SurfaceView.performSurfaceTransaction:959 android.view.SurfaceView.updateSurface:1105 android.view.SurfaceView.lambda$new$0$android-view-SurfaceView:200 
04-05 12:16:07.598 13149 13149 I ViewRootImpl@f8b7859[MainActivity]: applyTransactionOnDraw: mRemoved = false isHardwareEnabled = true t = 0xb4000077d83d6c00android.view.SurfaceView.applyTransactionOnVriDraw:2048 android.view.SurfaceView.performSurfaceTransaction:959 android.view.SurfaceView.updateSurface:1105 android.view.SurfaceView.lambda$new$0$android-view-SurfaceView:200 android.view.SurfaceView$$ExternalSyntheticLambda5.onPreDraw:2 
04-05 12:16:07.598 13149 13149 I SurfaceView@d3473f7: updateSurface: mVisible = true mSurface.isValid() = true
04-05 12:16:07.598 13149 13149 I SurfaceView@d3473f7: updateSurface: mSurfaceCreated = true surfaceChanged = false visibleChanged = false
04-05 12:16:07.598 13149 13149 V SurfaceView@d3473f7: Layout: x=0 y=-292 w=720 h=375, frame=Rect(0, 0 - 720, 375)
04-05 12:16:07.599 13149 13239 D SurfaceView@d3473f7: updateSurfacePosition RenderWorker, frameNr = 173, position = [0, -292, 720, 83] surfaceSize = 720x375
04-05 12:16:07.599 13149 13239 I SurfaceView@d3473f7: uSP: rtp = Rect(0, -292 - 720, 83) rtsw = 720 rtsh = 375
04-05 12:16:07.599 13149 13239 I SurfaceView@d3473f7: onSSPAndSRT: pl = 0 pt = -292 sx = 1.0 sy = 1.0
04-05 12:16:07.599 13149 13239 I SurfaceView@d3473f7: aOrMT: ViewRootImpl@f8b7859[MainActivity] t = android.view.SurfaceControl$Transaction@bd0067b fN = 173 android.view.SurfaceView.-$$Nest$mapplyOrMergeTransaction:0 android.view.SurfaceView$SurfaceViewPositionUpdateListener.positionChanged:1537 android.graphics.RenderNode$CompositePositionUpdateListener.positionChanged:373 
04-05 12:16:07.599 13149 13239 I ViewRootImpl@f8b7859[MainActivity]: mWNT: t=0xb4000077ab8be700 mBlastBufferQueue=0xb4000077c7d0c600 fn= 173 caller= android.view.SurfaceView.applyOrMergeTransaction:1455 android.view.SurfaceView.-$$Nest$mapplyOrMergeTransaction:0 android.view.SurfaceView$SurfaceViewPositionUpdateListener.positionChanged:1537 
04-05 12:16:07.599 13149 13239 I ViewRootImpl@f8b7859[MainActivity]: mWNT: t=0xb4000077d83d6c00 mBlastBufferQueue=0xb4000077c7d0c600 fn= 173 caller= android.view.ViewRootImpl.lambda$applyTransactionOnDraw$11$android-view-ViewRootImpl:12865 android.view.ViewRootImpl$$ExternalSyntheticLambda1.onFrameDraw:4 android.graphics.HardwareRenderer$FrameDrawingCallback.onFrameDraw:924 
04-05 12:16:07.614 13149 13149 I SurfaceView@d3473f7: Changes: creating=false format=false size=false visible=false alpha=false hint=false mUseAlpha=false visible=false left=false top=true
04-05 12:16:07.614 13149 13149 I SurfaceView@d3473f7: 221541367 Cur surface: Surface(name=null)/@0x987fffe
04-05 12:16:07.614 13149 13149 I SurfaceView@d3473f7: applyTransactionOnVriDraw: vri = ViewRootImpl@f8b7859[MainActivity] fRS = false t = 0xb4000077d83d6e00 android.view.SurfaceView.performSurfaceTransaction:959 android.view.SurfaceView.updateSurface:1105 android.view.SurfaceView.lambda$new$0$android-view-SurfaceView:200 
04-05 12:16:07.614 13149 13149 I ViewRootImpl@f8b7859[MainActivity]: applyTransactionOnDraw: mRemoved = false isHardwareEnabled = true t = 0xb4000077d83d6e00android.view.SurfaceView.applyTransactionOnVriDraw:2048 android.view.SurfaceView.performSurfaceTransaction:959 android.view.SurfaceView.updateSurface:1105 android.view.SurfaceView.lambda$new$0$android-view-SurfaceView:200 android.view.SurfaceView$$ExternalSyntheticLambda5.onPreDraw:2 
04-05 12:16:07.614 13149 13149 I SurfaceView@d3473f7: updateSurface: mVisible = true mSurface.isValid() = true
04-05 12:16:07.614 13149 13149 I SurfaceView@d3473f7: updateSurface: mSurfaceCreated = true surfaceChanged = false visibleChanged = false
04-05 12:16:07.614 13149 13149 V SurfaceView@d3473f7: Layout: x=0 y=-319 w=720 h=375, frame=Rect(0, 0 - 720, 375)
04-05 12:16:07.615 13149 13238 D SurfaceView@d3473f7: updateSurfacePosition RenderWorker, frameNr = 174, position = [0, -319, 720, 56] surfaceSize = 720x375
04-05 12:16:07.615 13149 13238 I SurfaceView@d3473f7: uSP: rtp = Rect(0, -319 - 720, 56) rtsw = 720 rtsh = 375
04-05 12:16:07.615 13149 13238 I SurfaceView@d3473f7: onSSPAndSRT: pl = 0 pt = -319 sx = 1.0 sy = 1.0
04-05 12:16:07.616 13149 13238 I SurfaceView@d3473f7: aOrMT: ViewRootImpl@f8b7859[MainActivity] t = android.view.SurfaceControl$Transaction@bd0067b fN = 174 android.view.SurfaceView.-$$Nest$mapplyOrMergeTransaction:0 android.view.SurfaceView$SurfaceViewPositionUpdateListener.positionChanged:1537 android.graphics.RenderNode$CompositePositionUpdateListener.positionChanged:373 
04-05 12:16:07.616 13149 13238 I ViewRootImpl@f8b7859[MainActivity]: mWNT: t=0xb4000077ab8be700 mBlastBufferQueue=0xb4000077c7d0c600 fn= 174 caller= android.view.SurfaceView.applyOrMergeTransaction:1455 android.view.SurfaceView.-$$Nest$mapplyOrMergeTransaction:0 android.view.SurfaceView$SurfaceViewPositionUpdateListener.positionChanged:1537 
04-05 12:16:07.616 13149 13238 I ViewRootImpl@f8b7859[MainActivity]: mWNT: t=0xb4000077d83d6e00 mBlastBufferQueue=0xb4000077c7d0c600 fn= 174 caller= android.view.ViewRootImpl.lambda$applyTransactionOnDraw$11$android-view-ViewRootImpl:12865 android.view.ViewRootImpl$$ExternalSyntheticLambda1.onFrameDraw:4 android.graphics.HardwareRenderer$FrameDrawingCallback.onFrameDraw:924 
04-05 12:16:07.630 13149 13149 I SurfaceView@d3473f7: Changes: creating=false format=false size=false visible=false alpha=false hint=false mUseAlpha=false visible=false left=false top=true
04-05 12:16:07.630 13149 13149 I SurfaceView@d3473f7: 221541367 Cur surface: Surface(name=null)/@0x987fffe
04-05 12:16:07.631 13149 13149 I SurfaceView@d3473f7: applyTransactionOnVriDraw: vri = ViewRootImpl@f8b7859[MainActivity] fRS = false t = 0xb4000077d83d7000 android.view.SurfaceView.performSurfaceTransaction:959 android.view.SurfaceView.updateSurface:1105 android.view.SurfaceView.lambda$new$0$android-view-SurfaceView:200 
04-05 12:16:07.631 13149 13149 I ViewRootImpl@f8b7859[MainActivity]: applyTransactionOnDraw: mRemoved = false isHardwareEnabled = true t = 0xb4000077d83d7000android.view.SurfaceView.applyTransactionOnVriDraw:2048 android.view.SurfaceView.performSurfaceTransaction:959 android.view.SurfaceView.updateSurface:1105 android.view.SurfaceView.lambda$new$0$android-view-SurfaceView:200 android.view.SurfaceView$$ExternalSyntheticLambda5.onPreDraw:2 
04-05 12:16:07.631 13149 13149 I SurfaceView@d3473f7: updateSurface: mVisible = true mSurface.isValid() = true
04-05 12:16:07.631 13149 13149 I SurfaceView@d3473f7: updateSurface: mSurfaceCreated = true surfaceChanged = false visibleChanged = false
04-05 12:16:07.631 13149 13149 V SurfaceView@d3473f7: Layout: x=0 y=-346 w=720 h=375, frame=Rect(0, 0 - 720, 375)
04-05 12:16:07.632 13149 13239 D SurfaceView@d3473f7: updateSurfacePosition RenderWorker, frameNr = 175, position = [0, -346, 720, 29] surfaceSize = 720x375
04-05 12:16:07.632 13149 13239 I SurfaceView@d3473f7: uSP: rtp = Rect(0, -346 - 720, 29) rtsw = 720 rtsh = 375
04-05 12:16:07.632 13149 13239 I SurfaceView@d3473f7: onSSPAndSRT: pl = 0 pt = -346 sx = 1.0 sy = 1.0
04-05 12:16:07.632 13149 13239 I SurfaceView@d3473f7: aOrMT: ViewRootImpl@f8b7859[MainActivity] t = android.view.SurfaceControl$Transaction@bd0067b fN = 175 android.view.SurfaceView.-$$Nest$mapplyOrMergeTransaction:0 android.view.SurfaceView$SurfaceViewPositionUpdateListener.positionChanged:1537 android.graphics.RenderNode$CompositePositionUpdateListener.positionChanged:373 
04-05 12:16:07.632 13149 13239 I ViewRootImpl@f8b7859[MainActivity]: mWNT: t=0xb4000077ab8be700 mBlastBufferQueue=0xb4000077c7d0c600 fn= 175 caller= android.view.SurfaceView.applyOrMergeTransaction:1455 android.view.SurfaceView.-$$Nest$mapplyOrMergeTransaction:0 android.view.SurfaceView$SurfaceViewPositionUpdateListener.positionChanged:1537 
04-05 12:16:07.632 13149 13239 I ViewRootImpl@f8b7859[MainActivity]: mWNT: t=0xb4000077d83d7000 mBlastBufferQueue=0xb4000077c7d0c600 fn= 175 caller= android.view.ViewRootImpl.lambda$applyTransactionOnDraw$11$android-view-ViewRootImpl:12865 android.view.ViewRootImpl$$ExternalSyntheticLambda1.onFrameDraw:4 android.graphics.HardwareRenderer$FrameDrawingCallback.onFrameDraw:924 
04-05 12:16:07.647 13149 13149 I SurfaceView@d3473f7: Changes: creating=false format=false size=false visible=false alpha=false hint=false mUseAlpha=false visible=false left=false top=true
04-05 12:16:07.647 13149 13149 I SurfaceView@d3473f7: 221541367 Cur surface: Surface(name=null)/@0x987fffe
04-05 12:16:07.647 13149 13149 I SurfaceView@d3473f7: applyTransactionOnVriDraw: vri = ViewRootImpl@f8b7859[MainActivity] fRS = false t = 0xb4000077d8416400 android.view.SurfaceView.performSurfaceTransaction:959 android.view.SurfaceView.updateSurface:1105 android.view.SurfaceView.lambda$new$0$android-view-SurfaceView:200 
04-05 12:16:07.647 13149 13149 I ViewRootImpl@f8b7859[MainActivity]: applyTransactionOnDraw: mRemoved = false isHardwareEnabled = true t = 0xb4000077d8416400android.view.SurfaceView.applyTransactionOnVriDraw:2048 android.view.SurfaceView.performSurfaceTransaction:959 android.view.SurfaceView.updateSurface:1105 android.view.SurfaceView.lambda$new$0$android-view-SurfaceView:200 android.view.SurfaceView$$ExternalSyntheticLambda5.onPreDraw:2 
04-05 12:16:07.648 13149 13149 I SurfaceView@d3473f7: updateSurface: mVisible = true mSurface.isValid() = true
04-05 12:16:07.648 13149 13149 I SurfaceView@d3473f7: updateSurface: mSurfaceCreated = true surfaceChanged = false visibleChanged = false
04-05 12:16:07.648 13149 13149 V SurfaceView@d3473f7: Layout: x=0 y=-373 w=720 h=375, frame=Rect(0, 0 - 720, 375)
04-05 12:16:07.649 13149 13238 D SurfaceView@d3473f7: updateSurfacePosition RenderWorker, frameNr = 176, position = [0, -373, 720, 2] surfaceSize = 720x375
04-05 12:16:07.649 13149 13238 I SurfaceView@d3473f7: uSP: rtp = Rect(0, -373 - 720, 2) rtsw = 720 rtsh = 375
04-05 12:16:07.649 13149 13238 I SurfaceView@d3473f7: onSSPAndSRT: pl = 0 pt = -373 sx = 1.0 sy = 1.0
04-05 12:16:07.649 13149 13238 I SurfaceView@d3473f7: aOrMT: ViewRootImpl@f8b7859[MainActivity] t = android.view.SurfaceControl$Transaction@bd0067b fN = 176 android.view.SurfaceView.-$$Nest$mapplyOrMergeTransaction:0 android.view.SurfaceView$SurfaceViewPositionUpdateListener.positionChanged:1537 android.graphics.RenderNode$CompositePositionUpdateListener.positionChanged:373 
04-05 12:16:07.649 13149 13238 I ViewRootImpl@f8b7859[MainActivity]: mWNT: t=0xb4000077ab8be700 mBlastBufferQueue=0xb4000077c7d0c600 fn= 176 caller= android.view.SurfaceView.applyOrMergeTransaction:1455 android.view.SurfaceView.-$$Nest$mapplyOrMergeTransaction:0 android.view.SurfaceView$SurfaceViewPositionUpdateListener.positionChanged:1537 
04-05 12:16:07.649 13149 13238 I ViewRootImpl@f8b7859[MainActivity]: mWNT: t=0xb4000077d8416400 mBlastBufferQueue=0xb4000077c7d0c600 fn= 176 caller= android.view.ViewRootImpl.lambda$applyTransactionOnDraw$11$android-view-ViewRootImpl:12865 android.view.ViewRootImpl$$ExternalSyntheticLambda1.onFrameDraw:4 android.graphics.HardwareRenderer$FrameDrawingCallback.onFrameDraw:924 
04-05 12:16:07.664 13149 13149 I SurfaceView@d3473f7: Changes: creating=false format=false size=false visible=false alpha=false hint=false mUseAlpha=false visible=false left=false top=true
04-05 12:16:07.664 13149 13149 I SurfaceView@d3473f7: 221541367 Cur surface: Surface(name=null)/@0x987fffe
04-05 12:16:07.664 13149 13149 I SurfaceView@d3473f7: applyTransactionOnVriDraw: vri = ViewRootImpl@f8b7859[MainActivity] fRS = false t = 0xb4000077d841a500 android.view.SurfaceView.performSurfaceTransaction:959 android.view.SurfaceView.updateSurface:1105 android.view.SurfaceView.lambda$new$0$android-view-SurfaceView:200 
04-05 12:16:07.664 13149 13149 I ViewRootImpl@f8b7859[MainActivity]: applyTransactionOnDraw: mRemoved = false isHardwareEnabled = true t = 0xb4000077d841a500android.view.SurfaceView.applyTransactionOnVriDraw:2048 android.view.SurfaceView.performSurfaceTransaction:959 android.view.SurfaceView.updateSurface:1105 android.view.SurfaceView.lambda$new$0$android-view-SurfaceView:200 android.view.SurfaceView$$ExternalSyntheticLambda5.onPreDraw:2 
04-05 12:16:07.664 13149 13149 I SurfaceView@d3473f7: updateSurface: mVisible = true mSurface.isValid() = true
04-05 12:16:07.664 13149 13149 I SurfaceView@d3473f7: updateSurface: mSurfaceCreated = true surfaceChanged = false visibleChanged = false
04-05 12:16:07.664 13149 13149 V SurfaceView@d3473f7: Layout: x=0 y=-396 w=720 h=375, frame=Rect(0, 0 - 720, 375)
04-05 12:16:07.665 13149 13239 D SurfaceView@d3473f7: updateSurfacePosition RenderWorker, frameNr = 177, position = [0, -396, 720, -21] surfaceSize = 720x375
04-05 12:16:07.665 13149 13239 I SurfaceView@d3473f7: uSP: rtp = Rect(0, -396 - 720, -21) rtsw = 720 rtsh = 375
04-05 12:16:07.665 13149 13239 I SurfaceView@d3473f7: onSSPAndSRT: pl = 0 pt = -396 sx = 1.0 sy = 1.0
04-05 12:16:07.666 13149 13239 I SurfaceView@d3473f7: aOrMT: ViewRootImpl@f8b7859[MainActivity] t = android.view.SurfaceControl$Transaction@bd0067b fN = 177 android.view.SurfaceView.-$$Nest$mapplyOrMergeTransaction:0 android.view.SurfaceView$SurfaceViewPositionUpdateListener.positionChanged:1537 android.graphics.RenderNode$CompositePositionUpdateListener.positionChanged:373 
04-05 12:16:07.666 13149 13239 I ViewRootImpl@f8b7859[MainActivity]: mWNT: t=0xb4000077ab8be700 mBlastBufferQueue=0xb4000077c7d0c600 fn= 177 caller= android.view.SurfaceView.applyOrMergeTransaction:1455 android.view.SurfaceView.-$$Nest$mapplyOrMergeTransaction:0 android.view.SurfaceView$SurfaceViewPositionUpdateListener.positionChanged:1537 
04-05 12:16:07.666 13149 13239 I ViewRootImpl@f8b7859[MainActivity]: mWNT: t=0xb4000077d841a500 mBlastBufferQueue=0xb4000077c7d0c600 fn= 177 caller= android.view.ViewRootImpl.lambda$applyTransactionOnDraw$11$android-view-ViewRootImpl:12865 android.view.ViewRootImpl$$ExternalSyntheticLambda1.onFrameDraw:4 android.graphics.HardwareRenderer$FrameDrawingCallback.onFrameDraw:924 
04-05 12:16:07.680 13149 13149 I SurfaceView@d3473f7: Changes: creating=false format=false size=false visible=false alpha=false hint=false mUseAlpha=false visible=false left=false top=true
04-05 12:16:07.680 13149 13149 I SurfaceView@d3473f7: 221541367 Cur surface: Surface(name=null)/@0x987fffe
04-05 12:16:07.681 13149 13149 I SurfaceView@d3473f7: applyTransactionOnVriDraw: vri = ViewRootImpl@f8b7859[MainActivity] fRS = false t = 0xb4000077d841a700 android.view.SurfaceView.performSurfaceTransaction:959 android.view.SurfaceView.updateSurface:1105 android.view.SurfaceView.lambda$new$0$android-view-SurfaceView:200 
04-05 12:16:07.681 13149 13149 I ViewRootImpl@f8b7859[MainActivity]: applyTransactionOnDraw: mRemoved = false isHardwareEnabled = true t = 0xb4000077d841a700android.view.SurfaceView.applyTransactionOnVriDraw:2048 android.view.SurfaceView.performSurfaceTransaction:959 android.view.SurfaceView.updateSurface:1105 android.view.SurfaceView.lambda$new$0$android-view-SurfaceView:200 android.view.SurfaceView$$ExternalSyntheticLambda5.onPreDraw:2 
04-05 12:16:07.681 13149 13149 I SurfaceView@d3473f7: updateSurface: mVisible = true mSurface.isValid() = true
04-05 12:16:07.681 13149 13149 I SurfaceView@d3473f7: updateSurface: mSurfaceCreated = true surfaceChanged = false visibleChanged = false
04-05 12:16:07.681 13149 13149 V SurfaceView@d3473f7: Layout: x=0 y=-419 w=720 h=375, frame=Rect(0, 0 - 720, 375)
04-05 12:16:07.682 13149 13238 D SurfaceView@d3473f7: updateSurfacePosition RenderWorker, frameNr = 178, position = [0, -419, 720, -44] surfaceSize = 720x375
04-05 12:16:07.682 13149 13238 I SurfaceView@d3473f7: uSP: rtp = Rect(0, -419 - 720, -44) rtsw = 720 rtsh = 375
04-05 12:16:07.682 13149 13238 I SurfaceView@d3473f7: onSSPAndSRT: pl = 0 pt = -419 sx = 1.0 sy = 1.0
04-05 12:16:07.682 13149 13238 I SurfaceView@d3473f7: aOrMT: ViewRootImpl@f8b7859[MainActivity] t = android.view.SurfaceControl$Transaction@bd0067b fN = 178 android.view.SurfaceView.-$$Nest$mapplyOrMergeTransaction:0 android.view.SurfaceView$SurfaceViewPositionUpdateListener.positionChanged:1537 android.graphics.RenderNode$CompositePositionUpdateListener.positionChanged:373 
04-05 12:16:07.682 13149 13238 I ViewRootImpl@f8b7859[MainActivity]: mWNT: t=0xb4000077ab8be700 mBlastBufferQueue=0xb4000077c7d0c600 fn= 178 caller= android.view.SurfaceView.applyOrMergeTransaction:1455 android.view.SurfaceView.-$$Nest$mapplyOrMergeTransaction:0 android.view.SurfaceView$SurfaceViewPositionUpdateListener.positionChanged:1537 
04-05 12:16:07.682 13149 13238 I ViewRootImpl@f8b7859[MainActivity]: mWNT: t=0xb4000077d841a700 mBlastBufferQueue=0xb4000077c7d0c600 fn= 178 caller= android.view.ViewRootImpl.lambda$applyTransactionOnDraw$11$android-view-ViewRootImpl:12865 android.view.ViewRootImpl$$ExternalSyntheticLambda1.onFrameDraw:4 android.graphics.HardwareRenderer$FrameDrawingCallback.onFrameDraw:924 
04-05 12:16:07.697 13149 13149 I SurfaceView@d3473f7: Changes: creating=false format=false size=false visible=false alpha=false hint=false mUseAlpha=false visible=false left=false top=true
04-05 12:16:07.697 13149 13149 I SurfaceView@d3473f7: 221541367 Cur surface: Surface(name=null)/@0x987fffe
04-05 12:16:07.697 13149 13149 I SurfaceView@d3473f7: applyTransactionOnVriDraw: vri = ViewRootImpl@f8b7859[MainActivity] fRS = false t = 0xb4000077d841a900 android.view.SurfaceView.performSurfaceTransaction:959 android.view.SurfaceView.updateSurface:1105 android.view.SurfaceView.lambda$new$0$android-view-SurfaceView:200 
04-05 12:16:07.697 13149 13149 I ViewRootImpl@f8b7859[MainActivity]: applyTransactionOnDraw: mRemoved = false isHardwareEnabled = true t = 0xb4000077d841a900android.view.SurfaceView.applyTransactionOnVriDraw:2048 android.view.SurfaceView.performSurfaceTransaction:959 android.view.SurfaceView.updateSurface:1105 android.view.SurfaceView.lambda$new$0$android-view-SurfaceView:200 android.view.SurfaceView$$ExternalSyntheticLambda5.onPreDraw:2 
04-05 12:16:07.698 13149 13149 I SurfaceView@d3473f7: updateSurface: mVisible = true mSurface.isValid() = true
04-05 12:16:07.698 13149 13149 I SurfaceView@d3473f7: updateSurface: mSurfaceCreated = true surfaceChanged = false visibleChanged = false
04-05 12:16:07.698 13149 13149 V SurfaceView@d3473f7: Layout: x=0 y=-441 w=720 h=375, frame=Rect(0, 0 - 720, 375)
04-05 12:16:07.698 13149 13239 D SurfaceView@d3473f7: updateSurfacePosition RenderWorker, frameNr = 179, position = [0, -441, 720, -66] surfaceSize = 720x375
04-05 12:16:07.699 13149 13239 I SurfaceView@d3473f7: uSP: rtp = Rect(0, -441 - 720, -66) rtsw = 720 rtsh = 375
04-05 12:16:07.699 13149 13239 I SurfaceView@d3473f7: onSSPAndSRT: pl = 0 pt = -441 sx = 1.0 sy = 1.0
04-05 12:16:07.699 13149 13239 I SurfaceView@d3473f7: aOrMT: ViewRootImpl@f8b7859[MainActivity] t = android.view.SurfaceControl$Transaction@bd0067b fN = 179 android.view.SurfaceView.-$$Nest$mapplyOrMergeTransaction:0 android.view.SurfaceView$SurfaceViewPositionUpdateListener.positionChanged:1537 android.graphics.RenderNode$CompositePositionUpdateListener.positionChanged:373 
04-05 12:16:07.699 13149 13239 I ViewRootImpl@f8b7859[MainActivity]: mWNT: t=0xb4000077ab8be700 mBlastBufferQueue=0xb4000077c7d0c600 fn= 179 caller= android.view.SurfaceView.applyOrMergeTransaction:1455 android.view.SurfaceView.-$$Nest$mapplyOrMergeTransaction:0 android.view.SurfaceView$SurfaceViewPositionUpdateListener.positionChanged:1537 
04-05 12:16:07.699 13149 13239 I ViewRootImpl@f8b7859[MainActivity]: mWNT: t=0xb4000077d841a900 mBlastBufferQueue=0xb4000077c7d0c600 fn= 179 caller= android.view.ViewRootImpl.lambda$applyTransactionOnDraw$11$android-view-ViewRootImpl:12865 android.view.ViewRootImpl$$ExternalSyntheticLambda1.onFrameDraw:4 android.graphics.HardwareRenderer$FrameDrawingCallback.onFrameDraw:924 
04-05 12:16:07.714 13149 13149 I SurfaceView@d3473f7: Changes: creating=false format=false size=false visible=false alpha=false hint=false mUseAlpha=false visible=false left=false top=true
04-05 12:16:07.714 13149 13149 I SurfaceView@d3473f7: 221541367 Cur surface: Surface(name=null)/@0x987fffe
04-05 12:16:07.714 13149 13149 I SurfaceView@d3473f7: applyTransactionOnVriDraw: vri = ViewRootImpl@f8b7859[MainActivity] fRS = false t = 0xb4000077d841ab00 android.view.SurfaceView.performSurfaceTransaction:959 android.view.SurfaceView.updateSurface:1105 android.view.SurfaceView.lambda$new$0$android-view-SurfaceView:200 
04-05 12:16:07.714 13149 13149 I ViewRootImpl@f8b7859[MainActivity]: applyTransactionOnDraw: mRemoved = false isHardwareEnabled = true t = 0xb4000077d841ab00android.view.SurfaceView.applyTransactionOnVriDraw:2048 android.view.SurfaceView.performSurfaceTransaction:959 android.view.SurfaceView.updateSurface:1105 android.view.SurfaceView.lambda$new$0$android-view-SurfaceView:200 android.view.SurfaceView$$ExternalSyntheticLambda5.onPreDraw:2 
04-05 12:16:07.714 13149 13149 I SurfaceView@d3473f7: updateSurface: mVisible = true mSurface.isValid() = true
04-05 12:16:07.714 13149 13149 I SurfaceView@d3473f7: updateSurface: mSurfaceCreated = true surfaceChanged = false visibleChanged = false
04-05 12:16:07.714 13149 13149 V SurfaceView@d3473f7: Layout: x=0 y=-461 w=720 h=375, frame=Rect(0, 0 - 720, 375)
04-05 12:16:07.715 13149 13238 D SurfaceView@d3473f7: updateSurfacePosition RenderWorker, frameNr = 180, position = [0, -461, 720, -86] surfaceSize = 720x375
04-05 12:16:07.715 13149 13238 I SurfaceView@d3473f7: uSP: rtp = Rect(0, -461 - 720, -86) rtsw = 720 rtsh = 375
04-05 12:16:07.715 13149 13238 I SurfaceView@d3473f7: onSSPAndSRT: pl = 0 pt = -461 sx = 1.0 sy = 1.0
04-05 12:16:07.716 13149 13238 I SurfaceView@d3473f7: aOrMT: ViewRootImpl@f8b7859[MainActivity] t = android.view.SurfaceControl$Transaction@bd0067b fN = 180 android.view.SurfaceView.-$$Nest$mapplyOrMergeTransaction:0 android.view.SurfaceView$SurfaceViewPositionUpdateListener.positionChanged:1537 android.graphics.RenderNode$CompositePositionUpdateListener.positionChanged:373 
04-05 12:16:07.716 13149 13238 I ViewRootImpl@f8b7859[MainActivity]: mWNT: t=0xb4000077ab8be700 mBlastBufferQueue=0xb4000077c7d0c600 fn= 180 caller= android.view.SurfaceView.applyOrMergeTransaction:1455 android.view.SurfaceView.-$$Nest$mapplyOrMergeTransaction:0 android.view.SurfaceView$SurfaceViewPositionUpdateListener.positionChanged:1537 
04-05 12:16:07.716 13149 13238 I ViewRootImpl@f8b7859[MainActivity]: mWNT: t=0xb4000077d841ab00 mBlastBufferQueue=0xb4000077c7d0c600 fn= 180 caller= android.view.ViewRootImpl.lambda$applyTransactionOnDraw$11$android-view-ViewRootImpl:12865 android.view.ViewRootImpl$$ExternalSyntheticLambda1.onFrameDraw:4 android.graphics.HardwareRenderer$FrameDrawingCallback.onFrameDraw:924 
04-05 12:16:07.730 13149 13149 I SurfaceView@d3473f7: Changes: creating=false format=false size=false visible=false alpha=false hint=false mUseAlpha=false visible=false left=false top=true
04-05 12:16:07.730 13149 13149 I SurfaceView@d3473f7: 221541367 Cur surface: Surface(name=null)/@0x987fffe
04-05 12:16:07.731 13149 13149 I SurfaceView@d3473f7: applyTransactionOnVriDraw: vri = ViewRootImpl@f8b7859[MainActivity] fRS = false t = 0xb4000077d84dab00 android.view.SurfaceView.performSurfaceTransaction:959 android.view.SurfaceView.updateSurface:1105 android.view.SurfaceView.lambda$new$0$android-view-SurfaceView:200 
04-05 12:16:07.731 13149 13149 I ViewRootImpl@f8b7859[MainActivity]: applyTransactionOnDraw: mRemoved = false isHardwareEnabled = true t = 0xb4000077d84dab00android.view.SurfaceView.applyTransactionOnVriDraw:2048 android.view.SurfaceView.performSurfaceTransaction:959 android.view.SurfaceView.updateSurface:1105 android.view.SurfaceView.lambda$new$0$android-view-SurfaceView:200 android.view.SurfaceView$$ExternalSyntheticLambda5.onPreDraw:2 
04-05 12:16:07.731 13149 13149 I SurfaceView@d3473f7: updateSurface: mVisible = true mSurface.isValid() = true
04-05 12:16:07.731 13149 13149 I SurfaceView@d3473f7: updateSurface: mSurfaceCreated = true surfaceChanged = false visibleChanged = false
04-05 12:16:07.731 13149 13149 V SurfaceView@d3473f7: Layout: x=0 y=-481 w=720 h=375, frame=Rect(0, 0 - 720, 375)
04-05 12:16:07.732 13149 13239 D SurfaceView@d3473f7: updateSurfacePosition RenderWorker, frameNr = 181, position = [0, -481, 720, -106] surfaceSize = 720x375
04-05 12:16:07.732 13149 13239 I SurfaceView@d3473f7: uSP: rtp = Rect(0, -481 - 720, -106) rtsw = 720 rtsh = 375
04-05 12:16:07.732 13149 13239 I SurfaceView@d3473f7: onSSPAndSRT: pl = 0 pt = -481 sx = 1.0 sy = 1.0
04-05 12:16:07.732 13149 13239 I SurfaceView@d3473f7: aOrMT: ViewRootImpl@f8b7859[MainActivity] t = android.view.SurfaceControl$Transaction@bd0067b fN = 181 android.view.SurfaceView.-$$Nest$mapplyOrMergeTransaction:0 android.view.SurfaceView$SurfaceViewPositionUpdateListener.positionChanged:1537 android.graphics.RenderNode$CompositePositionUpdateListener.positionChanged:373 
04-05 12:16:07.732 13149 13239 I ViewRootImpl@f8b7859[MainActivity]: mWNT: t=0xb4000077ab8be700 mBlastBufferQueue=0xb4000077c7d0c600 fn= 181 caller= android.view.SurfaceView.applyOrMergeTransaction:1455 android.view.SurfaceView.-$$Nest$mapplyOrMergeTransaction:0 android.view.SurfaceView$SurfaceViewPositionUpdateListener.positionChanged:1537 
04-05 12:16:07.732 13149 13239 I ViewRootImpl@f8b7859[MainActivity]: mWNT: t=0xb4000077d84dab00 mBlastBufferQueue=0xb4000077c7d0c600 fn= 181 caller= android.view.ViewRootImpl.lambda$applyTransactionOnDraw$11$android-view-ViewRootImpl:12865 android.view.ViewRootImpl$$ExternalSyntheticLambda1.onFrameDraw:4 android.graphics.HardwareRenderer$FrameDrawingCallback.onFrameDraw:924 
04-05 12:16:07.747 13149 13149 I SurfaceView@d3473f7: Changes: creating=false format=false size=false visible=false alpha=false hint=false mUseAlpha=false visible=false left=false top=true
04-05 12:16:07.747 13149 13149 I SurfaceView@d3473f7: 221541367 Cur surface: Surface(name=null)/@0x987fffe
04-05 12:16:07.747 13149 13149 I SurfaceView@d3473f7: applyTransactionOnVriDraw: vri = ViewRootImpl@f8b7859[MainActivity] fRS = false t = 0xb4000077d84dad00 android.view.SurfaceView.performSurfaceTransaction:959 android.view.SurfaceView.updateSurface:1105 android.view.SurfaceView.lambda$new$0$android-view-SurfaceView:200 
04-05 12:16:07.747 13149 13149 I ViewRootImpl@f8b7859[MainActivity]: applyTransactionOnDraw: mRemoved = false isHardwareEnabled = true t = 0xb4000077d84dad00android.view.SurfaceView.applyTransactionOnVriDraw:2048 android.view.SurfaceView.performSurfaceTransaction:959 android.view.SurfaceView.updateSurface:1105 android.view.SurfaceView.lambda$new$0$android-view-SurfaceView:200 android.view.SurfaceView$$ExternalSyntheticLambda5.onPreDraw:2 
04-05 12:16:07.747 13149 13149 I SurfaceView@d3473f7: updateSurface: mVisible = true mSurface.isValid() = true
04-05 12:16:07.747 13149 13149 I SurfaceView@d3473f7: updateSurface: mSurfaceCreated = true surfaceChanged = false visibleChanged = false
04-05 12:16:07.747 13149 13149 V SurfaceView@d3473f7: Layout: x=0 y=-499 w=720 h=375, frame=Rect(0, 0 - 720, 375)
04-05 12:16:07.749 13149 13238 D SurfaceView@d3473f7: updateSurfacePosition RenderWorker, frameNr = 182, position = [0, -499, 720, -124] surfaceSize = 720x375
04-05 12:16:07.749 13149 13238 I SurfaceView@d3473f7: uSP: rtp = Rect(0, -499 - 720, -124) rtsw = 720 rtsh = 375
04-05 12:16:07.749 13149 13238 I SurfaceView@d3473f7: onSSPAndSRT: pl = 0 pt = -499 sx = 1.0 sy = 1.0
04-05 12:16:07.749 13149 13238 I SurfaceView@d3473f7: aOrMT: ViewRootImpl@f8b7859[MainActivity] t = android.view.SurfaceControl$Transaction@bd0067b fN = 182 android.view.SurfaceView.-$$Nest$mapplyOrMergeTransaction:0 android.view.SurfaceView$SurfaceViewPositionUpdateListener.positionChanged:1537 android.graphics.RenderNode$CompositePositionUpdateListener.positionChanged:373 
04-05 12:16:07.749 13149 13238 I ViewRootImpl@f8b7859[MainActivity]: mWNT: t=0xb4000077ab8be700 mBlastBufferQueue=0xb4000077c7d0c600 fn= 182 caller= android.view.SurfaceView.applyOrMergeTransaction:1455 android.view.SurfaceView.-$$Nest$mapplyOrMergeTransaction:0 android.view.SurfaceView$SurfaceViewPositionUpdateListener.positionChanged:1537 
04-05 12:16:07.750 13149 13239 I ViewRootImpl@f8b7859[MainActivity]: mWNT: t=0xb4000077d84dad00 mBlastBufferQueue=0xb4000077c7d0c600 fn= 182 caller= android.view.ViewRootImpl.lambda$applyTransactionOnDraw$11$android-view-ViewRootImpl:12865 android.view.ViewRootImpl$$ExternalSyntheticLambda1.onFrameDraw:4 android.graphics.HardwareRenderer$FrameDrawingCallback.onFrameDraw:924 
04-05 12:16:07.765 13149 13149 I SurfaceView@d3473f7: Changes: creating=false format=false size=false visible=false alpha=false hint=false mUseAlpha=false visible=false left=false top=true
04-05 12:16:07.765 13149 13149 I SurfaceView@d3473f7: 221541367 Cur surface: Surface(name=null)/@0x987fffe
04-05 12:16:07.766 13149 13149 I SurfaceView@d3473f7: applyTransactionOnVriDraw: vri = ViewRootImpl@f8b7859[MainActivity] fRS = false t = 0xb4000077d84daf00 android.view.SurfaceView.performSurfaceTransaction:959 android.view.SurfaceView.updateSurface:1105 android.view.SurfaceView.lambda$new$0$android-view-SurfaceView:200 
04-05 12:16:07.766 13149 13149 I ViewRootImpl@f8b7859[MainActivity]: applyTransactionOnDraw: mRemoved = false isHardwareEnabled = true t = 0xb4000077d84daf00android.view.SurfaceView.applyTransactionOnVriDraw:2048 android.view.SurfaceView.performSurfaceTransaction:959 android.view.SurfaceView.updateSurface:1105 android.view.SurfaceView.lambda$new$0$android-view-SurfaceView:200 android.view.SurfaceView$$ExternalSyntheticLambda5.onPreDraw:2 
04-05 12:16:07.766 13149 13149 I SurfaceView@d3473f7: updateSurface: mVisible = true mSurface.isValid() = true
04-05 12:16:07.766 13149 13149 I SurfaceView@d3473f7: updateSurface: mSurfaceCreated = true surfaceChanged = false visibleChanged = false
04-05 12:16:07.766 13149 13149 V SurfaceView@d3473f7: Layout: x=0 y=-516 w=720 h=375, frame=Rect(0, 0 - 720, 375)
04-05 12:16:07.767 13149 13238 D SurfaceView@d3473f7: updateSurfacePosition RenderWorker, frameNr = 183, position = [0, -516, 720, -141] surfaceSize = 720x375
04-05 12:16:07.768 13149 13238 I SurfaceView@d3473f7: uSP: rtp = Rect(0, -516 - 720, -141) rtsw = 720 rtsh = 375
04-05 12:16:07.768 13149 13238 I SurfaceView@d3473f7: onSSPAndSRT: pl = 0 pt = -516 sx = 1.0 sy = 1.0
04-05 12:16:07.768 13149 13238 I SurfaceView@d3473f7: aOrMT: ViewRootImpl@f8b7859[MainActivity] t = android.view.SurfaceControl$Transaction@bd0067b fN = 183 android.view.SurfaceView.-$$Nest$mapplyOrMergeTransaction:0 android.view.SurfaceView$SurfaceViewPositionUpdateListener.positionChanged:1537 android.graphics.RenderNode$CompositePositionUpdateListener.positionChanged:373 
04-05 12:16:07.768 13149 13238 I ViewRootImpl@f8b7859[MainActivity]: mWNT: t=0xb4000077ab8be700 mBlastBufferQueue=0xb4000077c7d0c600 fn= 183 caller= android.view.SurfaceView.applyOrMergeTransaction:1455 android.view.SurfaceView.-$$Nest$mapplyOrMergeTransaction:0 android.view.SurfaceView$SurfaceViewPositionUpdateListener.positionChanged:1537 
04-05 12:16:07.768 13149 13238 I ViewRootImpl@f8b7859[MainActivity]: mWNT: t=0xb4000077d84daf00 mBlastBufferQueue=0xb4000077c7d0c600 fn= 183 caller= android.view.ViewRootImpl.lambda$applyTransactionOnDraw$11$android-view-ViewRootImpl:12865 android.view.ViewRootImpl$$ExternalSyntheticLambda1.onFrameDraw:4 android.graphics.HardwareRenderer$FrameDrawingCallback.onFrameDraw:924 
04-05 12:16:07.781 13149 13149 I SurfaceView@d3473f7: Changes: creating=false format=false size=false visible=false alpha=false hint=false mUseAlpha=false visible=false left=false top=true
04-05 12:16:07.781 13149 13149 I SurfaceView@d3473f7: 221541367 Cur surface: Surface(name=null)/@0x987fffe
04-05 12:16:07.781 13149 13149 I SurfaceView@d3473f7: applyTransactionOnVriDraw: vri = ViewRootImpl@f8b7859[MainActivity] fRS = false t = 0xb4000077d85ab100 android.view.SurfaceView.performSurfaceTransaction:959 android.view.SurfaceView.updateSurface:1105 android.view.SurfaceView.lambda$new$0$android-view-SurfaceView:200 
04-05 12:16:07.781 13149 13149 I ViewRootImpl@f8b7859[MainActivity]: applyTransactionOnDraw: mRemoved = false isHardwareEnabled = true t = 0xb4000077d85ab100android.view.SurfaceView.applyTransactionOnVriDraw:2048 android.view.SurfaceView.performSurfaceTransaction:959 android.view.SurfaceView.updateSurface:1105 android.view.SurfaceView.lambda$new$0$android-view-SurfaceView:200 android.view.SurfaceView$$ExternalSyntheticLambda5.onPreDraw:2 
04-05 12:16:07.781 13149 13149 I SurfaceView@d3473f7: updateSurface: mVisible = true mSurface.isValid() = true
04-05 12:16:07.781 13149 13149 I SurfaceView@d3473f7: updateSurface: mSurfaceCreated = true surfaceChanged = false visibleChanged = false
04-05 12:16:07.781 13149 13149 V SurfaceView@d3473f7: Layout: x=0 y=-532 w=720 h=375, frame=Rect(0, 0 - 720, 375)
04-05 12:16:07.783 13149 13239 D SurfaceView@d3473f7: updateSurfacePosition RenderWorker, frameNr = 184, position = [0, -532, 720, -157] surfaceSize = 720x375
04-05 12:16:07.783 13149 13239 I SurfaceView@d3473f7: uSP: rtp = Rect(0, -532 - 720, -157) rtsw = 720 rtsh = 375
04-05 12:16:07.783 13149 13239 I SurfaceView@d3473f7: onSSPAndSRT: pl = 0 pt = -532 sx = 1.0 sy = 1.0
04-05 12:16:07.783 13149 13239 I SurfaceView@d3473f7: aOrMT: ViewRootImpl@f8b7859[MainActivity] t = android.view.SurfaceControl$Transaction@bd0067b fN = 184 android.view.SurfaceView.-$$Nest$mapplyOrMergeTransaction:0 android.view.SurfaceView$SurfaceViewPositionUpdateListener.positionChanged:1537 android.graphics.RenderNode$CompositePositionUpdateListener.positionChanged:373 
04-05 12:16:07.783 13149 13239 I ViewRootImpl@f8b7859[MainActivity]: mWNT: t=0xb4000077ab8be700 mBlastBufferQueue=0xb4000077c7d0c600 fn= 184 caller= android.view.SurfaceView.applyOrMergeTransaction:1455 android.view.SurfaceView.-$$Nest$mapplyOrMergeTransaction:0 android.view.SurfaceView$SurfaceViewPositionUpdateListener.positionChanged:1537 
04-05 12:16:07.783 13149 13239 I ViewRootImpl@f8b7859[MainActivity]: mWNT: t=0xb4000077d85ab100 mBlastBufferQueue=0xb4000077c7d0c600 fn= 184 caller= android.view.ViewRootImpl.lambda$applyTransactionOnDraw$11$android-view-ViewRootImpl:12865 android.view.ViewRootImpl$$ExternalSyntheticLambda1.onFrameDraw:4 android.graphics.HardwareRenderer$FrameDrawingCallback.onFrameDraw:924 
04-05 12:16:07.783 13149 13149 I ViewRootImpl@f8b7859[MainActivity]: ViewPostIme pointer 0
04-05 12:16:07.830 13149 13149 I SurfaceView@d3473f7: Changes: creating=false format=false size=false visible=false alpha=false hint=false mUseAlpha=false visible=false left=false top=true
04-05 12:16:07.830 13149 13149 I SurfaceView@d3473f7: 221541367 Cur surface: Surface(name=null)/@0x987fffe
04-05 12:16:07.830 13149 13149 I SurfaceView@d3473f7: applyTransactionOnVriDraw: vri = ViewRootImpl@f8b7859[MainActivity] fRS = false t = 0xb4000077d85ab300 android.view.SurfaceView.performSurfaceTransaction:959 android.view.SurfaceView.updateSurface:1105 android.view.SurfaceView.lambda$new$0$android-view-SurfaceView:200 
04-05 12:16:07.830 13149 13149 I ViewRootImpl@f8b7859[MainActivity]: applyTransactionOnDraw: mRemoved = false isHardwareEnabled = true t = 0xb4000077d85ab300android.view.SurfaceView.applyTransactionOnVriDraw:2048 android.view.SurfaceView.performSurfaceTransaction:959 android.view.SurfaceView.updateSurface:1105 android.view.SurfaceView.lambda$new$0$android-view-SurfaceView:200 android.view.SurfaceView$$ExternalSyntheticLambda5.onPreDraw:2 
04-05 12:16:07.831 13149 13149 I SurfaceView@d3473f7: updateSurface: mVisible = true mSurface.isValid() = true
04-05 12:16:07.831 13149 13149 I SurfaceView@d3473f7: updateSurface: mSurfaceCreated = true surfaceChanged = false visibleChanged = false
04-05 12:16:07.831 13149 13149 V SurfaceView@d3473f7: Layout: x=0 y=-567 w=720 h=375, frame=Rect(0, 0 - 720, 375)
04-05 12:16:07.831 13149 13238 D SurfaceView@d3473f7: updateSurfacePosition RenderWorker, frameNr = 186, position = [0, -567, 720, -192] surfaceSize = 720x375
04-05 12:16:07.831 13149 13238 I SurfaceView@d3473f7: uSP: rtp = Rect(0, -567 - 720, -192) rtsw = 720 rtsh = 375
04-05 12:16:07.832 13149 13238 I SurfaceView@d3473f7: onSSPAndSRT: pl = 0 pt = -567 sx = 1.0 sy = 1.0
04-05 12:16:07.832 13149 13238 I SurfaceView@d3473f7: aOrMT: ViewRootImpl@f8b7859[MainActivity] t = android.view.SurfaceControl$Transaction@bd0067b fN = 186 android.view.SurfaceView.-$$Nest$mapplyOrMergeTransaction:0 android.view.SurfaceView$SurfaceViewPositionUpdateListener.positionChanged:1537 android.graphics.RenderNode$CompositePositionUpdateListener.positionChanged:373 
04-05 12:16:07.832 13149 13238 I ViewRootImpl@f8b7859[MainActivity]: mWNT: t=0xb4000077ab8be700 mBlastBufferQueue=0xb4000077c7d0c600 fn= 186 caller= android.view.SurfaceView.applyOrMergeTransaction:1455 android.view.SurfaceView.-$$Nest$mapplyOrMergeTransaction:0 android.view.SurfaceView$SurfaceViewPositionUpdateListener.positionChanged:1537 
04-05 12:16:07.832 13149 13238 I ViewRootImpl@f8b7859[MainActivity]: mWNT: t=0xb4000077d85ab300 mBlastBufferQueue=0xb4000077c7d0c600 fn= 186 caller= android.view.ViewRootImpl.lambda$applyTransactionOnDraw$11$android-view-ViewRootImpl:12865 android.view.ViewRootImpl$$ExternalSyntheticLambda1.onFrameDraw:4 android.graphics.HardwareRenderer$FrameDrawingCallback.onFrameDraw:924 
04-05 12:16:07.846 13149 13149 I SurfaceView@d3473f7: Changes: creating=false format=false size=false visible=false alpha=false hint=false mUseAlpha=false visible=false left=false top=true
04-05 12:16:07.846 13149 13149 I SurfaceView@d3473f7: 221541367 Cur surface: Surface(name=null)/@0x987fffe
04-05 12:16:07.846 13149 13149 I SurfaceView@d3473f7: applyTransactionOnVriDraw: vri = ViewRootImpl@f8b7859[MainActivity] fRS = false t = 0xb4000077d85ab500 android.view.SurfaceView.performSurfaceTransaction:959 android.view.SurfaceView.updateSurface:1105 android.view.SurfaceView.lambda$new$0$android-view-SurfaceView:200 
04-05 12:16:07.846 13149 13149 I ViewRootImpl@f8b7859[MainActivity]: applyTransactionOnDraw: mRemoved = false isHardwareEnabled = true t = 0xb4000077d85ab500android.view.SurfaceView.applyTransactionOnVriDraw:2048 android.view.SurfaceView.performSurfaceTransaction:959 android.view.SurfaceView.updateSurface:1105 android.view.SurfaceView.lambda$new$0$android-view-SurfaceView:200 android.view.SurfaceView$$ExternalSyntheticLambda5.onPreDraw:2 
04-05 12:16:07.846 13149 13149 I SurfaceView@d3473f7: updateSurface: mVisible = true mSurface.isValid() = true
04-05 12:16:07.846 13149 13149 I SurfaceView@d3473f7: updateSurface: mSurfaceCreated = true surfaceChanged = false visibleChanged = false
04-05 12:16:07.846 13149 13149 V SurfaceView@d3473f7: Layout: x=0 y=-614 w=720 h=375, frame=Rect(0, 0 - 720, 375)
04-05 12:16:07.847 13149 13239 D SurfaceView@d3473f7: updateSurfacePosition RenderWorker, frameNr = 187, position = [0, -614, 720, -239] surfaceSize = 720x375
04-05 12:16:07.847 13149 13239 I SurfaceView@d3473f7: uSP: rtp = Rect(0, -614 - 720, -239) rtsw = 720 rtsh = 375
04-05 12:16:07.847 13149 13239 I SurfaceView@d3473f7: onSSPAndSRT: pl = 0 pt = -614 sx = 1.0 sy = 1.0
04-05 12:16:07.847 13149 13239 I SurfaceView@d3473f7: aOrMT: ViewRootImpl@f8b7859[MainActivity] t = android.view.SurfaceControl$Transaction@bd0067b fN = 187 android.view.SurfaceView.-$$Nest$mapplyOrMergeTransaction:0 android.view.SurfaceView$SurfaceViewPositionUpdateListener.positionChanged:1537 android.graphics.RenderNode$CompositePositionUpdateListener.positionChanged:373 
04-05 12:16:07.847 13149 13239 I ViewRootImpl@f8b7859[MainActivity]: mWNT: t=0xb4000077ab8be700 mBlastBufferQueue=0xb4000077c7d0c600 fn= 187 caller= android.view.SurfaceView.applyOrMergeTransaction:1455 android.view.SurfaceView.-$$Nest$mapplyOrMergeTransaction:0 android.view.SurfaceView$SurfaceViewPositionUpdateListener.positionChanged:1537 
04-05 12:16:07.848 13149 13238 I ViewRootImpl@f8b7859[MainActivity]: mWNT: t=0xb4000077d85ab500 mBlastBufferQueue=0xb4000077c7d0c600 fn= 187 caller= android.view.ViewRootImpl.lambda$applyTransactionOnDraw$11$android-view-ViewRootImpl:12865 android.view.ViewRootImpl$$ExternalSyntheticLambda1.onFrameDraw:4 android.graphics.HardwareRenderer$FrameDrawingCallback.onFrameDraw:924 
04-05 12:16:07.863 13149 13149 I SurfaceView@d3473f7: Changes: creating=false format=false size=false visible=false alpha=false hint=false mUseAlpha=false visible=false left=false top=true
04-05 12:16:07.863 13149 13149 I SurfaceView@d3473f7: 221541367 Cur surface: Surface(name=null)/@0x987fffe
04-05 12:16:07.863 13149 13149 I SurfaceView@d3473f7: applyTransactionOnVriDraw: vri = ViewRootImpl@f8b7859[MainActivity] fRS = false t = 0xb4000077d85ab600 android.view.SurfaceView.performSurfaceTransaction:959 android.view.SurfaceView.updateSurface:1105 android.view.SurfaceView.lambda$new$0$android-view-SurfaceView:200 
04-05 12:16:07.863 13149 13149 I ViewRootImpl@f8b7859[MainActivity]: applyTransactionOnDraw: mRemoved = false isHardwareEnabled = true t = 0xb4000077d85ab600android.view.SurfaceView.applyTransactionOnVriDraw:2048 android.view.SurfaceView.performSurfaceTransaction:959 android.view.SurfaceView.updateSurface:1105 android.view.SurfaceView.lambda$new$0$android-view-SurfaceView:200 android.view.SurfaceView$$ExternalSyntheticLambda5.onPreDraw:2 
04-05 12:16:07.863 13149 13149 I SurfaceView@d3473f7: updateSurface: mVisible = true mSurface.isValid() = true
04-05 12:16:07.863 13149 13149 I SurfaceView@d3473f7: updateSurface: mSurfaceCreated = true surfaceChanged = false visibleChanged = false
04-05 12:16:07.863 13149 13149 V SurfaceView@d3473f7: Layout: x=0 y=-663 w=720 h=375, frame=Rect(0, 0 - 720, 375)
04-05 12:16:07.864 13149 13239 D SurfaceView@d3473f7: updateSurfacePosition RenderWorker, frameNr = 188, position = [0, -663, 720, -288] surfaceSize = 720x375
04-05 12:16:07.864 13149 13239 I SurfaceView@d3473f7: uSP: rtp = Rect(0, -663 - 720, -288) rtsw = 720 rtsh = 375
04-05 12:16:07.864 13149 13239 I SurfaceView@d3473f7: onSSPAndSRT: pl = 0 pt = -663 sx = 1.0 sy = 1.0
04-05 12:16:07.864 13149 13239 I SurfaceView@d3473f7: aOrMT: ViewRootImpl@f8b7859[MainActivity] t = android.view.SurfaceControl$Transaction@bd0067b fN = 188 android.view.SurfaceView.-$$Nest$mapplyOrMergeTransaction:0 android.view.SurfaceView$SurfaceViewPositionUpdateListener.positionChanged:1537 android.graphics.RenderNode$CompositePositionUpdateListener.positionChanged:373 
04-05 12:16:07.864 13149 13239 I ViewRootImpl@f8b7859[MainActivity]: mWNT: t=0xb4000077ab8be700 mBlastBufferQueue=0xb4000077c7d0c600 fn= 188 caller= android.view.SurfaceView.applyOrMergeTransaction:1455 android.view.SurfaceView.-$$Nest$mapplyOrMergeTransaction:0 android.view.SurfaceView$SurfaceViewPositionUpdateListener.positionChanged:1537 
04-05 12:16:07.864 13149 13239 I ViewRootImpl@f8b7859[MainActivity]: mWNT: t=0xb4000077d85ab600 mBlastBufferQueue=0xb4000077c7d0c600 fn= 188 caller= android.view.ViewRootImpl.lambda$applyTransactionOnDraw$11$android-view-ViewRootImpl:12865 android.view.ViewRootImpl$$ExternalSyntheticLambda1.onFrameDraw:4 android.graphics.HardwareRenderer$FrameDrawingCallback.onFrameDraw:924 
04-05 12:16:07.879 13149 13149 I SurfaceView@d3473f7: Changes: creating=false format=false size=false visible=false alpha=false hint=false mUseAlpha=false visible=false left=false top=true
04-05 12:16:07.879 13149 13149 I SurfaceView@d3473f7: 221541367 Cur surface: Surface(name=null)/@0x987fffe
04-05 12:16:07.879 13149 13149 I SurfaceView@d3473f7: applyTransactionOnVriDraw: vri = ViewRootImpl@f8b7859[MainActivity] fRS = false t = 0xb4000077d85b7800 android.view.SurfaceView.performSurfaceTransaction:959 android.view.SurfaceView.updateSurface:1105 android.view.SurfaceView.lambda$new$0$android-view-SurfaceView:200 
04-05 12:16:07.880 13149 13149 I ViewRootImpl@f8b7859[MainActivity]: applyTransactionOnDraw: mRemoved = false isHardwareEnabled = true t = 0xb4000077d85b7800android.view.SurfaceView.applyTransactionOnVriDraw:2048 android.view.SurfaceView.performSurfaceTransaction:959 android.view.SurfaceView.updateSurface:1105 android.view.SurfaceView.lambda$new$0$android-view-SurfaceView:200 android.view.SurfaceView$$ExternalSyntheticLambda5.onPreDraw:2 
04-05 12:16:07.880 13149 13149 I SurfaceView@d3473f7: updateSurface: mVisible = true mSurface.isValid() = true
04-05 12:16:07.880 13149 13149 I SurfaceView@d3473f7: updateSurface: mSurfaceCreated = true surfaceChanged = false visibleChanged = false
04-05 12:16:07.880 13149 13149 V SurfaceView@d3473f7: Layout: x=0 y=-702 w=720 h=375, frame=Rect(0, 0 - 720, 375)
04-05 12:16:07.880 13149 13238 D SurfaceView@d3473f7: updateSurfacePosition RenderWorker, frameNr = 189, position = [0, -702, 720, -327] surfaceSize = 720x375
04-05 12:16:07.880 13149 13238 I SurfaceView@d3473f7: uSP: rtp = Rect(0, -702 - 720, -327) rtsw = 720 rtsh = 375
04-05 12:16:07.880 13149 13238 I SurfaceView@d3473f7: onSSPAndSRT: pl = 0 pt = -702 sx = 1.0 sy = 1.0
04-05 12:16:07.881 13149 13238 I SurfaceView@d3473f7: aOrMT: ViewRootImpl@f8b7859[MainActivity] t = android.view.SurfaceControl$Transaction@bd0067b fN = 189 android.view.SurfaceView.-$$Nest$mapplyOrMergeTransaction:0 android.view.SurfaceView$SurfaceViewPositionUpdateListener.positionChanged:1537 android.graphics.RenderNode$CompositePositionUpdateListener.positionChanged:373 
04-05 12:16:07.881 13149 13238 I ViewRootImpl@f8b7859[MainActivity]: mWNT: t=0xb4000077ab8be700 mBlastBufferQueue=0xb4000077c7d0c600 fn= 189 caller= android.view.SurfaceView.applyOrMergeTransaction:1455 android.view.SurfaceView.-$$Nest$mapplyOrMergeTransaction:0 android.view.SurfaceView$SurfaceViewPositionUpdateListener.positionChanged:1537 
04-05 12:16:07.881 13149 13238 I ViewRootImpl@f8b7859[MainActivity]: mWNT: t=0xb4000077d85b7800 mBlastBufferQueue=0xb4000077c7d0c600 fn= 189 caller= android.view.ViewRootImpl.lambda$applyTransactionOnDraw$11$android-view-ViewRootImpl:12865 android.view.ViewRootImpl$$ExternalSyntheticLambda1.onFrameDraw:4 android.graphics.HardwareRenderer$FrameDrawingCallback.onFrameDraw:924 
04-05 12:16:07.896 13149 13149 I SurfaceView@d3473f7: Changes: creating=false format=false size=false visible=false alpha=false hint=false mUseAlpha=false visible=false left=false top=true
04-05 12:16:07.896 13149 13149 I SurfaceView@d3473f7: 221541367 Cur surface: Surface(name=null)/@0x987fffe
04-05 12:16:07.896 13149 13149 I SurfaceView@d3473f7: applyTransactionOnVriDraw: vri = ViewRootImpl@f8b7859[MainActivity] fRS = false t = 0xb4000077d85b7900 android.view.SurfaceView.performSurfaceTransaction:959 android.view.SurfaceView.updateSurface:1105 android.view.SurfaceView.lambda$new$0$android-view-SurfaceView:200 
04-05 12:16:07.896 13149 13149 I ViewRootImpl@f8b7859[MainActivity]: applyTransactionOnDraw: mRemoved = false isHardwareEnabled = true t = 0xb4000077d85b7900android.view.SurfaceView.applyTransactionOnVriDraw:2048 android.view.SurfaceView.performSurfaceTransaction:959 android.view.SurfaceView.updateSurface:1105 android.view.SurfaceView.lambda$new$0$android-view-SurfaceView:200 android.view.SurfaceView$$ExternalSyntheticLambda5.onPreDraw:2 
04-05 12:16:07.896 13149 13149 I SurfaceView@d3473f7: updateSurface: mVisible = true mSurface.isValid() = true
