04-05 12:49:36.450 13149 13149 I ViewRootImpl@f8b7859[MainActivity]: applyTransactionOnDraw: mRemoved = false isHardwareEnabled = true t = 0xb4000077969be500android.view.SurfaceView.applyTransactionOnVriDraw:2048 android.view.SurfaceView.performSurfaceTransaction:959 android.view.SurfaceView.updateSurface:1105 android.view.SurfaceView.lambda$new$0$android-view-SurfaceView:200 android.view.SurfaceView$$ExternalSyntheticLambda5.onPreDraw:2 
04-05 12:49:36.450 13149 13149 I SurfaceView@1f975a8: updateSurface: mVisible = true mSurface.isValid() = true
04-05 12:49:36.450 13149 13149 I SurfaceView@1f975a8: updateSurface: mSurfaceCreated = true surfaceChanged = false visibleChanged = false
04-05 12:49:36.450 13149 13149 V SurfaceView@1f975a8: Layout: x=0 y=-308 w=720 h=375, frame=Rect(0, 0 - 720, 375)
04-05 12:49:36.451 13149 13239 D SurfaceView@1f975a8: updateSurfacePosition RenderWorker, frameNr = 297, position = [0, -308, 720, 67] surfaceSize = 720x375
04-05 12:49:36.451 13149 13239 I SurfaceView@1f975a8: uSP: rtp = Rect(0, -308 - 720, 67) rtsw = 720 rtsh = 375
04-05 12:49:36.451 13149 13239 I SurfaceView@1f975a8: onSSPAndSRT: pl = 0 pt = -308 sx = 1.0 sy = 1.0
04-05 12:49:36.451 13149 13239 I SurfaceView@1f975a8: aOrMT: ViewRootImpl@f8b7859[MainActivity] t = android.view.SurfaceControl$Transaction@8a548bf fN = 297 android.view.SurfaceView.-$$Nest$mapplyOrMergeTransaction:0 android.view.SurfaceView$SurfaceViewPositionUpdateListener.positionChanged:1537 android.graphics.RenderNode$CompositePositionUpdateListener.positionChanged:373 
04-05 12:49:36.451 13149 13239 I ViewRootImpl@f8b7859[MainActivity]: mWNT: t=0xb400007768143f00 mBlastBufferQueue=0xb4000077c7d0c600 fn= 297 caller= android.view.SurfaceView.applyOrMergeTransaction:1455 android.view.SurfaceView.-$$Nest$mapplyOrMergeTransaction:0 android.view.SurfaceView$SurfaceViewPositionUpdateListener.positionChanged:1537 
04-05 12:49:36.451 13149 13239 I ViewRootImpl@f8b7859[MainActivity]: mWNT: t=0xb4000077969be500 mBlastBufferQueue=0xb4000077c7d0c600 fn= 297 caller= android.view.ViewRootImpl.lambda$applyTransactionOnDraw$11$android-view-ViewRootImpl:12865 android.view.ViewRootImpl$$ExternalSyntheticLambda1.onFrameDraw:4 android.graphics.HardwareRenderer$FrameDrawingCallback.onFrameDraw:924 
04-05 12:49:36.466 13149 13149 I SurfaceView@1f975a8: Changes: creating=false format=false size=false visible=false alpha=false hint=false mUseAlpha=false visible=false left=false top=true
04-05 12:49:36.466 13149 13149 I SurfaceView@1f975a8: 33125800 Cur surface: Surface(name=null)/@0xa780960
04-05 12:49:36.467 13149 13149 I SurfaceView@1f975a8: applyTransactionOnVriDraw: vri = ViewRootImpl@f8b7859[MainActivity] fRS = false t = 0xb400007796b69700 android.view.SurfaceView.performSurfaceTransaction:959 android.view.SurfaceView.updateSurface:1105 android.view.SurfaceView.lambda$new$0$android-view-SurfaceView:200 
04-05 12:49:36.467 13149 13149 I ViewRootImpl@f8b7859[MainActivity]: applyTransactionOnDraw: mRemoved = false isHardwareEnabled = true t = 0xb400007796b69700android.view.SurfaceView.applyTransactionOnVriDraw:2048 android.view.SurfaceView.performSurfaceTransaction:959 android.view.SurfaceView.updateSurface:1105 android.view.SurfaceView.lambda$new$0$android-view-SurfaceView:200 android.view.SurfaceView$$ExternalSyntheticLambda5.onPreDraw:2 
04-05 12:49:36.467 13149 13149 I SurfaceView@1f975a8: updateSurface: mVisible = true mSurface.isValid() = true
04-05 12:49:36.467 13149 13149 I SurfaceView@1f975a8: updateSurface: mSurfaceCreated = true surfaceChanged = false visibleChanged = false
04-05 12:49:36.467 13149 13149 V SurfaceView@1f975a8: Layout: x=0 y=-298 w=720 h=375, frame=Rect(0, 0 - 720, 375)
04-05 12:49:36.468 13149 13238 D SurfaceView@1f975a8: updateSurfacePosition RenderWorker, frameNr = 298, position = [0, -298, 720, 77] surfaceSize = 720x375
04-05 12:49:36.468 13149 13238 I SurfaceView@1f975a8: uSP: rtp = Rect(0, -298 - 720, 77) rtsw = 720 rtsh = 375
04-05 12:49:36.468 13149 13238 I SurfaceView@1f975a8: onSSPAndSRT: pl = 0 pt = -298 sx = 1.0 sy = 1.0
04-05 12:49:36.468 13149 13238 I SurfaceView@1f975a8: aOrMT: ViewRootImpl@f8b7859[MainActivity] t = android.view.SurfaceControl$Transaction@8a548bf fN = 298 android.view.SurfaceView.-$$Nest$mapplyOrMergeTransaction:0 android.view.SurfaceView$SurfaceViewPositionUpdateListener.positionChanged:1537 android.graphics.RenderNode$CompositePositionUpdateListener.positionChanged:373 
04-05 12:49:36.468 13149 13238 I ViewRootImpl@f8b7859[MainActivity]: mWNT: t=0xb400007768143f00 mBlastBufferQueue=0xb4000077c7d0c600 fn= 298 caller= android.view.SurfaceView.applyOrMergeTransaction:1455 android.view.SurfaceView.-$$Nest$mapplyOrMergeTransaction:0 android.view.SurfaceView$SurfaceViewPositionUpdateListener.positionChanged:1537 
04-05 12:49:36.469 13149 13239 I ViewRootImpl@f8b7859[MainActivity]: mWNT: t=0xb400007796b69700 mBlastBufferQueue=0xb4000077c7d0c600 fn= 298 caller= android.view.ViewRootImpl.lambda$applyTransactionOnDraw$11$android-view-ViewRootImpl:12865 android.view.ViewRootImpl$$ExternalSyntheticLambda1.onFrameDraw:4 android.graphics.HardwareRenderer$FrameDrawingCallback.onFrameDraw:924 
04-05 12:49:36.483 13149 13149 I SurfaceView@1f975a8: Changes: creating=false format=false size=false visible=false alpha=false hint=false mUseAlpha=false visible=false left=false top=true
04-05 12:49:36.483 13149 13149 I SurfaceView@1f975a8: 33125800 Cur surface: Surface(name=null)/@0xa780960
04-05 12:49:36.483 13149 13149 I SurfaceView@1f975a8: applyTransactionOnVriDraw: vri = ViewRootImpl@f8b7859[MainActivity] fRS = false t = 0xb400007796b88300 android.view.SurfaceView.performSurfaceTransaction:959 android.view.SurfaceView.updateSurface:1105 android.view.SurfaceView.lambda$new$0$android-view-SurfaceView:200 
04-05 12:49:36.483 13149 13149 I ViewRootImpl@f8b7859[MainActivity]: applyTransactionOnDraw: mRemoved = false isHardwareEnabled = true t = 0xb400007796b88300android.view.SurfaceView.applyTransactionOnVriDraw:2048 android.view.SurfaceView.performSurfaceTransaction:959 android.view.SurfaceView.updateSurface:1105 android.view.SurfaceView.lambda$new$0$android-view-SurfaceView:200 android.view.SurfaceView$$ExternalSyntheticLambda5.onPreDraw:2 
04-05 12:49:36.483 13149 13149 I SurfaceView@1f975a8: updateSurface: mVisible = true mSurface.isValid() = true
04-05 12:49:36.483 13149 13149 I SurfaceView@1f975a8: updateSurface: mSurfaceCreated = true surfaceChanged = false visibleChanged = false
04-05 12:49:36.483 13149 13149 V SurfaceView@1f975a8: Layout: x=0 y=-288 w=720 h=375, frame=Rect(0, 0 - 720, 375)
04-05 12:49:36.484 13149 13238 D SurfaceView@1f975a8: updateSurfacePosition RenderWorker, frameNr = 299, position = [0, -288, 720, 87] surfaceSize = 720x375
04-05 12:49:36.484 13149 13238 I SurfaceView@1f975a8: uSP: rtp = Rect(0, -288 - 720, 87) rtsw = 720 rtsh = 375
04-05 12:49:36.484 13149 13238 I SurfaceView@1f975a8: onSSPAndSRT: pl = 0 pt = -288 sx = 1.0 sy = 1.0
04-05 12:49:36.485 13149 13238 I SurfaceView@1f975a8: aOrMT: ViewRootImpl@f8b7859[MainActivity] t = android.view.SurfaceControl$Transaction@8a548bf fN = 299 android.view.SurfaceView.-$$Nest$mapplyOrMergeTransaction:0 android.view.SurfaceView$SurfaceViewPositionUpdateListener.positionChanged:1537 android.graphics.RenderNode$CompositePositionUpdateListener.positionChanged:373 
04-05 12:49:36.485 13149 13238 I ViewRootImpl@f8b7859[MainActivity]: mWNT: t=0xb400007768143f00 mBlastBufferQueue=0xb4000077c7d0c600 fn= 299 caller= android.view.SurfaceView.applyOrMergeTransaction:1455 android.view.SurfaceView.-$$Nest$mapplyOrMergeTransaction:0 android.view.SurfaceView$SurfaceViewPositionUpdateListener.positionChanged:1537 
04-05 12:49:36.485 13149 13238 I ViewRootImpl@f8b7859[MainActivity]: mWNT: t=0xb400007796b88300 mBlastBufferQueue=0xb4000077c7d0c600 fn= 299 caller= android.view.ViewRootImpl.lambda$applyTransactionOnDraw$11$android-view-ViewRootImpl:12865 android.view.ViewRootImpl$$ExternalSyntheticLambda1.onFrameDraw:4 android.graphics.HardwareRenderer$FrameDrawingCallback.onFrameDraw:924 
04-05 12:49:36.500 13149 13149 I SurfaceView@1f975a8: Changes: creating=false format=false size=false visible=false alpha=false hint=false mUseAlpha=false visible=false left=false top=true
04-05 12:49:36.500 13149 13149 I SurfaceView@1f975a8: 33125800 Cur surface: Surface(name=null)/@0xa780960
04-05 12:49:36.500 13149 13149 I SurfaceView@1f975a8: applyTransactionOnVriDraw: vri = ViewRootImpl@f8b7859[MainActivity] fRS = false t = 0xb400007795cf4d00 android.view.SurfaceView.performSurfaceTransaction:959 android.view.SurfaceView.updateSurface:1105 android.view.SurfaceView.lambda$new$0$android-view-SurfaceView:200 
04-05 12:49:36.500 13149 13149 I ViewRootImpl@f8b7859[MainActivity]: applyTransactionOnDraw: mRemoved = false isHardwareEnabled = true t = 0xb400007795cf4d00android.view.SurfaceView.applyTransactionOnVriDraw:2048 android.view.SurfaceView.performSurfaceTransaction:959 android.view.SurfaceView.updateSurface:1105 android.view.SurfaceView.lambda$new$0$android-view-SurfaceView:200 android.view.SurfaceView$$ExternalSyntheticLambda5.onPreDraw:2 
04-05 12:49:36.500 13149 13149 I SurfaceView@1f975a8: updateSurface: mVisible = true mSurface.isValid() = true
04-05 12:49:36.500 13149 13149 I SurfaceView@1f975a8: updateSurface: mSurfaceCreated = true surfaceChanged = false visibleChanged = false
04-05 12:49:36.500 13149 13149 V SurfaceView@1f975a8: Layout: x=0 y=-280 w=720 h=375, frame=Rect(0, 0 - 720, 375)
04-05 12:49:36.501 13149 13239 D SurfaceView@1f975a8: updateSurfacePosition RenderWorker, frameNr = 300, position = [0, -280, 720, 95] surfaceSize = 720x375
04-05 12:49:36.501 13149 13239 I SurfaceView@1f975a8: uSP: rtp = Rect(0, -280 - 720, 95) rtsw = 720 rtsh = 375
04-05 12:49:36.501 13149 13239 I SurfaceView@1f975a8: onSSPAndSRT: pl = 0 pt = -280 sx = 1.0 sy = 1.0
04-05 12:49:36.501 13149 13239 I SurfaceView@1f975a8: aOrMT: ViewRootImpl@f8b7859[MainActivity] t = android.view.SurfaceControl$Transaction@8a548bf fN = 300 android.view.SurfaceView.-$$Nest$mapplyOrMergeTransaction:0 android.view.SurfaceView$SurfaceViewPositionUpdateListener.positionChanged:1537 android.graphics.RenderNode$CompositePositionUpdateListener.positionChanged:373 
04-05 12:49:36.502 13149 13239 I ViewRootImpl@f8b7859[MainActivity]: mWNT: t=0xb400007768143f00 mBlastBufferQueue=0xb4000077c7d0c600 fn= 300 caller= android.view.SurfaceView.applyOrMergeTransaction:1455 android.view.SurfaceView.-$$Nest$mapplyOrMergeTransaction:0 android.view.SurfaceView$SurfaceViewPositionUpdateListener.positionChanged:1537 
04-05 12:49:36.502 13149 13239 I ViewRootImpl@f8b7859[MainActivity]: mWNT: t=0xb400007795cf4d00 mBlastBufferQueue=0xb4000077c7d0c600 fn= 300 caller= android.view.ViewRootImpl.lambda$applyTransactionOnDraw$11$android-view-ViewRootImpl:12865 android.view.ViewRootImpl$$ExternalSyntheticLambda1.onFrameDraw:4 android.graphics.HardwareRenderer$FrameDrawingCallback.onFrameDraw:924 
04-05 12:49:36.516 13149 13149 I SurfaceView@1f975a8: Changes: creating=false format=false size=false visible=false alpha=false hint=false mUseAlpha=false visible=false left=false top=true
04-05 12:49:36.516 13149 13149 I SurfaceView@1f975a8: 33125800 Cur surface: Surface(name=null)/@0xa780960
04-05 12:49:36.517 13149 13149 I SurfaceView@1f975a8: applyTransactionOnVriDraw: vri = ViewRootImpl@f8b7859[MainActivity] fRS = false t = 0xb400007791d2a000 android.view.SurfaceView.performSurfaceTransaction:959 android.view.SurfaceView.updateSurface:1105 android.view.SurfaceView.lambda$new$0$android-view-SurfaceView:200 
04-05 12:49:36.517 13149 13149 I ViewRootImpl@f8b7859[MainActivity]: applyTransactionOnDraw: mRemoved = false isHardwareEnabled = true t = 0xb400007791d2a000android.view.SurfaceView.applyTransactionOnVriDraw:2048 android.view.SurfaceView.performSurfaceTransaction:959 android.view.SurfaceView.updateSurface:1105 android.view.SurfaceView.lambda$new$0$android-view-SurfaceView:200 android.view.SurfaceView$$ExternalSyntheticLambda5.onPreDraw:2 
04-05 12:49:36.517 13149 13149 I SurfaceView@1f975a8: updateSurface: mVisible = true mSurface.isValid() = true
04-05 12:49:36.517 13149 13149 I SurfaceView@1f975a8: updateSurface: mSurfaceCreated = true surfaceChanged = false visibleChanged = false
04-05 12:49:36.517 13149 13149 V SurfaceView@1f975a8: Layout: x=0 y=-271 w=720 h=375, frame=Rect(0, 0 - 720, 375)
04-05 12:49:36.518 13149 13238 D SurfaceView@1f975a8: updateSurfacePosition RenderWorker, frameNr = 301, position = [0, -271, 720, 104] surfaceSize = 720x375
04-05 12:49:36.518 13149 13238 I SurfaceView@1f975a8: uSP: rtp = Rect(0, -271 - 720, 104) rtsw = 720 rtsh = 375
04-05 12:49:36.518 13149 13238 I SurfaceView@1f975a8: onSSPAndSRT: pl = 0 pt = -271 sx = 1.0 sy = 1.0
04-05 12:49:36.518 13149 13238 I SurfaceView@1f975a8: aOrMT: ViewRootImpl@f8b7859[MainActivity] t = android.view.SurfaceControl$Transaction@8a548bf fN = 301 android.view.SurfaceView.-$$Nest$mapplyOrMergeTransaction:0 android.view.SurfaceView$SurfaceViewPositionUpdateListener.positionChanged:1537 android.graphics.RenderNode$CompositePositionUpdateListener.positionChanged:373 
04-05 12:49:36.518 13149 13238 I ViewRootImpl@f8b7859[MainActivity]: mWNT: t=0xb400007768143f00 mBlastBufferQueue=0xb4000077c7d0c600 fn= 301 caller= android.view.SurfaceView.applyOrMergeTransaction:1455 android.view.SurfaceView.-$$Nest$mapplyOrMergeTransaction:0 android.view.SurfaceView$SurfaceViewPositionUpdateListener.positionChanged:1537 
04-05 12:49:36.518 13149 13238 I ViewRootImpl@f8b7859[MainActivity]: mWNT: t=0xb400007791d2a000 mBlastBufferQueue=0xb4000077c7d0c600 fn= 301 caller= android.view.ViewRootImpl.lambda$applyTransactionOnDraw$11$android-view-ViewRootImpl:12865 android.view.ViewRootImpl$$ExternalSyntheticLambda1.onFrameDraw:4 android.graphics.HardwareRenderer$FrameDrawingCallback.onFrameDraw:924 
04-05 12:49:36.533 13149 13149 I SurfaceView@1f975a8: Changes: creating=false format=false size=false visible=false alpha=false hint=false mUseAlpha=false visible=false left=false top=true
04-05 12:49:36.533 13149 13149 I SurfaceView@1f975a8: 33125800 Cur surface: Surface(name=null)/@0xa780960
04-05 12:49:36.533 13149 13149 I SurfaceView@1f975a8: applyTransactionOnVriDraw: vri = ViewRootImpl@f8b7859[MainActivity] fRS = false t = 0xb400007791d2a100 android.view.SurfaceView.performSurfaceTransaction:959 android.view.SurfaceView.updateSurface:1105 android.view.SurfaceView.lambda$new$0$android-view-SurfaceView:200 
04-05 12:49:36.534 13149 13149 I ViewRootImpl@f8b7859[MainActivity]: applyTransactionOnDraw: mRemoved = false isHardwareEnabled = true t = 0xb400007791d2a100android.view.SurfaceView.applyTransactionOnVriDraw:2048 android.view.SurfaceView.performSurfaceTransaction:959 android.view.SurfaceView.updateSurface:1105 android.view.SurfaceView.lambda$new$0$android-view-SurfaceView:200 android.view.SurfaceView$$ExternalSyntheticLambda5.onPreDraw:2 
04-05 12:49:36.534 13149 13149 I SurfaceView@1f975a8: updateSurface: mVisible = true mSurface.isValid() = true
04-05 12:49:36.534 13149 13149 I SurfaceView@1f975a8: updateSurface: mSurfaceCreated = true surfaceChanged = false visibleChanged = false
04-05 12:49:36.534 13149 13149 V SurfaceView@1f975a8: Layout: x=0 y=-264 w=720 h=375, frame=Rect(0, 0 - 720, 375)
04-05 12:49:36.535 13149 13239 D SurfaceView@1f975a8: updateSurfacePosition RenderWorker, frameNr = 302, position = [0, -264, 720, 111] surfaceSize = 720x375
04-05 12:49:36.535 13149 13239 I SurfaceView@1f975a8: uSP: rtp = Rect(0, -264 - 720, 111) rtsw = 720 rtsh = 375
04-05 12:49:36.535 13149 13239 I SurfaceView@1f975a8: onSSPAndSRT: pl = 0 pt = -264 sx = 1.0 sy = 1.0
04-05 12:49:36.535 13149 13239 I SurfaceView@1f975a8: aOrMT: ViewRootImpl@f8b7859[MainActivity] t = android.view.SurfaceControl$Transaction@8a548bf fN = 302 android.view.SurfaceView.-$$Nest$mapplyOrMergeTransaction:0 android.view.SurfaceView$SurfaceViewPositionUpdateListener.positionChanged:1537 android.graphics.RenderNode$CompositePositionUpdateListener.positionChanged:373 
04-05 12:49:36.535 13149 13239 I ViewRootImpl@f8b7859[MainActivity]: mWNT: t=0xb400007768143f00 mBlastBufferQueue=0xb4000077c7d0c600 fn= 302 caller= android.view.SurfaceView.applyOrMergeTransaction:1455 android.view.SurfaceView.-$$Nest$mapplyOrMergeTransaction:0 android.view.SurfaceView$SurfaceViewPositionUpdateListener.positionChanged:1537 
04-05 12:49:36.535 13149 13238 I ViewRootImpl@f8b7859[MainActivity]: mWNT: t=0xb400007791d2a100 mBlastBufferQueue=0xb4000077c7d0c600 fn= 302 caller= android.view.ViewRootImpl.lambda$applyTransactionOnDraw$11$android-view-ViewRootImpl:12865 android.view.ViewRootImpl$$ExternalSyntheticLambda1.onFrameDraw:4 android.graphics.HardwareRenderer$FrameDrawingCallback.onFrameDraw:924 
04-05 12:49:36.549 13149 13149 I SurfaceView@1f975a8: Changes: creating=false format=false size=false visible=false alpha=false hint=false mUseAlpha=false visible=false left=false top=true
04-05 12:49:36.550 13149 13149 I SurfaceView@1f975a8: 33125800 Cur surface: Surface(name=null)/@0xa780960
04-05 12:49:36.550 13149 13149 I SurfaceView@1f975a8: applyTransactionOnVriDraw: vri = ViewRootImpl@f8b7859[MainActivity] fRS = false t = 0xb400007791db6400 android.view.SurfaceView.performSurfaceTransaction:959 android.view.SurfaceView.updateSurface:1105 android.view.SurfaceView.lambda$new$0$android-view-SurfaceView:200 
04-05 12:49:36.550 13149 13149 I ViewRootImpl@f8b7859[MainActivity]: applyTransactionOnDraw: mRemoved = false isHardwareEnabled = true t = 0xb400007791db6400android.view.SurfaceView.applyTransactionOnVriDraw:2048 android.view.SurfaceView.performSurfaceTransaction:959 android.view.SurfaceView.updateSurface:1105 android.view.SurfaceView.lambda$new$0$android-view-SurfaceView:200 android.view.SurfaceView$$ExternalSyntheticLambda5.onPreDraw:2 
04-05 12:49:36.550 13149 13149 I SurfaceView@1f975a8: updateSurface: mVisible = true mSurface.isValid() = true
04-05 12:49:36.550 13149 13149 I SurfaceView@1f975a8: updateSurface: mSurfaceCreated = true surfaceChanged = false visibleChanged = false
04-05 12:49:36.550 13149 13149 V SurfaceView@1f975a8: Layout: x=0 y=-257 w=720 h=375, frame=Rect(0, 0 - 720, 375)
04-05 12:49:36.551 13149 13239 D SurfaceView@1f975a8: updateSurfacePosition RenderWorker, frameNr = 303, position = [0, -257, 720, 118] surfaceSize = 720x375
04-05 12:49:36.551 13149 13239 I SurfaceView@1f975a8: uSP: rtp = Rect(0, -257 - 720, 118) rtsw = 720 rtsh = 375
04-05 12:49:36.551 13149 13239 I SurfaceView@1f975a8: onSSPAndSRT: pl = 0 pt = -257 sx = 1.0 sy = 1.0
04-05 12:49:36.551 13149 13239 I SurfaceView@1f975a8: aOrMT: ViewRootImpl@f8b7859[MainActivity] t = android.view.SurfaceControl$Transaction@8a548bf fN = 303 android.view.SurfaceView.-$$Nest$mapplyOrMergeTransaction:0 android.view.SurfaceView$SurfaceViewPositionUpdateListener.positionChanged:1537 android.graphics.RenderNode$CompositePositionUpdateListener.positionChanged:373 
04-05 12:49:36.551 13149 13239 I ViewRootImpl@f8b7859[MainActivity]: mWNT: t=0xb400007768143f00 mBlastBufferQueue=0xb4000077c7d0c600 fn= 303 caller= android.view.SurfaceView.applyOrMergeTransaction:1455 android.view.SurfaceView.-$$Nest$mapplyOrMergeTransaction:0 android.view.SurfaceView$SurfaceViewPositionUpdateListener.positionChanged:1537 
04-05 12:49:36.551 13149 13239 I ViewRootImpl@f8b7859[MainActivity]: mWNT: t=0xb400007791db6400 mBlastBufferQueue=0xb4000077c7d0c600 fn= 303 caller= android.view.ViewRootImpl.lambda$applyTransactionOnDraw$11$android-view-ViewRootImpl:12865 android.view.ViewRootImpl$$ExternalSyntheticLambda1.onFrameDraw:4 android.graphics.HardwareRenderer$FrameDrawingCallback.onFrameDraw:924 
04-05 12:49:36.566 13149 13149 I SurfaceView@1f975a8: Changes: creating=false format=false size=false visible=false alpha=false hint=false mUseAlpha=false visible=false left=false top=true
04-05 12:49:36.566 13149 13149 I SurfaceView@1f975a8: 33125800 Cur surface: Surface(name=null)/@0xa780960
04-05 12:49:36.567 13149 13149 I SurfaceView@1f975a8: applyTransactionOnVriDraw: vri = ViewRootImpl@f8b7859[MainActivity] fRS = false t = 0xb400007791db6600 android.view.SurfaceView.performSurfaceTransaction:959 android.view.SurfaceView.updateSurface:1105 android.view.SurfaceView.lambda$new$0$android-view-SurfaceView:200 
04-05 12:49:36.567 13149 13149 I ViewRootImpl@f8b7859[MainActivity]: applyTransactionOnDraw: mRemoved = false isHardwareEnabled = true t = 0xb400007791db6600android.view.SurfaceView.applyTransactionOnVriDraw:2048 android.view.SurfaceView.performSurfaceTransaction:959 android.view.SurfaceView.updateSurface:1105 android.view.SurfaceView.lambda$new$0$android-view-SurfaceView:200 android.view.SurfaceView$$ExternalSyntheticLambda5.onPreDraw:2 
04-05 12:49:36.567 13149 13149 I SurfaceView@1f975a8: updateSurface: mVisible = true mSurface.isValid() = true
04-05 12:49:36.567 13149 13149 I SurfaceView@1f975a8: updateSurface: mSurfaceCreated = true surfaceChanged = false visibleChanged = false
04-05 12:49:36.567 13149 13149 V SurfaceView@1f975a8: Layout: x=0 y=-250 w=720 h=375, frame=Rect(0, 0 - 720, 375)
04-05 12:49:36.567 13149 13238 D SurfaceView@1f975a8: updateSurfacePosition RenderWorker, frameNr = 304, position = [0, -250, 720, 125] surfaceSize = 720x375
04-05 12:49:36.568 13149 13238 I SurfaceView@1f975a8: uSP: rtp = Rect(0, -250 - 720, 125) rtsw = 720 rtsh = 375
04-05 12:49:36.568 13149 13238 I SurfaceView@1f975a8: onSSPAndSRT: pl = 0 pt = -250 sx = 1.0 sy = 1.0
04-05 12:49:36.568 13149 13238 I SurfaceView@1f975a8: aOrMT: ViewRootImpl@f8b7859[MainActivity] t = android.view.SurfaceControl$Transaction@8a548bf fN = 304 android.view.SurfaceView.-$$Nest$mapplyOrMergeTransaction:0 android.view.SurfaceView$SurfaceViewPositionUpdateListener.positionChanged:1537 android.graphics.RenderNode$CompositePositionUpdateListener.positionChanged:373 
04-05 12:49:36.568 13149 13238 I ViewRootImpl@f8b7859[MainActivity]: mWNT: t=0xb400007768143f00 mBlastBufferQueue=0xb4000077c7d0c600 fn= 304 caller= android.view.SurfaceView.applyOrMergeTransaction:1455 android.view.SurfaceView.-$$Nest$mapplyOrMergeTransaction:0 android.view.SurfaceView$SurfaceViewPositionUpdateListener.positionChanged:1537 
04-05 12:49:36.568 13149 13238 I ViewRootImpl@f8b7859[MainActivity]: mWNT: t=0xb400007791db6600 mBlastBufferQueue=0xb4000077c7d0c600 fn= 304 caller= android.view.ViewRootImpl.lambda$applyTransactionOnDraw$11$android-view-ViewRootImpl:12865 android.view.ViewRootImpl$$ExternalSyntheticLambda1.onFrameDraw:4 android.graphics.HardwareRenderer$FrameDrawingCallback.onFrameDraw:924 
04-05 12:49:36.583 13149 13149 I SurfaceView@1f975a8: Changes: creating=false format=false size=false visible=false alpha=false hint=false mUseAlpha=false visible=false left=false top=true
04-05 12:49:36.583 13149 13149 I SurfaceView@1f975a8: 33125800 Cur surface: Surface(name=null)/@0xa780960
04-05 12:49:36.583 13149 13149 I SurfaceView@1f975a8: applyTransactionOnVriDraw: vri = ViewRootImpl@f8b7859[MainActivity] fRS = false t = 0xb400007791dd2000 android.view.SurfaceView.performSurfaceTransaction:959 android.view.SurfaceView.updateSurface:1105 android.view.SurfaceView.lambda$new$0$android-view-SurfaceView:200 
04-05 12:49:36.583 13149 13149 I ViewRootImpl@f8b7859[MainActivity]: applyTransactionOnDraw: mRemoved = false isHardwareEnabled = true t = 0xb400007791dd2000android.view.SurfaceView.applyTransactionOnVriDraw:2048 android.view.SurfaceView.performSurfaceTransaction:959 android.view.SurfaceView.updateSurface:1105 android.view.SurfaceView.lambda$new$0$android-view-SurfaceView:200 android.view.SurfaceView$$ExternalSyntheticLambda5.onPreDraw:2 
04-05 12:49:36.583 13149 13149 I SurfaceView@1f975a8: updateSurface: mVisible = true mSurface.isValid() = true
04-05 12:49:36.583 13149 13149 I SurfaceView@1f975a8: updateSurface: mSurfaceCreated = true surfaceChanged = false visibleChanged = false
04-05 12:49:36.583 13149 13149 V SurfaceView@1f975a8: Layout: x=0 y=-244 w=720 h=375, frame=Rect(0, 0 - 720, 375)
04-05 12:49:36.584 13149 13239 D SurfaceView@1f975a8: updateSurfacePosition RenderWorker, frameNr = 305, position = [0, -244, 720, 131] surfaceSize = 720x375
04-05 12:49:36.584 13149 13239 I SurfaceView@1f975a8: uSP: rtp = Rect(0, -244 - 720, 131) rtsw = 720 rtsh = 375
04-05 12:49:36.584 13149 13239 I SurfaceView@1f975a8: onSSPAndSRT: pl = 0 pt = -244 sx = 1.0 sy = 1.0
04-05 12:49:36.584 13149 13239 I SurfaceView@1f975a8: aOrMT: ViewRootImpl@f8b7859[MainActivity] t = android.view.SurfaceControl$Transaction@8a548bf fN = 305 android.view.SurfaceView.-$$Nest$mapplyOrMergeTransaction:0 android.view.SurfaceView$SurfaceViewPositionUpdateListener.positionChanged:1537 android.graphics.RenderNode$CompositePositionUpdateListener.positionChanged:373 
04-05 12:49:36.584 13149 13239 I ViewRootImpl@f8b7859[MainActivity]: mWNT: t=0xb400007768143f00 mBlastBufferQueue=0xb4000077c7d0c600 fn= 305 caller= android.view.SurfaceView.applyOrMergeTransaction:1455 android.view.SurfaceView.-$$Nest$mapplyOrMergeTransaction:0 android.view.SurfaceView$SurfaceViewPositionUpdateListener.positionChanged:1537 
04-05 12:49:36.585 13149 13239 I ViewRootImpl@f8b7859[MainActivity]: mWNT: t=0xb400007791dd2000 mBlastBufferQueue=0xb4000077c7d0c600 fn= 305 caller= android.view.ViewRootImpl.lambda$applyTransactionOnDraw$11$android-view-ViewRootImpl:12865 android.view.ViewRootImpl$$ExternalSyntheticLambda1.onFrameDraw:4 android.graphics.HardwareRenderer$FrameDrawingCallback.onFrameDraw:924 
04-05 12:49:36.599 13149 13149 I SurfaceView@1f975a8: Changes: creating=false format=false size=false visible=false alpha=false hint=false mUseAlpha=false visible=false left=false top=true
04-05 12:49:36.600 13149 13149 I SurfaceView@1f975a8: 33125800 Cur surface: Surface(name=null)/@0xa780960
04-05 12:49:36.600 13149 13149 I SurfaceView@1f975a8: applyTransactionOnVriDraw: vri = ViewRootImpl@f8b7859[MainActivity] fRS = false t = 0xb400007791e8a300 android.view.SurfaceView.performSurfaceTransaction:959 android.view.SurfaceView.updateSurface:1105 android.view.SurfaceView.lambda$new$0$android-view-SurfaceView:200 
04-05 12:49:36.600 13149 13149 I ViewRootImpl@f8b7859[MainActivity]: applyTransactionOnDraw: mRemoved = false isHardwareEnabled = true t = 0xb400007791e8a300android.view.SurfaceView.applyTransactionOnVriDraw:2048 android.view.SurfaceView.performSurfaceTransaction:959 android.view.SurfaceView.updateSurface:1105 android.view.SurfaceView.lambda$new$0$android-view-SurfaceView:200 android.view.SurfaceView$$ExternalSyntheticLambda5.onPreDraw:2 
04-05 12:49:36.600 13149 13149 I SurfaceView@1f975a8: updateSurface: mVisible = true mSurface.isValid() = true
04-05 12:49:36.600 13149 13149 I SurfaceView@1f975a8: updateSurface: mSurfaceCreated = true surfaceChanged = false visibleChanged = false
04-05 12:49:36.600 13149 13149 V SurfaceView@1f975a8: Layout: x=0 y=-238 w=720 h=375, frame=Rect(0, 0 - 720, 375)
04-05 12:49:36.601 13149 13238 D SurfaceView@1f975a8: updateSurfacePosition RenderWorker, frameNr = 306, position = [0, -238, 720, 137] surfaceSize = 720x375
04-05 12:49:36.601 13149 13238 I SurfaceView@1f975a8: uSP: rtp = Rect(0, -238 - 720, 137) rtsw = 720 rtsh = 375
04-05 12:49:36.601 13149 13238 I SurfaceView@1f975a8: onSSPAndSRT: pl = 0 pt = -238 sx = 1.0 sy = 1.0
04-05 12:49:36.601 13149 13238 I SurfaceView@1f975a8: aOrMT: ViewRootImpl@f8b7859[MainActivity] t = android.view.SurfaceControl$Transaction@8a548bf fN = 306 android.view.SurfaceView.-$$Nest$mapplyOrMergeTransaction:0 android.view.SurfaceView$SurfaceViewPositionUpdateListener.positionChanged:1537 android.graphics.RenderNode$CompositePositionUpdateListener.positionChanged:373 
04-05 12:49:36.601 13149 13238 I ViewRootImpl@f8b7859[MainActivity]: mWNT: t=0xb400007768143f00 mBlastBufferQueue=0xb4000077c7d0c600 fn= 306 caller= android.view.SurfaceView.applyOrMergeTransaction:1455 android.view.SurfaceView.-$$Nest$mapplyOrMergeTransaction:0 android.view.SurfaceView$SurfaceViewPositionUpdateListener.positionChanged:1537 
04-05 12:49:36.601 13149 13238 I ViewRootImpl@f8b7859[MainActivity]: mWNT: t=0xb400007791e8a300 mBlastBufferQueue=0xb4000077c7d0c600 fn= 306 caller= android.view.ViewRootImpl.lambda$applyTransactionOnDraw$11$android-view-ViewRootImpl:12865 android.view.ViewRootImpl$$ExternalSyntheticLambda1.onFrameDraw:4 android.graphics.HardwareRenderer$FrameDrawingCallback.onFrameDraw:924 
04-05 12:49:36.616 13149 13149 I SurfaceView@1f975a8: Changes: creating=false format=false size=false visible=false alpha=false hint=false mUseAlpha=false visible=false left=false top=true
04-05 12:49:36.616 13149 13149 I SurfaceView@1f975a8: 33125800 Cur surface: Surface(name=null)/@0xa780960
04-05 12:49:36.617 13149 13149 I SurfaceView@1f975a8: applyTransactionOnVriDraw: vri = ViewRootImpl@f8b7859[MainActivity] fRS = false t = 0xb400007791e8a500 android.view.SurfaceView.performSurfaceTransaction:959 android.view.SurfaceView.updateSurface:1105 android.view.SurfaceView.lambda$new$0$android-view-SurfaceView:200 
04-05 12:49:36.617 13149 13149 I ViewRootImpl@f8b7859[MainActivity]: applyTransactionOnDraw: mRemoved = false isHardwareEnabled = true t = 0xb400007791e8a500android.view.SurfaceView.applyTransactionOnVriDraw:2048 android.view.SurfaceView.performSurfaceTransaction:959 android.view.SurfaceView.updateSurface:1105 android.view.SurfaceView.lambda$new$0$android-view-SurfaceView:200 android.view.SurfaceView$$ExternalSyntheticLambda5.onPreDraw:2 
04-05 12:49:36.617 13149 13149 I SurfaceView@1f975a8: updateSurface: mVisible = true mSurface.isValid() = true
04-05 12:49:36.617 13149 13149 I SurfaceView@1f975a8: updateSurface: mSurfaceCreated = true surfaceChanged = false visibleChanged = false
04-05 12:49:36.617 13149 13149 V SurfaceView@1f975a8: Layout: x=0 y=-233 w=720 h=375, frame=Rect(0, 0 - 720, 375)
04-05 12:49:36.618 13149 13239 D SurfaceView@1f975a8: updateSurfacePosition RenderWorker, frameNr = 307, position = [0, -233, 720, 142] surfaceSize = 720x375
04-05 12:49:36.618 13149 13239 I SurfaceView@1f975a8: uSP: rtp = Rect(0, -233 - 720, 142) rtsw = 720 rtsh = 375
04-05 12:49:36.618 13149 13239 I SurfaceView@1f975a8: onSSPAndSRT: pl = 0 pt = -233 sx = 1.0 sy = 1.0
04-05 12:49:36.618 13149 13239 I SurfaceView@1f975a8: aOrMT: ViewRootImpl@f8b7859[MainActivity] t = android.view.SurfaceControl$Transaction@8a548bf fN = 307 android.view.SurfaceView.-$$Nest$mapplyOrMergeTransaction:0 android.view.SurfaceView$SurfaceViewPositionUpdateListener.positionChanged:1537 android.graphics.RenderNode$CompositePositionUpdateListener.positionChanged:373 
04-05 12:49:36.618 13149 13239 I ViewRootImpl@f8b7859[MainActivity]: mWNT: t=0xb400007768143f00 mBlastBufferQueue=0xb4000077c7d0c600 fn= 307 caller= android.view.SurfaceView.applyOrMergeTransaction:1455 android.view.SurfaceView.-$$Nest$mapplyOrMergeTransaction:0 android.view.SurfaceView$SurfaceViewPositionUpdateListener.positionChanged:1537 
04-05 12:49:36.618 13149 13239 I ViewRootImpl@f8b7859[MainActivity]: mWNT: t=0xb400007791e8a500 mBlastBufferQueue=0xb4000077c7d0c600 fn= 307 caller= android.view.ViewRootImpl.lambda$applyTransactionOnDraw$11$android-view-ViewRootImpl:12865 android.view.ViewRootImpl$$ExternalSyntheticLambda1.onFrameDraw:4 android.graphics.HardwareRenderer$FrameDrawingCallback.onFrameDraw:924 
04-05 12:49:36.633 13149 13149 I SurfaceView@1f975a8: Changes: creating=false format=false size=false visible=false alpha=false hint=false mUseAlpha=false visible=false left=false top=true
04-05 12:49:36.633 13149 13149 I SurfaceView@1f975a8: 33125800 Cur surface: Surface(name=null)/@0xa780960
04-05 12:49:36.633 13149 13149 I SurfaceView@1f975a8: applyTransactionOnVriDraw: vri = ViewRootImpl@f8b7859[MainActivity] fRS = false t = 0xb400007791e8a600 android.view.SurfaceView.performSurfaceTransaction:959 android.view.SurfaceView.updateSurface:1105 android.view.SurfaceView.lambda$new$0$android-view-SurfaceView:200 
04-05 12:49:36.633 13149 13149 I ViewRootImpl@f8b7859[MainActivity]: applyTransactionOnDraw: mRemoved = false isHardwareEnabled = true t = 0xb400007791e8a600android.view.SurfaceView.applyTransactionOnVriDraw:2048 android.view.SurfaceView.performSurfaceTransaction:959 android.view.SurfaceView.updateSurface:1105 android.view.SurfaceView.lambda$new$0$android-view-SurfaceView:200 android.view.SurfaceView$$ExternalSyntheticLambda5.onPreDraw:2 
04-05 12:49:36.633 13149 13149 I SurfaceView@1f975a8: updateSurface: mVisible = true mSurface.isValid() = true
04-05 12:49:36.634 13149 13149 I SurfaceView@1f975a8: updateSurface: mSurfaceCreated = true surfaceChanged = false visibleChanged = false
04-05 12:49:36.634 13149 13149 V SurfaceView@1f975a8: Layout: x=0 y=-228 w=720 h=375, frame=Rect(0, 0 - 720, 375)
04-05 12:49:36.634 13149 13238 D SurfaceView@1f975a8: updateSurfacePosition RenderWorker, frameNr = 308, position = [0, -228, 720, 147] surfaceSize = 720x375
04-05 12:49:36.634 13149 13238 I SurfaceView@1f975a8: uSP: rtp = Rect(0, -228 - 720, 147) rtsw = 720 rtsh = 375
04-05 12:49:36.634 13149 13238 I SurfaceView@1f975a8: onSSPAndSRT: pl = 0 pt = -228 sx = 1.0 sy = 1.0
04-05 12:49:36.635 13149 13238 I SurfaceView@1f975a8: aOrMT: ViewRootImpl@f8b7859[MainActivity] t = android.view.SurfaceControl$Transaction@8a548bf fN = 308 android.view.SurfaceView.-$$Nest$mapplyOrMergeTransaction:0 android.view.SurfaceView$SurfaceViewPositionUpdateListener.positionChanged:1537 android.graphics.RenderNode$CompositePositionUpdateListener.positionChanged:373 
04-05 12:49:36.635 13149 13238 I ViewRootImpl@f8b7859[MainActivity]: mWNT: t=0xb400007768143f00 mBlastBufferQueue=0xb4000077c7d0c600 fn= 308 caller= android.view.SurfaceView.applyOrMergeTransaction:1455 android.view.SurfaceView.-$$Nest$mapplyOrMergeTransaction:0 android.view.SurfaceView$SurfaceViewPositionUpdateListener.positionChanged:1537 
04-05 12:49:36.635 13149 13238 I ViewRootImpl@f8b7859[MainActivity]: mWNT: t=0xb400007791e8a600 mBlastBufferQueue=0xb4000077c7d0c600 fn= 308 caller= android.view.ViewRootImpl.lambda$applyTransactionOnDraw$11$android-view-ViewRootImpl:12865 android.view.ViewRootImpl$$ExternalSyntheticLambda1.onFrameDraw:4 android.graphics.HardwareRenderer$FrameDrawingCallback.onFrameDraw:924 
04-05 12:49:36.650 13149 13149 I SurfaceView@1f975a8: Changes: creating=false format=false size=false visible=false alpha=false hint=false mUseAlpha=false visible=false left=false top=true
04-05 12:49:36.650 13149 13149 I SurfaceView@1f975a8: 33125800 Cur surface: Surface(name=null)/@0xa780960
04-05 12:49:36.650 13149 13149 I SurfaceView@1f975a8: applyTransactionOnVriDraw: vri = ViewRootImpl@f8b7859[MainActivity] fRS = false t = 0xb400007791eb0d00 android.view.SurfaceView.performSurfaceTransaction:959 android.view.SurfaceView.updateSurface:1105 android.view.SurfaceView.lambda$new$0$android-view-SurfaceView:200 
04-05 12:49:36.650 13149 13149 I ViewRootImpl@f8b7859[MainActivity]: applyTransactionOnDraw: mRemoved = false isHardwareEnabled = true t = 0xb400007791eb0d00android.view.SurfaceView.applyTransactionOnVriDraw:2048 android.view.SurfaceView.performSurfaceTransaction:959 android.view.SurfaceView.updateSurface:1105 android.view.SurfaceView.lambda$new$0$android-view-SurfaceView:200 android.view.SurfaceView$$ExternalSyntheticLambda5.onPreDraw:2 
04-05 12:49:36.650 13149 13149 I SurfaceView@1f975a8: updateSurface: mVisible = true mSurface.isValid() = true
04-05 12:49:36.650 13149 13149 I SurfaceView@1f975a8: updateSurface: mSurfaceCreated = true surfaceChanged = false visibleChanged = false
04-05 12:49:36.650 13149 13149 V SurfaceView@1f975a8: Layout: x=0 y=-223 w=720 h=375, frame=Rect(0, 0 - 720, 375)
04-05 12:49:36.651 13149 13239 D SurfaceView@1f975a8: updateSurfacePosition RenderWorker, frameNr = 309, position = [0, -223, 720, 152] surfaceSize = 720x375
04-05 12:49:36.651 13149 13239 I SurfaceView@1f975a8: uSP: rtp = Rect(0, -223 - 720, 152) rtsw = 720 rtsh = 375
04-05 12:49:36.651 13149 13239 I SurfaceView@1f975a8: onSSPAndSRT: pl = 0 pt = -223 sx = 1.0 sy = 1.0
04-05 12:49:36.651 13149 13239 I SurfaceView@1f975a8: aOrMT: ViewRootImpl@f8b7859[MainActivity] t = android.view.SurfaceControl$Transaction@8a548bf fN = 309 android.view.SurfaceView.-$$Nest$mapplyOrMergeTransaction:0 android.view.SurfaceView$SurfaceViewPositionUpdateListener.positionChanged:1537 android.graphics.RenderNode$CompositePositionUpdateListener.positionChanged:373 
04-05 12:49:36.652 13149 13239 I ViewRootImpl@f8b7859[MainActivity]: mWNT: t=0xb400007768143f00 mBlastBufferQueue=0xb4000077c7d0c600 fn= 309 caller= android.view.SurfaceView.applyOrMergeTransaction:1455 android.view.SurfaceView.-$$Nest$mapplyOrMergeTransaction:0 android.view.SurfaceView$SurfaceViewPositionUpdateListener.positionChanged:1537 
04-05 12:49:36.652 13149 13239 I ViewRootImpl@f8b7859[MainActivity]: mWNT: t=0xb400007791eb0d00 mBlastBufferQueue=0xb4000077c7d0c600 fn= 309 caller= android.view.ViewRootImpl.lambda$applyTransactionOnDraw$11$android-view-ViewRootImpl:12865 android.view.ViewRootImpl$$ExternalSyntheticLambda1.onFrameDraw:4 android.graphics.HardwareRenderer$FrameDrawingCallback.onFrameDraw:924 
04-05 12:49:36.666 13149 13149 I SurfaceView@1f975a8: Changes: creating=false format=false size=false visible=false alpha=false hint=false mUseAlpha=false visible=false left=false top=true
04-05 12:49:36.666 13149 13149 I SurfaceView@1f975a8: 33125800 Cur surface: Surface(name=null)/@0xa780960
04-05 12:49:36.667 13149 13149 I SurfaceView@1f975a8: applyTransactionOnVriDraw: vri = ViewRootImpl@f8b7859[MainActivity] fRS = false t = 0xb4000077a0989200 android.view.SurfaceView.performSurfaceTransaction:959 android.view.SurfaceView.updateSurface:1105 android.view.SurfaceView.lambda$new$0$android-view-SurfaceView:200 
04-05 12:49:36.667 13149 13149 I ViewRootImpl@f8b7859[MainActivity]: applyTransactionOnDraw: mRemoved = false isHardwareEnabled = true t = 0xb4000077a0989200android.view.SurfaceView.applyTransactionOnVriDraw:2048 android.view.SurfaceView.performSurfaceTransaction:959 android.view.SurfaceView.updateSurface:1105 android.view.SurfaceView.lambda$new$0$android-view-SurfaceView:200 android.view.SurfaceView$$ExternalSyntheticLambda5.onPreDraw:2 
04-05 12:49:36.667 13149 13149 I SurfaceView@1f975a8: updateSurface: mVisible = true mSurface.isValid() = true
04-05 12:49:36.667 13149 13149 I SurfaceView@1f975a8: updateSurface: mSurfaceCreated = true surfaceChanged = false visibleChanged = false
04-05 12:49:36.667 13149 13149 V SurfaceView@1f975a8: Layout: x=0 y=-219 w=720 h=375, frame=Rect(0, 0 - 720, 375)
04-05 12:49:36.667 13149 13238 D SurfaceView@1f975a8: updateSurfacePosition RenderWorker, frameNr = 310, position = [0, -219, 720, 156] surfaceSize = 720x375
04-05 12:49:36.667 13149 13238 I SurfaceView@1f975a8: uSP: rtp = Rect(0, -219 - 720, 156) rtsw = 720 rtsh = 375
04-05 12:49:36.667 13149 13238 I SurfaceView@1f975a8: onSSPAndSRT: pl = 0 pt = -219 sx = 1.0 sy = 1.0
04-05 12:49:36.668 13149 13238 I SurfaceView@1f975a8: aOrMT: ViewRootImpl@f8b7859[MainActivity] t = android.view.SurfaceControl$Transaction@8a548bf fN = 310 android.view.SurfaceView.-$$Nest$mapplyOrMergeTransaction:0 android.view.SurfaceView$SurfaceViewPositionUpdateListener.positionChanged:1537 android.graphics.RenderNode$CompositePositionUpdateListener.positionChanged:373 
04-05 12:49:36.668 13149 13238 I ViewRootImpl@f8b7859[MainActivity]: mWNT: t=0xb400007768143f00 mBlastBufferQueue=0xb4000077c7d0c600 fn= 310 caller= android.view.SurfaceView.applyOrMergeTransaction:1455 android.view.SurfaceView.-$$Nest$mapplyOrMergeTransaction:0 android.view.SurfaceView$SurfaceViewPositionUpdateListener.positionChanged:1537 
04-05 12:49:36.668 13149 13238 I ViewRootImpl@f8b7859[MainActivity]: mWNT: t=0xb4000077a0989200 mBlastBufferQueue=0xb4000077c7d0c600 fn= 310 caller= android.view.ViewRootImpl.lambda$applyTransactionOnDraw$11$android-view-ViewRootImpl:12865 android.view.ViewRootImpl$$ExternalSyntheticLambda1.onFrameDraw:4 android.graphics.HardwareRenderer$FrameDrawingCallback.onFrameDraw:924 
04-05 12:49:36.683 13149 13149 I SurfaceView@1f975a8: Changes: creating=false format=false size=false visible=false alpha=false hint=false mUseAlpha=false visible=false left=false top=true
04-05 12:49:36.683 13149 13149 I SurfaceView@1f975a8: 33125800 Cur surface: Surface(name=null)/@0xa780960
04-05 12:49:36.683 13149 13149 I SurfaceView@1f975a8: applyTransactionOnVriDraw: vri = ViewRootImpl@f8b7859[MainActivity] fRS = false t = 0xb4000077a0989400 android.view.SurfaceView.performSurfaceTransaction:959 android.view.SurfaceView.updateSurface:1105 android.view.SurfaceView.lambda$new$0$android-view-SurfaceView:200 
04-05 12:49:36.683 13149 13149 I ViewRootImpl@f8b7859[MainActivity]: applyTransactionOnDraw: mRemoved = false isHardwareEnabled = true t = 0xb4000077a0989400android.view.SurfaceView.applyTransactionOnVriDraw:2048 android.view.SurfaceView.performSurfaceTransaction:959 android.view.SurfaceView.updateSurface:1105 android.view.SurfaceView.lambda$new$0$android-view-SurfaceView:200 android.view.SurfaceView$$ExternalSyntheticLambda5.onPreDraw:2 
04-05 12:49:36.683 13149 13149 I SurfaceView@1f975a8: updateSurface: mVisible = true mSurface.isValid() = true
04-05 12:49:36.683 13149 13149 I SurfaceView@1f975a8: updateSurface: mSurfaceCreated = true surfaceChanged = false visibleChanged = false
04-05 12:49:36.683 13149 13149 V SurfaceView@1f975a8: Layout: x=0 y=-215 w=720 h=375, frame=Rect(0, 0 - 720, 375)
04-05 12:49:36.684 13149 13239 D SurfaceView@1f975a8: updateSurfacePosition RenderWorker, frameNr = 311, position = [0, -215, 720, 160] surfaceSize = 720x375
04-05 12:49:36.684 13149 13239 I SurfaceView@1f975a8: uSP: rtp = Rect(0, -215 - 720, 160) rtsw = 720 rtsh = 375
04-05 12:49:36.684 13149 13239 I SurfaceView@1f975a8: onSSPAndSRT: pl = 0 pt = -215 sx = 1.0 sy = 1.0
04-05 12:49:36.684 13149 13239 I SurfaceView@1f975a8: aOrMT: ViewRootImpl@f8b7859[MainActivity] t = android.view.SurfaceControl$Transaction@8a548bf fN = 311 android.view.SurfaceView.-$$Nest$mapplyOrMergeTransaction:0 android.view.SurfaceView$SurfaceViewPositionUpdateListener.positionChanged:1537 android.graphics.RenderNode$CompositePositionUpdateListener.positionChanged:373 
04-05 12:49:36.684 13149 13239 I ViewRootImpl@f8b7859[MainActivity]: mWNT: t=0xb400007768143f00 mBlastBufferQueue=0xb4000077c7d0c600 fn= 311 caller= android.view.SurfaceView.applyOrMergeTransaction:1455 android.view.SurfaceView.-$$Nest$mapplyOrMergeTransaction:0 android.view.SurfaceView$SurfaceViewPositionUpdateListener.positionChanged:1537 
04-05 12:49:36.684 13149 13239 I ViewRootImpl@f8b7859[MainActivity]: mWNT: t=0xb4000077a0989400 mBlastBufferQueue=0xb4000077c7d0c600 fn= 311 caller= android.view.ViewRootImpl.lambda$applyTransactionOnDraw$11$android-view-ViewRootImpl:12865 android.view.ViewRootImpl$$ExternalSyntheticLambda1.onFrameDraw:4 android.graphics.HardwareRenderer$FrameDrawingCallback.onFrameDraw:924 
04-05 12:49:36.699 13149 13149 I SurfaceView@1f975a8: Changes: creating=false format=false size=false visible=false alpha=false hint=false mUseAlpha=false visible=false left=false top=true
04-05 12:49:36.699 13149 13149 I SurfaceView@1f975a8: 33125800 Cur surface: Surface(name=null)/@0xa780960
04-05 12:49:36.700 13149 13149 I SurfaceView@1f975a8: applyTransactionOnVriDraw: vri = ViewRootImpl@f8b7859[MainActivity] fRS = false t = 0xb4000077a0989600 android.view.SurfaceView.performSurfaceTransaction:959 android.view.SurfaceView.updateSurface:1105 android.view.SurfaceView.lambda$new$0$android-view-SurfaceView:200 
04-05 12:49:36.700 13149 13149 I ViewRootImpl@f8b7859[MainActivity]: applyTransactionOnDraw: mRemoved = false isHardwareEnabled = true t = 0xb4000077a0989600android.view.SurfaceView.applyTransactionOnVriDraw:2048 android.view.SurfaceView.performSurfaceTransaction:959 android.view.SurfaceView.updateSurface:1105 android.view.SurfaceView.lambda$new$0$android-view-SurfaceView:200 android.view.SurfaceView$$ExternalSyntheticLambda5.onPreDraw:2 
04-05 12:49:36.700 13149 13149 I SurfaceView@1f975a8: updateSurface: mVisible = true mSurface.isValid() = true
04-05 12:49:36.700 13149 13149 I SurfaceView@1f975a8: updateSurface: mSurfaceCreated = true surfaceChanged = false visibleChanged = false
04-05 12:49:36.700 13149 13149 V SurfaceView@1f975a8: Layout: x=0 y=-211 w=720 h=375, frame=Rect(0, 0 - 720, 375)
04-05 12:49:36.701 13149 13238 D SurfaceView@1f975a8: updateSurfacePosition RenderWorker, frameNr = 312, position = [0, -211, 720, 164] surfaceSize = 720x375
04-05 12:49:36.701 13149 13238 I SurfaceView@1f975a8: uSP: rtp = Rect(0, -211 - 720, 164) rtsw = 720 rtsh = 375
04-05 12:49:36.701 13149 13238 I SurfaceView@1f975a8: onSSPAndSRT: pl = 0 pt = -211 sx = 1.0 sy = 1.0
04-05 12:49:36.701 13149 13238 I SurfaceView@1f975a8: aOrMT: ViewRootImpl@f8b7859[MainActivity] t = android.view.SurfaceControl$Transaction@8a548bf fN = 312 android.view.SurfaceView.-$$Nest$mapplyOrMergeTransaction:0 android.view.SurfaceView$SurfaceViewPositionUpdateListener.positionChanged:1537 android.graphics.RenderNode$CompositePositionUpdateListener.positionChanged:373 
04-05 12:49:36.702 13149 13238 I ViewRootImpl@f8b7859[MainActivity]: mWNT: t=0xb400007768143f00 mBlastBufferQueue=0xb4000077c7d0c600 fn= 312 caller= android.view.SurfaceView.applyOrMergeTransaction:1455 android.view.SurfaceView.-$$Nest$mapplyOrMergeTransaction:0 android.view.SurfaceView$SurfaceViewPositionUpdateListener.positionChanged:1537 
04-05 12:49:36.702 13149 13238 I ViewRootImpl@f8b7859[MainActivity]: mWNT: t=0xb4000077a0989600 mBlastBufferQueue=0xb4000077c7d0c600 fn= 312 caller= android.view.ViewRootImpl.lambda$applyTransactionOnDraw$11$android-view-ViewRootImpl:12865 android.view.ViewRootImpl$$ExternalSyntheticLambda1.onFrameDraw:4 android.graphics.HardwareRenderer$FrameDrawingCallback.onFrameDraw:924 
04-05 12:49:36.716 13149 13149 I SurfaceView@1f975a8: Changes: creating=false format=false size=false visible=false alpha=false hint=false mUseAlpha=false visible=false left=false top=true
04-05 12:49:36.716 13149 13149 I SurfaceView@1f975a8: 33125800 Cur surface: Surface(name=null)/@0xa780960
04-05 12:49:36.717 13149 13149 I SurfaceView@1f975a8: applyTransactionOnVriDraw: vri = ViewRootImpl@f8b7859[MainActivity] fRS = false t = 0xb4000077a0989800 android.view.SurfaceView.performSurfaceTransaction:959 android.view.SurfaceView.updateSurface:1105 android.view.SurfaceView.lambda$new$0$android-view-SurfaceView:200 
04-05 12:49:36.717 13149 13149 I ViewRootImpl@f8b7859[MainActivity]: applyTransactionOnDraw: mRemoved = false isHardwareEnabled = true t = 0xb4000077a0989800android.view.SurfaceView.applyTransactionOnVriDraw:2048 android.view.SurfaceView.performSurfaceTransaction:959 android.view.SurfaceView.updateSurface:1105 android.view.SurfaceView.lambda$new$0$android-view-SurfaceView:200 android.view.SurfaceView$$ExternalSyntheticLambda5.onPreDraw:2 
04-05 12:49:36.717 13149 13149 I SurfaceView@1f975a8: updateSurface: mVisible = true mSurface.isValid() = true
04-05 12:49:36.717 13149 13149 I SurfaceView@1f975a8: updateSurface: mSurfaceCreated = true surfaceChanged = false visibleChanged = false
04-05 12:49:36.717 13149 13149 V SurfaceView@1f975a8: Layout: x=0 y=-207 w=720 h=375, frame=Rect(0, 0 - 720, 375)
04-05 12:49:36.718 13149 13239 D SurfaceView@1f975a8: updateSurfacePosition RenderWorker, frameNr = 313, position = [0, -207, 720, 168] surfaceSize = 720x375
04-05 12:49:36.718 13149 13239 I SurfaceView@1f975a8: uSP: rtp = Rect(0, -207 - 720, 168) rtsw = 720 rtsh = 375
04-05 12:49:36.718 13149 13239 I SurfaceView@1f975a8: onSSPAndSRT: pl = 0 pt = -207 sx = 1.0 sy = 1.0
04-05 12:49:36.718 13149 13239 I SurfaceView@1f975a8: aOrMT: ViewRootImpl@f8b7859[MainActivity] t = android.view.SurfaceControl$Transaction@8a548bf fN = 313 android.view.SurfaceView.-$$Nest$mapplyOrMergeTransaction:0 android.view.SurfaceView$SurfaceViewPositionUpdateListener.positionChanged:1537 android.graphics.RenderNode$CompositePositionUpdateListener.positionChanged:373 
04-05 12:49:36.718 13149 13239 I ViewRootImpl@f8b7859[MainActivity]: mWNT: t=0xb400007768143f00 mBlastBufferQueue=0xb4000077c7d0c600 fn= 313 caller= android.view.SurfaceView.applyOrMergeTransaction:1455 android.view.SurfaceView.-$$Nest$mapplyOrMergeTransaction:0 android.view.SurfaceView$SurfaceViewPositionUpdateListener.positionChanged:1537 
04-05 12:49:36.719 13149 13239 I ViewRootImpl@f8b7859[MainActivity]: mWNT: t=0xb4000077a0989800 mBlastBufferQueue=0xb4000077c7d0c600 fn= 313 caller= android.view.ViewRootImpl.lambda$applyTransactionOnDraw$11$android-view-ViewRootImpl:12865 android.view.ViewRootImpl$$ExternalSyntheticLambda1.onFrameDraw:4 android.graphics.HardwareRenderer$FrameDrawingCallback.onFrameDraw:924 
04-05 12:49:36.733 13149 13149 I SurfaceView@1f975a8: Changes: creating=false format=false size=false visible=false alpha=false hint=false mUseAlpha=false visible=false left=false top=true
04-05 12:49:36.733 13149 13149 I SurfaceView@1f975a8: 33125800 Cur surface: Surface(name=null)/@0xa780960
04-05 12:49:36.733 13149 13149 I SurfaceView@1f975a8: applyTransactionOnVriDraw: vri = ViewRootImpl@f8b7859[MainActivity] fRS = false t = 0xb4000077a0989a00 android.view.SurfaceView.performSurfaceTransaction:959 android.view.SurfaceView.updateSurface:1105 android.view.SurfaceView.lambda$new$0$android-view-SurfaceView:200 
04-05 12:49:36.733 13149 13149 I ViewRootImpl@f8b7859[MainActivity]: applyTransactionOnDraw: mRemoved = false isHardwareEnabled = true t = 0xb4000077a0989a00android.view.SurfaceView.applyTransactionOnVriDraw:2048 android.view.SurfaceView.performSurfaceTransaction:959 android.view.SurfaceView.updateSurface:1105 android.view.SurfaceView.lambda$new$0$android-view-SurfaceView:200 android.view.SurfaceView$$ExternalSyntheticLambda5.onPreDraw:2 
04-05 12:49:36.733 13149 13149 I SurfaceView@1f975a8: updateSurface: mVisible = true mSurface.isValid() = true
04-05 12:49:36.733 13149 13149 I SurfaceView@1f975a8: updateSurface: mSurfaceCreated = true surfaceChanged = false visibleChanged = false
