04-05 10:43:02.027 28757 28757 D BufferQueueConsumer: [](id:705500000001,api:0,p:-1,c:28757) connect: controlledByApp=false
04-05 10:43:02.028 28757 28757 I BLASTBufferQueue: new BLASTBufferQueue, mName= ViewRootImpl@be10c61[MainActivity] mNativeObject= 0xb40000779fd2b700 sc.mNativeObject= 0xb40000779faf3900 caller= android.view.ViewRootImpl.updateBlastSurfaceIfNeeded:2909 android.view.ViewRootImpl.relayoutWindow:9847 android.view.ViewRootImpl.performTraversals:3884 android.view.ViewRootImpl.doTraversal:3116 android.view.ViewRootImpl$TraversalRunnable.run:10885 android.view.Choreographer$CallbackRecord.run:1301 android.view.Choreographer$CallbackRecord.run:1309 android.view.Choreographer.doCallbacks:923 android.view.Choreographer.doFrame:852 android.view.Choreographer$FrameDisplayEventReceiver.run:1283 
04-05 10:43:02.028 28757 28757 I BLASTBufferQueue: update, w= 720 h= 1600 mName = ViewRootImpl@be10c61[MainActivity] mNativeObject= 0xb40000779fd2b700 sc.mNativeObject= 0xb40000779faf3900 format= -2 caller= android.graphics.BLASTBufferQueue.<init>:84 android.view.ViewRootImpl.updateBlastSurfaceIfNeeded:2909 android.view.ViewRootImpl.relayoutWindow:9847 android.view.ViewRootImpl.performTraversals:3884 android.view.ViewRootImpl.doTraversal:3116 android.view.ViewRootImpl$TraversalRunnable.run:10885 
04-05 10:43:02.029 28757 28757 I ViewRootImpl@be10c61[MainActivity]: Relayout returned: old=(0,0,720,1600) new=(0,0,720,1600) req=(720,1600)0 dur=6 res=0x3 s={true 0xb4000077d6cb3800} ch=true seqId=0
04-05 10:43:02.030 28757 28757 I ViewRootImpl@be10c61[MainActivity]: mThreadedRenderer.initialize() mSurface={isValid=true 0xb4000077d6cb3800} hwInitialized=true
04-05 10:43:02.030 28757 28773 D OpenGLRenderer: eglCreateWindowSurface
04-05 10:43:02.033 28757 28762 W st.cloudstream3: Cleared Reference was only reachable from finalizer (only reported once)
04-05 10:43:02.055 28757 28757 D AbsListView:  in onLayout changed 
04-05 10:43:02.056 28757 28757 I ViewRootImpl@be10c61[MainActivity]: reportNextDraw android.view.ViewRootImpl.performTraversals:4438 android.view.ViewRootImpl.doTraversal:3116 android.view.ViewRootImpl$TraversalRunnable.run:10885 android.view.Choreographer$CallbackRecord.run:1301 android.view.Choreographer$CallbackRecord.run:1309 
04-05 10:43:02.056 28757 28757 I ViewRootImpl@be10c61[MainActivity]: Setup new sync id=0
04-05 10:43:02.056 28757 28757 I ViewRootImpl@be10c61[MainActivity]: Setting syncFrameCallback
04-05 10:43:02.056 28757 28757 I ViewRootImpl@be10c61[MainActivity]: registerCallbacksForSync syncBuffer=false
04-05 10:43:02.071 28757 28852 I ViewRootImpl@be10c61[MainActivity]: Received frameDrawingCallback syncResult=0 frameNum=1.
04-05 10:43:02.071 28757 28852 I ViewRootImpl@be10c61[MainActivity]: Setting up sync and frameCommitCallback
04-05 10:43:02.098 28757 28762 I st.cloudstream3: Background concurrent copying GC freed 81MB AllocSpace bytes, 214(28MB) LOS objects, 35% free, 44MB/68MB, paused 113us,140us total 401.212ms
04-05 10:43:02.103 28757 28764 W System  : A resource failed to call ZipFile.close. 
04-05 10:43:02.108 28757 28773 I BLASTBufferQueue: [ViewRootImpl@be10c61[MainActivity]#1](f:0,a:0) onFrameAvailable the first frame is available
04-05 10:43:02.108 28757 28773 I BLASTBufferQueue: [ViewRootImpl@be10c61[MainActivity]#1](f:0,a:1) acquireNextBufferLocked size=720x1600 mFrameNumber=1 applyTransaction=true mTimestamp=1087847007243455(auto) mPendingTransactions.size=0 graphicBufferId=123510374531081 transform=0
04-05 10:43:02.109 28757 28773 I ViewRootImpl@be10c61[MainActivity]: Received frameCommittedCallback lastAttemptedDrawFrameNum=1 didProduceBuffer=true
04-05 10:43:02.113 28757 28773 D OpenGLRenderer: CFMS:: SetUp Pid : 28757    Tid : 28773
04-05 10:43:02.114 28757 28773 W Parcel  : Expecting binder but got null!
04-05 10:43:02.114 28757 28757 I ViewRootImpl@be10c61[MainActivity]: onSyncComplete
04-05 10:43:02.114 28757 28757 I ViewRootImpl@be10c61[MainActivity]: setupSync seqId=0 mSyncId=0 fn=1 caller=android.view.ViewRootImpl$$ExternalSyntheticLambda11.accept:6 android.window.SurfaceSyncer.lambda$setupSync$1$android-window-SurfaceSyncer:128 android.window.SurfaceSyncer$$ExternalSyntheticLambda1.accept:8 android.window.SurfaceSyncer$SyncSet.checkIfSyncIsComplete:382 android.window.SurfaceSyncer$SyncSet.markSyncReady:359 android.window.SurfaceSyncer.markSyncReady:151 android.view.ViewRootImpl.performTraversals:4503 
04-05 10:43:02.119 28757 28757 I ViewRootImpl@be10c61[MainActivity]: reportDrawFinished seqId=0 mSyncId=-1 fn=1 mSurfaceChangedTransaction=0xb40000779fa7e500
04-05 10:43:02.137 28757 28757 I ViewRootImpl@eb84c2a[MainActivity]: MSG_WINDOW_FOCUS_CHANGED 0 0
04-05 10:43:02.179 28757 28757 I ViewRootImpl@be10c61[MainActivity]: MSG_WINDOW_FOCUS_CHANGED 1 0
04-05 10:43:02.179 28757 28757 I ViewRootImpl@be10c61[MainActivity]: mThreadedRenderer.initializeIfNeeded()#2 mSurface={isValid=true 0xb4000077d6cb3800}
04-05 10:43:02.180 28757 28757 D InputMethodManager: startInputInner - Id : 0
04-05 10:43:02.180 28757 28757 I InputMethodManager: startInputInner - mService.startInputOrWindowGainedFocus
04-05 10:43:02.241 28757 28762 I st.cloudstream3: Background young concurrent copying GC freed 10MB AllocSpace bytes, 34(4864KB) LOS objects, 40% free, 35MB/59MB, paused 250us,139us total 142.302ms
04-05 10:43:02.522 28757 28762 I st.cloudstream3: Background concurrent copying GC freed 18MB AllocSpace bytes, 71(10004KB) LOS objects, 45% free, 28MB/52MB, paused 237us,92us total 231.223ms
04-05 10:43:02.524 28757 28763 D InputTransport: Input channel destroyed: 'ClientS', fd=229
04-05 10:43:02.670 28757 28757 I ViewRootImpl@be10c61[MainActivity]: ViewPostIme key 0
04-05 10:43:02.734 28757 28757 I ViewRootImpl@be10c61[MainActivity]: ViewPostIme key 1
04-05 10:43:02.737 28757 28757 I MSHandlerLifeCycle: removeMultiSplitHandler: no exist. decor=DecorView@ee6d580[MainActivity]
04-05 10:43:02.738 28757 28773 D OpenGLRenderer: setSurface called with nullptr
04-05 10:43:02.738 28757 28773 D OpenGLRenderer: setSurface() destroyed EGLSurface
04-05 10:43:02.738 28757 28773 D OpenGLRenderer: destroyEglSurface
04-05 10:43:02.740 28757 28757 I ViewRootImpl@be10c61[MainActivity]: dispatchDetachedFromWindow
04-05 10:43:02.740 28757 28757 I BLASTBufferQueue: [ViewRootImpl@be10c61[MainActivity]#1](f:0,a:1) destructor()
04-05 10:43:02.741 28757 28757 D BufferQueueConsumer: [ViewRootImpl@be10c61[MainActivity]#1(BLAST Consumer)1](id:705500000001,api:0,p:-1,c:28757) disconnect
04-05 10:43:02.754 28757 28757 D InputTransport: Input channel destroyed: 'e051fd ', fd=174
04-05 10:43:02.755 28757 28757 W InputEventReceiver: Attempted to finish an input event but the input event receiver has already been disposed.
04-05 10:43:02.758 28757 28757 D InsetsController: onStateChanged: InsetsState: {mDisplayFrame=Rect(0, 0 - 720, 1600), mDisplayCutout=DisplayCutout{insets=Rect(0, 58 - 0, 0) waterfall=Insets{left=0, top=0, right=0, bottom=0} boundingRect={Bounds=[Rect(0, 0 - 0, 0), Rect(298, 0 - 422, 58), Rect(0, 0 - 0, 0), Rect(0, 0 - 0, 0)]} cutoutPathParserInfo={CutoutPathParserInfo{displayWidth=720 displayHeight=1600 physicalDisplayWidth=720 physicalDisplayHeight=1600 density={1.875} cutoutSpec={M62.05,0l-2.7,0l-2.7,0l-1.4,0.1L53.95,0.2l-1.3,0.2l-1.3,0.2L49.95,0.9l-1.3,0.4l-1.3,0.5l-1.2,0.6L44.95,3 l-1.1,0.7l-1,0.8l-1,0.9l-0.9,1l-0.8,1l-0.7,1.1l-0.7,1.2l-0.6,1.2l-0.5,1.3l-0.4,1.3l-0.4,1.3l-0.5,2.3l-0.4,2.3l-0.4,2.3L34.95,23.9 l-0.6,2.3l-0.7,2.2l-0.4,1.1L32.95,30.6l-0.5,1.1L31.95,32.7c-3.5,7.2-9.3,13.1-16.6,16.6c-17.7,8.5-38.9,1.1-47.4-16.6l-0.5-1.1 l-0.5-1.1l-0.4-1.1l-0.4-1.1l-0.7-2.2l-0.6-2.3l-0.5-2.3l-0.4-2.3l-0.4-2.3l-0.5-2.3l-0.4-1.3l-0.4-1.3L-38.15,11l-0.6-1.2l-0.7-1.2 L-40.05,7.5l-0.8-1l-0.9-1l-1-0.9l-1-0.8L-44.95,3l-1.2-0.6l-1.2-0.6l-1.3-0.5l-1.3-0.4l-1.3-0.3L-52.55,0.4L-53.95,0.2L-55.25,0.1L-56.65,0L-59.35,0 L-62.05,0Z} rotation={0} scale={1.0} physicalPixelDisplaySizeRatio={1.0}}}}, mRoundedCorners=RoundedCorners{[RoundedCorner{position=TopLeft, radius=60, center=Point(60, 60)}, RoundedCorner{position=TopRight, radius=60, center=Point(660, 60)}, RoundedCorner{position=BottomRight, radius=60, center=Point(660, 1540)}, RoundedCorner{position=BottomLeft, radius=60, center=Point(60, 1540)}]}  mRoundedCornerFrame=Rect(0, 0 - 720, 1600), mPrivacyIndicatorBounds=PrivacyIndicatorBounds {static bounds=Rect(637, 0 - 720, 58) rotation=0}, mSources= { InsetsSource: {mType=ITYPE_STATUS_BAR, mFrame=[0,0][720,58], mVisible=true, mInsetsRoundedCornerFrame=false}, InsetsSource: {mType=ITYPE_NAVIGATION_BAR, mFrame=[0,1510][720,1600], mVisible=true, mInsetsRoundedCornerFrame=false}, InsetsSource: {mType=ITYPE_LEFT_GESTURES, mFrame=[0,0][0,1600], mVisible=true, mInsetsRoundedCornerFrame=false}, InsetsSource: {mType=ITYPE_RIGHT_GESTURES, mFrame=[720,0][720,1600], mVisible=true, mInsetsRoundedCornerFrame=false}, InsetsSource: {mType=ITYPE_TOP_MANDATORY_GESTURES, mFrame=[0,0][720,81], mVisible=true, mInsetsRoundedCornerFrame=false}, InsetsSource: {mType=ITYPE_BOTTOM_MANDATORY_GESTURES, mFrame=[0,1510][720,1600], mVisible=true, mInsetsRoundedCornerFrame=false}, InsetsSource: {mType=ITYPE_LEFT_DISPLAY_CUTOUT, mFrame=[0,0][-100000,1600], mVisible=true, mInsetsRoundedCornerFrame=false}, InsetsSource: {mType=ITYPE_TOP_DISPLAY_CUTOUT, mFrame=[0,0][720,58], mVisible=true, mInsetsRoundedCornerFrame=false}, InsetsSource: {mType=ITYPE_RIGHT_DISPLAY_CUTOUT, mFrame=[100000,0][720,1600], mVisible=true, mInsetsRoundedCornerFrame=false}, InsetsSource: {mType=ITYPE_BOTTOM_DISPLAY_CUTOUT, mFrame=[0,100000][720,1600], mVisible=true, mInsetsRoundedCornerFrame=false}, InsetsSource: {mType=ITYPE_TOP_TAPPABLE_ELEMENT, mFrame=[0,0][720,58], mVisible=true, mInsetsRoundedCornerFrame=false}, InsetsSource: {mType=ITYPE_BOTTOM_TAPPABLE_ELEMENT, mFrame=[0,1510][720,1600], mVisible=true, mInsetsRoundedCornerFrame=false} } host=com.lagradost.cloudstream3/com.lagradost.cloudstream3.MainActivity from=android.view.ViewRootImpl$ViewRootHandler.handleMessageImpl:6740
04-05 10:43:02.780 28757 28757 I ViewRootImpl@eb84c2a[MainActivity]: MSG_WINDOW_FOCUS_CHANGED 1 0
04-05 10:43:02.780 28757 28757 I ViewRootImpl@eb84c2a[MainActivity]: mThreadedRenderer.initializeIfNeeded()#2 mSurface={isValid=true 0xb4000077b705c000}
04-05 10:43:02.784 28757 28757 D InputMethodManager: startInputInner - Id : 0
04-05 10:43:02.784 28757 28757 I InputMethodManager: startInputInner - mService.startInputOrWindowGainedFocus
04-05 10:43:02.821 28757 28762 I st.cloudstream3: Background young concurrent copying GC freed 12MB AllocSpace bytes, 48(6284KB) LOS objects, 32% free, 35MB/52MB, paused 188us,166us total 103.715ms
04-05 10:43:03.066 28757 28762 I st.cloudstream3: Background concurrent copying GC freed 14MB AllocSpace bytes, 50(7668KB) LOS objects, 45% free, 28MB/52MB, paused 123us,86us total 244.882ms
04-05 10:43:03.067 28757 28763 D InputTransport: Input channel destroyed: 'ClientS', fd=181
04-05 10:43:03.072 28757 28773 D OpenGLRenderer: setSurface called with nullptr
04-05 10:43:03.156 28757 28757 I ViewRootImpl@eb84c2a[MainActivity]: ViewPostIme pointer 0
04-05 10:43:03.222 28757 28757 I ViewRootImpl@eb84c2a[MainActivity]: ViewPostIme pointer 1
04-05 10:43:03.228 28757 28757 I IMM_LC  : hsifw() - flag : 0
04-05 10:43:03.228 28757 28757 I IMM_LC  : hsifw() - mService.hideSoftInput
04-05 10:43:03.271 28757 28757 I ViewRootImpl@eb84c2a[MainActivity]: performTraversals mFirst=false windowShouldResize=false viewVisibilityChanged=false mForceNextWindowRelayout=false params={(0,0)(fillxfill) sim={state=always_hidden adjust=resize} layoutInDisplayCutoutMode=always ty=BASE_APPLICATION wanim=0x1030309
04-05 10:43:03.271 28757 28757 I ViewRootImpl@eb84c2a[MainActivity]:   fl=85810100
04-05 10:43:03.271 28757 28757 I ViewRootImpl@eb84c2a[MainActivity]:   pfl=12020040
04-05 10:43:03.271 28757 28757 I ViewRootImpl@eb84c2a[MainActivity]:   vsysui=500
04-05 10:43:03.271 28757 28757 I ViewRootImpl@eb84c2a[MainActivity]:   bhv=DEFAULT
04-05 10:43:03.271 28757 28757 I ViewRootImpl@eb84c2a[MainActivity]:   fitSides= naviIconColor=0}
04-05 10:43:03.274 28757 28757 I ViewRootImpl@eb84c2a[MainActivity]: updateBlastSurfaceIfNeeded mBlastBufferQueue=0xb4000077b6f3b400 isSameSurfaceControl=true
04-05 10:43:03.275 28757 28757 I BLASTBufferQueue: update, w= 720 h= 1600 mName = ViewRootImpl@eb84c2a[MainActivity] mNativeObject= 0xb4000077b6f3b400 sc.mNativeObject= 0xb4000077d6ded5a0 format= -1 caller= android.view.ViewRootImpl.updateBlastSurfaceIfNeeded:2898 android.view.ViewRootImpl.relayoutWindow:9847 android.view.ViewRootImpl.performTraversals:3884 android.view.ViewRootImpl.doTraversal:3116 android.view.ViewRootImpl$TraversalRunnable.run:10885 android.view.Choreographer$CallbackRecord.run:1301 
04-05 10:43:03.275 28757 28757 I ViewRootImpl@eb84c2a[MainActivity]: Relayout returned: old=(0,0,720,1600) new=(0,0,720,1600) req=(720,1600)0 dur=3 res=0x0 s={true 0xb4000077b705c000} ch=false seqId=0
04-05 10:43:03.280 28757 28757 I SYNC_API: Local, local
04-05 10:43:03.362 28757 28757 W View    : requestLayout() improperly called by com.lagradost.cloudstream3.ui.AutofitRecyclerView{c312fb8 VFED..... ......ID 720,0-1440,1246 #7f0a0398 app:id/page_recyclerview} during layout: running second layout pass
04-05 10:43:03.362 28757 28757 W View    : requestLayout() improperly called by com.lagradost.cloudstream3.ui.AutofitRecyclerView{dcb9191 VFED..... ......ID 1440,0-2160,1246 #7f0a0398 app:id/page_recyclerview} during layout: running second layout pass
04-05 10:43:03.392 28757 28818 D libMEOW : meow new tls: 0xb400007795aaed80
04-05 10:43:03.392 28757 28818 D libMEOW : applied 2 plugins for [com.lagradost.cloudstream3]:
04-05 10:43:03.392 28757 28818 D libMEOW :   plugin 1: [libMEOW_gift.so]:
04-05 10:43:03.392 28757 28818 D libMEOW :   plugin 2: [libMEOW_semaphore]:
04-05 10:43:03.395 28757 28831 D libMEOW : meow new tls: 0xb40000779fe8d940
04-05 10:43:03.395 28757 28831 D libMEOW : applied 2 plugins for [com.lagradost.cloudstream3]:
04-05 10:43:03.395 28757 28831 D libMEOW :   plugin 1: [libMEOW_gift.so]:
04-05 10:43:03.395 28757 28831 D libMEOW :   plugin 2: [libMEOW_semaphore]:
04-05 10:43:03.401 28757 28829 D libMEOW : meow new tls: 0xb40000779988d200
04-05 10:43:03.401 28757 28829 D libMEOW : applied 2 plugins for [com.lagradost.cloudstream3]:
04-05 10:43:03.401 28757 28829 D libMEOW :   plugin 1: [libMEOW_gift.so]:
04-05 10:43:03.401 28757 28829 D libMEOW :   plugin 2: [libMEOW_semaphore]:
04-05 10:43:03.629 28757 28762 I st.cloudstream3: Background young concurrent copying GC freed 13MB AllocSpace bytes, 41(5348KB) LOS objects, 43% free, 30MB/52MB, paused 186us,104us total 107.816ms
04-05 10:43:04.199 28757 28757 I ViewRootImpl@eb84c2a[MainActivity]: ViewPostIme pointer 0
04-05 10:43:04.238 28757 28757 I ViewRootImpl@eb84c2a[MainActivity]: ViewPostIme pointer 1
04-05 10:43:04.244 28757 28757 I NavComponent: Navigating to fragment: 2131362305
04-05 10:43:04.246 28757 28757 I IMM_LC  : hsifw() - flag : 0
04-05 10:43:04.246 28757 28757 I IMM_LC  : hsifw() - mService.hideSoftInput
04-05 10:43:04.261 28757 28757 D ScrollView: initGoToTop
04-05 10:43:04.452 28757 28757 W Resources: Drawable com.lagradost.cloudstream3:drawable/go_forward_30 has unresolved theme attributes! Consider using Resources.getDrawable(int, Theme) or Context.getDrawable(int).
04-05 10:43:04.452 28757 28757 W Resources: java.lang.RuntimeException
04-05 10:43:04.452 28757 28757 W Resources: 	at android.content.res.Resources.getDrawable(Resources.java:967)
04-05 10:43:04.452 28757 28757 W Resources: 	at com.google.android.gms.cast.framework.media.widget.zzq.zzd(com.google.android.gms:play-services-cast-framework@@22.1.0:2)
04-05 10:43:04.452 28757 28757 W Resources: 	at com.google.android.gms.cast.framework.media.widget.zzq.zzc(com.google.android.gms:play-services-cast-framework@@22.1.0:1)
04-05 10:43:04.452 28757 28757 W Resources: 	at com.google.android.gms.cast.framework.media.widget.MiniControllerFragment.zza(com.google.android.gms:play-services-cast-framework@@22.1.0:41)
04-05 10:43:04.452 28757 28757 W Resources: 	at com.google.android.gms.cast.framework.media.widget.MiniControllerFragment.onCreateView(com.google.android.gms:play-services-cast-framework@@22.1.0:30)
04-05 10:43:04.452 28757 28757 W Resources: 	at androidx.fragment.app.Fragment.performCreateView(Fragment.java:3119)
04-05 10:43:04.452 28757 28757 W Resources: 	at androidx.fragment.app.FragmentStateManager.ensureInflatedView(FragmentStateManager.java:418)
04-05 10:43:04.452 28757 28757 W Resources: 	at androidx.fragment.app.FragmentStateManager.moveToExpectedState(FragmentStateManager.java:285)
04-05 10:43:04.452 28757 28757 W Resources: 	at androidx.fragment.app.FragmentLayoutInflaterFactory.onCreateView(FragmentLayoutInflaterFactory.java:142)
04-05 10:43:04.452 28757 28757 W Resources: 	at android.view.LayoutInflater$FactoryMerger.onCreateView(LayoutInflater.java:247)
04-05 10:43:04.452 28757 28757 W Resources: 	at android.view.LayoutInflater.tryCreateView(LayoutInflater.java:1083)
04-05 10:43:04.452 28757 28757 W Resources: 	at android.view.LayoutInflater.createViewFromTag(LayoutInflater.java:1019)
04-05 10:43:04.452 28757 28757 W Resources: 	at android.view.LayoutInflater.createViewFromTag(LayoutInflater.java:983)
04-05 10:43:04.452 28757 28757 W Resources: 	at android.view.LayoutInflater.rInflate(LayoutInflater.java:1145)
04-05 10:43:04.452 28757 28757 W Resources: 	at android.view.LayoutInflater.rInflateChildren(LayoutInflater.java:1106)
04-05 10:43:04.452 28757 28757 W Resources: 	at android.view.LayoutInflater.rInflate(LayoutInflater.java:1148)
04-05 10:43:04.452 28757 28757 W Resources: 	at android.view.LayoutInflater.rInflateChildren(LayoutInflater.java:1106)
04-05 10:43:04.452 28757 28757 W Resources: 	at android.view.LayoutInflater.rInflate(LayoutInflater.java:1148)
04-05 10:43:04.452 28757 28757 W Resources: 	at android.view.LayoutInflater.rInflateChildren(LayoutInflater.java:1106)
04-05 10:43:04.452 28757 28757 W Resources: 	at android.view.LayoutInflater.inflate(LayoutInflater.java:692)
04-05 10:43:04.452 28757 28757 W Resources: 	at android.view.LayoutInflater.inflate(LayoutInflater.java:544)
04-05 10:43:04.452 28757 28757 W Resources: 	at com.lagradost.cloudstream3.ui.player.AbstractPlayerFragment.onCreateView(AbstractPlayerFragment.kt:746)
04-05 10:43:04.452 28757 28757 W Resources: 	at com.lagradost.cloudstream3.ui.player.FullScreenPlayer.onCreateView(FullScreenPlayer.kt:218)
04-05 10:43:04.452 28757 28757 W Resources: 	at com.lagradost.cloudstream3.ui.result.ResultFragmentPhone.onCreateView(ResultFragmentPhone.kt:129)
04-05 10:43:04.452 28757 28757 W Resources: 	at androidx.fragment.app.Fragment.performCreateView(Fragment.java:3119)
04-05 10:43:04.452 28757 28757 W Resources: 	at androidx.fragment.app.FragmentStateManager.createView(FragmentStateManager.java:577)
04-05 10:43:04.452 28757 28757 W Resources: 	at androidx.fragment.app.FragmentStateManager.moveToExpectedState(FragmentStateManager.java:286)
04-05 10:43:04.452 28757 28757 W Resources: 	at androidx.fragment.app.FragmentManager.executeOpsTogether(FragmentManager.java:2214)
04-05 10:43:04.452 28757 28757 W Resources: 	at androidx.fragment.app.FragmentManager.removeRedundantOperationsAndExecute(FragmentManager.java:2115)
04-05 10:43:04.452 28757 28757 W Resources: 	at androidx.fragment.app.FragmentManager.execPendingActions(FragmentManager.java:2052)
04-05 10:43:04.452 28757 28757 W Resources: 	at androidx.fragment.app.FragmentManager$5.run(FragmentManager.java:703)
04-05 10:43:04.452 28757 28757 W Resources: 	at android.os.Handler.handleCallback(Handler.java:942)
04-05 10:43:04.452 28757 28757 W Resources: 	at android.os.Handler.dispatchMessage(Handler.java:99)
04-05 10:43:04.452 28757 28757 W Resources: 	at android.os.Looper.loopOnce(Looper.java:226)
04-05 10:43:04.452 28757 28757 W Resources: 	at android.os.Looper.loop(Looper.java:313)
04-05 10:43:04.452 28757 28757 W Resources: 	at android.app.ActivityThread.main(ActivityThread.java:8762)
04-05 10:43:04.452 28757 28757 W Resources: 	at java.lang.reflect.Method.invoke(Native Method)
04-05 10:43:04.452 28757 28757 W Resources: 	at com.android.internal.os.RuntimeInit$MethodAndArgsCaller.run(RuntimeInit.java:604)
04-05 10:43:04.452 28757 28757 W Resources: 	at com.android.internal.os.ZygoteInit.main(ZygoteInit.java:1067)
04-05 10:43:04.456 28757 28757 I SurfaceView@3d7d945: onWindowVisibilityChanged(0) true android.view.SurfaceView{3d7d945 V.E...... ......I. 0,0-0,0} of ViewRootImpl@eb84c2a[MainActivity]
04-05 10:43:04.456 28757 28757 D SurfaceView@3d7d945: updateSurface: has no frame
04-05 10:43:04.472 28757 28757 I CS3ExoPlayer: SET STYLE = SaveCaptionStyle(foregroundColor=-1, backgroundColor=0, windowColor=0, edgeType=1, edgeColor=-16777216, typeface=2131296262, typefaceFilePath=null, elevation=40, fixedTextSize=14.0, edgeSize=null, removeCaptions=false, removeBloat=true, upperCase=false, bold=false, italic=false, backgroundRadius=null, alignment=null)
04-05 10:43:04.498 28757 28757 D VideoClickActionHolder: allVideoClickActions: [null:com.lagradost.cloudstream3.actions.temp.PlayInBrowserAction, null:com.lagradost.cloudstream3.actions.temp.CopyClipboardAction, null:com.lagradost.cloudstream3.actions.temp.ViewM3U8Action, null:com.lagradost.cloudstream3.actions.temp.PlayMirrorAction, null:com.lagradost.cloudstream3.actions.temp.VlcPackage, null:com.lagradost.cloudstream3.actions.temp.MpvPackage, null:com.lagradost.cloudstream3.actions.temp.MpvExPackage, null:com.lagradost.cloudstream3.actions.temp.NextPlayerPackage, null:com.lagradost.cloudstream3.actions.temp.JustPlayerPackage, null:com.lagradost.cloudstream3.actions.temp.fcast.FcastAction, null:com.lagradost.cloudstream3.actions.temp.LibreTorrentPackage, null:com.lagradost.cloudstream3.actions.temp.BiglyBTPackage, null:com.lagradost.cloudstream3.actions.temp.VlcNightlyPackage, null:com.lagradost.cloudstream3.actions.temp.WebVideoCastPackage, null:com.lagradost.cloudstream3.actions.temp.MpvYTDLPackage, null:com.lagradost.cloudstream3.actions.temp.MpvKtPackage, null:com.lagradost.cloudstream3.actions.temp.MpvKtPreviewPackage, null:com.lagradost.cloudstream3.actions.AlwaysAskAction]
04-05 10:43:04.499 28757 28757 I IMM_LC  : hsifw() - flag : 0
04-05 10:43:04.499 28757 28757 I IMM_LC  : hsifw() - mService.hideSoftInput
04-05 10:43:04.500 28757 28808 I SYNCVM  : addFromUrl = https://anichin.cafe/seri/shrouding-the-heavens/
04-05 10:43:04.501 28757 28808 I SYNCUTIL: getIdsFromUrl https://anichin.cafe/seri/shrouding-the-heavens/
04-05 10:43:04.512 28757 28757 I SurfaceView@3d7d945: onWindowVisibilityChanged(8) false android.view.SurfaceView{3d7d945 V.E...... ......I. 0,0-0,0} of ViewRootImpl@eb84c2a[MainActivity]
04-05 10:43:04.512 28757 28757 D SurfaceView@3d7d945: updateSurface: has no frame
04-05 10:43:04.512 28757 28757 D SurfaceView@3d7d945: updateSurface: has no frame
04-05 10:43:04.512 28757 28757 I SurfaceView@3d7d945: onDetachedFromWindow: tryReleaseSurfaces()
04-05 10:43:04.512 28757 28757 I SurfaceView@3d7d945: releaseSurfaces: viewRoot = ViewRootImpl@eb84c2a[MainActivity]
04-05 10:43:04.513 28757 28757 I SurfaceView@3d7d945: applyTransactionOnVriDraw: vri = ViewRootImpl@eb84c2a[MainActivity] fRS = true t = 0xb40000779fd52d00 android.view.SurfaceView.releaseSurfaces:858 android.view.SurfaceView.onDetachedFromWindow:500 android.view.View.dispatchDetachedFromWindow:22538 
04-05 10:43:04.513 28757 28757 I SurfaceView@3d7d945: applyTransactionOnVriDraw: viewRoot.applyTransactionOnDrawFromReleaseSurfaces
04-05 10:43:04.513 28757 28757 I ViewRootImpl@eb84c2a[MainActivity]: applyTransactionOnDraw: mRemoved = false isHardwareEnabled = true t = 0xb40000779fd52d00android.view.ViewRootImpl.applyTransactionOnDrawFromReleaseSurfaces:12850 android.view.SurfaceView.applyTransactionOnVriDraw:2046 android.view.SurfaceView.releaseSurfaces:858 android.view.SurfaceView.onDetachedFromWindow:500 android.view.View.dispatchDetachedFromWindow:22538 
04-05 10:43:04.514 28757 28757 I SurfaceView@3d7d945: onWindowVisibilityChanged(0) true android.view.SurfaceView{3d7d945 V.E...... ......I. 0,0-0,0} of ViewRootImpl@eb84c2a[MainActivity]
04-05 10:43:04.514 28757 28757 D SurfaceView@3d7d945: updateSurface: has no frame
04-05 10:43:04.518 28757 28757 I DecorView: notifyKeepScreenOnChanged: keepScreenOn=false
04-05 10:43:04.526 28757 28757 I CS3ExoPlayer: reloadPlayer
04-05 10:43:04.526 28757 28757 I CS3ExoPlayer: releasePlayer
04-05 10:43:04.526 28757 28757 I CS3ExoPlayer: Handle event: PlayerAttachedEvent(player=null, source=Player)
04-05 10:43:04.530 28757 28757 I ViewRootImpl@eb84c2a[MainActivity]: performTraversals params={(0,0)(fillxfill) sim={state=always_hidden adjust=resize} ty=BASE_APPLICATION wanim=0x1030309
04-05 10:43:04.530 28757 28757 I ViewRootImpl@eb84c2a[MainActivity]:   fl=85810100
04-05 10:43:04.530 28757 28757 I ViewRootImpl@eb84c2a[MainActivity]:   pfl=12020040
04-05 10:43:04.530 28757 28757 I ViewRootImpl@eb84c2a[MainActivity]:   vsysui=500
04-05 10:43:04.530 28757 28757 I ViewRootImpl@eb84c2a[MainActivity]:   bhv=DEFAULT
04-05 10:43:04.530 28757 28757 I ViewRootImpl@eb84c2a[MainActivity]:   fitSides= naviIconColor=0}
04-05 10:43:04.530 28757 28757 I ViewRootImpl@eb84c2a[MainActivity]: performTraversals mFirst=false windowShouldResize=false viewVisibilityChanged=false mForceNextWindowRelayout=false params={(0,0)(fillxfill) sim={state=always_hidden adjust=resize} ty=BASE_APPLICATION fmt=TRANSLUCENT wanim=0x1030309
04-05 10:43:04.530 28757 28757 I ViewRootImpl@eb84c2a[MainActivity]:   fl=85810100
04-05 10:43:04.530 28757 28757 I ViewRootImpl@eb84c2a[MainActivity]:   pfl=12020040
04-05 10:43:04.530 28757 28757 I ViewRootImpl@eb84c2a[MainActivity]:   vsysui=500
04-05 10:43:04.530 28757 28757 I ViewRootImpl@eb84c2a[MainActivity]:   bhv=DEFAULT
04-05 10:43:04.530 28757 28757 I ViewRootImpl@eb84c2a[MainActivity]:   fitSides= naviIconColor=0}
04-05 10:43:04.534 28757 28757 I ViewRootImpl@eb84c2a[MainActivity]: updateBlastSurfaceIfNeeded mBlastBufferQueue=0xb4000077b6f3b400 isSameSurfaceControl=true
04-05 10:43:04.534 28757 28757 I BLASTBufferQueue: update, w= 720 h= 1600 mName = ViewRootImpl@eb84c2a[MainActivity] mNativeObject= 0xb4000077b6f3b400 sc.mNativeObject= 0xb400007796272ea0 format= -3 caller= android.view.ViewRootImpl.updateBlastSurfaceIfNeeded:2898 android.view.ViewRootImpl.relayoutWindow:9847 android.view.ViewRootImpl.performTraversals:3884 android.view.ViewRootImpl.doTraversal:3116 android.view.ViewRootImpl$TraversalRunnable.run:10885 android.view.Choreographer$CallbackRecord.run:1301 
04-05 10:43:04.534 28757 28757 I ViewRootImpl@eb84c2a[MainActivity]: Relayout returned: old=(0,0,720,1600) new=(0,0,720,1600) req=(720,1600)0 dur=4 res=0x0 s={true 0xb4000077b705c000} ch=false seqId=0
04-05 10:43:04.535 28757 28757 W View    : requestLayout() improperly called by android.widget.FrameLayout{16217a6 I.E...... ......I. 0,0-0,0 #7f0a053e app:id/start_panel} during layout: running second layout pass
04-05 10:43:04.535 28757 28757 W View    : requestLayout() improperly called by android.widget.FrameLayout{a5cd5e7 I.E...... ......ID 720,0-720,1358 #7f0a0184 app:id/end_panel} during layout: running second layout pass
04-05 10:43:04.536 28757 28757 D SurfaceView@3d7d945: updateSurface: has no frame
04-05 10:43:04.539 28757 28851 I ViewRootImpl@eb84c2a[MainActivity]: mWNT: t=0xb40000779fd52d00 mBlastBufferQueue=0xb4000077b6f3b400 fn= 198 caller= android.view.ViewRootImpl.lambda$applyTransactionOnDraw$11$android-view-ViewRootImpl:12865 android.view.ViewRootImpl$$ExternalSyntheticLambda1.onFrameDraw:4 android.graphics.HardwareRenderer$FrameDrawingCallback.onFrameDraw:924 
04-05 10:43:04.543 28757 28757 D SurfaceView@3d7d945: updateSurface: has no frame
04-05 10:43:04.559 28757 28757 D SurfaceView@3d7d945: updateSurface: has no frame
04-05 10:43:04.576 28757 28757 D SurfaceView@3d7d945: updateSurface: has no frame
04-05 10:43:04.593 28757 28757 D SurfaceView@3d7d945: updateSurface: has no frame
04-05 10:43:04.609 28757 28757 D SurfaceView@3d7d945: updateSurface: has no frame
04-05 10:43:04.626 28757 28757 D SurfaceView@3d7d945: updateSurface: has no frame
04-05 10:43:04.635 28757 28829 I RVM2    : applyMeta
04-05 10:43:04.640 28757 28757 W PanelsChildGestureRegionObserver: failed to register view with ID 2131362875. already registered
04-05 10:43:04.645 28757 28827 I SYNCVM  : addFromUrl = https://anichin.cafe/seri/shrouding-the-heavens/
04-05 10:43:04.645 28757 28827 I SYNCUTIL: getIdsFromUrl https://anichin.cafe/seri/shrouding-the-heavens/
04-05 10:43:04.656 28757 28757 D SurfaceView@3d7d945: updateSurface: has no frame
04-05 10:43:04.657 28757 28757 I SurfaceView@3d7d945: Changes: creating=true format=true size=true visible=true alpha=false hint=false mUseAlpha=false visible=true left=true top=true
04-05 10:43:04.660 28757 28757 D BufferQueueConsumer: [](id:705500000002,api:0,p:-1,c:28757) connect: controlledByApp=false
04-05 10:43:04.661 28757 28757 I BLASTBufferQueue: update, w= 720 h= 375 mName = null mNativeObject= 0xb4000077b739dc00 sc.mNativeObject= 0xb4000077963262e0 format= 4 caller= android.view.SurfaceView.createBlastSurfaceControls:1383 android.view.SurfaceView.updateSurface:1079 android.view.SurfaceView.lambda$new$0$android-view-SurfaceView:200 android.view.SurfaceView$$ExternalSyntheticLambda5.onPreDraw:2 android.view.ViewTreeObserver.dispatchOnPreDraw:1121 android.view.ViewRootImpl.performTraversals:4442 
04-05 10:43:04.661 28757 28757 I SurfaceView@3d7d945: 64477509 Cur surface: Surface(name=null)/@0x9a01b61
04-05 10:43:04.661 28757 28757 I SurfaceView@3d7d945: pST: sr = Rect(0, 152 - 720, 527) sw = 720 sh = 375
04-05 10:43:04.661 28757 28757 D SurfaceView@3d7d945: performSurfaceTransaction RenderWorker position = [0, 152, 720, 527] surfaceSize = 720x375
04-05 10:43:04.661 28757 28757 I SurfaceView@3d7d945: applyTransactionOnVriDraw: vri = ViewRootImpl@eb84c2a[MainActivity] fRS = false t = 0xb4000077b72d8900 android.view.SurfaceView.performSurfaceTransaction:959 android.view.SurfaceView.updateSurface:1105 android.view.SurfaceView.lambda$new$0$android-view-SurfaceView:200 
04-05 10:43:04.662 28757 28757 I ViewRootImpl@eb84c2a[MainActivity]: applyTransactionOnDraw: mRemoved = false isHardwareEnabled = true t = 0xb4000077b72d8900android.view.SurfaceView.applyTransactionOnVriDraw:2048 android.view.SurfaceView.performSurfaceTransaction:959 android.view.SurfaceView.updateSurface:1105 android.view.SurfaceView.lambda$new$0$android-view-SurfaceView:200 android.view.SurfaceView$$ExternalSyntheticLambda5.onPreDraw:2 
04-05 10:43:04.662 28757 28757 I SurfaceView@3d7d945: updateSurface: mVisible = true mSurface.isValid() = true
04-05 10:43:04.662 28757 28757 I SurfaceView@3d7d945: updateSurface: mSurfaceCreated = false surfaceChanged = true visibleChanged = true
04-05 10:43:04.662 28757 28757 I SurfaceView@3d7d945: visibleChanged -- surfaceCreated
04-05 10:43:04.662 28757 28757 I SurfaceView@3d7d945: surfaceCreated 0 #8 android.view.SurfaceView{3d7d945 V.E...... ......ID 0,0-720,375}
04-05 10:43:04.662 28757 28757 I SurfaceView@3d7d945: surfaceChanged -- format=4 w=720 h=375
04-05 10:43:04.662 28757 28757 I SurfaceView@3d7d945: surfaceChanged (720,375) 0 #8 android.view.SurfaceView{3d7d945 V.E...... ......ID 0,0-720,375}
04-05 10:43:04.662 28757 28757 I SurfaceView@3d7d945: surfaceRedrawNeeded
04-05 10:43:04.662 28757 28757 V SurfaceView@3d7d945: Layout: x=0 y=152 w=720 h=375, frame=Rect(0, 0 - 720, 375)
04-05 10:43:04.669 28757 28852 D SurfaceView@3d7d945: updateSurfacePosition RenderWorker, frameNr = 207, position = [9, 168, 711, 534] surfaceSize = 720x375
04-05 10:43:04.669 28757 28852 I SurfaceView@3d7d945: uSP: rtp = Rect(9, 168 - 711, 534) rtsw = 720 rtsh = 375
04-05 10:43:04.669 28757 28852 I SurfaceView@3d7d945: onSSPAndSRT: pl = 9 pt = 168 sx = 0.975 sy = 0.976
04-05 10:43:04.669 28757 28852 I SurfaceView@3d7d945: aOrMT: ViewRootImpl@eb84c2a[MainActivity] t = android.view.SurfaceControl$Transaction@283b4e3 fN = 207 android.view.SurfaceView.-$$Nest$mapplyOrMergeTransaction:0 android.view.SurfaceView$SurfaceViewPositionUpdateListener.positionChanged:1537 android.graphics.RenderNode$CompositePositionUpdateListener.positionChanged:373 
04-05 10:43:04.670 28757 28852 I ViewRootImpl@eb84c2a[MainActivity]: mWNT: t=0xb4000077b72d8b00 mBlastBufferQueue=0xb4000077b6f3b400 fn= 207 caller= android.view.SurfaceView.applyOrMergeTransaction:1455 android.view.SurfaceView.-$$Nest$mapplyOrMergeTransaction:0 android.view.SurfaceView$SurfaceViewPositionUpdateListener.positionChanged:1537 
04-05 10:43:04.670 28757 28852 I ViewRootImpl@eb84c2a[MainActivity]: mWNT: t=0xb4000077b72d8900 mBlastBufferQueue=0xb4000077b6f3b400 fn= 207 caller= android.view.ViewRootImpl.lambda$applyTransactionOnDraw$11$android-view-ViewRootImpl:12865 android.view.ViewRootImpl$$ExternalSyntheticLambda1.onFrameDraw:4 android.graphics.HardwareRenderer$FrameDrawingCallback.onFrameDraw:924 
04-05 10:43:04.853 28757 28852 D SurfaceView@3d7d945: updateSurfacePosition RenderWorker, frameNr = 209, position = [4, 159, 716, 531] surfaceSize = 720x375
04-05 10:43:04.853 28757 28852 I SurfaceView@3d7d945: uSP: rtp = Rect(4, 159 - 716, 531) rtsw = 720 rtsh = 375
04-05 10:43:04.853 28757 28852 I SurfaceView@3d7d945: onSSPAndSRT: pl = 4 pt = 159 sx = 0.98888886 sy = 0.992
04-05 10:43:04.854 28757 28852 I SurfaceView@3d7d945: aOrMT: ViewRootImpl@eb84c2a[MainActivity] t = android.view.SurfaceControl$Transaction@283b4e3 fN = 209 android.view.SurfaceView.-$$Nest$mapplyOrMergeTransaction:0 android.view.SurfaceView$SurfaceViewPositionUpdateListener.positionChanged:1537 android.graphics.RenderNode$CompositePositionUpdateListener.positionChanged:373 
04-05 10:43:04.854 28757 28852 I ViewRootImpl@eb84c2a[MainActivity]: mWNT: t=0xb4000077b72d8b00 mBlastBufferQueue=0xb4000077b6f3b400 fn= 209 caller= android.view.SurfaceView.applyOrMergeTransaction:1455 android.view.SurfaceView.-$$Nest$mapplyOrMergeTransaction:0 android.view.SurfaceView$SurfaceViewPositionUpdateListener.positionChanged:1537 
04-05 10:43:04.854 28757 28757 I SurfaceView@3d7d945: finishedDrawing
04-05 10:43:04.886 28757 28852 D SurfaceView@3d7d945: updateSurfacePosition RenderWorker, frameNr = 210, position = [1, 154, 719, 528] surfaceSize = 720x375
04-05 10:43:04.886 28757 28852 I SurfaceView@3d7d945: uSP: rtp = Rect(1, 154 - 719, 528) rtsw = 720 rtsh = 375
04-05 10:43:04.886 28757 28852 I SurfaceView@3d7d945: onSSPAndSRT: pl = 1 pt = 154 sx = 0.99722224 sy = 0.99733335
04-05 10:43:04.886 28757 28852 I SurfaceView@3d7d945: aOrMT: ViewRootImpl@eb84c2a[MainActivity] t = android.view.SurfaceControl$Transaction@283b4e3 fN = 210 android.view.SurfaceView.-$$Nest$mapplyOrMergeTransaction:0 android.view.SurfaceView$SurfaceViewPositionUpdateListener.positionChanged:1537 android.graphics.RenderNode$CompositePositionUpdateListener.positionChanged:373 
04-05 10:43:04.887 28757 28852 I ViewRootImpl@eb84c2a[MainActivity]: mWNT: t=0xb4000077b72d8b00 mBlastBufferQueue=0xb4000077b6f3b400 fn= 210 caller= android.view.SurfaceView.applyOrMergeTransaction:1455 android.view.SurfaceView.-$$Nest$mapplyOrMergeTransaction:0 android.view.SurfaceView$SurfaceViewPositionUpdateListener.positionChanged:1537 
04-05 10:43:04.906 28757 28851 D SurfaceView@3d7d945: updateSurfacePosition RenderWorker, frameNr = 211, position = [0, 152, 720, 527] surfaceSize = 720x375
04-05 10:43:04.906 28757 28851 I SurfaceView@3d7d945: uSP: rtp = Rect(0, 152 - 720, 527) rtsw = 720 rtsh = 375
04-05 10:43:04.907 28757 28851 I SurfaceView@3d7d945: onSSPAndSRT: pl = 0 pt = 152 sx = 1.0 sy = 1.0
04-05 10:43:04.907 28757 28851 I SurfaceView@3d7d945: aOrMT: ViewRootImpl@eb84c2a[MainActivity] t = android.view.SurfaceControl$Transaction@283b4e3 fN = 211 android.view.SurfaceView.-$$Nest$mapplyOrMergeTransaction:0 android.view.SurfaceView$SurfaceViewPositionUpdateListener.positionChanged:1537 android.graphics.RenderNode$CompositePositionUpdateListener.positionChanged:373 
04-05 10:43:04.907 28757 28851 I ViewRootImpl@eb84c2a[MainActivity]: mWNT: t=0xb4000077b72d8b00 mBlastBufferQueue=0xb4000077b6f3b400 fn= 211 caller= android.view.SurfaceView.applyOrMergeTransaction:1455 android.view.SurfaceView.-$$Nest$mapplyOrMergeTransaction:0 android.view.SurfaceView$SurfaceViewPositionUpdateListener.positionChanged:1537 
04-05 10:43:05.488 28757 28757 I ViewRootImpl@eb84c2a[MainActivity]: ViewPostIme pointer 0
04-05 10:43:05.528 28757 28757 I SurfaceView@3d7d945: Changes: creating=false format=false size=false visible=false alpha=false hint=false mUseAlpha=false visible=false left=false top=true
04-05 10:43:05.528 28757 28757 I SurfaceView@3d7d945: 64477509 Cur surface: Surface(name=null)/@0x9a01b61
04-05 10:43:05.528 28757 28757 I SurfaceView@3d7d945: applyTransactionOnVriDraw: vri = ViewRootImpl@eb84c2a[MainActivity] fRS = false t = 0xb400007792543300 android.view.SurfaceView.performSurfaceTransaction:959 android.view.SurfaceView.updateSurface:1105 android.view.SurfaceView.lambda$new$0$android-view-SurfaceView:200 
04-05 10:43:05.528 28757 28757 I ViewRootImpl@eb84c2a[MainActivity]: applyTransactionOnDraw: mRemoved = false isHardwareEnabled = true t = 0xb400007792543300android.view.SurfaceView.applyTransactionOnVriDraw:2048 android.view.SurfaceView.performSurfaceTransaction:959 android.view.SurfaceView.updateSurface:1105 android.view.SurfaceView.lambda$new$0$android-view-SurfaceView:200 android.view.SurfaceView$$ExternalSyntheticLambda5.onPreDraw:2 
04-05 10:43:05.528 28757 28757 I SurfaceView@3d7d945: updateSurface: mVisible = true mSurface.isValid() = true
04-05 10:43:05.528 28757 28757 I SurfaceView@3d7d945: updateSurface: mSurfaceCreated = true surfaceChanged = false visibleChanged = false
04-05 10:43:05.528 28757 28757 V SurfaceView@3d7d945: Layout: x=0 y=144 w=720 h=375, frame=Rect(0, 0 - 720, 375)
04-05 10:43:05.529 28757 28852 D SurfaceView@3d7d945: updateSurfacePosition RenderWorker, frameNr = 225, position = [0, 144, 720, 519] surfaceSize = 720x375
04-05 10:43:05.529 28757 28852 I SurfaceView@3d7d945: uSP: rtp = Rect(0, 144 - 720, 519) rtsw = 720 rtsh = 375
04-05 10:43:05.529 28757 28852 I SurfaceView@3d7d945: onSSPAndSRT: pl = 0 pt = 144 sx = 1.0 sy = 1.0
04-05 10:43:05.530 28757 28852 I SurfaceView@3d7d945: aOrMT: ViewRootImpl@eb84c2a[MainActivity] t = android.view.SurfaceControl$Transaction@283b4e3 fN = 225 android.view.SurfaceView.-$$Nest$mapplyOrMergeTransaction:0 android.view.SurfaceView$SurfaceViewPositionUpdateListener.positionChanged:1537 android.graphics.RenderNode$CompositePositionUpdateListener.positionChanged:373 
04-05 10:43:05.530 28757 28852 I ViewRootImpl@eb84c2a[MainActivity]: mWNT: t=0xb4000077b72d8b00 mBlastBufferQueue=0xb4000077b6f3b400 fn= 225 caller= android.view.SurfaceView.applyOrMergeTransaction:1455 android.view.SurfaceView.-$$Nest$mapplyOrMergeTransaction:0 android.view.SurfaceView$SurfaceViewPositionUpdateListener.positionChanged:1537 
04-05 10:43:05.530 28757 28852 I ViewRootImpl@eb84c2a[MainActivity]: mWNT: t=0xb400007792543300 mBlastBufferQueue=0xb4000077b6f3b400 fn= 225 caller= android.view.ViewRootImpl.lambda$applyTransactionOnDraw$11$android-view-ViewRootImpl:12865 android.view.ViewRootImpl$$ExternalSyntheticLambda1.onFrameDraw:4 android.graphics.HardwareRenderer$FrameDrawingCallback.onFrameDraw:924 
04-05 10:43:05.544 28757 28757 I SurfaceView@3d7d945: Changes: creating=false format=false size=false visible=false alpha=false hint=false mUseAlpha=false visible=false left=false top=true
04-05 10:43:05.544 28757 28757 I SurfaceView@3d7d945: 64477509 Cur surface: Surface(name=null)/@0x9a01b61
04-05 10:43:05.544 28757 28757 I SurfaceView@3d7d945: applyTransactionOnVriDraw: vri = ViewRootImpl@eb84c2a[MainActivity] fRS = false t = 0xb400007792543200 android.view.SurfaceView.performSurfaceTransaction:959 android.view.SurfaceView.updateSurface:1105 android.view.SurfaceView.lambda$new$0$android-view-SurfaceView:200 
04-05 10:43:05.544 28757 28757 I ViewRootImpl@eb84c2a[MainActivity]: applyTransactionOnDraw: mRemoved = false isHardwareEnabled = true t = 0xb400007792543200android.view.SurfaceView.applyTransactionOnVriDraw:2048 android.view.SurfaceView.performSurfaceTransaction:959 android.view.SurfaceView.updateSurface:1105 android.view.SurfaceView.lambda$new$0$android-view-SurfaceView:200 android.view.SurfaceView$$ExternalSyntheticLambda5.onPreDraw:2 
04-05 10:43:05.544 28757 28757 I SurfaceView@3d7d945: updateSurface: mVisible = true mSurface.isValid() = true
04-05 10:43:05.544 28757 28757 I SurfaceView@3d7d945: updateSurface: mSurfaceCreated = true surfaceChanged = false visibleChanged = false
04-05 10:43:05.544 28757 28757 V SurfaceView@3d7d945: Layout: x=0 y=105 w=720 h=375, frame=Rect(0, 0 - 720, 375)
04-05 10:43:05.546 28757 28851 D SurfaceView@3d7d945: updateSurfacePosition RenderWorker, frameNr = 226, position = [0, 105, 720, 480] surfaceSize = 720x375
04-05 10:43:05.546 28757 28851 I SurfaceView@3d7d945: uSP: rtp = Rect(0, 105 - 720, 480) rtsw = 720 rtsh = 375
04-05 10:43:05.546 28757 28851 I SurfaceView@3d7d945: onSSPAndSRT: pl = 0 pt = 105 sx = 1.0 sy = 1.0
04-05 10:43:05.546 28757 28851 I SurfaceView@3d7d945: aOrMT: ViewRootImpl@eb84c2a[MainActivity] t = android.view.SurfaceControl$Transaction@283b4e3 fN = 226 android.view.SurfaceView.-$$Nest$mapplyOrMergeTransaction:0 android.view.SurfaceView$SurfaceViewPositionUpdateListener.positionChanged:1537 android.graphics.RenderNode$CompositePositionUpdateListener.positionChanged:373 
04-05 10:43:05.546 28757 28851 I ViewRootImpl@eb84c2a[MainActivity]: mWNT: t=0xb4000077b72d8b00 mBlastBufferQueue=0xb4000077b6f3b400 fn= 226 caller= android.view.SurfaceView.applyOrMergeTransaction:1455 android.view.SurfaceView.-$$Nest$mapplyOrMergeTransaction:0 android.view.SurfaceView$SurfaceViewPositionUpdateListener.positionChanged:1537 
04-05 10:43:05.547 28757 28851 I ViewRootImpl@eb84c2a[MainActivity]: mWNT: t=0xb400007792543200 mBlastBufferQueue=0xb4000077b6f3b400 fn= 226 caller= android.view.ViewRootImpl.lambda$applyTransactionOnDraw$11$android-view-ViewRootImpl:12865 android.view.ViewRootImpl$$ExternalSyntheticLambda1.onFrameDraw:4 android.graphics.HardwareRenderer$FrameDrawingCallback.onFrameDraw:924 
04-05 10:43:05.560 28757 28757 I SurfaceView@3d7d945: Changes: creating=false format=false size=false visible=false alpha=false hint=false mUseAlpha=false visible=false left=false top=true
04-05 10:43:05.560 28757 28757 I SurfaceView@3d7d945: 64477509 Cur surface: Surface(name=null)/@0x9a01b61
04-05 10:43:05.561 28757 28757 I SurfaceView@3d7d945: applyTransactionOnVriDraw: vri = ViewRootImpl@eb84c2a[MainActivity] fRS = false t = 0xb400007792543100 android.view.SurfaceView.performSurfaceTransaction:959 android.view.SurfaceView.updateSurface:1105 android.view.SurfaceView.lambda$new$0$android-view-SurfaceView:200 
04-05 10:43:05.561 28757 28757 I ViewRootImpl@eb84c2a[MainActivity]: applyTransactionOnDraw: mRemoved = false isHardwareEnabled = true t = 0xb400007792543100android.view.SurfaceView.applyTransactionOnVriDraw:2048 android.view.SurfaceView.performSurfaceTransaction:959 android.view.SurfaceView.updateSurface:1105 android.view.SurfaceView.lambda$new$0$android-view-SurfaceView:200 android.view.SurfaceView$$ExternalSyntheticLambda5.onPreDraw:2 
04-05 10:43:05.561 28757 28757 I SurfaceView@3d7d945: updateSurface: mVisible = true mSurface.isValid() = true
04-05 10:43:05.561 28757 28757 I SurfaceView@3d7d945: updateSurface: mSurfaceCreated = true surfaceChanged = false visibleChanged = false
04-05 10:43:05.561 28757 28757 V SurfaceView@3d7d945: Layout: x=0 y=52 w=720 h=375, frame=Rect(0, 0 - 720, 375)
04-05 10:43:05.562 28757 28852 D SurfaceView@3d7d945: updateSurfacePosition RenderWorker, frameNr = 227, position = [0, 52, 720, 427] surfaceSize = 720x375
04-05 10:43:05.562 28757 28852 I SurfaceView@3d7d945: uSP: rtp = Rect(0, 52 - 720, 427) rtsw = 720 rtsh = 375
04-05 10:43:05.562 28757 28852 I SurfaceView@3d7d945: onSSPAndSRT: pl = 0 pt = 52 sx = 1.0 sy = 1.0
04-05 10:43:05.562 28757 28852 I SurfaceView@3d7d945: aOrMT: ViewRootImpl@eb84c2a[MainActivity] t = android.view.SurfaceControl$Transaction@283b4e3 fN = 227 android.view.SurfaceView.-$$Nest$mapplyOrMergeTransaction:0 android.view.SurfaceView$SurfaceViewPositionUpdateListener.positionChanged:1537 android.graphics.RenderNode$CompositePositionUpdateListener.positionChanged:373 
04-05 10:43:05.563 28757 28852 I ViewRootImpl@eb84c2a[MainActivity]: mWNT: t=0xb4000077b72d8b00 mBlastBufferQueue=0xb4000077b6f3b400 fn= 227 caller= android.view.SurfaceView.applyOrMergeTransaction:1455 android.view.SurfaceView.-$$Nest$mapplyOrMergeTransaction:0 android.view.SurfaceView$SurfaceViewPositionUpdateListener.positionChanged:1537 
04-05 10:43:05.563 28757 28852 I ViewRootImpl@eb84c2a[MainActivity]: mWNT: t=0xb400007792543100 mBlastBufferQueue=0xb4000077b6f3b400 fn= 227 caller= android.view.ViewRootImpl.lambda$applyTransactionOnDraw$11$android-view-ViewRootImpl:12865 android.view.ViewRootImpl$$ExternalSyntheticLambda1.onFrameDraw:4 android.graphics.HardwareRenderer$FrameDrawingCallback.onFrameDraw:924 
04-05 10:43:05.565 28757 28936 D ProfileInstaller: Skipping profile installation for com.lagradost.cloudstream3
04-05 10:43:05.577 28757 28757 I SurfaceView@3d7d945: Changes: creating=false format=false size=false visible=false alpha=false hint=false mUseAlpha=false visible=false left=false top=true
04-05 10:43:05.577 28757 28757 I SurfaceView@3d7d945: 64477509 Cur surface: Surface(name=null)/@0x9a01b61
04-05 10:43:05.577 28757 28757 I SurfaceView@3d7d945: applyTransactionOnVriDraw: vri = ViewRootImpl@eb84c2a[MainActivity] fRS = false t = 0xb400007792543400 android.view.SurfaceView.performSurfaceTransaction:959 android.view.SurfaceView.updateSurface:1105 android.view.SurfaceView.lambda$new$0$android-view-SurfaceView:200 
04-05 10:43:05.578 28757 28757 I ViewRootImpl@eb84c2a[MainActivity]: applyTransactionOnDraw: mRemoved = false isHardwareEnabled = true t = 0xb400007792543400android.view.SurfaceView.applyTransactionOnVriDraw:2048 android.view.SurfaceView.performSurfaceTransaction:959 android.view.SurfaceView.updateSurface:1105 android.view.SurfaceView.lambda$new$0$android-view-SurfaceView:200 android.view.SurfaceView$$ExternalSyntheticLambda5.onPreDraw:2 
04-05 10:43:05.578 28757 28757 I SurfaceView@3d7d945: updateSurface: mVisible = true mSurface.isValid() = true
04-05 10:43:05.578 28757 28757 I SurfaceView@3d7d945: updateSurface: mSurfaceCreated = true surfaceChanged = false visibleChanged = false
04-05 10:43:05.578 28757 28757 V SurfaceView@3d7d945: Layout: x=0 y=2 w=720 h=375, frame=Rect(0, 0 - 720, 375)
04-05 10:43:05.579 28757 28851 D SurfaceView@3d7d945: updateSurfacePosition RenderWorker, frameNr = 228, position = [0, 2, 720, 377] surfaceSize = 720x375
04-05 10:43:05.579 28757 28851 I SurfaceView@3d7d945: uSP: rtp = Rect(0, 2 - 720, 377) rtsw = 720 rtsh = 375
04-05 10:43:05.579 28757 28851 I SurfaceView@3d7d945: onSSPAndSRT: pl = 0 pt = 2 sx = 1.0 sy = 1.0
04-05 10:43:05.579 28757 28851 I SurfaceView@3d7d945: aOrMT: ViewRootImpl@eb84c2a[MainActivity] t = android.view.SurfaceControl$Transaction@283b4e3 fN = 228 android.view.SurfaceView.-$$Nest$mapplyOrMergeTransaction:0 android.view.SurfaceView$SurfaceViewPositionUpdateListener.positionChanged:1537 android.graphics.RenderNode$CompositePositionUpdateListener.positionChanged:373 
04-05 10:43:05.580 28757 28851 I ViewRootImpl@eb84c2a[MainActivity]: mWNT: t=0xb4000077b72d8b00 mBlastBufferQueue=0xb4000077b6f3b400 fn= 228 caller= android.view.SurfaceView.applyOrMergeTransaction:1455 android.view.SurfaceView.-$$Nest$mapplyOrMergeTransaction:0 android.view.SurfaceView$SurfaceViewPositionUpdateListener.positionChanged:1537 
04-05 10:43:05.580 28757 28851 I ViewRootImpl@eb84c2a[MainActivity]: mWNT: t=0xb400007792543400 mBlastBufferQueue=0xb4000077b6f3b400 fn= 228 caller= android.view.ViewRootImpl.lambda$applyTransactionOnDraw$11$android-view-ViewRootImpl:12865 android.view.ViewRootImpl$$ExternalSyntheticLambda1.onFrameDraw:4 android.graphics.HardwareRenderer$FrameDrawingCallback.onFrameDraw:924 
04-05 10:43:05.594 28757 28757 I SurfaceView@3d7d945: Changes: creating=false format=false size=false visible=false alpha=false hint=false mUseAlpha=false visible=false left=false top=true
04-05 10:43:05.594 28757 28757 I SurfaceView@3d7d945: 64477509 Cur surface: Surface(name=null)/@0x9a01b61
04-05 10:43:05.594 28757 28757 I SurfaceView@3d7d945: applyTransactionOnVriDraw: vri = ViewRootImpl@eb84c2a[MainActivity] fRS = false t = 0xb400007792543500 android.view.SurfaceView.performSurfaceTransaction:959 android.view.SurfaceView.updateSurface:1105 android.view.SurfaceView.lambda$new$0$android-view-SurfaceView:200 
04-05 10:43:05.594 28757 28757 I ViewRootImpl@eb84c2a[MainActivity]: applyTransactionOnDraw: mRemoved = false isHardwareEnabled = true t = 0xb400007792543500android.view.SurfaceView.applyTransactionOnVriDraw:2048 android.view.SurfaceView.performSurfaceTransaction:959 android.view.SurfaceView.updateSurface:1105 android.view.SurfaceView.lambda$new$0$android-view-SurfaceView:200 android.view.SurfaceView$$ExternalSyntheticLambda5.onPreDraw:2 
04-05 10:43:05.594 28757 28757 I SurfaceView@3d7d945: updateSurface: mVisible = true mSurface.isValid() = true
04-05 10:43:05.594 28757 28757 I SurfaceView@3d7d945: updateSurface: mSurfaceCreated = true surfaceChanged = false visibleChanged = false
04-05 10:43:05.594 28757 28757 V SurfaceView@3d7d945: Layout: x=0 y=-44 w=720 h=375, frame=Rect(0, 0 - 720, 375)
04-05 10:43:05.596 28757 28852 D SurfaceView@3d7d945: updateSurfacePosition RenderWorker, frameNr = 229, position = [0, -44, 720, 331] surfaceSize = 720x375
04-05 10:43:05.596 28757 28852 I SurfaceView@3d7d945: uSP: rtp = Rect(0, -44 - 720, 331) rtsw = 720 rtsh = 375
04-05 10:43:05.596 28757 28852 I SurfaceView@3d7d945: onSSPAndSRT: pl = 0 pt = -44 sx = 1.0 sy = 1.0
