04-13 16:07:11.773 31486 31568 I ViewRootImpl@a2f93a6[MainActivity]: mWNT: t=0xb40000777f2f2100 mBlastBufferQueue=0xb40000777f9dde00 fn= 1143 caller= android.view.SurfaceView.applyOrMergeTransaction:1455 android.view.SurfaceView.-$$Nest$mapplyOrMergeTransaction:0 android.view.SurfaceView$SurfaceViewPositionUpdateListener.positionChanged:1537 
04-13 16:07:11.773 31486 31569 D SurfaceView@95ba2f9: updateSurfacePosition RenderWorker, frameNr = 1143, position = [2, 1, 1598, 719] surfaceSize = 1600x720
04-13 16:07:11.773 31486 31569 I SurfaceView@95ba2f9: uSP: rtp = Rect(2, 1 - 1598, 719) rtsw = 1600 rtsh = 720
04-13 16:07:11.773 31486 31568 I ViewRootImpl@a2f93a6[MainActivity]: Received frameDrawingCallback syncResult=0 frameNum=1143.
04-13 16:07:11.773 31486 31568 I ViewRootImpl@a2f93a6[MainActivity]: Setting up sync and frameCommitCallback
04-13 16:07:11.774 31486 31569 I SurfaceView@95ba2f9: onSSPAndSRT: pl = 2 pt = 1 sx = 0.9975 sy = 0.99722224
04-13 16:07:11.774 31486 31569 I SurfaceView@95ba2f9: aOrMT: ViewRootImpl@a2f93a6[MainActivity] t = android.view.SurfaceControl$Transaction@3d8ad2f fN = 1143 android.view.SurfaceView.-$$Nest$mapplyOrMergeTransaction:0 android.view.SurfaceView$SurfaceViewPositionUpdateListener.positionChanged:1537 android.graphics.RenderNode$CompositePositionUpdateListener.positionChanged:373 
04-13 16:07:11.774 31486 31569 I ViewRootImpl@a2f93a6[MainActivity]: mWNT: t=0xb4000078746ae600 mBlastBufferQueue=0xb40000777f9dde00 fn= 1143 caller= android.view.SurfaceView.applyOrMergeTransaction:1455 android.view.SurfaceView.-$$Nest$mapplyOrMergeTransaction:0 android.view.SurfaceView$SurfaceViewPositionUpdateListener.positionChanged:1537 
04-13 16:07:11.789 31486 31507 I ViewRootImpl@a2f93a6[MainActivity]: Received frameCommittedCallback lastAttemptedDrawFrameNum=1143 didProduceBuffer=true
04-13 16:07:11.790 31486 31486 I ViewRootImpl@a2f93a6[MainActivity]: onSyncComplete
04-13 16:07:11.790 31486 31486 I ViewRootImpl@a2f93a6[MainActivity]: setupSync seqId=5 mSyncId=32 fn=1143 caller=android.view.ViewRootImpl$$ExternalSyntheticLambda11.accept:6 android.window.SurfaceSyncer.lambda$setupSync$1$android-window-SurfaceSyncer:128 android.window.SurfaceSyncer$$ExternalSyntheticLambda1.accept:8 android.window.SurfaceSyncer$SyncSet.checkIfSyncIsComplete:382 android.window.SurfaceSyncer$SyncSet.markSyncReady:359 android.window.SurfaceSyncer.markSyncReady:151 android.view.ViewRootImpl.performTraversals:4503 
04-13 16:07:11.790 31486 31486 I ViewRootImpl@a2f93a6[MainActivity]: reportDrawFinished seqId=5 mSyncId=-1 fn=1143 mSurfaceChangedTransaction=0xb4000077c3225c00
04-13 16:07:11.790 31486 31486 I SurfaceView@95ba2f9: finishedDrawing
04-13 16:07:11.791 31486 31486 I SurfaceView@73c0aa1: finishedDrawing
04-13 16:07:11.791 31486 31486 I SurfaceView@73c0aa1: onWindowVisibilityChanged(8) false android.view.SurfaceView{73c0aa1 V.E..V... ......ID 0,0-720,375} of ViewRootImpl@a2f93a6[MainActivity]
04-13 16:07:11.791 31486 31486 I SurfaceView@73c0aa1: Changes: creating=false format=false size=false visible=true alpha=false hint=false mUseAlpha=false visible=true left=false top=false
04-13 16:07:11.792 31486 31486 I SurfaceView@73c0aa1: 121375393 Cur surface: Surface(name=null)/@0x8e99436
04-13 16:07:11.793 31486 31486 I SurfaceView@73c0aa1: applyTransactionOnVriDraw: vri = ViewRootImpl@a2f93a6[MainActivity] fRS = false t = 0xb4000077c3162900 android.view.SurfaceView.performSurfaceTransaction:959 android.view.SurfaceView.updateSurface:1105 android.view.SurfaceView.onWindowVisibilityChanged:371 
04-13 16:07:11.793 31486 31486 I ViewRootImpl@a2f93a6[MainActivity]: applyTransactionOnDraw: mRemoved = false isHardwareEnabled = true t = 0xb4000077c3162900android.view.SurfaceView.applyTransactionOnVriDraw:2048 android.view.SurfaceView.performSurfaceTransaction:959 android.view.SurfaceView.updateSurface:1105 android.view.SurfaceView.onWindowVisibilityChanged:371 android.view.View.dispatchDetachedFromWindow:22529 
04-13 16:07:11.793 31486 31486 I SurfaceView@73c0aa1: surfaceDestroyed
04-13 16:07:11.793 31486 31486 I SurfaceView@73c0aa1: surfaceDestroyed callback.size 0 #2 android.view.SurfaceView{73c0aa1 V.E..V... ......ID 0,0-720,375}
04-13 16:07:11.793 31486 31486 I SurfaceView@73c0aa1: updateSurface: mVisible = false mSurface.isValid() = true
04-13 16:07:11.793 31486 31486 I BLASTBufferQueue: [SurfaceView[com.lagradost.cloudstream3/com.lagradost.cloudstream3.MainActivity]@0#50](f:0,a:0) destructor()
04-13 16:07:11.793 31486 31486 D BufferQueueConsumer: [SurfaceView[com.lagradost.cloudstream3/com.lagradost.cloudstream3.MainActivity]@0#50(BLAST Consumer)50](id:7afe00000032,api:0,p:-1,c:31486) disconnect
04-13 16:07:11.794 31486 31486 I SurfaceView@73c0aa1: releaseSurfaces: viewRoot = ViewRootImpl@a2f93a6[MainActivity]
04-13 16:07:11.794 31486 31486 I SurfaceView@73c0aa1: applyTransactionOnVriDraw: vri = ViewRootImpl@a2f93a6[MainActivity] fRS = true t = 0xb4000077c3162b00 android.view.SurfaceView.releaseSurfaces:858 android.view.SurfaceView.updateSurface:1172 android.view.SurfaceView.onWindowVisibilityChanged:371 
04-13 16:07:11.794 31486 31486 I SurfaceView@73c0aa1: applyTransactionOnVriDraw: viewRoot.applyTransactionOnDrawFromReleaseSurfaces
04-13 16:07:11.794 31486 31486 I ViewRootImpl@a2f93a6[MainActivity]: applyTransactionOnDraw: mRemoved = false isHardwareEnabled = true t = 0xb4000077c3162b00android.view.ViewRootImpl.applyTransactionOnDrawFromReleaseSurfaces:12850 android.view.SurfaceView.applyTransactionOnVriDraw:2046 android.view.SurfaceView.releaseSurfaces:858 android.view.SurfaceView.updateSurface:1172 android.view.SurfaceView.onWindowVisibilityChanged:371 
04-13 16:07:11.794 31486 31486 V SurfaceView@73c0aa1: Layout: x=0 y=152 w=720 h=375, frame=Rect(0, 0 - 720, 375)
04-13 16:07:11.794 31486 31486 I SurfaceView@73c0aa1: onDetachedFromWindow: tryReleaseSurfaces()
04-13 16:07:11.794 31486 31486 I SurfaceView@73c0aa1: releaseSurfaces: viewRoot = ViewRootImpl@a2f93a6[MainActivity]
04-13 16:07:11.795 31486 31486 I SurfaceView@73c0aa1: applyTransactionOnVriDraw: vri = ViewRootImpl@a2f93a6[MainActivity] fRS = true t = 0xb4000077c3162d00 android.view.SurfaceView.releaseSurfaces:858 android.view.SurfaceView.onDetachedFromWindow:500 android.view.View.dispatchDetachedFromWindow:22538 
04-13 16:07:11.795 31486 31486 I SurfaceView@73c0aa1: applyTransactionOnVriDraw: viewRoot.applyTransactionOnDrawFromReleaseSurfaces
04-13 16:07:11.795 31486 31486 I ViewRootImpl@a2f93a6[MainActivity]: applyTransactionOnDraw: mRemoved = false isHardwareEnabled = true t = 0xb4000077c3162d00android.view.ViewRootImpl.applyTransactionOnDrawFromReleaseSurfaces:12850 android.view.SurfaceView.applyTransactionOnVriDraw:2046 android.view.SurfaceView.releaseSurfaces:858 android.view.SurfaceView.onDetachedFromWindow:500 android.view.View.dispatchDetachedFromWindow:22538 
04-13 16:07:11.796 31486 31495 I ViewRootImpl@a2f93a6[MainActivity]: Resizing android.view.ViewRootImpl@299edf5: frame = [0,0][1600,720] reportDraw = false forceLayout = false syncSeqId = 5
04-13 16:07:11.811 31486 31568 D SurfaceView@95ba2f9: updateSurfacePosition RenderWorker, frameNr = 1146, position = [0, 0, 1600, 720] surfaceSize = 1600x720
04-13 16:07:11.811 31486 31507 D SurfaceView@73c0aa1: windowPositionLost, frameNr = 1146
04-13 16:07:11.811 31486 31568 I SurfaceView@95ba2f9: uSP: rtp = Rect(0, 0 - 1600, 720) rtsw = 1600 rtsh = 720
04-13 16:07:11.811 31486 31568 I SurfaceView@95ba2f9: onSSPAndSRT: pl = 0 pt = 0 sx = 1.0 sy = 1.0
04-13 16:07:11.812 31486 31568 I SurfaceView@95ba2f9: aOrMT: ViewRootImpl@a2f93a6[MainActivity] t = android.view.SurfaceControl$Transaction@3d8ad2f fN = 1146 android.view.SurfaceView.-$$Nest$mapplyOrMergeTransaction:0 android.view.SurfaceView$SurfaceViewPositionUpdateListener.positionChanged:1537 android.graphics.RenderNode$CompositePositionUpdateListener.positionChanged:373 
04-13 16:07:11.812 31486 31568 I ViewRootImpl@a2f93a6[MainActivity]: mWNT: t=0xb4000078746ae600 mBlastBufferQueue=0xb40000777f9dde00 fn= 1146 caller= android.view.SurfaceView.applyOrMergeTransaction:1455 android.view.SurfaceView.-$$Nest$mapplyOrMergeTransaction:0 android.view.SurfaceView$SurfaceViewPositionUpdateListener.positionChanged:1537 
04-13 16:07:11.812 31486 31486 D InsetsController: cancelAnimation of types: 3, animType: 1, host: com.lagradost.cloudstream3/com.lagradost.cloudstream3.MainActivity, from:android.view.InsetsController.notifyFinished:1375 android.view.InsetsAnimationThreadControlRunner$1.lambda$notifyFinished$0$android-view-InsetsAnimationThreadControlRunner$1:84 android.view.InsetsAnimationThreadControlRunner$1$$ExternalSyntheticLambda1.run:4 
04-13 16:07:11.812 31486 31568 I ViewRootImpl@a2f93a6[MainActivity]: mWNT: t=0xb4000077c3162900 mBlastBufferQueue=0xb40000777f9dde00 fn= 1146 caller= android.view.ViewRootImpl.lambda$applyTransactionOnDraw$11$android-view-ViewRootImpl:12865 android.view.ViewRootImpl$$ExternalSyntheticLambda1.onFrameDraw:4 android.graphics.HardwareRenderer$FrameDrawingCallback.onFrameDraw:924 
04-13 16:07:11.812 31486 31568 I ViewRootImpl@a2f93a6[MainActivity]: mWNT: t=0xb4000077c3162b00 mBlastBufferQueue=0xb40000777f9dde00 fn= 1146 caller= android.view.ViewRootImpl.lambda$applyTransactionOnDraw$11$android-view-ViewRootImpl:12865 android.view.ViewRootImpl$$ExternalSyntheticLambda1.onFrameDraw:4 android.graphics.HardwareRenderer$FrameDrawingCallback.onFrameDraw:924 
04-13 16:07:11.813 31486 31568 I ViewRootImpl@a2f93a6[MainActivity]: mWNT: t=0xb4000077c3162d00 mBlastBufferQueue=0xb40000777f9dde00 fn= 1146 caller= android.view.ViewRootImpl.lambda$applyTransactionOnDraw$11$android-view-ViewRootImpl:12865 android.view.ViewRootImpl$$ExternalSyntheticLambda1.onFrameDraw:4 android.graphics.HardwareRenderer$FrameDrawingCallback.onFrameDraw:924 
04-13 16:07:11.813 31486 31486 D InsetsController: onStateChanged: InsetsState: {mDisplayFrame=Rect(0, 0 - 1600, 720), mDisplayCutout=DisplayCutout{insets=Rect(58, 0 - 0, 0) waterfall=Insets{left=0, top=0, right=0, bottom=0} boundingRect={Bounds=[Rect(0, 298 - 58, 422), Rect(0, 0 - 0, 0), Rect(0, 0 - 0, 0), Rect(0, 0 - 0, 0)]} cutoutPathParserInfo={CutoutPathParserInfo{displayWidth=720 displayHeight=1600 physicalDisplayWidth=720 physicalDisplayHeight=1600 density={1.875} cutoutSpec={M62.05,0l-2.7,0l-2.7,0l-1.4,0.1L53.95,0.2l-1.3,0.2l-1.3,0.2L49.95,0.9l-1.3,0.4l-1.3,0.5l-1.2,0.6L44.95,3 l-1.1,0.7l-1,0.8l-1,0.9l-0.9,1l-0.8,1l-0.7,1.1l-0.7,1.2l-0.6,1.2l-0.5,1.3l-0.4,1.3l-0.4,1.3l-0.5,2.3l-0.4,2.3l-0.4,2.3L34.95,23.9 l-0.6,2.3l-0.7,2.2l-0.4,1.1L32.95,30.6l-0.5,1.1L31.95,32.7c-3.5,7.2-9.3,13.1-16.6,16.6c-17.7,8.5-38.9,1.1-47.4-16.6l-0.5-1.1 l-0.5-1.1l-0.4-1.1l-0.4-1.1l-0.7-2.2l-0.6-2.3l-0.5-2.3l-0.4-2.3l-0.4-2.3l-0.5-2.3l-0.4-1.3l-0.4-1.3L-38.15,11l-0.6-1.2l-0.7-1.2 L-40.05,7.5l-0.8-1l-0.9-1l-1-0.9l-1-0.8L-44.95,3l-1.2-0.6l-1.2-0.6l-1.3-0.5l-1.3-0.4l-1.3-0.3L-52.55,0.4L-53.95,0.2L-55.25,0.1L-56.65,0L-59.35,0 L-62.05,0Z} rotation={1} scale={1.0} physicalPixelDisplaySizeRatio={1.0}}}}, mRoundedCorners=RoundedCorners{[RoundedCorner{position=TopLeft, radius=60, center=Point(60, 60)}, RoundedCorner{position=TopRight, radius=60, center=Point(1540, 60)}, RoundedCorner{position=BottomRight, radius=60, center=Point(1540, 660)}, RoundedCorner{position=BottomLeft, radius=60, center=Point(60, 660)}]}  mRoundedCornerFrame=Rect(0, 0 - 1600, 720), mPrivacyIndicatorBounds=PrivacyIndicatorBounds {static bounds=Rect(1435, 0 - 1518, 45) rotation=1}, mSources= { InsetsSource: {mType=ITYPE_STATUS_BAR, mFrame=[0,0][1600,45], mVisible=false, mInsetsRoundedCornerFrame=false}, InsetsSource: {mType=ITYPE_NAVIGATION_BAR, mFrame=[1510,0][1600,720], mVisible=false, mInsetsRoundedCornerFrame=false}, InsetsSource: {mType=ITYPE_LEFT_GESTURES, mFrame=[0,0][58,720], mVisible=true, mInsetsRoundedCornerFrame=false}, InsetsSource: {mType=ITYPE_RIGHT_GESTURES, mFrame=[1600,0][1600,720], mVisible=true, mInsetsRoundedCornerFrame=false}, InsetsSource: {mType=ITYPE_TOP_MANDATORY_GESTURES, mFrame=[0,0][1600,45], mVisible=true, mInsetsRoundedCornerFrame=false}, InsetsSource: {mType=ITYPE_BOTTOM_MANDATORY_GESTURES, mFrame=[1510,0][1600,720], mVisible=true, mInsetsRoundedCornerFrame=false}, InsetsSource: {mType=ITYPE_LEFT_DISPLAY_CUTOUT, mFrame=[0,0][58,720], mVisible=true, mInsetsRoundedCornerFrame=false}, InsetsSource: {mType=ITYPE_TOP_DISPLAY_CUTOUT, mFrame=[0,0][1600,-100000], mVisible=true, mInsetsRoundedCornerFrame=false}, InsetsSource: {mType=ITYPE_RIGHT_DISPLAY_CUTOUT, mFrame=[100000,0][1600,720], mVisible=true, mInsetsRoundedCornerFrame=false}, InsetsSource: {mType=ITYPE_BOTTOM_DISPLAY_CUTOUT, mFrame=[0,100000][1600,720], mVisible=true, mInsetsRoundedCornerFrame=false}, InsetsSource: {mType=ITYPE_TOP_TAPPABLE_ELEMENT, mFrame=[0,0][1600,45], mVisible=true, mInsetsRoundedCornerFrame=false}, InsetsSource: {mType=ITYPE_BOTTOM_TAPPABLE_ELEMENT, mFrame=[1510,0][1600,720], mVisible=true, mInsetsRoundedCornerFrame=false}, InsetsSource: {mType=ITYPE_IME, mFrame=[0,0][0,0], mVisible=false, mInsetsRoundedCornerFrame=false} } host=com.lagradost.cloudstream3/com.lagradost.cloudstream3.MainActivity from=android.view.ViewRootImpl$ViewRootHandler.handleMessageImpl:6727
04-13 16:07:11.813 31486 31486 I ViewRootImpl@a2f93a6[MainActivity]: handleResized, msg = 4 frames=ClientWindowFrames{frame=[0,0][1600,720] display=[0,0][1600,720] parentFrame=[0,0][0,0] parentClippedByDisplayCutout=false} forceNextWindowRelayout=false displayId=0 resizeMode=-1 frameChanged=false displayFrameChanged=false configChanged=false displayChanged=false
04-13 16:07:21.954 31486  6769 I System.out: Exception in NiceHttp: java.net.SocketTimeoutException timeout
04-13 16:07:21.955 31486 11460 D ApiError: -------------------------------------------------------------------
04-13 16:07:21.955 31486 11460 D ApiError: safeApiCall: timeout
04-13 16:07:21.955 31486 11460 D ApiError: safeApiCall: timeout
04-13 16:07:21.955 31486 11460 W System.err: java.net.SocketTimeoutException: timeout
04-13 16:07:21.957 31486 11460 W System.err: 	at okhttp3.internal.http2.Http2Stream$StreamTimeout.newTimeoutException(Http2Stream.kt:731)
04-13 16:07:21.957 31486 11460 W System.err: 	at okhttp3.internal.http2.Http2Stream$StreamTimeout.exitAndThrowIfTimedOut(Http2Stream.kt:739)
04-13 16:07:21.957 31486 11460 W System.err: 	at okhttp3.internal.http2.Http2Stream.takeHeaders(Http2Stream.kt:159)
04-13 16:07:21.957 31486 11460 W System.err: 	at okhttp3.internal.http2.Http2ExchangeCodec.readResponseHeaders(Http2ExchangeCodec.kt:105)
04-13 16:07:21.957 31486 11460 W System.err: 	at okhttp3.internal.connection.Exchange.readResponseHeaders(Exchange.kt:117)
04-13 16:07:21.957 31486 11460 W System.err: 	at okhttp3.internal.http.CallServerInterceptor.intercept(CallServerInterceptor.kt:97)
04-13 16:07:21.957 31486 11460 W System.err: 	at okhttp3.internal.http.RealInterceptorChain.proceed(RealInterceptorChain.kt:126)
04-13 16:07:21.957 31486 11460 W System.err: 	at com.lagradost.nicehttp.CacheInterceptor.intercept(CacheInterceptor.kt:9)
04-13 16:07:21.957 31486 11460 W System.err: 	at okhttp3.internal.http.RealInterceptorChain.proceed(RealInterceptorChain.kt:126)
04-13 16:07:21.957 31486 11460 W System.err: 	at okhttp3.internal.connection.ConnectInterceptor.intercept(ConnectInterceptor.kt:34)
04-13 16:07:21.957 31486 11460 W System.err: 	at okhttp3.internal.http.RealInterceptorChain.proceed(RealInterceptorChain.kt:126)
04-13 16:07:21.957 31486 11460 W System.err: 	at okhttp3.internal.cache.CacheInterceptor.intercept(CacheInterceptor.kt:101)
04-13 16:07:21.957 31486 11460 W System.err: 	at okhttp3.internal.http.RealInterceptorChain.proceed(RealInterceptorChain.kt:126)
04-13 16:07:21.957 31486 11460 W System.err: 	at okhttp3.internal.http.BridgeInterceptor.intercept(BridgeInterceptor.kt:85)
04-13 16:07:21.957 31486 11460 W System.err: 	at okhttp3.internal.http.RealInterceptorChain.proceed(RealInterceptorChain.kt:126)
04-13 16:07:21.957 31486 11460 W System.err: 	at okhttp3.internal.http.RetryAndFollowUpInterceptor.intercept(RetryAndFollowUpInterceptor.kt:74)
04-13 16:07:21.957 31486 11460 W System.err: 	at okhttp3.internal.http.RealInterceptorChain.proceed(RealInterceptorChain.kt:126)
04-13 16:07:21.957 31486 11460 W System.err: 	at okhttp3.internal.connection.RealCall.getResponseWithInterceptorChain$okhttp(RealCall.kt:226)
04-13 16:07:21.957 31486 11460 W System.err: 	at okhttp3.internal.connection.RealCall$AsyncCall.run(RealCall.kt:574)
04-13 16:07:21.958 31486 11460 W System.err: 	at java.util.concurrent.ThreadPoolExecutor.runWorker(ThreadPoolExecutor.java:1154)
04-13 16:07:21.958 31486 11460 W System.err: 	at java.util.concurrent.ThreadPoolExecutor$Worker.run(ThreadPoolExecutor.java:652)
04-13 16:07:21.958 31486 11460 W System.err: 	at java.lang.Thread.run(Thread.java:1564)
04-13 16:07:21.958 31486 11460 D ApiError: -------------------------------------------------------------------
04-13 16:07:21.958 31486 11460 D ExtractorHelper: ✅ loadExtractor result: true (links delivered: 0)
04-13 16:07:21.958 31486 11460 W ExtractorHelper: ⚠️ loadExtractor returned true with 0 links, trying direct SyncExtractors...
04-13 16:07:21.958 31486 11460 D ExtractorHelper:    URL: https://videy.tv/e/VXeVgMWX
04-13 16:07:21.958 31486 11460 D ExtractorHelper:    URL Domain: videy.tv
04-13 16:07:21.958 31486 11460 D ExtractorHelper:    Total SyncExtractors available: 79
04-13 16:07:21.960 31486 11460 D ExtractorHelper:    Found 1 matching extractors: Videy
04-13 16:07:21.961 31486 11460 D ExtractorHelper:    🎯 Trying extractor: Videy (https://videy.tv)
04-13 16:07:31.964 31486  6769 I System.out: Exception in NiceHttp: java.net.SocketTimeoutException timeout
04-13 16:07:31.965 31486 11460 E ExtractorHelper:       ❌ Videy FAILED: SocketTimeoutException: timeout
04-13 16:07:31.966 31486 11460 D ExtractorHelper: 📊 SyncExtractors result: 0 links delivered from 1 extractors tried
04-13 16:07:31.966 31486 11460 W ExtractorHelper: ⚠️ No links delivered — all extractors returned empty
04-13 16:07:31.966 31486 11460 D ExtractorHelper: ⏱️ loadExtractorWithFallback completed in 20207ms - loaded=false
04-13 16:07:31.966 31486 11460 E Funmovieslix: loadExtractorWithFallback failed for https://videy.tv/e/VXeVgMWX
04-13 16:07:31.969 31486 31486 I COMPACT : showToast = Tidak Ada Tautan Yang Ditemukan
04-13 16:07:31.978 31486 31486 E Toast   : setGravity() shouldn't be called on text toasts, the values won't be used
04-13 16:07:31.978 31486 31486 I Toast   : setView: it's a custom toast
04-13 16:07:31.985 31486 31486 V Toast   : show: caller = com.lagradost.cloudstream3.CommonActivity.showToast:194 
04-13 16:07:31.994 31486 31486 I CS3ExoPlayer: setActiveSubtitles 0
04-13 16:07:31.994 31486 31486 I CS3ExoPlayer: autoSelectFromSettings = null
04-13 16:07:31.994 31486 31486 V Toast   : HANDLE SHOW: android.widget.Toast$TN@3b539ff mView=null mNextView=androidx.cardview.widget.CardView{60f93cc V.E..V... ......ID 0,0-0,0 #7f0a05b5 app:id/toast_layout_root}
04-13 16:07:31.996 31486 31486 V ToastPresenter: sipHeight = 0
04-13 16:07:31.996 31486 31486 V ToastPresenter: yOffset = 9
04-13 16:07:32.000 31486 31507 D NativeCustomFrequencyManager: [NativeCFMS] BpCustomFrequencyManager::BpCustomFrequencyManager()
04-13 16:07:32.010 31486 31486 D InsetsController: onStateChanged: InsetsState: {mDisplayFrame=Rect(0, 0 - 1600, 720), mDisplayCutout=DisplayCutout{insets=Rect(58, 0 - 0, 0) waterfall=Insets{left=0, top=0, right=0, bottom=0} boundingRect={Bounds=[Rect(0, 298 - 58, 422), Rect(0, 0 - 0, 0), Rect(0, 0 - 0, 0), Rect(0, 0 - 0, 0)]} cutoutPathParserInfo={CutoutPathParserInfo{displayWidth=720 displayHeight=1600 physicalDisplayWidth=720 physicalDisplayHeight=1600 density={1.875} cutoutSpec={M62.05,0l-2.7,0l-2.7,0l-1.4,0.1L53.95,0.2l-1.3,0.2l-1.3,0.2L49.95,0.9l-1.3,0.4l-1.3,0.5l-1.2,0.6L44.95,3 l-1.1,0.7l-1,0.8l-1,0.9l-0.9,1l-0.8,1l-0.7,1.1l-0.7,1.2l-0.6,1.2l-0.5,1.3l-0.4,1.3l-0.4,1.3l-0.5,2.3l-0.4,2.3l-0.4,2.3L34.95,23.9 l-0.6,2.3l-0.7,2.2l-0.4,1.1L32.95,30.6l-0.5,1.1L31.95,32.7c-3.5,7.2-9.3,13.1-16.6,16.6c-17.7,8.5-38.9,1.1-47.4-16.6l-0.5-1.1 l-0.5-1.1l-0.4-1.1l-0.4-1.1l-0.7-2.2l-0.6-2.3l-0.5-2.3l-0.4-2.3l-0.4-2.3l-0.5-2.3l-0.4-1.3l-0.4-1.3L-38.15,11l-0.6-1.2l-0.7-1.2 L-40.05,7.5l-0.8-1l-0.9-1l-1-0.9l-1-0.8L-44.95,3l-1.2-0.6l-1.2-0.6l-1.3-0.5l-1.3-0.4l-1.3-0.3L-52.55,0.4L-53.95,0.2L-55.25,0.1L-56.65,0L-59.35,0 L-62.05,0Z} rotation={1} scale={1.0} physicalPixelDisplaySizeRatio={1.0}}}}, mRoundedCorners=RoundedCorners{[RoundedCorner{position=TopLeft, radius=60, center=Point(60, 60)}, RoundedCorner{position=TopRight, radius=60, center=Point(1540, 60)}, RoundedCorner{position=BottomRight, radius=60, center=Point(1540, 660)}, RoundedCorner{position=BottomLeft, radius=60, center=Point(60, 660)}]}  mRoundedCornerFrame=Rect(0, 0 - 0, 0), mPrivacyIndicatorBounds=PrivacyIndicatorBounds {static bounds=Rect(1435, 0 - 1518, 45) rotation=1}, mSources= { InsetsSource: {mType=ITYPE_NAVIGATION_BAR, mFrame=[1510,0][1600,720], mVisible=false, mInsetsRoundedCornerFrame=false}, InsetsSource: {mType=ITYPE_LEFT_GESTURES, mFrame=[0,0][58,720], mVisible=true, mInsetsRoundedCornerFrame=false}, InsetsSource: {mType=ITYPE_RIGHT_GESTURES, mFrame=[1600,0][1600,720], mVisible=true, mInsetsRoundedCornerFrame=false}, InsetsSource: {mType=ITYPE_TOP_MANDATORY_GESTURES, mFrame=[0,0][1600,45], mVisible=true, mInsetsRoundedCornerFrame=false}, InsetsSource: {mType=ITYPE_BOTTOM_MANDATORY_GESTURES, mFrame=[1510,0][1600,720], mVisible=true, mInsetsRoundedCornerFrame=false}, InsetsSource: {mType=ITYPE_LEFT_DISPLAY_CUTOUT, mFrame=[0,0][58,720], mVisible=true, mInsetsRoundedCornerFrame=false}, InsetsSource: {mType=ITYPE_TOP_DISPLAY_CUTOUT, mFrame=[0,0][1600,-100000], mVisible=true, mInsetsRoundedCornerFrame=false}, InsetsSource: {mType=ITYPE_RIGHT_DISPLAY_CUTOUT, mFrame=[100000,0][1600,720], mVisible=true, mInsetsRoundedCornerFrame=false}, InsetsSource: {mType=ITYPE_BOTTOM_DISPLAY_CUTOUT, mFrame=[0,100000][1600,720], mVisible=true, mInsetsRoundedCornerFrame=false}, InsetsSource: {mType=ITYPE_BOTTOM_TAPPABLE_ELEMENT, mFrame=[1510,0][1600,720], mVisible=true, mInsetsRoundedCornerFrame=false} } host=Toast from=android.view.ViewRootImpl.setView:1732
04-13 16:07:32.012 31486 31486 I ViewRootImpl@f724615[Toast]: setView = androidx.cardview.widget.CardView@60f93cc TM=true
04-13 16:07:32.016 31486 31486 D popFragment: Destroying Fragment
04-13 16:07:32.021 31486 31486 I ViewRootImpl@f724615[Toast]: performTraversals params={(0,9)(wrapxwrap) gr=BOTTOM CENTER sim={adjust=resize} ty=TOAST fmt=TRANSLUCENT wanim=0x1030004 surfaceInsets=Rect(8, 8 - 8, 8)
04-13 16:07:32.021 31486 31486 I ViewRootImpl@f724615[Toast]:   fl=1000098
04-13 16:07:32.021 31486 31486 I ViewRootImpl@f724615[Toast]:   pfl=12000000
04-13 16:07:32.021 31486 31486 I ViewRootImpl@f724615[Toast]:   bhv=DEFAULT
04-13 16:07:32.021 31486 31486 I ViewRootImpl@f724615[Toast]:   fitTypes=STATUS_BARS NAVIGATION_BARS CAPTION_BAR
04-13 16:07:32.021 31486 31486 I ViewRootImpl@f724615[Toast]:   fitIgnoreVis naviIconColor=0}
04-13 16:07:32.022 31486 31486 I ViewRootImpl@f724615[Toast]: performTraversals mFirst=true windowShouldResize=false viewVisibilityChanged=false mForceNextWindowRelayout=false params={(0,9)(wrapxwrap) gr=BOTTOM CENTER sim={adjust=resize} ty=TOAST fmt=TRANSLUCENT wanim=0x1030004 surfaceInsets=Rect(8, 8 - 8, 8)
04-13 16:07:32.022 31486 31486 I ViewRootImpl@f724615[Toast]:   fl=1000098
04-13 16:07:32.022 31486 31486 I ViewRootImpl@f724615[Toast]:   pfl=12000000
04-13 16:07:32.022 31486 31486 I ViewRootImpl@f724615[Toast]:   bhv=DEFAULT
04-13 16:07:32.022 31486 31486 I ViewRootImpl@f724615[Toast]:   fitTypes=STATUS_BARS NAVIGATION_BARS CAPTION_BAR
04-13 16:07:32.022 31486 31486 I ViewRootImpl@f724615[Toast]:   fitIgnoreVis naviIconColor=0}
04-13 16:07:32.035 31486 31486 I ViewRootImpl@f724615[Toast]: updateBlastSurfaceIfNeeded mBlastBufferQueue=null isSameSurfaceControl=false
04-13 16:07:32.035 31486 31486 D BufferQueueConsumer: [](id:7afe00000034,api:0,p:-1,c:31486) connect: controlledByApp=false
04-13 16:07:32.036 31486 31486 I BLASTBufferQueue: new BLASTBufferQueue, mName= ViewRootImpl@f724615[Toast] mNativeObject= 0xb4000077c33eae00 sc.mNativeObject= 0xb40000778da62500 caller= android.view.ViewRootImpl.updateBlastSurfaceIfNeeded:2909 android.view.ViewRootImpl.relayoutWindow:9847 android.view.ViewRootImpl.performTraversals:3884 android.view.ViewRootImpl.doTraversal:3116 android.view.ViewRootImpl$TraversalRunnable.run:10885 android.view.Choreographer$CallbackRecord.run:1301 android.view.Choreographer$CallbackRecord.run:1309 android.view.Choreographer.doCallbacks:923 android.view.Choreographer.doFrame:852 android.view.Choreographer$FrameDisplayEventReceiver.run:1283 
04-13 16:07:32.037 31486 31486 I BLASTBufferQueue: update, w= 547 h= 129 mName = ViewRootImpl@f724615[Toast] mNativeObject= 0xb4000077c33eae00 sc.mNativeObject= 0xb40000778da62500 format= -3 caller= android.graphics.BLASTBufferQueue.<init>:84 android.view.ViewRootImpl.updateBlastSurfaceIfNeeded:2909 android.view.ViewRootImpl.relayoutWindow:9847 android.view.ViewRootImpl.performTraversals:3884 android.view.ViewRootImpl.doTraversal:3116 android.view.ViewRootImpl$TraversalRunnable.run:10885 
04-13 16:07:32.037 31486 31486 I ViewRootImpl@f724615[Toast]: Relayout returned: old=(58,0,1510,720) new=(518,598,1049,711) req=(531,113)0 dur=13 res=0x3 s={true 0xb4000077a2adc800} ch=true seqId=0
04-13 16:07:32.039 31486 31486 I ViewRootImpl@f724615[Toast]: mThreadedRenderer.initialize() mSurface={isValid=true 0xb4000077a2adc800} hwInitialized=true
04-13 16:07:32.039 31486 31507 D OpenGLRenderer: eglCreateWindowSurface
04-13 16:07:32.040 31486 31486 I ViewRootImpl@f724615[Toast]: reportNextDraw android.view.ViewRootImpl.performTraversals:4438 android.view.ViewRootImpl.doTraversal:3116 android.view.ViewRootImpl$TraversalRunnable.run:10885 android.view.Choreographer$CallbackRecord.run:1301 android.view.Choreographer$CallbackRecord.run:1309 
04-13 16:07:32.040 31486 31486 I ViewRootImpl@f724615[Toast]: Setup new sync id=0
04-13 16:07:32.040 31486 31486 I ViewRootImpl@f724615[Toast]: Setting syncFrameCallback
04-13 16:07:32.040 31486 31486 I ViewRootImpl@f724615[Toast]: registerCallbacksForSync syncBuffer=false
04-13 16:07:32.050 31486 31569 I ViewRootImpl@f724615[Toast]: Received frameDrawingCallback syncResult=0 frameNum=1.
04-13 16:07:32.051 31486 31569 I ViewRootImpl@f724615[Toast]: Setting up sync and frameCommitCallback
04-13 16:07:32.058 31486 31507 I BLASTBufferQueue: [ViewRootImpl@f724615[Toast]#52](f:0,a:0) onFrameAvailable the first frame is available
04-13 16:07:32.059 31486 31507 I BLASTBufferQueue: [ViewRootImpl@f724615[Toast]#52](f:0,a:1) acquireNextBufferLocked size=547x129 mFrameNumber=1 applyTransaction=true mTimestamp=1486371845824748(auto) mPendingTransactions.size=0 graphicBufferId=135231340282137 transform=7
04-13 16:07:32.060 31486 31507 I ViewRootImpl@f724615[Toast]: Received frameCommittedCallback lastAttemptedDrawFrameNum=1 didProduceBuffer=true
04-13 16:07:32.061 31486 31507 D OpenGLRenderer: CFMS:: SetUp Pid : 31486    Tid : 31507
04-13 16:07:32.061 31486 31507 W Parcel  : Expecting binder but got null!
04-13 16:07:32.062 31486 31486 I ViewRootImpl@f724615[Toast]: onSyncComplete
04-13 16:07:32.062 31486 31486 I ViewRootImpl@f724615[Toast]: setupSync seqId=0 mSyncId=0 fn=1 caller=android.view.ViewRootImpl$$ExternalSyntheticLambda11.accept:6 android.window.SurfaceSyncer.lambda$setupSync$1$android-window-SurfaceSyncer:128 android.window.SurfaceSyncer$$ExternalSyntheticLambda1.accept:8 android.window.SurfaceSyncer$SyncSet.checkIfSyncIsComplete:382 android.window.SurfaceSyncer$SyncSet.markSyncReady:359 android.window.SurfaceSyncer.markSyncReady:151 android.view.ViewRootImpl.performTraversals:4503 
04-13 16:07:32.062 31486 31486 I ViewRootImpl@f724615[Toast]: reportDrawFinished seqId=0 mSyncId=-1 fn=1 mSurfaceChangedTransaction=0xb4000077c31d0c00
04-13 16:07:32.063 31486 31486 D popFragment: Destroying Fragment
04-13 16:07:32.069 31486 31486 I IMM_LC  : hsifw() - flag : 0
04-13 16:07:32.069 31486 31486 I IMM_LC  : hsifw() - mService.hideSoftInput
04-13 16:07:32.072 31486 31486 I CS3ExoPlayer: onStop
04-13 16:07:32.072 31486 31486 I CS3ExoPlayer: saveData
04-13 16:07:32.072 31486 31486 I CS3ExoPlayer: handleEvent Pause
04-13 16:07:32.102 31486 31486 D ScrollView: initGoToTop
04-13 16:07:32.437 31486 31486 W Resources: Drawable com.lagradost.cloudstream3:drawable/go_forward_30 has unresolved theme attributes! Consider using Resources.getDrawable(int, Theme) or Context.getDrawable(int).
04-13 16:07:32.437 31486 31486 W Resources: java.lang.RuntimeException
04-13 16:07:32.437 31486 31486 W Resources: 	at android.content.res.Resources.getDrawable(Resources.java:967)
04-13 16:07:32.437 31486 31486 W Resources: 	at com.google.android.gms.cast.framework.media.widget.zzq.zzd(com.google.android.gms:play-services-cast-framework@@22.1.0:2)
04-13 16:07:32.437 31486 31486 W Resources: 	at com.google.android.gms.cast.framework.media.widget.zzq.zzc(com.google.android.gms:play-services-cast-framework@@22.1.0:1)
04-13 16:07:32.437 31486 31486 W Resources: 	at com.google.android.gms.cast.framework.media.widget.MiniControllerFragment.zza(com.google.android.gms:play-services-cast-framework@@22.1.0:41)
04-13 16:07:32.437 31486 31486 W Resources: 	at com.google.android.gms.cast.framework.media.widget.MiniControllerFragment.onCreateView(com.google.android.gms:play-services-cast-framework@@22.1.0:30)
04-13 16:07:32.437 31486 31486 W Resources: 	at androidx.fragment.app.Fragment.performCreateView(Fragment.java:3119)
04-13 16:07:32.437 31486 31486 W Resources: 	at androidx.fragment.app.FragmentStateManager.ensureInflatedView(FragmentStateManager.java:418)
04-13 16:07:32.437 31486 31486 W Resources: 	at androidx.fragment.app.FragmentStateManager.moveToExpectedState(FragmentStateManager.java:285)
04-13 16:07:32.437 31486 31486 W Resources: 	at androidx.fragment.app.FragmentLayoutInflaterFactory.onCreateView(FragmentLayoutInflaterFactory.java:142)
04-13 16:07:32.437 31486 31486 W Resources: 	at android.view.LayoutInflater$FactoryMerger.onCreateView(LayoutInflater.java:247)
04-13 16:07:32.437 31486 31486 W Resources: 	at android.view.LayoutInflater.tryCreateView(LayoutInflater.java:1083)
04-13 16:07:32.437 31486 31486 W Resources: 	at android.view.LayoutInflater.createViewFromTag(LayoutInflater.java:1019)
04-13 16:07:32.437 31486 31486 W Resources: 	at android.view.LayoutInflater.createViewFromTag(LayoutInflater.java:983)
04-13 16:07:32.437 31486 31486 W Resources: 	at android.view.LayoutInflater.rInflate(LayoutInflater.java:1145)
04-13 16:07:32.437 31486 31486 W Resources: 	at android.view.LayoutInflater.rInflateChildren(LayoutInflater.java:1106)
04-13 16:07:32.437 31486 31486 W Resources: 	at android.view.LayoutInflater.rInflate(LayoutInflater.java:1148)
04-13 16:07:32.437 31486 31486 W Resources: 	at android.view.LayoutInflater.rInflateChildren(LayoutInflater.java:1106)
04-13 16:07:32.437 31486 31486 W Resources: 	at android.view.LayoutInflater.rInflate(LayoutInflater.java:1148)
04-13 16:07:32.437 31486 31486 W Resources: 	at android.view.LayoutInflater.rInflateChildren(LayoutInflater.java:1106)
04-13 16:07:32.437 31486 31486 W Resources: 	at android.view.LayoutInflater.inflate(LayoutInflater.java:692)
04-13 16:07:32.437 31486 31486 W Resources: 	at android.view.LayoutInflater.inflate(LayoutInflater.java:544)
04-13 16:07:32.437 31486 31486 W Resources: 	at com.lagradost.cloudstream3.ui.player.AbstractPlayerFragment.onCreateView(AbstractPlayerFragment.kt:746)
04-13 16:07:32.437 31486 31486 W Resources: 	at com.lagradost.cloudstream3.ui.player.FullScreenPlayer.onCreateView(FullScreenPlayer.kt:218)
04-13 16:07:32.437 31486 31486 W Resources: 	at com.lagradost.cloudstream3.ui.result.ResultFragmentPhone.onCreateView(ResultFragmentPhone.kt:129)
04-13 16:07:32.437 31486 31486 W Resources: 	at androidx.fragment.app.Fragment.performCreateView(Fragment.java:3119)
04-13 16:07:32.437 31486 31486 W Resources: 	at androidx.fragment.app.FragmentStateManager.createView(FragmentStateManager.java:577)
04-13 16:07:32.437 31486 31486 W Resources: 	at androidx.fragment.app.FragmentStateManager.moveToExpectedState(FragmentStateManager.java:286)
04-13 16:07:32.437 31486 31486 W Resources: 	at androidx.fragment.app.FragmentManager.executeOpsTogether(FragmentManager.java:2205)
04-13 16:07:32.437 31486 31486 W Resources: 	at androidx.fragment.app.FragmentManager.removeRedundantOperationsAndExecute(FragmentManager.java:2115)
04-13 16:07:32.437 31486 31486 W Resources: 	at androidx.fragment.app.FragmentManager.popBackStackImmediate(FragmentManager.java:1116)
04-13 16:07:32.437 31486 31486 W Resources: 	at androidx.fragment.app.FragmentManager.popBackStackImmediate(FragmentManager.java:998)
04-13 16:07:32.437 31486 31486 W Resources: 	at androidx.fragment.app.FragmentManager.handleOnBackPressed(FragmentManager.java:914)
04-13 16:07:32.437 31486 31486 W Resources: 	at androidx.fragment.app.FragmentManager$1.handleOnBackPressed(FragmentManager.java:572)
04-13 16:07:32.437 31486 31486 W Resources: 	at androidx.activity.OnBackPressedCallback$OnBackPressedEventHandler.onBackCompleted(OnBackPressedCallback.kt:172)
04-13 16:07:32.437 31486 31486 W Resources: 	at androidx.navigationevent.NavigationEventHandler.doOnBackCompleted$navigationevent(NavigationEventHandler.kt:242)
04-13 16:07:32.437 31486 31486 W Resources: 	at androidx.navigationevent.NavigationEventProcessor.dispatchOnCompleted(NavigationEventProcessor.kt:487)
04-13 16:07:32.437 31486 31486 W Resources: 	at androidx.navigationevent.NavigationEventDispatcher.dispatchOnCompleted$navigationevent(NavigationEventDispatcher.kt:383)
04-13 16:07:32.437 31486 31486 W Resources: 	at androidx.navigationevent.NavigationEventInput.dispatchOnBackCompleted(NavigationEventInput.kt:227)
04-13 16:07:32.437 31486 31486 W Resources: 	at androidx.activity.OnBackPressedDispatcher$OnBackPressedEventInput.backCompleted(OnBackPressedDispatcher.kt:301)
04-13 16:07:32.437 31486 31486 W Resources: 	at androidx.activity.OnBackPressedDispatcher.onBackPressed(OnBackPressedDispatcher.kt:246)
04-13 16:07:32.437 31486 31486 W Resources: 	at com.lagradost.cloudstream3.utils.BackPressedCallbackHelper$CallbackHelper.runDefault(BackPressedCallbackHelper.kt:22)
04-13 16:07:32.437 31486 31486 W Resources: 	at com.lagradost.cloudstream3.MainActivity.onCreate$lambda$25(MainActivity.kt:2037)
04-13 16:07:32.437 31486 31486 W Resources: 	at com.lagradost.cloudstream3.MainActivity.$r8$lambda$Gy8B8YvjReNz_FTAxokyyhRFBSo(Unknown Source:0)
04-13 16:07:32.437 31486 31486 W Resources: 	at com.lagradost.cloudstream3.MainActivity$$ExternalSyntheticLambda1.invoke(D8$$SyntheticClass:0)
04-13 16:07:32.437 31486 31486 W Resources: 	at com.lagradost.cloudstream3.utils.BackPressedCallbackHelper$attachBackPressedCallback$newCallback$1.handleOnBackPressed(BackPressedCallbackHelper.kt:40)
04-13 16:07:32.437 31486 31486 W Resources: 	at androidx.activity.OnBackPressedCallback$OnBackPressedEventHandler.onBackCompleted(OnBackPressedCallback.kt:172)
04-13 16:07:32.437 31486 31486 W Resources: 	at androidx.navigationevent.NavigationEventHandler.doOnBackCompleted$navigationevent(NavigationEventHandler.kt:242)
04-13 16:07:32.437 31486 31486 W Resources: 	at androidx.navigationevent.NavigationEventProcessor.dispatchOnCompleted(NavigationEventProcessor.kt:487)
04-13 16:07:32.437 31486 31486 W Resources: 	at androidx.navigationevent.NavigationEventDispatcher.dispatchOnCompleted$navigationevent(NavigationEventDispatcher.kt:383)
04-13 16:07:32.437 31486 31486 W Resources: 	at androidx.navigationevent.NavigationEventInput.dispatchOnBackCompleted(NavigationEventInput.kt:227)
04-13 16:07:32.437 31486 31486 W Resources: 	at androidx.activity.OnBackPressedDispatcher$OnBackPressedEventInput.backCompleted(OnBackPressedDispatcher.kt:301)
04-13 16:07:32.437 31486 31486 W Resources: 	at androidx.activity.OnBackPressedDispatcher.onBackPressed(OnBackPressedDispatcher.kt:246)
04-13 16:07:32.437 31486 31486 W Resources: 	at com.lagradost.cloudstream3.utils.UIHelper$popCurrentPage$1.invokeSuspend(UIHelper.kt:289)
04-13 16:07:32.437 31486 31486 W Resources: 	at com.lagradost.cloudstream3.utils.UIHelper$popCurrentPage$1.invoke(Unknown Source:8)
04-13 16:07:32.437 31486 31486 W Resources: 	at com.lagradost.cloudstream3.utils.UIHelper$popCurrentPage$1.invoke(Unknown Source:4)
04-13 16:07:32.437 31486 31486 W Resources: 	at com.lagradost.cloudstream3.utils.Coroutines$main$1.invokeSuspend(Coroutines.kt:13)
04-13 16:07:32.437 31486 31486 W Resources: 	at com.lagradost.cloudstream3.utils.Coroutines$main$1.invoke(Unknown Source:8)
04-13 16:07:32.437 31486 31486 W Resources: 	at com.lagradost.cloudstream3.utils.Coroutines$main$1.invoke(Unknown Source:4)
04-13 16:07:32.437 31486 31486 W Resources: 	at com.lagradost.cloudstream3.mvvm.ArchComponentExtKt$launchSafe$obj$1.invokeSuspend(ArchComponentExt.kt:154)
04-13 16:07:32.437 31486 31486 W Resources: 	at kotlin.coroutines.jvm.internal.BaseContinuationImpl.resumeWith(ContinuationImpl.kt:34)
04-13 16:07:32.437 31486 31486 W Resources: 	at kotlinx.coroutines.DispatchedTask.run(DispatchedTask.kt:100)
04-13 16:07:32.437 31486 31486 W Resources: 	at android.os.Handler.handleCallback(Handler.java:942)
04-13 16:07:32.437 31486 31486 W Resources: 	at android.os.Handler.dispatchMessage(Handler.java:99)
04-13 16:07:32.437 31486 31486 W Resources: 	at android.os.Looper.loopOnce(Looper.java:226)
04-13 16:07:32.437 31486 31486 W Resources: 	at android.os.Looper.loop(Looper.java:313)
04-13 16:07:32.437 31486 31486 W Resources: 	at android.app.ActivityThread.main(ActivityThread.java:8762)
04-13 16:07:32.437 31486 31486 W Resources: 	at java.lang.reflect.Method.invoke(Native Method)
04-13 16:07:32.437 31486 31486 W Resources: 	at com.android.internal.os.RuntimeInit$MethodAndArgsCaller.run(RuntimeInit.java:604)
04-13 16:07:32.437 31486 31486 W Resources: 	at com.android.internal.os.ZygoteInit.main(ZygoteInit.java:1067)
04-13 16:07:32.444 31486 31486 I SurfaceView@3d9fcd7: onWindowVisibilityChanged(0) true android.view.SurfaceView{3d9fcd7 V.E..V... ......I. 0,0-0,0} of ViewRootImpl@a2f93a6[MainActivity]
04-13 16:07:32.444 31486 31486 D SurfaceView@3d9fcd7: updateSurface: has no frame
04-13 16:07:32.449 31486 31486 I CS3ExoPlayer: SET STYLE = SaveCaptionStyle(foregroundColor=-1, backgroundColor=0, windowColor=0, edgeType=1, edgeColor=-16777216, typeface=2131296262, typefaceFilePath=null, elevation=40, fixedTextSize=14.0, edgeSize=null, removeCaptions=false, removeBloat=true, upperCase=false, bold=false, italic=false, backgroundRadius=null, alignment=null)
04-13 16:07:32.458 31486 31486 I IMM_LC  : hsifw() - flag : 0
04-13 16:07:32.458 31486 31486 I IMM_LC  : hsifw() - mService.hideSoftInput
04-13 16:07:32.459 31486 11460 I SYNCVM  : addFromUrl = https://funmovieslix.com/tron-ares-2025/
04-13 16:07:32.459 31486 11460 I SYNCUTIL: getIdsFromUrl https://funmovieslix.com/tron-ares-2025/
04-13 16:07:32.471 31486 31486 I SurfaceView@3d9fcd7: onWindowVisibilityChanged(8) false android.view.SurfaceView{3d9fcd7 V.E..V... ......I. 0,0-0,0} of ViewRootImpl@a2f93a6[MainActivity]
04-13 16:07:32.471 31486 31486 D SurfaceView@3d9fcd7: updateSurface: has no frame
04-13 16:07:32.471 31486 31486 D SurfaceView@3d9fcd7: updateSurface: has no frame
04-13 16:07:32.471 31486 31486 I SurfaceView@3d9fcd7: onDetachedFromWindow: tryReleaseSurfaces()
04-13 16:07:32.471 31486 31486 I SurfaceView@3d9fcd7: releaseSurfaces: viewRoot = ViewRootImpl@a2f93a6[MainActivity]
04-13 16:07:32.472 31486 31486 I SurfaceView@3d9fcd7: applyTransactionOnVriDraw: vri = ViewRootImpl@a2f93a6[MainActivity] fRS = true t = 0xb4000077a2050900 android.view.SurfaceView.releaseSurfaces:858 android.view.SurfaceView.onDetachedFromWindow:500 android.view.View.dispatchDetachedFromWindow:22538 
04-13 16:07:32.472 31486 31486 I SurfaceView@3d9fcd7: applyTransactionOnVriDraw: viewRoot.applyTransactionOnDrawFromReleaseSurfaces
04-13 16:07:32.472 31486 31486 I ViewRootImpl@a2f93a6[MainActivity]: applyTransactionOnDraw: mRemoved = false isHardwareEnabled = true t = 0xb4000077a2050900android.view.ViewRootImpl.applyTransactionOnDrawFromReleaseSurfaces:12850 android.view.SurfaceView.applyTransactionOnVriDraw:2046 android.view.SurfaceView.releaseSurfaces:858 android.view.SurfaceView.onDetachedFromWindow:500 android.view.View.dispatchDetachedFromWindow:22538 
04-13 16:07:32.474 31486 31486 I SurfaceView@3d9fcd7: onWindowVisibilityChanged(0) true android.view.SurfaceView{3d9fcd7 V.E..V... ......I. 0,0-0,0} of ViewRootImpl@a2f93a6[MainActivity]
04-13 16:07:32.474 31486 31486 D SurfaceView@3d9fcd7: updateSurface: has no frame
04-13 16:07:32.566 31486 12270 I ViewRootImpl@a2f93a6[MainActivity]: Resizing android.view.ViewRootImpl@299edf5: frame = [0,0][720,1600] reportDraw = true forceLayout = true syncSeqId = 5
04-13 16:07:32.566 31486 31495 I ViewRootImpl@f724615[Toast]: Resizing android.view.ViewRootImpl@83e2e91: frame = [94,1388][625,1501] reportDraw = true forceLayout = true syncSeqId = 0
04-13 16:07:32.567 31486 31486 I DecorView: notifyKeepScreenOnChanged: keepScreenOn=false
04-13 16:07:32.568 31486 31486 D InsetsSourceConsumer: setRequestedVisible: visible=true, type=23, host=com.lagradost.cloudstream3/com.lagradost.cloudstream3.MainActivity, from=android.view.InsetsSourceConsumer.show:250 android.view.InsetsController.collectSourceControls:1303 android.view.InsetsController.controlAnimationUnchecked:1164 android.view.InsetsController.applyAnimation:1576 android.view.InsetsController.applyAnimation:1557 android.view.InsetsController.show:1063 android.view.InsetsController.show:1004 androidx.core.util.HalfKt$$ExternalSyntheticApiModelOutline0.m:0 androidx.core.view.WindowInsetsControllerCompat$Impl30.show:656 androidx.core.view.WindowInsetsControllerCompat.show:183 
04-13 16:07:32.568 31486 31486 D InsetsSourceConsumer: setRequestedVisible: visible=true, type=22, host=com.lagradost.cloudstream3/com.lagradost.cloudstream3.MainActivity, from=android.view.InsetsSourceConsumer.show:250 android.view.InsetsController.collectSourceControls:1303 android.view.InsetsController.controlAnimationUnchecked:1164 android.view.InsetsController.applyAnimation:1576 android.view.InsetsController.applyAnimation:1557 android.view.InsetsController.show:1063 android.view.InsetsController.show:1004 androidx.core.util.HalfKt$$ExternalSyntheticApiModelOutline0.m:0 androidx.core.view.WindowInsetsControllerCompat$Impl30.show:656 androidx.core.view.WindowInsetsControllerCompat.show:183 
04-13 16:07:32.569 31486 31486 D InsetsSourceConsumer: setRequestedVisible: visible=true, type=21, host=com.lagradost.cloudstream3/com.lagradost.cloudstream3.MainActivity, from=android.view.InsetsSourceConsumer.show:250 android.view.InsetsController.collectSourceControls:1303 android.view.InsetsController.controlAnimationUnchecked:1164 android.view.InsetsController.applyAnimation:1576 android.view.InsetsController.applyAnimation:1557 android.view.InsetsController.show:1063 android.view.InsetsController.show:1004 androidx.core.util.HalfKt$$ExternalSyntheticApiModelOutline0.m:0 androidx.core.view.WindowInsetsControllerCompat$Impl30.show:656 androidx.core.view.WindowInsetsControllerCompat.show:183 
04-13 16:07:32.569 31486 31486 D InsetsSourceConsumer: setRequestedVisible: visible=true, type=20, host=com.lagradost.cloudstream3/com.lagradost.cloudstream3.MainActivity, from=android.view.InsetsSourceConsumer.show:250 android.view.InsetsController.collectSourceControls:1303 android.view.InsetsController.controlAnimationUnchecked:1164 android.view.InsetsController.applyAnimation:1576 android.view.InsetsController.applyAnimation:1557 android.view.InsetsController.show:1063 android.view.InsetsController.show:1004 androidx.core.util.HalfKt$$ExternalSyntheticApiModelOutline0.m:0 androidx.core.view.WindowInsetsControllerCompat$Impl30.show:656 androidx.core.view.WindowInsetsControllerCompat.show:183 
04-13 16:07:32.569 31486 31486 D InsetsSourceConsumer: setRequestedVisible: visible=true, type=2, host=com.lagradost.cloudstream3/com.lagradost.cloudstream3.MainActivity, from=android.view.InsetsSourceConsumer.show:250 android.view.InsetsController.collectSourceControls:1303 android.view.InsetsController.controlAnimationUnchecked:1164 android.view.InsetsController.applyAnimation:1576 android.view.InsetsController.applyAnimation:1557 android.view.InsetsController.show:1063 android.view.InsetsController.show:1004 androidx.core.util.HalfKt$$ExternalSyntheticApiModelOutline0.m:0 androidx.core.view.WindowInsetsControllerCompat$Impl30.show:656 androidx.core.view.WindowInsetsControllerCompat.show:183 
04-13 16:07:32.569 31486 31486 D InsetsController: controlAnimationUnchecked: Added types=3 animType=0 host=com.lagradost.cloudstream3/com.lagradost.cloudstream3.MainActivity from=android.view.InsetsController.applyAnimation:1576 android.view.InsetsController.applyAnimation:1557 android.view.InsetsController.show:1063 
04-13 16:07:32.570 31486 31486 D InsetsSourceConsumer: setRequestedVisible: visible=true, type=1, host=com.lagradost.cloudstream3/com.lagradost.cloudstream3.MainActivity, from=android.view.InsetsSourceConsumer.show:250 android.view.InsetsController.showDirectly:1609 android.view.InsetsController.controlAnimationUnchecked:1232 android.view.InsetsController.applyAnimation:1576 android.view.InsetsController.applyAnimation:1557 android.view.InsetsController.show:1063 android.view.InsetsController.show:1004 androidx.core.util.HalfKt$$ExternalSyntheticApiModelOutline0.m:0 androidx.core.view.WindowInsetsControllerCompat$Impl30.show:656 androidx.core.view.WindowInsetsControllerCompat.show:183 
04-13 16:07:32.570 31486 31486 D InsetsSourceConsumer: setRequestedVisible: visible=true, type=0, host=com.lagradost.cloudstream3/com.lagradost.cloudstream3.MainActivity, from=android.view.InsetsSourceConsumer.show:250 android.view.InsetsController.showDirectly:1609 android.view.InsetsController.controlAnimationUnchecked:1232 android.view.InsetsController.applyAnimation:1576 android.view.InsetsController.applyAnimation:1557 android.view.InsetsController.show:1063 android.view.InsetsController.show:1004 androidx.core.util.HalfKt$$ExternalSyntheticApiModelOutline0.m:0 androidx.core.view.WindowInsetsControllerCompat$Impl30.show:656 androidx.core.view.WindowInsetsControllerCompat.show:183 
04-13 16:07:32.582 31486 31495 I ViewRootImpl@a2f93a6[MainActivity]: Resizing android.view.ViewRootImpl@299edf5: frame = [0,0][720,1600] reportDraw = true forceLayout = false syncSeqId = 5
04-13 16:07:32.582 31486 12270 I ViewRootImpl@f724615[Toast]: Resizing android.view.ViewRootImpl@83e2e91: frame = [94,1388][625,1501] reportDraw = true forceLayout = false syncSeqId = 0
04-13 16:07:32.590 31486 11460 I SYNCVM  : addFromUrl = https://funmovieslix.com/tron-ares-2025/
04-13 16:07:32.590 31486 11460 I SYNCUTIL: getIdsFromUrl https://funmovieslix.com/tron-ares-2025/
04-13 16:07:32.597 31486 31486 I CS3ExoPlayer: reloadPlayer
04-13 16:07:32.597 31486 31486 I CS3ExoPlayer: releasePlayer
04-13 16:07:32.597 31486 31486 I CS3ExoPlayer: Handle event: PlayerAttachedEvent(player=null, source=Player)
04-13 16:07:32.598 31486 31486 I Choreographer: Skipped 32 frames!  The application may be doing too much work on its main thread.
04-13 16:07:32.611 31486 31486 I ViewRootImpl@a2f93a6[MainActivity]: performTraversals params={(0,0)(fillxfill) sim={state=always_hidden adjust=resize} ty=BASE_APPLICATION wanim=0x1030309
04-13 16:07:32.611 31486 31486 I ViewRootImpl@a2f93a6[MainActivity]:   fl=85810100
04-13 16:07:32.611 31486 31486 I ViewRootImpl@a2f93a6[MainActivity]:   pfl=12020040
04-13 16:07:32.611 31486 31486 I ViewRootImpl@a2f93a6[MainActivity]:   vsysui=1500
04-13 16:07:32.611 31486 31486 I ViewRootImpl@a2f93a6[MainActivity]:   bhv=SHOW_TRANSIENT_BARS_BY_SWIPE
04-13 16:07:32.611 31486 31486 I ViewRootImpl@a2f93a6[MainActivity]:   fitSides= naviIconColor=0}
04-13 16:07:32.611 31486 31486 I ViewRootImpl@a2f93a6[MainActivity]: performTraversals mFirst=false windowShouldResize=false viewVisibilityChanged=false mForceNextWindowRelayout=false params={(0,0)(fillxfill) sim={state=always_hidden adjust=resize} ty=BASE_APPLICATION fmt=TRANSLUCENT wanim=0x1030309
04-13 16:07:32.611 31486 31486 I ViewRootImpl@a2f93a6[MainActivity]:   fl=85810100
04-13 16:07:32.611 31486 31486 I ViewRootImpl@a2f93a6[MainActivity]:   pfl=12020040
04-13 16:07:32.611 31486 31486 I ViewRootImpl@a2f93a6[MainActivity]:   vsysui=1500
04-13 16:07:32.611 31486 31486 I ViewRootImpl@a2f93a6[MainActivity]:   bhv=SHOW_TRANSIENT_BARS_BY_SWIPE
04-13 16:07:32.611 31486 31486 I ViewRootImpl@a2f93a6[MainActivity]:   fitSides= naviIconColor=0}
