04-05 12:16:06.406 13149 13149 I SurfaceView@d3473f7: applyTransactionOnVriDraw: vri = ViewRootImpl@f8b7859[MainActivity] fRS = true t = 0xb4000077ab723600 android.view.SurfaceView.releaseSurfaces:858 android.view.SurfaceView.onDetachedFromWindow:500 android.view.View.dispatchDetachedFromWindow:22538 
04-05 12:16:06.406 13149 13149 I SurfaceView@d3473f7: applyTransactionOnVriDraw: viewRoot.applyTransactionOnDrawFromReleaseSurfaces
04-05 12:16:06.406 13149 13149 I ViewRootImpl@f8b7859[MainActivity]: applyTransactionOnDraw: mRemoved = false isHardwareEnabled = true t = 0xb4000077ab723600android.view.ViewRootImpl.applyTransactionOnDrawFromReleaseSurfaces:12850 android.view.SurfaceView.applyTransactionOnVriDraw:2046 android.view.SurfaceView.releaseSurfaces:858 android.view.SurfaceView.onDetachedFromWindow:500 android.view.View.dispatchDetachedFromWindow:22538 
04-05 12:16:06.407 13149 13149 I SurfaceView@d3473f7: onWindowVisibilityChanged(0) true android.view.SurfaceView{d3473f7 V.E...... ......I. 0,0-0,0} of ViewRootImpl@f8b7859[MainActivity]
04-05 12:16:06.407 13149 13149 D SurfaceView@d3473f7: updateSurface: has no frame
04-05 12:16:06.411 13149 13149 I DecorView: notifyKeepScreenOnChanged: keepScreenOn=false
04-05 12:16:06.418 13149 13149 I CS3ExoPlayer: reloadPlayer
04-05 12:16:06.418 13149 13149 I CS3ExoPlayer: releasePlayer
04-05 12:16:06.418 13149 13149 I CS3ExoPlayer: Handle event: PlayerAttachedEvent(player=null, source=Player)
04-05 12:16:06.421 13149 13149 I ViewRootImpl@f8b7859[MainActivity]: performTraversals params={(0,0)(fillxfill) sim={state=always_hidden adjust=resize} ty=BASE_APPLICATION wanim=0x1030309
04-05 12:16:06.421 13149 13149 I ViewRootImpl@f8b7859[MainActivity]:   fl=85810100
04-05 12:16:06.421 13149 13149 I ViewRootImpl@f8b7859[MainActivity]:   pfl=12020040
04-05 12:16:06.421 13149 13149 I ViewRootImpl@f8b7859[MainActivity]:   vsysui=500
04-05 12:16:06.421 13149 13149 I ViewRootImpl@f8b7859[MainActivity]:   bhv=DEFAULT
04-05 12:16:06.421 13149 13149 I ViewRootImpl@f8b7859[MainActivity]:   fitSides= naviIconColor=0}
04-05 12:16:06.422 13149 13149 I ViewRootImpl@f8b7859[MainActivity]: performTraversals mFirst=false windowShouldResize=false viewVisibilityChanged=false mForceNextWindowRelayout=false params={(0,0)(fillxfill) sim={state=always_hidden adjust=resize} ty=BASE_APPLICATION fmt=TRANSLUCENT wanim=0x1030309
04-05 12:16:06.422 13149 13149 I ViewRootImpl@f8b7859[MainActivity]:   fl=85810100
04-05 12:16:06.422 13149 13149 I ViewRootImpl@f8b7859[MainActivity]:   pfl=12020040
04-05 12:16:06.422 13149 13149 I ViewRootImpl@f8b7859[MainActivity]:   vsysui=500
04-05 12:16:06.422 13149 13149 I ViewRootImpl@f8b7859[MainActivity]:   bhv=DEFAULT
04-05 12:16:06.422 13149 13149 I ViewRootImpl@f8b7859[MainActivity]:   fitSides= naviIconColor=0}
04-05 12:16:06.425 13149 13149 I ViewRootImpl@f8b7859[MainActivity]: updateBlastSurfaceIfNeeded mBlastBufferQueue=0xb4000077c7d0c600 isSameSurfaceControl=true
04-05 12:16:06.425 13149 13149 I BLASTBufferQueue: update, w= 720 h= 1600 mName = ViewRootImpl@f8b7859[MainActivity] mNativeObject= 0xb4000077c7d0c600 sc.mNativeObject= 0xb4000077a134f3e0 format= -3 caller= android.view.ViewRootImpl.updateBlastSurfaceIfNeeded:2898 android.view.ViewRootImpl.relayoutWindow:9847 android.view.ViewRootImpl.performTraversals:3884 android.view.ViewRootImpl.doTraversal:3116 android.view.ViewRootImpl$TraversalRunnable.run:10885 android.view.Choreographer$CallbackRecord.run:1301 
04-05 12:16:06.425 13149 13149 I ViewRootImpl@f8b7859[MainActivity]: Relayout returned: old=(0,0,720,1600) new=(0,0,720,1600) req=(720,1600)0 dur=3 res=0x0 s={true 0xb4000077ab567000} ch=false seqId=0
04-05 12:16:06.426 13149 13149 W View    : requestLayout() improperly called by android.widget.FrameLayout{f93a70e I.E...... ......I. 0,0-0,0 #7f0a053e app:id/start_panel} during layout: running second layout pass
04-05 12:16:06.426 13149 13149 W View    : requestLayout() improperly called by android.widget.FrameLayout{198952f I.E...... ......ID 720,0-720,1358 #7f0a0184 app:id/end_panel} during layout: running second layout pass
04-05 12:16:06.427 13149 13149 D SurfaceView@d3473f7: updateSurface: has no frame
04-05 12:16:06.430 13149 13238 I ViewRootImpl@f8b7859[MainActivity]: mWNT: t=0xb4000077ab723600 mBlastBufferQueue=0xb4000077c7d0c600 fn= 131 caller= android.view.ViewRootImpl.lambda$applyTransactionOnDraw$11$android-view-ViewRootImpl:12865 android.view.ViewRootImpl$$ExternalSyntheticLambda1.onFrameDraw:4 android.graphics.HardwareRenderer$FrameDrawingCallback.onFrameDraw:924 
04-05 12:16:06.434 13149 13149 D SurfaceView@d3473f7: updateSurface: has no frame
04-05 12:16:06.447 13149 13149 D SurfaceView@d3473f7: updateSurface: has no frame
04-05 12:16:06.463 13149 13149 D SurfaceView@d3473f7: updateSurface: has no frame
04-05 12:16:06.480 13149 13149 D SurfaceView@d3473f7: updateSurface: has no frame
04-05 12:16:06.497 13149 13149 D SurfaceView@d3473f7: updateSurface: has no frame
04-05 12:16:06.513 13149 13149 D SurfaceView@d3473f7: updateSurface: has no frame
04-05 12:16:06.530 13149 13149 D SurfaceView@d3473f7: updateSurface: has no frame
04-05 12:16:06.547 13149 13149 D SurfaceView@d3473f7: updateSurface: has no frame
04-05 12:16:06.557 13149 13221 I RVM2    : applyMeta
04-05 12:16:06.560 13149 13149 W PanelsChildGestureRegionObserver: failed to register view with ID 2131362875. already registered
04-05 12:16:06.565 13149 13222 I SYNCVM  : addFromUrl = https://anichin.cafe/seri/shrouding-the-heavens/
04-05 12:16:06.565 13149 13222 I SYNCUTIL: getIdsFromUrl https://anichin.cafe/seri/shrouding-the-heavens/
04-05 12:16:06.576 13149 13149 D SurfaceView@d3473f7: updateSurface: has no frame
04-05 12:16:06.577 13149 13149 I SurfaceView@d3473f7: Changes: creating=true format=true size=true visible=true alpha=false hint=false mUseAlpha=false visible=true left=true top=true
04-05 12:16:06.580 13149 13149 D BufferQueueConsumer: [](id:335d00000001,api:0,p:-1,c:13149) connect: controlledByApp=false
04-05 12:16:06.580 13149 13149 I BLASTBufferQueue: update, w= 720 h= 375 mName = null mNativeObject= 0xb4000077c7d0e580 sc.mNativeObject= 0xb400007796707aa0 format= 4 caller= android.view.SurfaceView.createBlastSurfaceControls:1383 android.view.SurfaceView.updateSurface:1079 android.view.SurfaceView.lambda$new$0$android-view-SurfaceView:200 android.view.SurfaceView$$ExternalSyntheticLambda5.onPreDraw:2 android.view.ViewTreeObserver.dispatchOnPreDraw:1121 android.view.ViewRootImpl.performTraversals:4442 
04-05 12:16:06.581 13149 13149 I SurfaceView@d3473f7: 221541367 Cur surface: Surface(name=null)/@0x987fffe
04-05 12:16:06.581 13149 13149 I SurfaceView@d3473f7: pST: sr = Rect(0, 152 - 720, 527) sw = 720 sh = 375
04-05 12:16:06.581 13149 13149 D SurfaceView@d3473f7: performSurfaceTransaction RenderWorker position = [0, 152, 720, 527] surfaceSize = 720x375
04-05 12:16:06.581 13149 13149 I SurfaceView@d3473f7: applyTransactionOnVriDraw: vri = ViewRootImpl@f8b7859[MainActivity] fRS = false t = 0xb4000077ab723f00 android.view.SurfaceView.performSurfaceTransaction:959 android.view.SurfaceView.updateSurface:1105 android.view.SurfaceView.lambda$new$0$android-view-SurfaceView:200 
04-05 12:16:06.581 13149 13149 I ViewRootImpl@f8b7859[MainActivity]: applyTransactionOnDraw: mRemoved = false isHardwareEnabled = true t = 0xb4000077ab723f00android.view.SurfaceView.applyTransactionOnVriDraw:2048 android.view.SurfaceView.performSurfaceTransaction:959 android.view.SurfaceView.updateSurface:1105 android.view.SurfaceView.lambda$new$0$android-view-SurfaceView:200 android.view.SurfaceView$$ExternalSyntheticLambda5.onPreDraw:2 
04-05 12:16:06.581 13149 13149 I SurfaceView@d3473f7: updateSurface: mVisible = true mSurface.isValid() = true
04-05 12:16:06.581 13149 13149 I SurfaceView@d3473f7: updateSurface: mSurfaceCreated = false surfaceChanged = true visibleChanged = true
04-05 12:16:06.581 13149 13149 I SurfaceView@d3473f7: visibleChanged -- surfaceCreated
04-05 12:16:06.581 13149 13149 I SurfaceView@d3473f7: surfaceCreated 0 #8 android.view.SurfaceView{d3473f7 V.E...... ......ID 0,0-720,375}
04-05 12:16:06.581 13149 13149 I SurfaceView@d3473f7: surfaceChanged -- format=4 w=720 h=375
04-05 12:16:06.581 13149 13149 I SurfaceView@d3473f7: surfaceChanged (720,375) 0 #8 android.view.SurfaceView{d3473f7 V.E...... ......ID 0,0-720,375}
04-05 12:16:06.581 13149 13149 I SurfaceView@d3473f7: surfaceRedrawNeeded
04-05 12:16:06.582 13149 13149 V SurfaceView@d3473f7: Layout: x=0 y=152 w=720 h=375, frame=Rect(0, 0 - 720, 375)
04-05 12:16:06.589 13149 13239 D SurfaceView@d3473f7: updateSurfacePosition RenderWorker, frameNr = 141, position = [1, 154, 719, 528] surfaceSize = 720x375
04-05 12:16:06.589 13149 13239 I SurfaceView@d3473f7: uSP: rtp = Rect(1, 154 - 719, 528) rtsw = 720 rtsh = 375
04-05 12:16:06.589 13149 13239 I SurfaceView@d3473f7: onSSPAndSRT: pl = 1 pt = 154 sx = 0.99722224 sy = 0.99733335
04-05 12:16:06.589 13149 13239 I SurfaceView@d3473f7: aOrMT: ViewRootImpl@f8b7859[MainActivity] t = android.view.SurfaceControl$Transaction@bd0067b fN = 141 android.view.SurfaceView.-$$Nest$mapplyOrMergeTransaction:0 android.view.SurfaceView$SurfaceViewPositionUpdateListener.positionChanged:1537 android.graphics.RenderNode$CompositePositionUpdateListener.positionChanged:373 
04-05 12:16:06.589 13149 13239 I ViewRootImpl@f8b7859[MainActivity]: mWNT: t=0xb4000077ab8be700 mBlastBufferQueue=0xb4000077c7d0c600 fn= 141 caller= android.view.SurfaceView.applyOrMergeTransaction:1455 android.view.SurfaceView.-$$Nest$mapplyOrMergeTransaction:0 android.view.SurfaceView$SurfaceViewPositionUpdateListener.positionChanged:1537 
04-05 12:16:06.589 13149 13238 I ViewRootImpl@f8b7859[MainActivity]: mWNT: t=0xb4000077ab723f00 mBlastBufferQueue=0xb4000077c7d0c600 fn= 141 caller= android.view.ViewRootImpl.lambda$applyTransactionOnDraw$11$android-view-ViewRootImpl:12865 android.view.ViewRootImpl$$ExternalSyntheticLambda1.onFrameDraw:4 android.graphics.HardwareRenderer$FrameDrawingCallback.onFrameDraw:924 
04-05 12:16:06.730 13149 13238 D SurfaceView@d3473f7: updateSurfacePosition RenderWorker, frameNr = 142, position = [0, 152, 720, 527] surfaceSize = 720x375
04-05 12:16:06.730 13149 13238 I SurfaceView@d3473f7: uSP: rtp = Rect(0, 152 - 720, 527) rtsw = 720 rtsh = 375
04-05 12:16:06.730 13149 13238 I SurfaceView@d3473f7: onSSPAndSRT: pl = 0 pt = 152 sx = 1.0 sy = 1.0
04-05 12:16:06.730 13149 13238 I SurfaceView@d3473f7: aOrMT: ViewRootImpl@f8b7859[MainActivity] t = android.view.SurfaceControl$Transaction@bd0067b fN = 142 android.view.SurfaceView.-$$Nest$mapplyOrMergeTransaction:0 android.view.SurfaceView$SurfaceViewPositionUpdateListener.positionChanged:1537 android.graphics.RenderNode$CompositePositionUpdateListener.positionChanged:373 
04-05 12:16:06.730 13149 13238 I ViewRootImpl@f8b7859[MainActivity]: mWNT: t=0xb4000077ab8be700 mBlastBufferQueue=0xb4000077c7d0c600 fn= 142 caller= android.view.SurfaceView.applyOrMergeTransaction:1455 android.view.SurfaceView.-$$Nest$mapplyOrMergeTransaction:0 android.view.SurfaceView$SurfaceViewPositionUpdateListener.positionChanged:1537 
04-05 12:16:06.732 13149 13149 I SurfaceView@d3473f7: finishedDrawing
04-05 12:16:07.108 13149 13154 I st.cloudstream3: Background concurrent copying GC freed 19MB AllocSpace bytes, 48(6748KB) LOS objects, 46% free, 28MB/52MB, paused 272us,75us total 263.753ms
04-05 12:16:07.281 13149 13149 I ViewRootImpl@f8b7859[MainActivity]: ViewPostIme pointer 0
04-05 12:16:07.365 13149 13149 I SurfaceView@d3473f7: Changes: creating=false format=false size=false visible=false alpha=false hint=false mUseAlpha=false visible=false left=false top=true
04-05 12:16:07.365 13149 13149 I SurfaceView@d3473f7: 221541367 Cur surface: Surface(name=null)/@0x987fffe
04-05 12:16:07.365 13149 13149 I SurfaceView@d3473f7: applyTransactionOnVriDraw: vri = ViewRootImpl@f8b7859[MainActivity] fRS = false t = 0xb400007874676100 android.view.SurfaceView.performSurfaceTransaction:959 android.view.SurfaceView.updateSurface:1105 android.view.SurfaceView.lambda$new$0$android-view-SurfaceView:200 
04-05 12:16:07.365 13149 13149 I ViewRootImpl@f8b7859[MainActivity]: applyTransactionOnDraw: mRemoved = false isHardwareEnabled = true t = 0xb400007874676100android.view.SurfaceView.applyTransactionOnVriDraw:2048 android.view.SurfaceView.performSurfaceTransaction:959 android.view.SurfaceView.updateSurface:1105 android.view.SurfaceView.lambda$new$0$android-view-SurfaceView:200 android.view.SurfaceView$$ExternalSyntheticLambda5.onPreDraw:2 
04-05 12:16:07.365 13149 13149 I SurfaceView@d3473f7: updateSurface: mVisible = true mSurface.isValid() = true
04-05 12:16:07.365 13149 13149 I SurfaceView@d3473f7: updateSurface: mSurfaceCreated = true surfaceChanged = false visibleChanged = false
04-05 12:16:07.365 13149 13149 V SurfaceView@d3473f7: Layout: x=0 y=111 w=720 h=375, frame=Rect(0, 0 - 720, 375)
04-05 12:16:07.366 13149 13239 D SurfaceView@d3473f7: updateSurfacePosition RenderWorker, frameNr = 159, position = [0, 111, 720, 486] surfaceSize = 720x375
04-05 12:16:07.367 13149 13239 I SurfaceView@d3473f7: uSP: rtp = Rect(0, 111 - 720, 486) rtsw = 720 rtsh = 375
04-05 12:16:07.367 13149 13239 I SurfaceView@d3473f7: onSSPAndSRT: pl = 0 pt = 111 sx = 1.0 sy = 1.0
04-05 12:16:07.367 13149 13239 I SurfaceView@d3473f7: aOrMT: ViewRootImpl@f8b7859[MainActivity] t = android.view.SurfaceControl$Transaction@bd0067b fN = 159 android.view.SurfaceView.-$$Nest$mapplyOrMergeTransaction:0 android.view.SurfaceView$SurfaceViewPositionUpdateListener.positionChanged:1537 android.graphics.RenderNode$CompositePositionUpdateListener.positionChanged:373 
04-05 12:16:07.367 13149 13239 I ViewRootImpl@f8b7859[MainActivity]: mWNT: t=0xb4000077ab8be700 mBlastBufferQueue=0xb4000077c7d0c600 fn= 159 caller= android.view.SurfaceView.applyOrMergeTransaction:1455 android.view.SurfaceView.-$$Nest$mapplyOrMergeTransaction:0 android.view.SurfaceView$SurfaceViewPositionUpdateListener.positionChanged:1537 
04-05 12:16:07.367 13149 13239 I ViewRootImpl@f8b7859[MainActivity]: mWNT: t=0xb400007874676100 mBlastBufferQueue=0xb4000077c7d0c600 fn= 159 caller= android.view.ViewRootImpl.lambda$applyTransactionOnDraw$11$android-view-ViewRootImpl:12865 android.view.ViewRootImpl$$ExternalSyntheticLambda1.onFrameDraw:4 android.graphics.HardwareRenderer$FrameDrawingCallback.onFrameDraw:924 
04-05 12:16:07.381 13149 13149 I SurfaceView@d3473f7: Changes: creating=false format=false size=false visible=false alpha=false hint=false mUseAlpha=false visible=false left=false top=true
04-05 12:16:07.381 13149 13149 I SurfaceView@d3473f7: 221541367 Cur surface: Surface(name=null)/@0x987fffe
04-05 12:16:07.381 13149 13149 I SurfaceView@d3473f7: applyTransactionOnVriDraw: vri = ViewRootImpl@f8b7859[MainActivity] fRS = false t = 0xb400007874676000 android.view.SurfaceView.performSurfaceTransaction:959 android.view.SurfaceView.updateSurface:1105 android.view.SurfaceView.lambda$new$0$android-view-SurfaceView:200 
04-05 12:16:07.381 13149 13149 I ViewRootImpl@f8b7859[MainActivity]: applyTransactionOnDraw: mRemoved = false isHardwareEnabled = true t = 0xb400007874676000android.view.SurfaceView.applyTransactionOnVriDraw:2048 android.view.SurfaceView.performSurfaceTransaction:959 android.view.SurfaceView.updateSurface:1105 android.view.SurfaceView.lambda$new$0$android-view-SurfaceView:200 android.view.SurfaceView$$ExternalSyntheticLambda5.onPreDraw:2 
04-05 12:16:07.381 13149 13149 I SurfaceView@d3473f7: updateSurface: mVisible = true mSurface.isValid() = true
04-05 12:16:07.381 13149 13149 I SurfaceView@d3473f7: updateSurface: mSurfaceCreated = true surfaceChanged = false visibleChanged = false
04-05 12:16:07.381 13149 13149 V SurfaceView@d3473f7: Layout: x=0 y=63 w=720 h=375, frame=Rect(0, 0 - 720, 375)
04-05 12:16:07.383 13149 13238 D SurfaceView@d3473f7: updateSurfacePosition RenderWorker, frameNr = 160, position = [0, 63, 720, 438] surfaceSize = 720x375
04-05 12:16:07.383 13149 13238 I SurfaceView@d3473f7: uSP: rtp = Rect(0, 63 - 720, 438) rtsw = 720 rtsh = 375
04-05 12:16:07.383 13149 13238 I SurfaceView@d3473f7: onSSPAndSRT: pl = 0 pt = 63 sx = 1.0 sy = 1.0
04-05 12:16:07.383 13149 13238 I SurfaceView@d3473f7: aOrMT: ViewRootImpl@f8b7859[MainActivity] t = android.view.SurfaceControl$Transaction@bd0067b fN = 160 android.view.SurfaceView.-$$Nest$mapplyOrMergeTransaction:0 android.view.SurfaceView$SurfaceViewPositionUpdateListener.positionChanged:1537 android.graphics.RenderNode$CompositePositionUpdateListener.positionChanged:373 
04-05 12:16:07.383 13149 13238 I ViewRootImpl@f8b7859[MainActivity]: mWNT: t=0xb4000077ab8be700 mBlastBufferQueue=0xb4000077c7d0c600 fn= 160 caller= android.view.SurfaceView.applyOrMergeTransaction:1455 android.view.SurfaceView.-$$Nest$mapplyOrMergeTransaction:0 android.view.SurfaceView$SurfaceViewPositionUpdateListener.positionChanged:1537 
04-05 12:16:07.383 13149 13238 I ViewRootImpl@f8b7859[MainActivity]: mWNT: t=0xb400007874676000 mBlastBufferQueue=0xb4000077c7d0c600 fn= 160 caller= android.view.ViewRootImpl.lambda$applyTransactionOnDraw$11$android-view-ViewRootImpl:12865 android.view.ViewRootImpl$$ExternalSyntheticLambda1.onFrameDraw:4 android.graphics.HardwareRenderer$FrameDrawingCallback.onFrameDraw:924 
04-05 12:16:07.397 13149 13149 I SurfaceView@d3473f7: Changes: creating=false format=false size=false visible=false alpha=false hint=false mUseAlpha=false visible=false left=false top=true
04-05 12:16:07.397 13149 13149 I SurfaceView@d3473f7: 221541367 Cur surface: Surface(name=null)/@0x987fffe
04-05 12:16:07.398 13149 13149 I SurfaceView@d3473f7: applyTransactionOnVriDraw: vri = ViewRootImpl@f8b7859[MainActivity] fRS = false t = 0xb4000077958dad00 android.view.SurfaceView.performSurfaceTransaction:959 android.view.SurfaceView.updateSurface:1105 android.view.SurfaceView.lambda$new$0$android-view-SurfaceView:200 
04-05 12:16:07.398 13149 13149 I ViewRootImpl@f8b7859[MainActivity]: applyTransactionOnDraw: mRemoved = false isHardwareEnabled = true t = 0xb4000077958dad00android.view.SurfaceView.applyTransactionOnVriDraw:2048 android.view.SurfaceView.performSurfaceTransaction:959 android.view.SurfaceView.updateSurface:1105 android.view.SurfaceView.lambda$new$0$android-view-SurfaceView:200 android.view.SurfaceView$$ExternalSyntheticLambda5.onPreDraw:2 
04-05 12:16:07.398 13149 13149 I SurfaceView@d3473f7: updateSurface: mVisible = true mSurface.isValid() = true
04-05 12:16:07.398 13149 13149 I SurfaceView@d3473f7: updateSurface: mSurfaceCreated = true surfaceChanged = false visibleChanged = false
04-05 12:16:07.398 13149 13149 V SurfaceView@d3473f7: Layout: x=0 y=26 w=720 h=375, frame=Rect(0, 0 - 720, 375)
04-05 12:16:07.399 13149 13239 D SurfaceView@d3473f7: updateSurfacePosition RenderWorker, frameNr = 161, position = [0, 26, 720, 401] surfaceSize = 720x375
04-05 12:16:07.399 13149 13239 I SurfaceView@d3473f7: uSP: rtp = Rect(0, 26 - 720, 401) rtsw = 720 rtsh = 375
04-05 12:16:07.399 13149 13239 I SurfaceView@d3473f7: onSSPAndSRT: pl = 0 pt = 26 sx = 1.0 sy = 1.0
04-05 12:16:07.399 13149 13239 I SurfaceView@d3473f7: aOrMT: ViewRootImpl@f8b7859[MainActivity] t = android.view.SurfaceControl$Transaction@bd0067b fN = 161 android.view.SurfaceView.-$$Nest$mapplyOrMergeTransaction:0 android.view.SurfaceView$SurfaceViewPositionUpdateListener.positionChanged:1537 android.graphics.RenderNode$CompositePositionUpdateListener.positionChanged:373 
04-05 12:16:07.399 13149 13239 I ViewRootImpl@f8b7859[MainActivity]: mWNT: t=0xb4000077ab8be700 mBlastBufferQueue=0xb4000077c7d0c600 fn= 161 caller= android.view.SurfaceView.applyOrMergeTransaction:1455 android.view.SurfaceView.-$$Nest$mapplyOrMergeTransaction:0 android.view.SurfaceView$SurfaceViewPositionUpdateListener.positionChanged:1537 
04-05 12:16:07.399 13149 13239 I ViewRootImpl@f8b7859[MainActivity]: mWNT: t=0xb4000077958dad00 mBlastBufferQueue=0xb4000077c7d0c600 fn= 161 caller= android.view.ViewRootImpl.lambda$applyTransactionOnDraw$11$android-view-ViewRootImpl:12865 android.view.ViewRootImpl$$ExternalSyntheticLambda1.onFrameDraw:4 android.graphics.HardwareRenderer$FrameDrawingCallback.onFrameDraw:924 
04-05 12:16:07.414 13149 13149 I SurfaceView@d3473f7: Changes: creating=false format=false size=false visible=false alpha=false hint=false mUseAlpha=false visible=false left=false top=true
04-05 12:16:07.414 13149 13149 I SurfaceView@d3473f7: 221541367 Cur surface: Surface(name=null)/@0x987fffe
04-05 12:16:07.414 13149 13149 I SurfaceView@d3473f7: applyTransactionOnVriDraw: vri = ViewRootImpl@f8b7859[MainActivity] fRS = false t = 0xb4000077958dae00 android.view.SurfaceView.performSurfaceTransaction:959 android.view.SurfaceView.updateSurface:1105 android.view.SurfaceView.lambda$new$0$android-view-SurfaceView:200 
04-05 12:16:07.415 13149 13149 I ViewRootImpl@f8b7859[MainActivity]: applyTransactionOnDraw: mRemoved = false isHardwareEnabled = true t = 0xb4000077958dae00android.view.SurfaceView.applyTransactionOnVriDraw:2048 android.view.SurfaceView.performSurfaceTransaction:959 android.view.SurfaceView.updateSurface:1105 android.view.SurfaceView.lambda$new$0$android-view-SurfaceView:200 android.view.SurfaceView$$ExternalSyntheticLambda5.onPreDraw:2 
04-05 12:16:07.415 13149 13149 I SurfaceView@d3473f7: updateSurface: mVisible = true mSurface.isValid() = true
04-05 12:16:07.415 13149 13149 I SurfaceView@d3473f7: updateSurface: mSurfaceCreated = true surfaceChanged = false visibleChanged = false
04-05 12:16:07.415 13149 13149 V SurfaceView@d3473f7: Layout: x=0 y=-3 w=720 h=375, frame=Rect(0, 0 - 720, 375)
04-05 12:16:07.416 13149 13238 D SurfaceView@d3473f7: updateSurfacePosition RenderWorker, frameNr = 162, position = [0, -3, 720, 372] surfaceSize = 720x375
04-05 12:16:07.416 13149 13238 I SurfaceView@d3473f7: uSP: rtp = Rect(0, -3 - 720, 372) rtsw = 720 rtsh = 375
04-05 12:16:07.416 13149 13238 I SurfaceView@d3473f7: onSSPAndSRT: pl = 0 pt = -3 sx = 1.0 sy = 1.0
04-05 12:16:07.416 13149 13238 I SurfaceView@d3473f7: aOrMT: ViewRootImpl@f8b7859[MainActivity] t = android.view.SurfaceControl$Transaction@bd0067b fN = 162 android.view.SurfaceView.-$$Nest$mapplyOrMergeTransaction:0 android.view.SurfaceView$SurfaceViewPositionUpdateListener.positionChanged:1537 android.graphics.RenderNode$CompositePositionUpdateListener.positionChanged:373 
04-05 12:16:07.416 13149 13238 I ViewRootImpl@f8b7859[MainActivity]: mWNT: t=0xb4000077ab8be700 mBlastBufferQueue=0xb4000077c7d0c600 fn= 162 caller= android.view.SurfaceView.applyOrMergeTransaction:1455 android.view.SurfaceView.-$$Nest$mapplyOrMergeTransaction:0 android.view.SurfaceView$SurfaceViewPositionUpdateListener.positionChanged:1537 
04-05 12:16:07.416 13149 13238 I ViewRootImpl@f8b7859[MainActivity]: mWNT: t=0xb4000077958dae00 mBlastBufferQueue=0xb4000077c7d0c600 fn= 162 caller= android.view.ViewRootImpl.lambda$applyTransactionOnDraw$11$android-view-ViewRootImpl:12865 android.view.ViewRootImpl$$ExternalSyntheticLambda1.onFrameDraw:4 android.graphics.HardwareRenderer$FrameDrawingCallback.onFrameDraw:924 
04-05 12:16:07.431 13149 13149 I SurfaceView@d3473f7: Changes: creating=false format=false size=false visible=false alpha=false hint=false mUseAlpha=false visible=false left=false top=true
04-05 12:16:07.431 13149 13149 I SurfaceView@d3473f7: 221541367 Cur surface: Surface(name=null)/@0x987fffe
04-05 12:16:07.431 13149 13149 I SurfaceView@d3473f7: applyTransactionOnVriDraw: vri = ViewRootImpl@f8b7859[MainActivity] fRS = false t = 0xb4000077958daf00 android.view.SurfaceView.performSurfaceTransaction:959 android.view.SurfaceView.updateSurface:1105 android.view.SurfaceView.lambda$new$0$android-view-SurfaceView:200 
04-05 12:16:07.431 13149 13149 I ViewRootImpl@f8b7859[MainActivity]: applyTransactionOnDraw: mRemoved = false isHardwareEnabled = true t = 0xb4000077958daf00android.view.SurfaceView.applyTransactionOnVriDraw:2048 android.view.SurfaceView.performSurfaceTransaction:959 android.view.SurfaceView.updateSurface:1105 android.view.SurfaceView.lambda$new$0$android-view-SurfaceView:200 android.view.SurfaceView$$ExternalSyntheticLambda5.onPreDraw:2 
04-05 12:16:07.431 13149 13149 I SurfaceView@d3473f7: updateSurface: mVisible = true mSurface.isValid() = true
04-05 12:16:07.431 13149 13149 I SurfaceView@d3473f7: updateSurface: mSurfaceCreated = true surfaceChanged = false visibleChanged = false
04-05 12:16:07.432 13149 13149 V SurfaceView@d3473f7: Layout: x=0 y=-30 w=720 h=375, frame=Rect(0, 0 - 720, 375)
04-05 12:16:07.433 13149 13239 D SurfaceView@d3473f7: updateSurfacePosition RenderWorker, frameNr = 163, position = [0, -30, 720, 345] surfaceSize = 720x375
04-05 12:16:07.433 13149 13239 I SurfaceView@d3473f7: uSP: rtp = Rect(0, -30 - 720, 345) rtsw = 720 rtsh = 375
04-05 12:16:07.433 13149 13239 I SurfaceView@d3473f7: onSSPAndSRT: pl = 0 pt = -30 sx = 1.0 sy = 1.0
04-05 12:16:07.433 13149 13239 I SurfaceView@d3473f7: aOrMT: ViewRootImpl@f8b7859[MainActivity] t = android.view.SurfaceControl$Transaction@bd0067b fN = 163 android.view.SurfaceView.-$$Nest$mapplyOrMergeTransaction:0 android.view.SurfaceView$SurfaceViewPositionUpdateListener.positionChanged:1537 android.graphics.RenderNode$CompositePositionUpdateListener.positionChanged:373 
04-05 12:16:07.433 13149 13239 I ViewRootImpl@f8b7859[MainActivity]: mWNT: t=0xb4000077ab8be700 mBlastBufferQueue=0xb4000077c7d0c600 fn= 163 caller= android.view.SurfaceView.applyOrMergeTransaction:1455 android.view.SurfaceView.-$$Nest$mapplyOrMergeTransaction:0 android.view.SurfaceView$SurfaceViewPositionUpdateListener.positionChanged:1537 
04-05 12:16:07.433 13149 13239 I ViewRootImpl@f8b7859[MainActivity]: mWNT: t=0xb4000077958daf00 mBlastBufferQueue=0xb4000077c7d0c600 fn= 163 caller= android.view.ViewRootImpl.lambda$applyTransactionOnDraw$11$android-view-ViewRootImpl:12865 android.view.ViewRootImpl$$ExternalSyntheticLambda1.onFrameDraw:4 android.graphics.HardwareRenderer$FrameDrawingCallback.onFrameDraw:924 
04-05 12:16:07.448 13149 13149 I SurfaceView@d3473f7: Changes: creating=false format=false size=false visible=false alpha=false hint=false mUseAlpha=false visible=false left=false top=true
04-05 12:16:07.448 13149 13149 I SurfaceView@d3473f7: 221541367 Cur surface: Surface(name=null)/@0x987fffe
04-05 12:16:07.448 13149 13149 I SurfaceView@d3473f7: applyTransactionOnVriDraw: vri = ViewRootImpl@f8b7859[MainActivity] fRS = false t = 0xb400007795916000 android.view.SurfaceView.performSurfaceTransaction:959 android.view.SurfaceView.updateSurface:1105 android.view.SurfaceView.lambda$new$0$android-view-SurfaceView:200 
04-05 12:16:07.448 13149 13149 I ViewRootImpl@f8b7859[MainActivity]: applyTransactionOnDraw: mRemoved = false isHardwareEnabled = true t = 0xb400007795916000android.view.SurfaceView.applyTransactionOnVriDraw:2048 android.view.SurfaceView.performSurfaceTransaction:959 android.view.SurfaceView.updateSurface:1105 android.view.SurfaceView.lambda$new$0$android-view-SurfaceView:200 android.view.SurfaceView$$ExternalSyntheticLambda5.onPreDraw:2 
04-05 12:16:07.448 13149 13149 I SurfaceView@d3473f7: updateSurface: mVisible = true mSurface.isValid() = true
04-05 12:16:07.448 13149 13149 I SurfaceView@d3473f7: updateSurface: mSurfaceCreated = true surfaceChanged = false visibleChanged = false
04-05 12:16:07.448 13149 13149 V SurfaceView@d3473f7: Layout: x=0 y=-56 w=720 h=375, frame=Rect(0, 0 - 720, 375)
04-05 12:16:07.449 13149 13238 D SurfaceView@d3473f7: updateSurfacePosition RenderWorker, frameNr = 164, position = [0, -56, 720, 319] surfaceSize = 720x375
04-05 12:16:07.450 13149 13238 I SurfaceView@d3473f7: uSP: rtp = Rect(0, -56 - 720, 319) rtsw = 720 rtsh = 375
04-05 12:16:07.450 13149 13238 I SurfaceView@d3473f7: onSSPAndSRT: pl = 0 pt = -56 sx = 1.0 sy = 1.0
04-05 12:16:07.450 13149 13238 I SurfaceView@d3473f7: aOrMT: ViewRootImpl@f8b7859[MainActivity] t = android.view.SurfaceControl$Transaction@bd0067b fN = 164 android.view.SurfaceView.-$$Nest$mapplyOrMergeTransaction:0 android.view.SurfaceView$SurfaceViewPositionUpdateListener.positionChanged:1537 android.graphics.RenderNode$CompositePositionUpdateListener.positionChanged:373 
04-05 12:16:07.450 13149 13238 I ViewRootImpl@f8b7859[MainActivity]: mWNT: t=0xb4000077ab8be700 mBlastBufferQueue=0xb4000077c7d0c600 fn= 164 caller= android.view.SurfaceView.applyOrMergeTransaction:1455 android.view.SurfaceView.-$$Nest$mapplyOrMergeTransaction:0 android.view.SurfaceView$SurfaceViewPositionUpdateListener.positionChanged:1537 
04-05 12:16:07.450 13149 13238 I ViewRootImpl@f8b7859[MainActivity]: mWNT: t=0xb400007795916000 mBlastBufferQueue=0xb4000077c7d0c600 fn= 164 caller= android.view.ViewRootImpl.lambda$applyTransactionOnDraw$11$android-view-ViewRootImpl:12865 android.view.ViewRootImpl$$ExternalSyntheticLambda1.onFrameDraw:4 android.graphics.HardwareRenderer$FrameDrawingCallback.onFrameDraw:924 
04-05 12:16:07.464 13149 13149 I SurfaceView@d3473f7: Changes: creating=false format=false size=false visible=false alpha=false hint=false mUseAlpha=false visible=false left=false top=true
04-05 12:16:07.464 13149 13149 I SurfaceView@d3473f7: 221541367 Cur surface: Surface(name=null)/@0x987fffe
04-05 12:16:07.465 13149 13149 I SurfaceView@d3473f7: applyTransactionOnVriDraw: vri = ViewRootImpl@f8b7859[MainActivity] fRS = false t = 0xb400007855142b00 android.view.SurfaceView.performSurfaceTransaction:959 android.view.SurfaceView.updateSurface:1105 android.view.SurfaceView.lambda$new$0$android-view-SurfaceView:200 
04-05 12:16:07.465 13149 13149 I ViewRootImpl@f8b7859[MainActivity]: applyTransactionOnDraw: mRemoved = false isHardwareEnabled = true t = 0xb400007855142b00android.view.SurfaceView.applyTransactionOnVriDraw:2048 android.view.SurfaceView.performSurfaceTransaction:959 android.view.SurfaceView.updateSurface:1105 android.view.SurfaceView.lambda$new$0$android-view-SurfaceView:200 android.view.SurfaceView$$ExternalSyntheticLambda5.onPreDraw:2 
04-05 12:16:07.465 13149 13149 I SurfaceView@d3473f7: updateSurface: mVisible = true mSurface.isValid() = true
04-05 12:16:07.465 13149 13149 I SurfaceView@d3473f7: updateSurface: mSurfaceCreated = true surfaceChanged = false visibleChanged = false
04-05 12:16:07.465 13149 13149 V SurfaceView@d3473f7: Layout: x=0 y=-87 w=720 h=375, frame=Rect(0, 0 - 720, 375)
04-05 12:16:07.466 13149 13239 D SurfaceView@d3473f7: updateSurfacePosition RenderWorker, frameNr = 165, position = [0, -87, 720, 288] surfaceSize = 720x375
04-05 12:16:07.466 13149 13239 I SurfaceView@d3473f7: uSP: rtp = Rect(0, -87 - 720, 288) rtsw = 720 rtsh = 375
04-05 12:16:07.466 13149 13239 I SurfaceView@d3473f7: onSSPAndSRT: pl = 0 pt = -87 sx = 1.0 sy = 1.0
04-05 12:16:07.466 13149 13239 I SurfaceView@d3473f7: aOrMT: ViewRootImpl@f8b7859[MainActivity] t = android.view.SurfaceControl$Transaction@bd0067b fN = 165 android.view.SurfaceView.-$$Nest$mapplyOrMergeTransaction:0 android.view.SurfaceView$SurfaceViewPositionUpdateListener.positionChanged:1537 android.graphics.RenderNode$CompositePositionUpdateListener.positionChanged:373 
04-05 12:16:07.466 13149 13239 I ViewRootImpl@f8b7859[MainActivity]: mWNT: t=0xb4000077ab8be700 mBlastBufferQueue=0xb4000077c7d0c600 fn= 165 caller= android.view.SurfaceView.applyOrMergeTransaction:1455 android.view.SurfaceView.-$$Nest$mapplyOrMergeTransaction:0 android.view.SurfaceView$SurfaceViewPositionUpdateListener.positionChanged:1537 
04-05 12:16:07.466 13149 13239 I ViewRootImpl@f8b7859[MainActivity]: mWNT: t=0xb400007855142b00 mBlastBufferQueue=0xb4000077c7d0c600 fn= 165 caller= android.view.ViewRootImpl.lambda$applyTransactionOnDraw$11$android-view-ViewRootImpl:12865 android.view.ViewRootImpl$$ExternalSyntheticLambda1.onFrameDraw:4 android.graphics.HardwareRenderer$FrameDrawingCallback.onFrameDraw:924 
04-05 12:16:07.481 13149 13149 I SurfaceView@d3473f7: Changes: creating=false format=false size=false visible=false alpha=false hint=false mUseAlpha=false visible=false left=false top=true
04-05 12:16:07.481 13149 13149 I SurfaceView@d3473f7: 221541367 Cur surface: Surface(name=null)/@0x987fffe
04-05 12:16:07.481 13149 13149 I SurfaceView@d3473f7: applyTransactionOnVriDraw: vri = ViewRootImpl@f8b7859[MainActivity] fRS = false t = 0xb400007855142d00 android.view.SurfaceView.performSurfaceTransaction:959 android.view.SurfaceView.updateSurface:1105 android.view.SurfaceView.lambda$new$0$android-view-SurfaceView:200 
04-05 12:16:07.481 13149 13149 I ViewRootImpl@f8b7859[MainActivity]: applyTransactionOnDraw: mRemoved = false isHardwareEnabled = true t = 0xb400007855142d00android.view.SurfaceView.applyTransactionOnVriDraw:2048 android.view.SurfaceView.performSurfaceTransaction:959 android.view.SurfaceView.updateSurface:1105 android.view.SurfaceView.lambda$new$0$android-view-SurfaceView:200 android.view.SurfaceView$$ExternalSyntheticLambda5.onPreDraw:2 
04-05 12:16:07.481 13149 13149 I SurfaceView@d3473f7: updateSurface: mVisible = true mSurface.isValid() = true
04-05 12:16:07.481 13149 13149 I SurfaceView@d3473f7: updateSurface: mSurfaceCreated = true surfaceChanged = false visibleChanged = false
04-05 12:16:07.481 13149 13149 V SurfaceView@d3473f7: Layout: x=0 y=-124 w=720 h=375, frame=Rect(0, 0 - 720, 375)
04-05 12:16:07.482 13149 13238 D SurfaceView@d3473f7: updateSurfacePosition RenderWorker, frameNr = 166, position = [0, -124, 720, 251] surfaceSize = 720x375
04-05 12:16:07.483 13149 13238 I SurfaceView@d3473f7: uSP: rtp = Rect(0, -124 - 720, 251) rtsw = 720 rtsh = 375
04-05 12:16:07.483 13149 13238 I SurfaceView@d3473f7: onSSPAndSRT: pl = 0 pt = -124 sx = 1.0 sy = 1.0
04-05 12:16:07.483 13149 13238 I SurfaceView@d3473f7: aOrMT: ViewRootImpl@f8b7859[MainActivity] t = android.view.SurfaceControl$Transaction@bd0067b fN = 166 android.view.SurfaceView.-$$Nest$mapplyOrMergeTransaction:0 android.view.SurfaceView$SurfaceViewPositionUpdateListener.positionChanged:1537 android.graphics.RenderNode$CompositePositionUpdateListener.positionChanged:373 
04-05 12:16:07.483 13149 13238 I ViewRootImpl@f8b7859[MainActivity]: mWNT: t=0xb4000077ab8be700 mBlastBufferQueue=0xb4000077c7d0c600 fn= 166 caller= android.view.SurfaceView.applyOrMergeTransaction:1455 android.view.SurfaceView.-$$Nest$mapplyOrMergeTransaction:0 android.view.SurfaceView$SurfaceViewPositionUpdateListener.positionChanged:1537 
04-05 12:16:07.483 13149 13238 I ViewRootImpl@f8b7859[MainActivity]: mWNT: t=0xb400007855142d00 mBlastBufferQueue=0xb4000077c7d0c600 fn= 166 caller= android.view.ViewRootImpl.lambda$applyTransactionOnDraw$11$android-view-ViewRootImpl:12865 android.view.ViewRootImpl$$ExternalSyntheticLambda1.onFrameDraw:4 android.graphics.HardwareRenderer$FrameDrawingCallback.onFrameDraw:924 
04-05 12:16:07.495 13149 13149 I ViewRootImpl@f8b7859[MainActivity]: ViewPostIme pointer 1
04-05 12:16:07.497 13149 13149 I SurfaceView@d3473f7: Changes: creating=false format=false size=false visible=false alpha=false hint=false mUseAlpha=false visible=false left=false top=true
04-05 12:16:07.497 13149 13149 I SurfaceView@d3473f7: 221541367 Cur surface: Surface(name=null)/@0x987fffe
04-05 12:16:07.497 13149 13149 I SurfaceView@d3473f7: applyTransactionOnVriDraw: vri = ViewRootImpl@f8b7859[MainActivity] fRS = false t = 0xb400007855142f00 android.view.SurfaceView.performSurfaceTransaction:959 android.view.SurfaceView.updateSurface:1105 android.view.SurfaceView.lambda$new$0$android-view-SurfaceView:200 
04-05 12:16:07.498 13149 13149 I ViewRootImpl@f8b7859[MainActivity]: applyTransactionOnDraw: mRemoved = false isHardwareEnabled = true t = 0xb400007855142f00android.view.SurfaceView.applyTransactionOnVriDraw:2048 android.view.SurfaceView.performSurfaceTransaction:959 android.view.SurfaceView.updateSurface:1105 android.view.SurfaceView.lambda$new$0$android-view-SurfaceView:200 android.view.SurfaceView$$ExternalSyntheticLambda5.onPreDraw:2 
04-05 12:16:07.498 13149 13149 I SurfaceView@d3473f7: updateSurface: mVisible = true mSurface.isValid() = true
04-05 12:16:07.498 13149 13149 I SurfaceView@d3473f7: updateSurface: mSurfaceCreated = true surfaceChanged = false visibleChanged = false
04-05 12:16:07.498 13149 13149 V SurfaceView@d3473f7: Layout: x=0 y=-136 w=720 h=375, frame=Rect(0, 0 - 720, 375)
04-05 12:16:07.499 13149 13239 D SurfaceView@d3473f7: updateSurfacePosition RenderWorker, frameNr = 167, position = [0, -136, 720, 239] surfaceSize = 720x375
04-05 12:16:07.499 13149 13239 I SurfaceView@d3473f7: uSP: rtp = Rect(0, -136 - 720, 239) rtsw = 720 rtsh = 375
04-05 12:16:07.499 13149 13239 I SurfaceView@d3473f7: onSSPAndSRT: pl = 0 pt = -136 sx = 1.0 sy = 1.0
04-05 12:16:07.499 13149 13239 I SurfaceView@d3473f7: aOrMT: ViewRootImpl@f8b7859[MainActivity] t = android.view.SurfaceControl$Transaction@bd0067b fN = 167 android.view.SurfaceView.-$$Nest$mapplyOrMergeTransaction:0 android.view.SurfaceView$SurfaceViewPositionUpdateListener.positionChanged:1537 android.graphics.RenderNode$CompositePositionUpdateListener.positionChanged:373 
04-05 12:16:07.499 13149 13239 I ViewRootImpl@f8b7859[MainActivity]: mWNT: t=0xb4000077ab8be700 mBlastBufferQueue=0xb4000077c7d0c600 fn= 167 caller= android.view.SurfaceView.applyOrMergeTransaction:1455 android.view.SurfaceView.-$$Nest$mapplyOrMergeTransaction:0 android.view.SurfaceView$SurfaceViewPositionUpdateListener.positionChanged:1537 
04-05 12:16:07.499 13149 13239 I ViewRootImpl@f8b7859[MainActivity]: mWNT: t=0xb400007855142f00 mBlastBufferQueue=0xb4000077c7d0c600 fn= 167 caller= android.view.ViewRootImpl.lambda$applyTransactionOnDraw$11$android-view-ViewRootImpl:12865 android.view.ViewRootImpl$$ExternalSyntheticLambda1.onFrameDraw:4 android.graphics.HardwareRenderer$FrameDrawingCallback.onFrameDraw:924 
04-05 12:16:07.514 13149 13149 I SurfaceView@d3473f7: Changes: creating=false format=false size=false visible=false alpha=false hint=false mUseAlpha=false visible=false left=false top=true
04-05 12:16:07.514 13149 13149 I SurfaceView@d3473f7: 221541367 Cur surface: Surface(name=null)/@0x987fffe
04-05 12:16:07.514 13149 13149 I SurfaceView@d3473f7: applyTransactionOnVriDraw: vri = ViewRootImpl@f8b7859[MainActivity] fRS = false t = 0xb4000077d832a100 android.view.SurfaceView.performSurfaceTransaction:959 android.view.SurfaceView.updateSurface:1105 android.view.SurfaceView.lambda$new$0$android-view-SurfaceView:200 
04-05 12:16:07.514 13149 13149 I ViewRootImpl@f8b7859[MainActivity]: applyTransactionOnDraw: mRemoved = false isHardwareEnabled = true t = 0xb4000077d832a100android.view.SurfaceView.applyTransactionOnVriDraw:2048 android.view.SurfaceView.performSurfaceTransaction:959 android.view.SurfaceView.updateSurface:1105 android.view.SurfaceView.lambda$new$0$android-view-SurfaceView:200 android.view.SurfaceView$$ExternalSyntheticLambda5.onPreDraw:2 
04-05 12:16:07.514 13149 13149 I SurfaceView@d3473f7: updateSurface: mVisible = true mSurface.isValid() = true
04-05 12:16:07.514 13149 13149 I SurfaceView@d3473f7: updateSurface: mSurfaceCreated = true surfaceChanged = false visibleChanged = false
04-05 12:16:07.514 13149 13149 V SurfaceView@d3473f7: Layout: x=0 y=-152 w=720 h=375, frame=Rect(0, 0 - 720, 375)
04-05 12:16:07.515 13149 13238 D SurfaceView@d3473f7: updateSurfacePosition RenderWorker, frameNr = 168, position = [0, -152, 720, 223] surfaceSize = 720x375
04-05 12:16:07.515 13149 13238 I SurfaceView@d3473f7: uSP: rtp = Rect(0, -152 - 720, 223) rtsw = 720 rtsh = 375
04-05 12:16:07.515 13149 13238 I SurfaceView@d3473f7: onSSPAndSRT: pl = 0 pt = -152 sx = 1.0 sy = 1.0
04-05 12:16:07.515 13149 13238 I SurfaceView@d3473f7: aOrMT: ViewRootImpl@f8b7859[MainActivity] t = android.view.SurfaceControl$Transaction@bd0067b fN = 168 android.view.SurfaceView.-$$Nest$mapplyOrMergeTransaction:0 android.view.SurfaceView$SurfaceViewPositionUpdateListener.positionChanged:1537 android.graphics.RenderNode$CompositePositionUpdateListener.positionChanged:373 
04-05 12:16:07.515 13149 13238 I ViewRootImpl@f8b7859[MainActivity]: mWNT: t=0xb4000077ab8be700 mBlastBufferQueue=0xb4000077c7d0c600 fn= 168 caller= android.view.SurfaceView.applyOrMergeTransaction:1455 android.view.SurfaceView.-$$Nest$mapplyOrMergeTransaction:0 android.view.SurfaceView$SurfaceViewPositionUpdateListener.positionChanged:1537 
04-05 12:16:07.516 13149 13238 I ViewRootImpl@f8b7859[MainActivity]: mWNT: t=0xb4000077d832a100 mBlastBufferQueue=0xb4000077c7d0c600 fn= 168 caller= android.view.ViewRootImpl.lambda$applyTransactionOnDraw$11$android-view-ViewRootImpl:12865 android.view.ViewRootImpl$$ExternalSyntheticLambda1.onFrameDraw:4 android.graphics.HardwareRenderer$FrameDrawingCallback.onFrameDraw:924 
04-05 12:16:07.530 13149 13149 I SurfaceView@d3473f7: Changes: creating=false format=false size=false visible=false alpha=false hint=false mUseAlpha=false visible=false left=false top=true
04-05 12:16:07.531 13149 13149 I SurfaceView@d3473f7: 221541367 Cur surface: Surface(name=null)/@0x987fffe
04-05 12:16:07.531 13149 13149 I SurfaceView@d3473f7: applyTransactionOnVriDraw: vri = ViewRootImpl@f8b7859[MainActivity] fRS = false t = 0xb4000077d832c900 android.view.SurfaceView.performSurfaceTransaction:959 android.view.SurfaceView.updateSurface:1105 android.view.SurfaceView.lambda$new$0$android-view-SurfaceView:200 
04-05 12:16:07.531 13149 13149 I ViewRootImpl@f8b7859[MainActivity]: applyTransactionOnDraw: mRemoved = false isHardwareEnabled = true t = 0xb4000077d832c900android.view.SurfaceView.applyTransactionOnVriDraw:2048 android.view.SurfaceView.performSurfaceTransaction:959 android.view.SurfaceView.updateSurface:1105 android.view.SurfaceView.lambda$new$0$android-view-SurfaceView:200 android.view.SurfaceView$$ExternalSyntheticLambda5.onPreDraw:2 
04-05 12:16:07.531 13149 13149 I SurfaceView@d3473f7: updateSurface: mVisible = true mSurface.isValid() = true
04-05 12:16:07.531 13149 13149 I SurfaceView@d3473f7: updateSurface: mSurfaceCreated = true surfaceChanged = false visibleChanged = false
04-05 12:16:07.531 13149 13149 V SurfaceView@d3473f7: Layout: x=0 y=-175 w=720 h=375, frame=Rect(0, 0 - 720, 375)
04-05 12:16:07.532 13149 13239 D SurfaceView@d3473f7: updateSurfacePosition RenderWorker, frameNr = 169, position = [0, -175, 720, 200] surfaceSize = 720x375
04-05 12:16:07.532 13149 13239 I SurfaceView@d3473f7: uSP: rtp = Rect(0, -175 - 720, 200) rtsw = 720 rtsh = 375
04-05 12:16:07.532 13149 13239 I SurfaceView@d3473f7: onSSPAndSRT: pl = 0 pt = -175 sx = 1.0 sy = 1.0
04-05 12:16:07.533 13149 13239 I SurfaceView@d3473f7: aOrMT: ViewRootImpl@f8b7859[MainActivity] t = android.view.SurfaceControl$Transaction@bd0067b fN = 169 android.view.SurfaceView.-$$Nest$mapplyOrMergeTransaction:0 android.view.SurfaceView$SurfaceViewPositionUpdateListener.positionChanged:1537 android.graphics.RenderNode$CompositePositionUpdateListener.positionChanged:373 
04-05 12:16:07.533 13149 13239 I ViewRootImpl@f8b7859[MainActivity]: mWNT: t=0xb4000077ab8be700 mBlastBufferQueue=0xb4000077c7d0c600 fn= 169 caller= android.view.SurfaceView.applyOrMergeTransaction:1455 android.view.SurfaceView.-$$Nest$mapplyOrMergeTransaction:0 android.view.SurfaceView$SurfaceViewPositionUpdateListener.positionChanged:1537 
04-05 12:16:07.533 13149 13239 I ViewRootImpl@f8b7859[MainActivity]: mWNT: t=0xb4000077d832c900 mBlastBufferQueue=0xb4000077c7d0c600 fn= 169 caller= android.view.ViewRootImpl.lambda$applyTransactionOnDraw$11$android-view-ViewRootImpl:12865 android.view.ViewRootImpl$$ExternalSyntheticLambda1.onFrameDraw:4 android.graphics.HardwareRenderer$FrameDrawingCallback.onFrameDraw:924 
04-05 12:16:07.547 13149 13149 I SurfaceView@d3473f7: Changes: creating=false format=false size=false visible=false alpha=false hint=false mUseAlpha=false visible=false left=false top=true
04-05 12:16:07.547 13149 13149 I SurfaceView@d3473f7: 221541367 Cur surface: Surface(name=null)/@0x987fffe
04-05 12:16:07.547 13149 13149 I SurfaceView@d3473f7: applyTransactionOnVriDraw: vri = ViewRootImpl@f8b7859[MainActivity] fRS = false t = 0xb4000077d832cb00 android.view.SurfaceView.performSurfaceTransaction:959 android.view.SurfaceView.updateSurface:1105 android.view.SurfaceView.lambda$new$0$android-view-SurfaceView:200 
04-05 12:16:07.547 13149 13149 I ViewRootImpl@f8b7859[MainActivity]: applyTransactionOnDraw: mRemoved = false isHardwareEnabled = true t = 0xb4000077d832cb00android.view.SurfaceView.applyTransactionOnVriDraw:2048 android.view.SurfaceView.performSurfaceTransaction:959 android.view.SurfaceView.updateSurface:1105 android.view.SurfaceView.lambda$new$0$android-view-SurfaceView:200 android.view.SurfaceView$$ExternalSyntheticLambda5.onPreDraw:2 
04-05 12:16:07.547 13149 13149 I SurfaceView@d3473f7: updateSurface: mVisible = true mSurface.isValid() = true
04-05 12:16:07.548 13149 13149 I SurfaceView@d3473f7: updateSurface: mSurfaceCreated = true surfaceChanged = false visibleChanged = false
04-05 12:16:07.548 13149 13149 V SurfaceView@d3473f7: Layout: x=0 y=-204 w=720 h=375, frame=Rect(0, 0 - 720, 375)
04-05 12:16:07.549 13149 13238 D SurfaceView@d3473f7: updateSurfacePosition RenderWorker, frameNr = 170, position = [0, -204, 720, 171] surfaceSize = 720x375
04-05 12:16:07.549 13149 13238 I SurfaceView@d3473f7: uSP: rtp = Rect(0, -204 - 720, 171) rtsw = 720 rtsh = 375
04-05 12:16:07.549 13149 13238 I SurfaceView@d3473f7: onSSPAndSRT: pl = 0 pt = -204 sx = 1.0 sy = 1.0
04-05 12:16:07.549 13149 13238 I SurfaceView@d3473f7: aOrMT: ViewRootImpl@f8b7859[MainActivity] t = android.view.SurfaceControl$Transaction@bd0067b fN = 170 android.view.SurfaceView.-$$Nest$mapplyOrMergeTransaction:0 android.view.SurfaceView$SurfaceViewPositionUpdateListener.positionChanged:1537 android.graphics.RenderNode$CompositePositionUpdateListener.positionChanged:373 
04-05 12:16:07.549 13149 13238 I ViewRootImpl@f8b7859[MainActivity]: mWNT: t=0xb4000077ab8be700 mBlastBufferQueue=0xb4000077c7d0c600 fn= 170 caller= android.view.SurfaceView.applyOrMergeTransaction:1455 android.view.SurfaceView.-$$Nest$mapplyOrMergeTransaction:0 android.view.SurfaceView$SurfaceViewPositionUpdateListener.positionChanged:1537 
04-05 12:16:07.549 13149 13238 I ViewRootImpl@f8b7859[MainActivity]: mWNT: t=0xb4000077d832cb00 mBlastBufferQueue=0xb4000077c7d0c600 fn= 170 caller= android.view.ViewRootImpl.lambda$applyTransactionOnDraw$11$android-view-ViewRootImpl:12865 android.view.ViewRootImpl$$ExternalSyntheticLambda1.onFrameDraw:4 android.graphics.HardwareRenderer$FrameDrawingCallback.onFrameDraw:924 
04-05 12:16:07.564 13149 13149 I SurfaceView@d3473f7: Changes: creating=false format=false size=false visible=false alpha=false hint=false mUseAlpha=false visible=false left=false top=true
04-05 12:16:07.564 13149 13149 I SurfaceView@d3473f7: 221541367 Cur surface: Surface(name=null)/@0x987fffe
04-05 12:16:07.564 13149 13149 I SurfaceView@d3473f7: applyTransactionOnVriDraw: vri = ViewRootImpl@f8b7859[MainActivity] fRS = false t = 0xb4000077d832cd00 android.view.SurfaceView.performSurfaceTransaction:959 android.view.SurfaceView.updateSurface:1105 android.view.SurfaceView.lambda$new$0$android-view-SurfaceView:200 
04-05 12:16:07.564 13149 13149 I ViewRootImpl@f8b7859[MainActivity]: applyTransactionOnDraw: mRemoved = false isHardwareEnabled = true t = 0xb4000077d832cd00android.view.SurfaceView.applyTransactionOnVriDraw:2048 android.view.SurfaceView.performSurfaceTransaction:959 android.view.SurfaceView.updateSurface:1105 android.view.SurfaceView.lambda$new$0$android-view-SurfaceView:200 android.view.SurfaceView$$ExternalSyntheticLambda5.onPreDraw:2 
04-05 12:16:07.564 13149 13149 I SurfaceView@d3473f7: updateSurface: mVisible = true mSurface.isValid() = true
04-05 12:16:07.564 13149 13149 I SurfaceView@d3473f7: updateSurface: mSurfaceCreated = true surfaceChanged = false visibleChanged = false
04-05 12:16:07.564 13149 13149 V SurfaceView@d3473f7: Layout: x=0 y=-232 w=720 h=375, frame=Rect(0, 0 - 720, 375)
04-05 12:16:07.565 13149 13239 D SurfaceView@d3473f7: updateSurfacePosition RenderWorker, frameNr = 171, position = [0, -232, 720, 143] surfaceSize = 720x375
04-05 12:16:07.565 13149 13239 I SurfaceView@d3473f7: uSP: rtp = Rect(0, -232 - 720, 143) rtsw = 720 rtsh = 375
04-05 12:16:07.565 13149 13239 I SurfaceView@d3473f7: onSSPAndSRT: pl = 0 pt = -232 sx = 1.0 sy = 1.0
04-05 12:16:07.565 13149 13239 I SurfaceView@d3473f7: aOrMT: ViewRootImpl@f8b7859[MainActivity] t = android.view.SurfaceControl$Transaction@bd0067b fN = 171 android.view.SurfaceView.-$$Nest$mapplyOrMergeTransaction:0 android.view.SurfaceView$SurfaceViewPositionUpdateListener.positionChanged:1537 android.graphics.RenderNode$CompositePositionUpdateListener.positionChanged:373 
04-05 12:16:07.566 13149 13239 I ViewRootImpl@f8b7859[MainActivity]: mWNT: t=0xb4000077ab8be700 mBlastBufferQueue=0xb4000077c7d0c600 fn= 171 caller= android.view.SurfaceView.applyOrMergeTransaction:1455 android.view.SurfaceView.-$$Nest$mapplyOrMergeTransaction:0 android.view.SurfaceView$SurfaceViewPositionUpdateListener.positionChanged:1537 
04-05 12:16:07.566 13149 13239 I ViewRootImpl@f8b7859[MainActivity]: mWNT: t=0xb4000077d832cd00 mBlastBufferQueue=0xb4000077c7d0c600 fn= 171 caller= android.view.ViewRootImpl.lambda$applyTransactionOnDraw$11$android-view-ViewRootImpl:12865 android.view.ViewRootImpl$$ExternalSyntheticLambda1.onFrameDraw:4 android.graphics.HardwareRenderer$FrameDrawingCallback.onFrameDraw:924 
04-05 12:16:07.580 13149 13149 I SurfaceView@d3473f7: Changes: creating=false format=false size=false visible=false alpha=false hint=false mUseAlpha=false visible=false left=false top=true
04-05 12:16:07.580 13149 13149 I SurfaceView@d3473f7: 221541367 Cur surface: Surface(name=null)/@0x987fffe
04-05 12:16:07.581 13149 13149 I SurfaceView@d3473f7: applyTransactionOnVriDraw: vri = ViewRootImpl@f8b7859[MainActivity] fRS = false t = 0xb4000077d83d6a00 android.view.SurfaceView.performSurfaceTransaction:959 android.view.SurfaceView.updateSurface:1105 android.view.SurfaceView.lambda$new$0$android-view-SurfaceView:200 
