04-05 12:33:42.466 13149 13238 I ViewRootImpl@f8b7859[MainActivity]: mWNT: t=0xb4000077a019d800 mBlastBufferQueue=0xb4000077c7d0c600 fn= 482 caller= android.view.SurfaceView.applyOrMergeTransaction:1455 android.view.SurfaceView.-$$Nest$mapplyOrMergeTransaction:0 android.view.SurfaceView$SurfaceViewPositionUpdateListener.positionChanged:1537 
04-05 12:33:42.466 13149 13238 I ViewRootImpl@f8b7859[MainActivity]: mWNT: t=0xb4000077a0db2700 mBlastBufferQueue=0xb4000077c7d0c600 fn= 482 caller= android.view.ViewRootImpl.lambda$applyTransactionOnDraw$11$android-view-ViewRootImpl:12865 android.view.ViewRootImpl$$ExternalSyntheticLambda1.onFrameDraw:4 android.graphics.HardwareRenderer$FrameDrawingCallback.onFrameDraw:924 
04-05 12:33:42.481 13149 13149 I SurfaceView@53f3f55: Changes: creating=false format=false size=false visible=false alpha=false hint=false mUseAlpha=false visible=false left=false top=true
04-05 12:33:42.481 13149 13149 I SurfaceView@53f3f55: 88031061 Cur surface: Surface(name=null)/@0xbd07737
04-05 12:33:42.481 13149 13149 I SurfaceView@53f3f55: applyTransactionOnVriDraw: vri = ViewRootImpl@f8b7859[MainActivity] fRS = false t = 0xb4000077a0dbf500 android.view.SurfaceView.performSurfaceTransaction:959 android.view.SurfaceView.updateSurface:1105 android.view.SurfaceView.lambda$new$0$android-view-SurfaceView:200 
04-05 12:33:42.482 13149 13149 I ViewRootImpl@f8b7859[MainActivity]: applyTransactionOnDraw: mRemoved = false isHardwareEnabled = true t = 0xb4000077a0dbf500android.view.SurfaceView.applyTransactionOnVriDraw:2048 android.view.SurfaceView.performSurfaceTransaction:959 android.view.SurfaceView.updateSurface:1105 android.view.SurfaceView.lambda$new$0$android-view-SurfaceView:200 android.view.SurfaceView$$ExternalSyntheticLambda5.onPreDraw:2 
04-05 12:33:42.482 13149 13149 I SurfaceView@53f3f55: updateSurface: mVisible = true mSurface.isValid() = true
04-05 12:33:42.482 13149 13149 I SurfaceView@53f3f55: updateSurface: mSurfaceCreated = true surfaceChanged = false visibleChanged = false
04-05 12:33:42.482 13149 13149 V SurfaceView@53f3f55: Layout: x=0 y=-1328 w=720 h=375, frame=Rect(0, 0 - 720, 375)
04-05 12:33:42.482 13149 13239 D SurfaceView@53f3f55: updateSurfacePosition RenderWorker, frameNr = 483, position = [0, -1328, 720, -953] surfaceSize = 720x375
04-05 12:33:42.482 13149 13239 I SurfaceView@53f3f55: uSP: rtp = Rect(0, -1328 - 720, -953) rtsw = 720 rtsh = 375
04-05 12:33:42.482 13149 13239 I SurfaceView@53f3f55: onSSPAndSRT: pl = 0 pt = -1328 sx = 1.0 sy = 1.0
04-05 12:33:42.482 13149 13239 I SurfaceView@53f3f55: aOrMT: ViewRootImpl@f8b7859[MainActivity] t = android.view.SurfaceControl$Transaction@ecfd5c2 fN = 483 android.view.SurfaceView.-$$Nest$mapplyOrMergeTransaction:0 android.view.SurfaceView$SurfaceViewPositionUpdateListener.positionChanged:1537 android.graphics.RenderNode$CompositePositionUpdateListener.positionChanged:373 
04-05 12:33:42.483 13149 13239 I ViewRootImpl@f8b7859[MainActivity]: mWNT: t=0xb4000077a019d800 mBlastBufferQueue=0xb4000077c7d0c600 fn= 483 caller= android.view.SurfaceView.applyOrMergeTransaction:1455 android.view.SurfaceView.-$$Nest$mapplyOrMergeTransaction:0 android.view.SurfaceView$SurfaceViewPositionUpdateListener.positionChanged:1537 
04-05 12:33:42.483 13149 13239 I ViewRootImpl@f8b7859[MainActivity]: mWNT: t=0xb4000077a0dbf500 mBlastBufferQueue=0xb4000077c7d0c600 fn= 483 caller= android.view.ViewRootImpl.lambda$applyTransactionOnDraw$11$android-view-ViewRootImpl:12865 android.view.ViewRootImpl$$ExternalSyntheticLambda1.onFrameDraw:4 android.graphics.HardwareRenderer$FrameDrawingCallback.onFrameDraw:924 
04-05 12:33:42.498 13149 13149 I SurfaceView@53f3f55: Changes: creating=false format=false size=false visible=false alpha=false hint=false mUseAlpha=false visible=false left=false top=true
04-05 12:33:42.498 13149 13149 I SurfaceView@53f3f55: 88031061 Cur surface: Surface(name=null)/@0xbd07737
04-05 12:33:42.498 13149 13149 I SurfaceView@53f3f55: applyTransactionOnVriDraw: vri = ViewRootImpl@f8b7859[MainActivity] fRS = false t = 0xb4000077a0dc3200 android.view.SurfaceView.performSurfaceTransaction:959 android.view.SurfaceView.updateSurface:1105 android.view.SurfaceView.lambda$new$0$android-view-SurfaceView:200 
04-05 12:33:42.498 13149 13149 I ViewRootImpl@f8b7859[MainActivity]: applyTransactionOnDraw: mRemoved = false isHardwareEnabled = true t = 0xb4000077a0dc3200android.view.SurfaceView.applyTransactionOnVriDraw:2048 android.view.SurfaceView.performSurfaceTransaction:959 android.view.SurfaceView.updateSurface:1105 android.view.SurfaceView.lambda$new$0$android-view-SurfaceView:200 android.view.SurfaceView$$ExternalSyntheticLambda5.onPreDraw:2 
04-05 12:33:42.498 13149 13149 I SurfaceView@53f3f55: updateSurface: mVisible = true mSurface.isValid() = true
04-05 12:33:42.498 13149 13149 I SurfaceView@53f3f55: updateSurface: mSurfaceCreated = true surfaceChanged = false visibleChanged = false
04-05 12:33:42.498 13149 13149 V SurfaceView@53f3f55: Layout: x=0 y=-1330 w=720 h=375, frame=Rect(0, 0 - 720, 375)
04-05 12:33:42.499 13149 13238 D SurfaceView@53f3f55: updateSurfacePosition RenderWorker, frameNr = 484, position = [0, -1330, 720, -955] surfaceSize = 720x375
04-05 12:33:42.499 13149 13238 I SurfaceView@53f3f55: uSP: rtp = Rect(0, -1330 - 720, -955) rtsw = 720 rtsh = 375
04-05 12:33:42.499 13149 13238 I SurfaceView@53f3f55: onSSPAndSRT: pl = 0 pt = -1330 sx = 1.0 sy = 1.0
04-05 12:33:42.499 13149 13238 I SurfaceView@53f3f55: aOrMT: ViewRootImpl@f8b7859[MainActivity] t = android.view.SurfaceControl$Transaction@ecfd5c2 fN = 484 android.view.SurfaceView.-$$Nest$mapplyOrMergeTransaction:0 android.view.SurfaceView$SurfaceViewPositionUpdateListener.positionChanged:1537 android.graphics.RenderNode$CompositePositionUpdateListener.positionChanged:373 
04-05 12:33:42.500 13149 13238 I ViewRootImpl@f8b7859[MainActivity]: mWNT: t=0xb4000077a019d800 mBlastBufferQueue=0xb4000077c7d0c600 fn= 484 caller= android.view.SurfaceView.applyOrMergeTransaction:1455 android.view.SurfaceView.-$$Nest$mapplyOrMergeTransaction:0 android.view.SurfaceView$SurfaceViewPositionUpdateListener.positionChanged:1537 
04-05 12:33:42.500 13149 13238 I ViewRootImpl@f8b7859[MainActivity]: mWNT: t=0xb4000077a0dc3200 mBlastBufferQueue=0xb4000077c7d0c600 fn= 484 caller= android.view.ViewRootImpl.lambda$applyTransactionOnDraw$11$android-view-ViewRootImpl:12865 android.view.ViewRootImpl$$ExternalSyntheticLambda1.onFrameDraw:4 android.graphics.HardwareRenderer$FrameDrawingCallback.onFrameDraw:924 
04-05 12:33:42.514 13149 13149 I SurfaceView@53f3f55: Changes: creating=false format=false size=false visible=false alpha=false hint=false mUseAlpha=false visible=false left=false top=true
04-05 12:33:42.514 13149 13149 I SurfaceView@53f3f55: 88031061 Cur surface: Surface(name=null)/@0xbd07737
04-05 12:33:42.515 13149 13149 I SurfaceView@53f3f55: applyTransactionOnVriDraw: vri = ViewRootImpl@f8b7859[MainActivity] fRS = false t = 0xb4000077a0dc3400 android.view.SurfaceView.performSurfaceTransaction:959 android.view.SurfaceView.updateSurface:1105 android.view.SurfaceView.lambda$new$0$android-view-SurfaceView:200 
04-05 12:33:42.515 13149 13149 I ViewRootImpl@f8b7859[MainActivity]: applyTransactionOnDraw: mRemoved = false isHardwareEnabled = true t = 0xb4000077a0dc3400android.view.SurfaceView.applyTransactionOnVriDraw:2048 android.view.SurfaceView.performSurfaceTransaction:959 android.view.SurfaceView.updateSurface:1105 android.view.SurfaceView.lambda$new$0$android-view-SurfaceView:200 android.view.SurfaceView$$ExternalSyntheticLambda5.onPreDraw:2 
04-05 12:33:42.515 13149 13149 I SurfaceView@53f3f55: updateSurface: mVisible = true mSurface.isValid() = true
04-05 12:33:42.515 13149 13149 I SurfaceView@53f3f55: updateSurface: mSurfaceCreated = true surfaceChanged = false visibleChanged = false
04-05 12:33:42.515 13149 13149 V SurfaceView@53f3f55: Layout: x=0 y=-1331 w=720 h=375, frame=Rect(0, 0 - 720, 375)
04-05 12:33:42.516 13149 13239 D SurfaceView@53f3f55: updateSurfacePosition RenderWorker, frameNr = 485, position = [0, -1331, 720, -956] surfaceSize = 720x375
04-05 12:33:42.516 13149 13239 I SurfaceView@53f3f55: uSP: rtp = Rect(0, -1331 - 720, -956) rtsw = 720 rtsh = 375
04-05 12:33:42.516 13149 13239 I SurfaceView@53f3f55: onSSPAndSRT: pl = 0 pt = -1331 sx = 1.0 sy = 1.0
04-05 12:33:42.516 13149 13239 I SurfaceView@53f3f55: aOrMT: ViewRootImpl@f8b7859[MainActivity] t = android.view.SurfaceControl$Transaction@ecfd5c2 fN = 485 android.view.SurfaceView.-$$Nest$mapplyOrMergeTransaction:0 android.view.SurfaceView$SurfaceViewPositionUpdateListener.positionChanged:1537 android.graphics.RenderNode$CompositePositionUpdateListener.positionChanged:373 
04-05 12:33:42.516 13149 13239 I ViewRootImpl@f8b7859[MainActivity]: mWNT: t=0xb4000077a019d800 mBlastBufferQueue=0xb4000077c7d0c600 fn= 485 caller= android.view.SurfaceView.applyOrMergeTransaction:1455 android.view.SurfaceView.-$$Nest$mapplyOrMergeTransaction:0 android.view.SurfaceView$SurfaceViewPositionUpdateListener.positionChanged:1537 
04-05 12:33:42.516 13149 13239 I ViewRootImpl@f8b7859[MainActivity]: mWNT: t=0xb4000077a0dc3400 mBlastBufferQueue=0xb4000077c7d0c600 fn= 485 caller= android.view.ViewRootImpl.lambda$applyTransactionOnDraw$11$android-view-ViewRootImpl:12865 android.view.ViewRootImpl$$ExternalSyntheticLambda1.onFrameDraw:4 android.graphics.HardwareRenderer$FrameDrawingCallback.onFrameDraw:924 
04-05 12:33:42.531 13149 13149 I SurfaceView@53f3f55: Changes: creating=false format=false size=false visible=false alpha=false hint=false mUseAlpha=false visible=false left=false top=true
04-05 12:33:42.531 13149 13149 I SurfaceView@53f3f55: 88031061 Cur surface: Surface(name=null)/@0xbd07737
04-05 12:33:42.531 13149 13149 I SurfaceView@53f3f55: applyTransactionOnVriDraw: vri = ViewRootImpl@f8b7859[MainActivity] fRS = false t = 0xb4000077a0dc3a00 android.view.SurfaceView.performSurfaceTransaction:959 android.view.SurfaceView.updateSurface:1105 android.view.SurfaceView.lambda$new$0$android-view-SurfaceView:200 
04-05 12:33:42.532 13149 13149 I ViewRootImpl@f8b7859[MainActivity]: applyTransactionOnDraw: mRemoved = false isHardwareEnabled = true t = 0xb4000077a0dc3a00android.view.SurfaceView.applyTransactionOnVriDraw:2048 android.view.SurfaceView.performSurfaceTransaction:959 android.view.SurfaceView.updateSurface:1105 android.view.SurfaceView.lambda$new$0$android-view-SurfaceView:200 android.view.SurfaceView$$ExternalSyntheticLambda5.onPreDraw:2 
04-05 12:33:42.532 13149 13149 I SurfaceView@53f3f55: updateSurface: mVisible = true mSurface.isValid() = true
04-05 12:33:42.532 13149 13149 I SurfaceView@53f3f55: updateSurface: mSurfaceCreated = true surfaceChanged = false visibleChanged = false
04-05 12:33:42.532 13149 13149 V SurfaceView@53f3f55: Layout: x=0 y=-1332 w=720 h=375, frame=Rect(0, 0 - 720, 375)
04-05 12:33:42.533 13149 13238 D SurfaceView@53f3f55: updateSurfacePosition RenderWorker, frameNr = 486, position = [0, -1332, 720, -957] surfaceSize = 720x375
04-05 12:33:42.533 13149 13238 I SurfaceView@53f3f55: uSP: rtp = Rect(0, -1332 - 720, -957) rtsw = 720 rtsh = 375
04-05 12:33:42.533 13149 13238 I SurfaceView@53f3f55: onSSPAndSRT: pl = 0 pt = -1332 sx = 1.0 sy = 1.0
04-05 12:33:42.533 13149 13238 I SurfaceView@53f3f55: aOrMT: ViewRootImpl@f8b7859[MainActivity] t = android.view.SurfaceControl$Transaction@ecfd5c2 fN = 486 android.view.SurfaceView.-$$Nest$mapplyOrMergeTransaction:0 android.view.SurfaceView$SurfaceViewPositionUpdateListener.positionChanged:1537 android.graphics.RenderNode$CompositePositionUpdateListener.positionChanged:373 
04-05 12:33:42.533 13149 13238 I ViewRootImpl@f8b7859[MainActivity]: mWNT: t=0xb4000077a019d800 mBlastBufferQueue=0xb4000077c7d0c600 fn= 486 caller= android.view.SurfaceView.applyOrMergeTransaction:1455 android.view.SurfaceView.-$$Nest$mapplyOrMergeTransaction:0 android.view.SurfaceView$SurfaceViewPositionUpdateListener.positionChanged:1537 
04-05 12:33:42.534 13149 13239 I ViewRootImpl@f8b7859[MainActivity]: mWNT: t=0xb4000077a0dc3a00 mBlastBufferQueue=0xb4000077c7d0c600 fn= 486 caller= android.view.ViewRootImpl.lambda$applyTransactionOnDraw$11$android-view-ViewRootImpl:12865 android.view.ViewRootImpl$$ExternalSyntheticLambda1.onFrameDraw:4 android.graphics.HardwareRenderer$FrameDrawingCallback.onFrameDraw:924 
04-05 12:33:42.643 13149 13149 I ViewRootImpl@f8b7859[MainActivity]: ViewPostIme pointer 1
04-05 12:33:42.647 13149 13149 I SurfaceView@53f3f55: Changes: creating=false format=false size=false visible=false alpha=false hint=false mUseAlpha=false visible=false left=false top=true
04-05 12:33:42.647 13149 13149 I SurfaceView@53f3f55: 88031061 Cur surface: Surface(name=null)/@0xbd07737
04-05 12:33:42.648 13149 13149 I SurfaceView@53f3f55: applyTransactionOnVriDraw: vri = ViewRootImpl@f8b7859[MainActivity] fRS = false t = 0xb4000077a0dc3e00 android.view.SurfaceView.performSurfaceTransaction:959 android.view.SurfaceView.updateSurface:1105 android.view.SurfaceView.lambda$new$0$android-view-SurfaceView:200 
04-05 12:33:42.648 13149 13149 I ViewRootImpl@f8b7859[MainActivity]: applyTransactionOnDraw: mRemoved = false isHardwareEnabled = true t = 0xb4000077a0dc3e00android.view.SurfaceView.applyTransactionOnVriDraw:2048 android.view.SurfaceView.performSurfaceTransaction:959 android.view.SurfaceView.updateSurface:1105 android.view.SurfaceView.lambda$new$0$android-view-SurfaceView:200 android.view.SurfaceView$$ExternalSyntheticLambda5.onPreDraw:2 
04-05 12:33:42.648 13149 13149 I SurfaceView@53f3f55: updateSurface: mVisible = true mSurface.isValid() = true
04-05 12:33:42.648 13149 13149 I SurfaceView@53f3f55: updateSurface: mSurfaceCreated = true surfaceChanged = false visibleChanged = false
04-05 12:33:42.648 13149 13149 V SurfaceView@53f3f55: Layout: x=0 y=-1333 w=720 h=375, frame=Rect(0, 0 - 720, 375)
04-05 12:33:42.649 13149 13238 D SurfaceView@53f3f55: updateSurfacePosition RenderWorker, frameNr = 487, position = [0, -1333, 720, -958] surfaceSize = 720x375
04-05 12:33:42.649 13149 13238 I SurfaceView@53f3f55: uSP: rtp = Rect(0, -1333 - 720, -958) rtsw = 720 rtsh = 375
04-05 12:33:42.649 13149 13238 I SurfaceView@53f3f55: onSSPAndSRT: pl = 0 pt = -1333 sx = 1.0 sy = 1.0
04-05 12:33:42.649 13149 13238 I SurfaceView@53f3f55: aOrMT: ViewRootImpl@f8b7859[MainActivity] t = android.view.SurfaceControl$Transaction@ecfd5c2 fN = 487 android.view.SurfaceView.-$$Nest$mapplyOrMergeTransaction:0 android.view.SurfaceView$SurfaceViewPositionUpdateListener.positionChanged:1537 android.graphics.RenderNode$CompositePositionUpdateListener.positionChanged:373 
04-05 12:33:42.649 13149 13238 I ViewRootImpl@f8b7859[MainActivity]: mWNT: t=0xb4000077a019d800 mBlastBufferQueue=0xb4000077c7d0c600 fn= 487 caller= android.view.SurfaceView.applyOrMergeTransaction:1455 android.view.SurfaceView.-$$Nest$mapplyOrMergeTransaction:0 android.view.SurfaceView$SurfaceViewPositionUpdateListener.positionChanged:1537 
04-05 12:33:42.649 13149 13238 I ViewRootImpl@f8b7859[MainActivity]: mWNT: t=0xb4000077a0dc3e00 mBlastBufferQueue=0xb4000077c7d0c600 fn= 487 caller= android.view.ViewRootImpl.lambda$applyTransactionOnDraw$11$android-view-ViewRootImpl:12865 android.view.ViewRootImpl$$ExternalSyntheticLambda1.onFrameDraw:4 android.graphics.HardwareRenderer$FrameDrawingCallback.onFrameDraw:924 
04-05 12:33:43.024 13149 13149 I ViewRootImpl@f8b7859[MainActivity]: ViewPostIme pointer 0
04-05 12:33:43.116 13149 13149 I ViewRootImpl@f8b7859[MainActivity]: ViewPostIme pointer 1
04-05 12:33:43.132 13149 13149 I CS3ExoPlayer: newInstance = {}
04-05 12:33:43.132 13149 13149 I NavComponent: Navigating to fragment: 2131362303
04-05 12:33:43.133 13149 13149 I IMM_LC  : hsifw() - flag : 0
04-05 12:33:43.133 13149 13149 I IMM_LC  : hsifw() - mService.hideSoftInput
04-05 12:33:43.150 13149 13149 I CS3ExoPlayer: onStop
04-05 12:33:43.150 13149 13149 I CS3ExoPlayer: saveData
04-05 12:33:43.150 13149 13149 I CS3ExoPlayer: handleEvent Pause
04-05 12:33:43.151 13149 13149 I CS3ExoPlayer: unwrapBundle = null
04-05 12:33:43.151 13149 13149 I CS3ExoPlayer: unwrapBundle = Bundle[{resumePosition=0, syncData={}}]
04-05 12:33:43.247 13149 13149 I SurfaceView@83cfef6: onWindowVisibilityChanged(0) true android.view.SurfaceView{83cfef6 V.E..V... ......I. 0,0-0,0} of ViewRootImpl@f8b7859[MainActivity]
04-05 12:33:43.247 13149 13149 D SurfaceView@83cfef6: updateSurface: has no frame
04-05 12:33:43.249 13149 13149 I CS3ExoPlayer: SET STYLE = SaveCaptionStyle(foregroundColor=-1, backgroundColor=0, windowColor=0, edgeType=1, edgeColor=-16777216, typeface=2131296262, typefaceFilePath=null, elevation=40, fixedTextSize=14.0, edgeSize=null, removeCaptions=false, removeBloat=true, upperCase=false, bold=false, italic=false, backgroundRadius=null, alignment=null)
04-05 12:33:43.255 13149 13149 I CS3ExoPlayer: unwrapBundle = null
04-05 12:33:43.255 13149 13149 I CS3ExoPlayer: unwrapBundle = Bundle[{resumePosition=0, syncData={}}]
04-05 12:33:43.255 13149 13149 I PlayViewGen: loadLinks
04-05 12:33:43.256 13149 25846 I SYNCVM  : updateUserData
04-05 12:33:43.256 13149 13149 I CS3ExoPlayer: setActiveSubtitles 0
04-05 12:33:43.256 13149 13149 I CS3ExoPlayer: autoSelectFromSettings = null
04-05 12:33:43.258 13149 13149 D InsetsSourceConsumer: setRequestedVisible: visible=false, type=23, host=com.lagradost.cloudstream3/com.lagradost.cloudstream3.MainActivity, from=android.view.InsetsSourceConsumer.hide:257 android.view.InsetsController.collectSourceControls:1310 android.view.InsetsController.controlAnimationUnchecked:1164 android.view.InsetsController.applyAnimation:1576 android.view.InsetsController.applyAnimation:1557 android.view.InsetsController.hide:1093 android.view.InsetsController.hide:1068 androidx.core.util.HalfKt$$ExternalSyntheticApiModelOutline0.m$1:0 androidx.core.view.WindowInsetsControllerCompat$Impl30.hide:664 androidx.core.view.WindowInsetsControllerCompat.hide:197 
04-05 12:33:43.258 13149 13149 D InsetsSourceConsumer: setRequestedVisible: visible=false, type=22, host=com.lagradost.cloudstream3/com.lagradost.cloudstream3.MainActivity, from=android.view.InsetsSourceConsumer.hide:257 android.view.InsetsController.collectSourceControls:1310 android.view.InsetsController.controlAnimationUnchecked:1164 android.view.InsetsController.applyAnimation:1576 android.view.InsetsController.applyAnimation:1557 android.view.InsetsController.hide:1093 android.view.InsetsController.hide:1068 androidx.core.util.HalfKt$$ExternalSyntheticApiModelOutline0.m$1:0 androidx.core.view.WindowInsetsControllerCompat$Impl30.hide:664 androidx.core.view.WindowInsetsControllerCompat.hide:197 
04-05 12:33:43.259 13149 13149 D InsetsSourceConsumer: setRequestedVisible: visible=false, type=21, host=com.lagradost.cloudstream3/com.lagradost.cloudstream3.MainActivity, from=android.view.InsetsSourceConsumer.hide:257 android.view.InsetsController.collectSourceControls:1310 android.view.InsetsController.controlAnimationUnchecked:1164 android.view.InsetsController.applyAnimation:1576 android.view.InsetsController.applyAnimation:1557 android.view.InsetsController.hide:1093 android.view.InsetsController.hide:1068 androidx.core.util.HalfKt$$ExternalSyntheticApiModelOutline0.m$1:0 androidx.core.view.WindowInsetsControllerCompat$Impl30.hide:664 androidx.core.view.WindowInsetsControllerCompat.hide:197 
04-05 12:33:43.259 13149 13149 D InsetsSourceConsumer: setRequestedVisible: visible=false, type=20, host=com.lagradost.cloudstream3/com.lagradost.cloudstream3.MainActivity, from=android.view.InsetsSourceConsumer.hide:257 android.view.InsetsController.collectSourceControls:1310 android.view.InsetsController.controlAnimationUnchecked:1164 android.view.InsetsController.applyAnimation:1576 android.view.InsetsController.applyAnimation:1557 android.view.InsetsController.hide:1093 android.view.InsetsController.hide:1068 androidx.core.util.HalfKt$$ExternalSyntheticApiModelOutline0.m$1:0 androidx.core.view.WindowInsetsControllerCompat$Impl30.hide:664 androidx.core.view.WindowInsetsControllerCompat.hide:197 
04-05 12:33:43.259 13149 13149 D InsetsSourceConsumer: setRequestedVisible: visible=false, type=2, host=com.lagradost.cloudstream3/com.lagradost.cloudstream3.MainActivity, from=android.view.InsetsSourceConsumer.hide:257 android.view.InsetsController.collectSourceControls:1310 android.view.InsetsController.controlAnimationUnchecked:1164 android.view.InsetsController.applyAnimation:1576 android.view.InsetsController.applyAnimation:1557 android.view.InsetsController.hide:1093 android.view.InsetsController.hide:1068 androidx.core.util.HalfKt$$ExternalSyntheticApiModelOutline0.m$1:0 androidx.core.view.WindowInsetsControllerCompat$Impl30.hide:664 androidx.core.view.WindowInsetsControllerCompat.hide:197 
04-05 12:33:43.259 13149 13149 D InsetsController: controlAnimationUnchecked: Added types=3 animType=1 host=com.lagradost.cloudstream3/com.lagradost.cloudstream3.MainActivity from=android.view.InsetsController.applyAnimation:1576 android.view.InsetsController.applyAnimation:1557 android.view.InsetsController.hide:1093 
04-05 12:33:43.259 13149 13149 D InsetsSourceConsumer: setRequestedVisible: visible=false, type=1, host=com.lagradost.cloudstream3/com.lagradost.cloudstream3.MainActivity, from=android.view.InsetsSourceConsumer.hide:257 android.view.InsetsSourceConsumer.hide:261 android.view.InsetsController.hideDirectly:1593 android.view.InsetsController.controlAnimationUnchecked:1234 android.view.InsetsController.applyAnimation:1576 android.view.InsetsController.applyAnimation:1557 android.view.InsetsController.hide:1093 android.view.InsetsController.hide:1068 androidx.core.util.HalfKt$$ExternalSyntheticApiModelOutline0.m$1:0 androidx.core.view.WindowInsetsControllerCompat$Impl30.hide:664 
04-05 12:33:43.260 13149 13149 D InsetsSourceConsumer: setRequestedVisible: visible=false, type=0, host=com.lagradost.cloudstream3/com.lagradost.cloudstream3.MainActivity, from=android.view.InsetsSourceConsumer.hide:257 android.view.InsetsSourceConsumer.hide:261 android.view.InsetsController.hideDirectly:1593 android.view.InsetsController.controlAnimationUnchecked:1234 android.view.InsetsController.applyAnimation:1576 android.view.InsetsController.applyAnimation:1557 android.view.InsetsController.hide:1093 android.view.InsetsController.hide:1068 androidx.core.util.HalfKt$$ExternalSyntheticApiModelOutline0.m$1:0 androidx.core.view.WindowInsetsControllerCompat$Impl30.hide:664 
04-05 12:33:43.260 13149 13149 I DecorView: notifyKeepScreenOnChanged: keepScreenOn=false
04-05 12:33:43.266 13149 17269 I ViewRootImpl@f8b7859[MainActivity]: Resizing android.view.ViewRootImpl@b3d8194: frame = [0,58][720,1600] reportDraw = true forceLayout = true syncSeqId = 4
04-05 12:33:43.356 13149 13200 D ExtractorHelper: Ō¢Č’ĖÅ loadExtractorWithFallback called for: https://ok.ru/videoembed/5989442652850
04-05 12:33:43.356 13149 13200 D ExtractorHelper: ­¤ō× Calling loadExtractor...
04-05 12:33:43.358 13149 25846 D ExtractorHelper: Ō¢Č’ĖÅ loadExtractorWithFallback called for: https://krakenfiles.com/embed-video/fftpwWYkNC
04-05 12:33:43.358 13149 25846 D ExtractorHelper: ­¤ō× Calling loadExtractor...
04-05 12:33:43.371 13149 13149 I CS3ExoPlayer: reloadPlayer
04-05 12:33:43.372 13149 13149 I CS3ExoPlayer: releasePlayer
04-05 12:33:43.372 13149 13149 I CS3ExoPlayer: Handle event: PlayerAttachedEvent(player=null, source=Player)
04-05 12:33:43.372 13149 17269 I ViewRootImpl@f8b7859[MainActivity]: Resizing android.view.ViewRootImpl@b3d8194: frame = [58,0][1600,720] reportDraw = true forceLayout = true syncSeqId = 4
04-05 12:33:43.378 13149 13149 I ViewRootImpl@f8b7859[MainActivity]: performTraversals params={(0,0)(fillxfill) sim={state=always_hidden adjust=resize} layoutInDisplayCutoutMode=shortEdges ty=BASE_APPLICATION wanim=0x1030309
04-05 12:33:43.378 13149 13149 I ViewRootImpl@f8b7859[MainActivity]:   fl=85810100
04-05 12:33:43.378 13149 13149 I ViewRootImpl@f8b7859[MainActivity]:   pfl=12020040
04-05 12:33:43.378 13149 13149 I ViewRootImpl@f8b7859[MainActivity]:   vsysui=1500
04-05 12:33:43.378 13149 13149 I ViewRootImpl@f8b7859[MainActivity]:   bhv=SHOW_TRANSIENT_BARS_BY_SWIPE
04-05 12:33:43.378 13149 13149 I ViewRootImpl@f8b7859[MainActivity]:   fitSides= naviIconColor=0}
04-05 12:33:43.379 13149 13149 I ViewRootImpl@f8b7859[MainActivity]: performTraversals mFirst=false windowShouldResize=false viewVisibilityChanged=false mForceNextWindowRelayout=false params={(0,0)(fillxfill) sim={state=always_hidden adjust=resize} layoutInDisplayCutoutMode=shortEdges ty=BASE_APPLICATION fmt=TRANSLUCENT wanim=0x1030309
04-05 12:33:43.379 13149 13149 I ViewRootImpl@f8b7859[MainActivity]:   fl=85810100
04-05 12:33:43.379 13149 13149 I ViewRootImpl@f8b7859[MainActivity]:   pfl=12020040
04-05 12:33:43.379 13149 13149 I ViewRootImpl@f8b7859[MainActivity]:   vsysui=1500
04-05 12:33:43.379 13149 13149 I ViewRootImpl@f8b7859[MainActivity]:   bhv=SHOW_TRANSIENT_BARS_BY_SWIPE
04-05 12:33:43.379 13149 13149 I ViewRootImpl@f8b7859[MainActivity]:   fitSides= naviIconColor=0}
04-05 12:33:43.395 13149 17269 I ViewRootImpl@f8b7859[MainActivity]: Resizing android.view.ViewRootImpl@b3d8194: frame = [0,0][1600,720] reportDraw = true forceLayout = false syncSeqId = 4
04-05 12:33:43.402 13149 13149 D InsetsController: onStateChanged: InsetsState: {mDisplayFrame=Rect(0, 0 - 1600, 720), mDisplayCutout=DisplayCutout{insets=Rect(58, 0 - 0, 0) waterfall=Insets{left=0, top=0, right=0, bottom=0} boundingRect={Bounds=[Rect(0, 298 - 58, 422), Rect(0, 0 - 0, 0), Rect(0, 0 - 0, 0), Rect(0, 0 - 0, 0)]} cutoutPathParserInfo={CutoutPathParserInfo{displayWidth=720 displayHeight=1600 physicalDisplayWidth=720 physicalDisplayHeight=1600 density={1.875} cutoutSpec={M62.05,0l-2.7,0l-2.7,0l-1.4,0.1L53.95,0.2l-1.3,0.2l-1.3,0.2L49.95,0.9l-1.3,0.4l-1.3,0.5l-1.2,0.6L44.95,3 l-1.1,0.7l-1,0.8l-1,0.9l-0.9,1l-0.8,1l-0.7,1.1l-0.7,1.2l-0.6,1.2l-0.5,1.3l-0.4,1.3l-0.4,1.3l-0.5,2.3l-0.4,2.3l-0.4,2.3L34.95,23.9 l-0.6,2.3l-0.7,2.2l-0.4,1.1L32.95,30.6l-0.5,1.1L31.95,32.7c-3.5,7.2-9.3,13.1-16.6,16.6c-17.7,8.5-38.9,1.1-47.4-16.6l-0.5-1.1 l-0.5-1.1l-0.4-1.1l-0.4-1.1l-0.7-2.2l-0.6-2.3l-0.5-2.3l-0.4-2.3l-0.4-2.3l-0.5-2.3l-0.4-1.3l-0.4-1.3L-38.15,11l-0.6-1.2l-0.7-1.2 L-40.05,7.5l-0.8-1l-0.9-1l-1-0.9l-1-0.8L-44.95,3l-1.2-0.6l-1.2-0.6l-1.3-0.5l-1.3-0.4l-1.3-0.3L-52.55,0.4L-53.95,0.2L-55.25,0.1L-56.65,0L-59.35,0 L-62.05,0Z} rotation={1} scale={1.0} physicalPixelDisplaySizeRatio={1.0}}}}, mRoundedCorners=RoundedCorners{[RoundedCorner{position=TopLeft, radius=60, center=Point(60, 60)}, RoundedCorner{position=TopRight, radius=60, center=Point(1540, 60)}, RoundedCorner{position=BottomRight, radius=60, center=Point(1540, 660)}, RoundedCorner{position=BottomLeft, radius=60, center=Point(60, 660)}]}  mRoundedCornerFrame=Rect(0, 0 - 1600, 720), mPrivacyIndicatorBounds=PrivacyIndicatorBounds {static bounds=Rect(1435, 0 - 1518, 45) rotation=1}, mSources= { InsetsSource: {mType=ITYPE_STATUS_BAR, mFrame=[0,0][1600,45], mVisible=false, mInsetsRoundedCornerFrame=false}, InsetsSource: {mType=ITYPE_NAVIGATION_BAR, mFrame=[1510,0][1600,720], mVisible=false, mInsetsRoundedCornerFrame=false}, InsetsSource: {mType=ITYPE_LEFT_GESTURES, mFrame=[0,0][58,720], mVisible=true, mInsetsRoundedCornerFrame=false}, InsetsSource: {mType=ITYPE_RIGHT_GESTURES, mFrame=[1600,0][1600,720], mVisible=true, mInsetsRoundedCornerFrame=false}, InsetsSource: {mType=ITYPE_TOP_MANDATORY_GESTURES, mFrame=[0,0][1600,45], mVisible=true, mInsetsRoundedCornerFrame=false}, InsetsSource: {mType=ITYPE_BOTTOM_MANDATORY_GESTURES, mFrame=[1510,0][1600,720], mVisible=true, mInsetsRoundedCornerFrame=false}, InsetsSource: {mType=ITYPE_LEFT_DISPLAY_CUTOUT, mFrame=[0,0][58,720], mVisible=true, mInsetsRoundedCornerFrame=false}, InsetsSource: {mType=ITYPE_TOP_DISPLAY_CUTOUT, mFrame=[0,0][1600,-100000], mVisible=true, mInsetsRoundedCornerFrame=false}, InsetsSource: {mType=ITYPE_RIGHT_DISPLAY_CUTOUT, mFrame=[100000,0][1600,720], mVisible=true, mInsetsRoundedCornerFrame=false}, InsetsSource: {mType=ITYPE_BOTTOM_DISPLAY_CUTOUT, mFrame=[0,100000][1600,720], mVisible=true, mInsetsRoundedCornerFrame=false}, InsetsSource: {mType=ITYPE_TOP_TAPPABLE_ELEMENT, mFrame=[0,0][1600,45], mVisible=true, mInsetsRoundedCornerFrame=false}, InsetsSource: {mType=ITYPE_BOTTOM_TAPPABLE_ELEMENT, mFrame=[1510,0][1600,720], mVisible=true, mInsetsRoundedCornerFrame=false}, InsetsSource: {mType=ITYPE_IME, mFrame=[0,0][0,0], mVisibleFrame=[0,988][720,1600], mVisible=false, mInsetsRoundedCornerFrame=false} } host=com.lagradost.cloudstream3/com.lagradost.cloudstream3.MainActivity from=android.view.ViewRootImpl.relayoutWindow:9802
04-05 12:33:43.404 13149 13149 I DecorView: onImmersiveModeChanged: isStatusBarHidden=true
04-05 12:33:43.405 13149 13149 I ViewRootImpl@f8b7859[MainActivity]: updateBlastSurfaceIfNeeded mBlastBufferQueue=0xb4000077c7d0c600 isSameSurfaceControl=true
04-05 12:33:43.405 13149 13149 I BLASTBufferQueue: update, w= 1600 h= 720 mName = ViewRootImpl@f8b7859[MainActivity] mNativeObject= 0xb4000077c7d0c600 sc.mNativeObject= 0xb400007793980320 format= -3 caller= android.view.ViewRootImpl.updateBlastSurfaceIfNeeded:2898 android.view.ViewRootImpl.relayoutWindow:9847 android.view.ViewRootImpl.performTraversals:3884 android.view.ViewRootImpl.doTraversal:3116 android.view.ViewRootImpl$TraversalRunnable.run:10885 android.view.Choreographer$CallbackRecord.run:1301 
04-05 12:33:43.405 13149 13149 I ViewRootImpl@f8b7859[MainActivity]: Relayout returned: old=(0,0,720,1600) new=(0,0,1600,720) req=(720,1600)0 dur=25 res=0x1 s={true 0xb4000077ab567000} ch=false seqId=4
04-05 12:33:43.405 13149 13149 I ViewRootImpl@f8b7859[MainActivity]: Relayout called with blastSync mSyncSeqId=4
04-05 12:33:43.405 13149 13149 I ViewRootImpl@f8b7859[MainActivity]: reportNextDraw android.view.ViewRootImpl.performTraversals:3900 android.view.ViewRootImpl.doTraversal:3116 android.view.ViewRootImpl$TraversalRunnable.run:10885 android.view.Choreographer$CallbackRecord.run:1301 android.view.Choreographer$CallbackRecord.run:1309 
04-05 12:33:43.428 13149 13149 I IMM_LC  : hsifw() - flag : 0
04-05 12:33:43.428 13149 13149 I IMM_LC  : hsifw() - mService.hideSoftInput
04-05 12:33:43.429 13149 13149 I DecorView: getCurrentDensityDpi: from real metrics. densityDpi=300 msg=remove_caption
04-05 12:33:43.429 13149 13149 I DecorView: [INFO] isPopOver=false config=true
04-05 12:33:43.429 13149 13149 I DecorView: updateCaptionType: isFloating=false isApplication=true hasWindowDecorCaption=false this=DecorView@5c38412[MainActivity]
04-05 12:33:43.429 13149 13149 D DecorView: setCaptionType = 0, this = DecorView@5c38412[MainActivity]
04-05 12:33:43.461 13149 13149 I MSHandlerLifeCycle: removeMultiSplitHandler: no exist. decor=DecorView@5c38412[MainActivity]
04-05 12:33:43.464 13149 13149 I ViewRootImpl@f8b7859[MainActivity]: mThreadedRenderer.updateSurface() mSurface={isValid=true 0xb4000077ab567000}
04-05 12:33:43.464 13149 13172 D OpenGLRenderer: setSurface() destroyed EGLSurface
04-05 12:33:43.465 13149 13172 D OpenGLRenderer: destroyEglSurface
04-05 12:33:43.465 13149 13149 I ViewRootImpl@f8b7859[MainActivity]: updateBoundsLayer: t = android.view.SurfaceControl$Transaction@fc3822f sc = Surface(name=Bounds for - com.lagradost.cloudstream3/com.lagradost.cloudstream3.MainActivity@2)/@0xf8c5432 frame = 508
04-05 12:33:43.466 13149 13149 I ViewRootImpl@f8b7859[MainActivity]: mWNT: t=0xb4000077c7ad1f00 mBlastBufferQueue=0xb4000077c7d0c600 fn= 508 caller= android.view.ViewRootImpl.prepareSurfaces:2985 android.view.ViewRootImpl.performTraversals:4233 android.view.ViewRootImpl.doTraversal:3116 
04-05 12:33:43.466 13149 13149 D SurfaceView@83cfef6: updateSurface: has no frame
04-05 12:33:43.467 13149 13149 I ViewRootImpl@f8b7859[MainActivity]: reportNextDraw android.view.ViewRootImpl.performTraversals:4438 android.view.ViewRootImpl.doTraversal:3116 android.view.ViewRootImpl$TraversalRunnable.run:10885 android.view.Choreographer$CallbackRecord.run:1301 android.view.Choreographer$CallbackRecord.run:1309 
04-05 12:33:43.467 13149 13149 I SurfaceView@83cfef6: Changes: creating=true format=true size=true visible=true alpha=false hint=false mUseAlpha=false visible=true left=true top=true
04-05 12:33:43.468 13149 13172 D OpenGLRenderer: eglCreateWindowSurface
04-05 12:33:43.469 13149 13149 D BufferQueueConsumer: [](id:335d00000022,api:0,p:-1,c:13149) connect: controlledByApp=false
04-05 12:33:43.470 13149 13149 I BLASTBufferQueue: update, w= 1600 h= 720 mName = null mNativeObject= 0xb4000077c7a70580 sc.mNativeObject= 0xb400007793a868a0 format= 4 caller= android.view.SurfaceView.createBlastSurfaceControls:1383 android.view.SurfaceView.updateSurface:1079 android.view.SurfaceView.lambda$new$0$android-view-SurfaceView:200 android.view.SurfaceView$$ExternalSyntheticLambda5.onPreDraw:2 android.view.ViewTreeObserver.dispatchOnPreDraw:1121 android.view.ViewRootImpl.performTraversals:4442 
04-05 12:33:43.470 13149 13149 I SurfaceView@83cfef6: 138215158 Cur surface: Surface(name=null)/@0x86cd202
04-05 12:33:43.470 13149 13149 I SurfaceView@83cfef6: pST: sr = Rect(0, 0 - 1600, 720) sw = 1600 sh = 720
04-05 12:33:43.470 13149 13149 D SurfaceView@83cfef6: performSurfaceTransaction RenderWorker position = [0, 0, 1600, 720] surfaceSize = 1600x720
04-05 12:33:43.471 13149 13149 I SurfaceView@83cfef6: applyTransactionOnVriDraw: vri = ViewRootImpl@f8b7859[MainActivity] fRS = false t = 0xb400007796c04900 android.view.SurfaceView.performSurfaceTransaction:959 android.view.SurfaceView.updateSurface:1105 android.view.SurfaceView.lambda$new$0$android-view-SurfaceView:200 
04-05 12:33:43.471 13149 13149 I ViewRootImpl@f8b7859[MainActivity]: applyTransactionOnDraw: mRemoved = false isHardwareEnabled = true t = 0xb400007796c04900android.view.SurfaceView.applyTransactionOnVriDraw:2048 android.view.SurfaceView.performSurfaceTransaction:959 android.view.SurfaceView.updateSurface:1105 android.view.SurfaceView.lambda$new$0$android-view-SurfaceView:200 android.view.SurfaceView$$ExternalSyntheticLambda5.onPreDraw:2 
04-05 12:33:43.471 13149 13149 I SurfaceView@83cfef6: updateSurface: mVisible = true mSurface.isValid() = true
04-05 12:33:43.471 13149 13149 I SurfaceView@83cfef6: updateSurface: mSurfaceCreated = false surfaceChanged = true visibleChanged = true
04-05 12:33:43.471 13149 13149 I SurfaceView@83cfef6: visibleChanged -- surfaceCreated
04-05 12:33:43.471 13149 13149 I SurfaceView@83cfef6: surfaceCreated 0 #8 android.view.SurfaceView{83cfef6 V.E..V... ......ID 0,0-1600,720}
04-05 12:33:43.471 13149 13149 I SurfaceView@83cfef6: surfaceChanged -- format=4 w=1600 h=720
04-05 12:33:43.471 13149 13149 I SurfaceView@83cfef6: surfaceChanged (1600,720) 0 #8 android.view.SurfaceView{83cfef6 V.E..V... ......ID 0,0-1600,720}
04-05 12:33:43.471 13149 13149 I SurfaceView@83cfef6: surfaceRedrawNeeded
04-05 12:33:43.472 13149 13149 V SurfaceView@83cfef6: Layout: x=0 y=0 w=1600 h=720, frame=Rect(0, 0 - 1600, 720)
04-05 12:33:43.472 13149 13149 I ViewRootImpl@f8b7859[MainActivity]: Setup new sync id=24
04-05 12:33:43.472 13149 13149 I ViewRootImpl@f8b7859[MainActivity]: Setting syncFrameCallback
04-05 12:33:43.472 13149 13149 E SurfaceSyncer: Failed to find sync for id=0
04-05 12:33:43.472 13149 13149 E SurfaceSyncer: Failed to find sync for id=0
04-05 12:33:43.472 13149 13149 I ViewRootImpl@f8b7859[MainActivity]: registerCallbacksForSync syncBuffer=true
04-05 12:33:43.474 13149 13239 D SurfaceView@83cfef6: updateSurfacePosition RenderWorker, frameNr = 508, position = [80, 36, 1520, 684] surfaceSize = 1600x720
04-05 12:33:43.474 13149 13239 I SurfaceView@83cfef6: uSP: rtp = Rect(80, 36 - 1520, 684) rtsw = 1600 rtsh = 720
04-05 12:33:43.474 13149 13239 I SurfaceView@83cfef6: onSSPAndSRT: pl = 80 pt = 36 sx = 0.9 sy = 0.9
04-05 12:33:43.474 13149 13239 I SurfaceView@83cfef6: aOrMT: ViewRootImpl@f8b7859[MainActivity] t = android.view.SurfaceControl$Transaction@f02adbd fN = 508 android.view.SurfaceView.-$$Nest$mapplyOrMergeTransaction:0 android.view.SurfaceView$SurfaceViewPositionUpdateListener.positionChanged:1537 android.graphics.RenderNode$CompositePositionUpdateListener.positionChanged:373 
04-05 12:33:43.475 13149 13239 I ViewRootImpl@f8b7859[MainActivity]: mWNT: t=0xb400007796c04d00 mBlastBufferQueue=0xb4000077c7d0c600 fn= 508 caller= android.view.SurfaceView.applyOrMergeTransaction:1455 android.view.SurfaceView.-$$Nest$mapplyOrMergeTransaction:0 android.view.SurfaceView$SurfaceViewPositionUpdateListener.positionChanged:1537 
04-05 12:33:43.475 13149 13239 I ViewRootImpl@f8b7859[MainActivity]: mWNT: t=0xb400007796c04900 mBlastBufferQueue=0xb4000077c7d0c600 fn= 508 caller= android.view.ViewRootImpl.lambda$applyTransactionOnDraw$11$android-view-ViewRootImpl:12865 android.view.ViewRootImpl$$ExternalSyntheticLambda1.onFrameDraw:4 android.graphics.HardwareRenderer$FrameDrawingCallback.onFrameDraw:924 
04-05 12:33:43.475 13149 13239 I ViewRootImpl@f8b7859[MainActivity]: Received frameDrawingCallback syncResult=0 frameNum=508.
04-05 12:33:43.475 13149 13239 I ViewRootImpl@f8b7859[MainActivity]: Setting up sync and frameCommitCallback
04-05 12:33:43.475 13149 13239 I BLASTBufferQueue: syncNextTransaction, mName= ViewRootImpl@f8b7859[MainActivity] acquireSingleBuffer= true mNativeObject= 0xb4000077c7d0c600 callback= android.view.ViewRootImpl$12$$ExternalSyntheticLambda0@241bfb2 caller= android.graphics.BLASTBufferQueue.syncNextTransaction:147 android.view.ViewRootImpl$12.onFrameDraw:13385 android.view.ThreadedRenderer$1.onFrameDraw:801 <bottom of call stack> <bottom of call stack> <bottom of call stack> 
04-05 12:33:43.475 13149 13239 I BLASTBufferQueue: [ViewRootImpl@f8b7859[MainActivity]#18](f:0,a:1) syncNextTransaction callback: 1, acquireSingleBuffer: 1, mTransactionReadyCallback: 0
04-05 12:33:43.483 13149 13172 I BLASTBufferQueue: [ViewRootImpl@f8b7859[MainActivity]#18](f:0,a:1) onFrameAvailable-start syncTransactionSet=true
04-05 12:33:43.483 13149 13172 I BLASTBufferQueue: [ViewRootImpl@f8b7859[MainActivity]#18](f:0,a:1) onFrameAvailable framenumber=508 syncTransactionSet=true, mSyncedFrameNumbers=0
04-05 12:33:43.483 13149 13172 I BLASTBufferQueue: [ViewRootImpl@f8b7859[MainActivity]#18](f:1,a:1) onFrameAvailable framenumber=508 syncTransactionSet=true
04-05 12:33:43.483 13149 13172 I BLASTBufferQueue: [ViewRootImpl@f8b7859[MainActivity]#18](f:1,a:1) onFrameAvailable set 0 1094075570982134
04-05 12:33:43.483 13149 13172 I BLASTBufferQueue: [ViewRootImpl@f8b7859[MainActivity]#18](f:0,a:2) producer disconnected before: mAbandoned=0
04-05 12:33:43.483 13149 13172 I BLASTBufferQueue: - BufferQueue mMaxAcquiredBufferCount=1 mMaxDequeuedBufferCount=2
04-05 12:33:43.483 13149 13172 I BLASTBufferQueue:   mDequeueBufferCannotBlock=0 mAsyncMode=0
04-05 12:33:43.483 13149 13172 I BLASTBufferQueue:   mQueueBufferCanDrop=0 mLegacyBufferDrop=1
04-05 12:33:43.483 13149 13172 I BLASTBufferQueue:   default-size=[1600x720] default-format=1   transform-hint=00 frame-counter=508
04-05 12:33:43.483 13149 13172 I BLASTBufferQueue:   mTransformHintInUse=00 mAutoPrerotation=0
04-05 12:33:43.483 13149 13172 I BLASTBufferQueue: FIFO(0):
04-05 12:33:43.483 13149 13172 I BLASTBufferQueue: (mConsumerName=ViewRootImpl@f8b7859[MainActivity]#18(BLAST Consumer)18, mConnectedApi=1, mConsumerUsageBits=2304, mId=335d00000016, producer=[13149:com.lagradost.cloudstream3], consumer=[13149:com.lagradost.cloudstream3])
04-05 12:33:43.483 13149 13172 I BLASTBufferQueue: Slots:
04-05 12:33:43.483 13149 13172 I BLASTBufferQueue:  >[00:0xb4000077a511b800] state=ACQUIRED 0xb4000077a10d5a00 frame=508 [1600x 720:1600,  1]
04-05 12:33:43.483 13149 13172 I BLASTBufferQueue:   [01:0x0] state=FREE    
04-05 12:33:43.483 13149 13172 I BLASTBufferQueue:   [02:0x0] state=FREE    
04-05 12:33:43.483 13149 13172 I BLASTBufferQueue: [ViewRootImpl@f8b7859[MainActivity]#18](f:0,a:2) acquireNextBufferLocked mLastAppliedFrameNumber: 507
04-05 12:33:43.483 13149 13172 I BLASTBufferQueue: [ViewRootImpl@f8b7859[MainActivity]#18](f:0,a:2) acquireNextBufferLocked size=1600x720 mFrameNumber=508 applyTransaction=false mTimestamp=1094075570714750(auto) mPendingTransactions.size=0 graphicBufferId=56474524975601 transform=0
04-05 12:33:43.485 13149 13172 I ViewRootImpl@f8b7859[MainActivity]: Received frameCommittedCallback lastAttemptedDrawFrameNum=508 didProduceBuffer=true
04-05 12:33:43.485 13149 13149 I ViewRootImpl@f8b7859[MainActivity]: onSyncComplete
04-05 12:33:43.485 13149 13149 I ViewRootImpl@f8b7859[MainActivity]: setupSync seqId=4 mSyncId=24 fn=508 caller=android.view.ViewRootImpl$$ExternalSyntheticLambda11.accept:6 android.window.SurfaceSyncer.lambda$setupSync$1$android-window-SurfaceSyncer:128 android.window.SurfaceSyncer$$ExternalSyntheticLambda1.accept:8 android.window.SurfaceSyncer$SyncSet.checkIfSyncIsComplete:382 android.window.SurfaceSyncer$SyncSet.markSyncReady:359 android.window.SurfaceSyncer.markSyncReady:151 android.view.ViewRootImpl.performTraversals:4503 
04-05 12:33:43.486 13149 13149 I ViewRootImpl@f8b7859[MainActivity]: reportDrawFinished seqId=4 mSyncId=-1 fn=508 mSurfaceChangedTransaction=0xb4000077c7b10700
04-05 12:33:43.487 13149 13149 I CS3ExoPlayer: setActiveSubtitles 0
04-05 12:33:43.487 13149 13149 I CS3ExoPlayer: autoSelectFromSettings = null
04-05 12:33:43.488 13149 13149 I CS3ExoPlayer: releasePlayer
04-05 12:33:43.488 13149 13149 I CS3ExoPlayer: Handle event: PlayerAttachedEvent(player=null, source=Player)
04-05 12:33:43.489 13149 13149 D InsetsController: onStateChanged: InsetsState: {mDisplayFrame=Rect(0, 0 - 720, 1600), mDisplayCutout=DisplayCutout{insets=Rect(0, 58 - 0, 0) waterfall=Insets{left=0, top=0, right=0, bottom=0} boundingRect={Bounds=[Rect(0, 0 - 0, 0), Rect(298, 0 - 422, 58), Rect(0, 0 - 0, 0), Rect(0, 0 - 0, 0)]} cutoutPathParserInfo={CutoutPathParserInfo{displayWidth=720 displayHeight=1600 physicalDisplayWidth=720 physicalDisplayHeight=1600 density={1.875} cutoutSpec={M62.05,0l-2.7,0l-2.7,0l-1.4,0.1L53.95,0.2l-1.3,0.2l-1.3,0.2L49.95,0.9l-1.3,0.4l-1.3,0.5l-1.2,0.6L44.95,3 l-1.1,0.7l-1,0.8l-1,0.9l-0.9,1l-0.8,1l-0.7,1.1l-0.7,1.2l-0.6,1.2l-0.5,1.3l-0.4,1.3l-0.4,1.3l-0.5,2.3l-0.4,2.3l-0.4,2.3L34.95,23.9 l-0.6,2.3l-0.7,2.2l-0.4,1.1L32.95,30.6l-0.5,1.1L31.95,32.7c-3.5,7.2-9.3,13.1-16.6,16.6c-17.7,8.5-38.9,1.1-47.4-16.6l-0.5-1.1 l-0.5-1.1l-0.4-1.1l-0.4-1.1l-0.7-2.2l-0.6-2.3l-0.5-2.3l-0.4-2.3l-0.4-2.3l-0.5-2.3l-0.4-1.3l-0.4-1.3L-38.15,11l-0.6-1.2l-0.7-1.2 L-40.05,7.5l-0.8-1l-0.9-1l-1-0.9l-1-0.8L-44.95,3l-1.2-0.6l-1.2-0.6l-1.3-0.5l-1.3-0.4l-1.3-0.3L-52.55,0.4L-53.95,0.2L-55.25,0.1L-56.65,0L-59.35,0 L-62.05,0Z} rotation={0} scale={1.0} physicalPixelDisplaySizeRatio={1.0}}}}, mRoundedCorners=RoundedCorners{[RoundedCorner{position=TopLeft, radius=60, center=Point(60, 60)}, RoundedCorner{position=TopRight, radius=60, center=Point(660, 60)}, RoundedCorner{position=BottomRight, radius=60, center=Point(660, 1540)}, RoundedCorner{position=BottomLeft, radius=60, center=Point(60, 1540)}]}  mRoundedCornerFrame=Rect(0, 0 - 720, 1600), mPrivacyIndicatorBounds=PrivacyIndicatorBounds {static bounds=Rect(637, 0 - 720, 53) rotation=0}, mSources= { InsetsSource: {mType=ITYPE_STATUS_BAR, mFrame=[0,0][720,58], mVisible=false, mInsetsRoundedCornerFrame=false}, InsetsSource: {mType=ITYPE_NAVIGATION_BAR, mFrame=[0,1510][720,1600], mVisible=false, mInsetsRoundedCornerFrame=false}, InsetsSource: {mType=ITYPE_LEFT_GESTURES, mFrame=[0,0][0,1600], mVisible=true, mInsetsRoundedCornerFrame=false}, InsetsSource: {mType=ITYPE_RIGHT_GESTURES, mFrame=[720,0][720,1600], mVisible=true, mInsetsRoundedCornerFrame=false}, InsetsSource: {mType=ITYPE_TOP_MANDATORY_GESTURES, mFrame=[0,0][720,81], mVisible=true, mInsetsRoundedCornerFrame=false}, InsetsSource: {mType=ITYPE_BOTTOM_MANDATORY_GESTURES, mFrame=[0,1510][720,1600], mVisible=true, mInsetsRoundedCornerFrame=false}, InsetsSource: {mType=ITYPE_LEFT_DISPLAY_CUTOUT, mFrame=[0,0][-100000,1600], mVisible=true, mInsetsRoundedCornerFrame=false}, InsetsSource: {mType=ITYPE_TOP_DISPLAY_CUTOUT, mFrame=[0,0][720,58], mVisible=true, mInsetsRoundedCornerFrame=false}, InsetsSource: {mType=ITYPE_RIGHT_DISPLAY_CUTOUT, mFrame=[100000,0][720,1600], mVisible=true, mInsetsRoundedCornerFrame=false}, InsetsSource: {mType=ITYPE_BOTTOM_DISPLAY_CUTOUT, mFrame=[0,100000][720,1600], mVisible=true, mInsetsRoundedCornerFrame=false}, InsetsSource: {mType=ITYPE_TOP_TAPPABLE_ELEMENT, mFrame=[0,0][720,58], mVisible=true, mInsetsRoundedCornerFrame=false}, InsetsSource: {mType=ITYPE_BOTTOM_TAPPABLE_ELEMENT, mFrame=[0,1510][720,1600], mVisible=true, mInsetsRoundedCornerFrame=false}, InsetsSource: {mType=ITYPE_IME, mFrame=[0,0][0,0], mVisibleFrame=[0,988][720,1600], mVisible=false, mInsetsRoundedCornerFrame=false} } host=com.lagradost.cloudstream3/com.lagradost.cloudstream3.MainActivity from=android.view.ViewRootImpl$ViewRootHandler.handleMessageImpl:6727
04-05 12:33:43.489 13149 13149 I ViewRootImpl@f8b7859[MainActivity]: handleResized, msg = 5 frames=ClientWindowFrames{frame=[0,58][720,1600] display=[0,58][720,1600] parentFrame=[0,0][0,0] parentClippedByDisplayCutout=false} forceNextWindowRelayout=true displayId=0 resizeMode=-1 frameChanged=true displayFrameChanged=true configChanged=true displayChanged=false
04-05 12:33:43.489 13149 13149 V ViewRootImpl@f8b7859[MainActivity]: Last overrideConfig is newer : {1.1 510mcc1mnc [in_ID,en_US,ko_KR,en_GB] ldltr sw384dp w384dp h774dp 300dpi nrml long port night finger -keyb/v/h -nav/h winConfig={ mBounds=Rect(0, 0 - 720, 1600) mAppBounds=Rect(0, 58 - 720, 1510) mMaxBounds=Rect(0, 0 - 720, 1600) mDisplayRotation=ROTATION_0 mWindowingMode=fullscreen mDisplayWindowingMode=fullscreen mActivityType=standard mAlwaysOnTop=undefined mRotation=ROTATION_0 mPopOver=off mStageConfig=undefined mFreeformTaskPinningState=unpinned mFreeformStashState=undefined} s.9 fontWeightAdjustment=300 ff=0 bf=1 bts=0 themeSeq=0 nightDim=0} -> {1.1 510mcc1mnc [in_ID,en_US,ko_KR,en_GB] ldltr sw384dp w774dp h360dp 300dpi nrml long land night finger -keyb/v/h -nav/h winConfig={ mBounds=Rect(0, 0 - 1600, 720) mAppBounds=Rect(58, 0 - 1510, 720) mMaxBounds=Rect(0, 0 - 1600, 720) mDisplayRotation=ROTATION_90 mWindowingMode=fullscreen mDisplayWindowingMode=fullscreen mActivityType=standard mAlwaysOnTop=undefined mRotation=ROTATION_90 mPopOver=off mStageConfig=undefined mFreeformTaskPinningState=unpinned mFreeformStashState=undefined} s.10 fontWeightAdjustment=300 ff=0 bf=1 bts=0 themeSeq=0 nightDim=0}
04-05 12:33:43.489 13149 13149 I ViewRootImpl@f8b7859[MainActivity]: handleResized mSyncSeqId = 4
04-05 12:33:43.490 13149 13149 I ViewRootImpl@f8b7859[MainActivity]: reportNextDraw android.view.ViewRootImpl.handleResized:2450 android.view.ViewRootImpl.-$$Nest$mhandleResized:0 android.view.ViewRootImpl$ViewRootHandler.handleMessageImpl:6728 android.view.ViewRootImpl$ViewRootHandler.handleMessage:6697 android.os.Handler.dispatchMessage:106 
