04-05 11:37:10.271  3948 11605 I PluginInstance: Adding Veev (https://veev.to) ExtractorApi
04-05 11:37:10.271  3948 11605 I PluginInstance: Adding Dintezuvio (https://dintezuvio.com) ExtractorApi
04-05 11:37:10.271  3948 11605 I PluginInstance: Adding Hxfile (https://hxfile.co) ExtractorApi
04-05 11:37:10.271  3948 11605 I PluginInstance: Adding Odnoklassniki (https://odnoklassniki.ru) ExtractorApi
04-05 11:37:10.271  3948 11605 I PluginInstance: Adding OkRuSSL (https://ok.ru) ExtractorApi
04-05 11:37:10.271  3948 11605 I PluginInstance: Adding OkRuHTTP (http://ok.ru) ExtractorApi
04-05 11:37:10.271  3948 11605 I PluginInstance: Adding Dailymotion (https://www.dailymotion.com) ExtractorApi
04-05 11:37:10.271  3948 11605 I PluginInstance: Adding Rumble (https://rumble.com) ExtractorApi
04-05 11:37:10.272  3948 11605 I PluginInstance: Adding StreamRuby (https://rubyvidhub.com) ExtractorApi
04-05 11:37:10.272  3948 11605 I PluginInstance: Adding svanila (https://streamruby.net) ExtractorApi
04-05 11:37:10.272  3948 11605 I PluginInstance: Adding svilla (https://streamruby.com) ExtractorApi
04-05 11:37:10.272  3948 11605 I PluginInstance: Adding Vidguard (https://vidguard.to) ExtractorApi
04-05 11:37:10.272  3948 11605 I PluginInstance: Adding Vidguard (https://bembed.net) ExtractorApi
04-05 11:37:10.272  3948 11605 I PluginInstance: Adding Vidguard (https://listeamed.net) ExtractorApi
04-05 11:37:10.272  3948 11605 I PluginInstance: Adding Vidguard (https://vgfplay.com) ExtractorApi
04-05 11:37:10.272  3948 11605 I PluginInstance: Adding Archivd (https://archivd.net) ExtractorApi
04-05 11:37:10.272  3948 11605 I PluginInstance: Adding Uservideo (https://new.uservideo.xyz) ExtractorApi
04-05 11:37:10.272  3948 11605 I PluginInstance: Adding Vidhidepro (https://vidhidepro.com) ExtractorApi
04-05 11:37:10.272  3948 11605 I PluginInstance: Adding DoodStream (https://dsvplay.com) ExtractorApi
04-05 11:37:10.272  3948 11605 I PluginInstance: Adding ArchiveOrg (https://archive.org) ExtractorApi
04-05 11:37:10.272  3948 11605 I PluginInstance: Adding Megacloud (https://megacloud.blog) ExtractorApi
04-05 11:37:10.272  3948 11605 I PluginInstance: Adding Jeniusplay (https://jeniusplay.com) ExtractorApi
04-05 11:37:10.272  3948 11605 I PluginInstance: Adding Gdriveplayer.to (https://gdriveplayer.to) ExtractorApi
04-05 11:37:10.272  3948 11605 I PluginInstance: Adding GDFlix (https://gdflix.co) ExtractorApi
04-05 11:37:10.272  3948 11605 I PluginInstance: Adding Blogger (https://www.blogger.com) ExtractorApi
04-05 11:37:10.272  3948 11605 I PluginInstance: Adding PixelDrain (https://pixeldrain.com) ExtractorApi
04-05 11:37:10.272  3948 11605 I PluginInstance: Adding Upload18 (https://www.upload18.com) ExtractorApi
04-05 11:37:10.272  3948 11605 I PluginInstance: Adding Xshotcok (https://xshotcok.com) ExtractorApi
04-05 11:37:10.272  3948 11605 I PluginInstance: Adding Co4nxtrl (https://co4nxtrl.com) ExtractorApi
04-05 11:37:10.272  3948 11605 I PluginInstance: Adding Hownetwork (https://stream.hownetwork.xyz) ExtractorApi
04-05 11:37:10.272  3948 11605 I PluginInstance: Adding Hownetwork (https://cloud.hownetwork.xyz) ExtractorApi
04-05 11:37:10.272  3948 11605 I PluginInstance: Adding Furher (https://furher.in) ExtractorApi
04-05 11:37:10.272  3948 11605 I PluginInstance: Adding Furher 2 (723qrh1p.fun) ExtractorApi
04-05 11:37:10.272  3948 11605 I PluginInstance: Adding Turbovidhls (https://turbovid.xyz) ExtractorApi
04-05 11:37:10.272  3948 11605 I PluginInstance: Adding Emturbovid (https://emturbovid.com) ExtractorApi
04-05 11:37:10.272  3948 11605 I PluginInstance: Adding VidHidePro6 (https://vidhidepro.com) ExtractorApi
04-05 11:37:10.272  3948 11605 I PluginManager: Loaded plugin Animasu successfully
04-05 11:37:10.272  3948  3948 I COMPACT : showToast = Plugin terpasang
04-05 11:37:10.272  3948 11605 I PLG     : getPlugins = https://raw.githubusercontent.com/byimam2nd/cloudstream-ekstension/refs/heads/master/repo.json
04-05 11:37:10.275  3948  3948 E Toast   : setGravity() shouldn't be called on text toasts, the values won't be used
04-05 11:37:10.275  3948  3948 I Toast   : setView: it's a custom toast
04-05 11:37:10.276  3948  3948 V Toast   : show: caller = com.lagradost.cloudstream3.CommonActivity.showToast:194 
04-05 11:37:10.280  3948  3970 D OpenGLRenderer: setSurface called with nullptr
04-05 11:37:10.280  3948  3970 D OpenGLRenderer: setSurface() destroyed EGLSurface
04-05 11:37:10.280  3948  3970 D OpenGLRenderer: destroyEglSurface
04-05 11:37:10.282  3948  3948 I ViewRootImpl@7e07bd6[Toast]: dispatchDetachedFromWindow
04-05 11:37:10.282  3948  3948 I BLASTBufferQueue: [ViewRootImpl@7e07bd6[Toast]#77](f:0,a:1) destructor()
04-05 11:37:10.282  3948  3948 D BufferQueueConsumer: [ViewRootImpl@7e07bd6[Toast]#77(BLAST Consumer)77](id:f6c00000055,api:0,p:-1,c:3948) disconnect
04-05 11:37:10.288  3948  3948 D InputTransport: Input channel destroyed: '4acf947', fd=137
04-05 11:37:10.293  3948  3948 V Toast   : HANDLE SHOW: android.widget.Toast$TN@9067ee0 mView=null mNextView=androidx.cardview.widget.CardView{3ac7599 V.E..V... ......ID 0,0-0,0 #7f0a05b5 app:id/toast_layout_root}
04-05 11:37:10.294  3948  3948 V ToastPresenter: sipHeight = -90
04-05 11:37:10.294  3948  3948 V ToastPresenter: yOffset = 9
04-05 11:37:10.295  3948  3970 D NativeCustomFrequencyManager: [NativeCFMS] BpCustomFrequencyManager::BpCustomFrequencyManager()
04-05 11:37:10.301  3948  3948 D InsetsController: onStateChanged: InsetsState: {mDisplayFrame=Rect(0, 0 - 720, 1600), mDisplayCutout=DisplayCutout{insets=Rect(0, 58 - 0, 0) waterfall=Insets{left=0, top=0, right=0, bottom=0} boundingRect={Bounds=[Rect(0, 0 - 0, 0), Rect(298, 0 - 422, 58), Rect(0, 0 - 0, 0), Rect(0, 0 - 0, 0)]} cutoutPathParserInfo={CutoutPathParserInfo{displayWidth=720 displayHeight=1600 physicalDisplayWidth=720 physicalDisplayHeight=1600 density={1.875} cutoutSpec={M62.05,0l-2.7,0l-2.7,0l-1.4,0.1L53.95,0.2l-1.3,0.2l-1.3,0.2L49.95,0.9l-1.3,0.4l-1.3,0.5l-1.2,0.6L44.95,3 l-1.1,0.7l-1,0.8l-1,0.9l-0.9,1l-0.8,1l-0.7,1.1l-0.7,1.2l-0.6,1.2l-0.5,1.3l-0.4,1.3l-0.4,1.3l-0.5,2.3l-0.4,2.3l-0.4,2.3L34.95,23.9 l-0.6,2.3l-0.7,2.2l-0.4,1.1L32.95,30.6l-0.5,1.1L31.95,32.7c-3.5,7.2-9.3,13.1-16.6,16.6c-17.7,8.5-38.9,1.1-47.4-16.6l-0.5-1.1 l-0.5-1.1l-0.4-1.1l-0.4-1.1l-0.7-2.2l-0.6-2.3l-0.5-2.3l-0.4-2.3l-0.4-2.3l-0.5-2.3l-0.4-1.3l-0.4-1.3L-38.15,11l-0.6-1.2l-0.7-1.2 L-40.05,7.5l-0.8-1l-0.9-1l-1-0.9l-1-0.8L-44.95,3l-1.2-0.6l-1.2-0.6l-1.3-0.5l-1.3-0.4l-1.3-0.3L-52.55,0.4L-53.95,0.2L-55.25,0.1L-56.65,0L-59.35,0 L-62.05,0Z} rotation={0} scale={1.0} physicalPixelDisplaySizeRatio={1.0}}}}, mRoundedCorners=RoundedCorners{[RoundedCorner{position=TopLeft, radius=60, center=Point(60, 60)}, RoundedCorner{position=TopRight, radius=60, center=Point(660, 60)}, RoundedCorner{position=BottomRight, radius=60, center=Point(660, 1540)}, RoundedCorner{position=BottomLeft, radius=60, center=Point(60, 1540)}]}  mRoundedCornerFrame=Rect(0, 0 - 0, 0), mPrivacyIndicatorBounds=PrivacyIndicatorBounds {static bounds=Rect(637, 0 - 720, 58) rotation=0}, mSources= { InsetsSource: {mType=ITYPE_NAVIGATION_BAR, mFrame=[0,1510][720,1600], mVisible=true, mInsetsRoundedCornerFrame=false}, InsetsSource: {mType=ITYPE_LEFT_GESTURES, mFrame=[0,0][0,1600], mVisible=true, mInsetsRoundedCornerFrame=false}, InsetsSource: {mType=ITYPE_RIGHT_GESTURES, mFrame=[720,0][720,1600], mVisible=true, mInsetsRoundedCornerFrame=false}, InsetsSource: {mType=ITYPE_TOP_MANDATORY_GESTURES, mFrame=[0,0][720,81], mVisible=true, mInsetsRoundedCornerFrame=false}, InsetsSource: {mType=ITYPE_BOTTOM_MANDATORY_GESTURES, mFrame=[0,1510][720,1600], mVisible=true, mInsetsRoundedCornerFrame=false}, InsetsSource: {mType=ITYPE_LEFT_DISPLAY_CUTOUT, mFrame=[0,0][-100000,1600], mVisible=true, mInsetsRoundedCornerFrame=false}, InsetsSource: {mType=ITYPE_TOP_DISPLAY_CUTOUT, mFrame=[0,0][720,58], mVisible=true, mInsetsRoundedCornerFrame=false}, InsetsSource: {mType=ITYPE_RIGHT_DISPLAY_CUTOUT, mFrame=[100000,0][720,1600], mVisible=true, mInsetsRoundedCornerFrame=false}, InsetsSource: {mType=ITYPE_BOTTOM_DISPLAY_CUTOUT, mFrame=[0,100000][720,1600], mVisible=true, mInsetsRoundedCornerFrame=false}, InsetsSource: {mType=ITYPE_BOTTOM_TAPPABLE_ELEMENT, mFrame=[0,1510][720,1600], mVisible=true, mInsetsRoundedCornerFrame=false} } host=Toast from=android.view.ViewRootImpl.setView:1732
04-05 11:37:10.303  3948  3948 I ViewRootImpl@998e05e[Toast]: setView = androidx.cardview.widget.CardView@3ac7599 TM=true
04-05 11:37:10.307  3948  3948 I ViewRootImpl@998e05e[Toast]: performTraversals params={(0,9)(wrapxwrap) gr=BOTTOM CENTER sim={adjust=resize} ty=TOAST fmt=TRANSLUCENT wanim=0x1030004 surfaceInsets=Rect(8, 8 - 8, 8)
04-05 11:37:10.307  3948  3948 I ViewRootImpl@998e05e[Toast]:   fl=1000098
04-05 11:37:10.307  3948  3948 I ViewRootImpl@998e05e[Toast]:   pfl=12000000
04-05 11:37:10.307  3948  3948 I ViewRootImpl@998e05e[Toast]:   bhv=DEFAULT
04-05 11:37:10.307  3948  3948 I ViewRootImpl@998e05e[Toast]:   fitTypes=STATUS_BARS NAVIGATION_BARS CAPTION_BAR
04-05 11:37:10.307  3948  3948 I ViewRootImpl@998e05e[Toast]:   fitIgnoreVis naviIconColor=0}
04-05 11:37:10.308  3948  3948 I ViewRootImpl@998e05e[Toast]: performTraversals mFirst=true windowShouldResize=false viewVisibilityChanged=false mForceNextWindowRelayout=false params={(0,9)(wrapxwrap) gr=BOTTOM CENTER sim={adjust=resize} ty=TOAST fmt=TRANSLUCENT wanim=0x1030004 surfaceInsets=Rect(8, 8 - 8, 8)
04-05 11:37:10.308  3948  3948 I ViewRootImpl@998e05e[Toast]:   fl=1000098
04-05 11:37:10.308  3948  3948 I ViewRootImpl@998e05e[Toast]:   pfl=12000000
04-05 11:37:10.308  3948  3948 I ViewRootImpl@998e05e[Toast]:   bhv=DEFAULT
04-05 11:37:10.308  3948  3948 I ViewRootImpl@998e05e[Toast]:   fitTypes=STATUS_BARS NAVIGATION_BARS CAPTION_BAR
04-05 11:37:10.308  3948  3948 I ViewRootImpl@998e05e[Toast]:   fitIgnoreVis naviIconColor=0}
04-05 11:37:10.314  3948  3948 I ViewRootImpl@998e05e[Toast]: updateBlastSurfaceIfNeeded mBlastBufferQueue=null isSameSurfaceControl=false
04-05 11:37:10.314  3948  3948 D BufferQueueConsumer: [](id:f6c00000056,api:0,p:-1,c:3948) connect: controlledByApp=false
04-05 11:37:10.314  3948  3948 I BLASTBufferQueue: new BLASTBufferQueue, mName= ViewRootImpl@998e05e[Toast] mNativeObject= 0xb4000077390d3900 sc.mNativeObject= 0xb4000077c2847600 caller= android.view.ViewRootImpl.updateBlastSurfaceIfNeeded:2909 android.view.ViewRootImpl.relayoutWindow:9847 android.view.ViewRootImpl.performTraversals:3884 android.view.ViewRootImpl.doTraversal:3116 android.view.ViewRootImpl$TraversalRunnable.run:10885 android.view.Choreographer$CallbackRecord.run:1301 android.view.Choreographer$CallbackRecord.run:1309 android.view.Choreographer.doCallbacks:923 android.view.Choreographer.doFrame:852 android.view.Choreographer$FrameDisplayEventReceiver.run:1283 
04-05 11:37:10.314  3948  3948 I BLASTBufferQueue: update, w= 318 h= 129 mName = ViewRootImpl@998e05e[Toast] mNativeObject= 0xb4000077390d3900 sc.mNativeObject= 0xb4000077c2847600 format= -3 caller= android.graphics.BLASTBufferQueue.<init>:84 android.view.ViewRootImpl.updateBlastSurfaceIfNeeded:2909 android.view.ViewRootImpl.relayoutWindow:9847 android.view.ViewRootImpl.performTraversals:3884 android.view.ViewRootImpl.doTraversal:3116 android.view.ViewRootImpl$TraversalRunnable.run:10885 
04-05 11:37:10.315  3948  3948 I ViewRootImpl@998e05e[Toast]: Relayout returned: old=(0,58,720,1510) new=(209,1388,511,1501) req=(302,113)0 dur=6 res=0x3 s={true 0xb4000077d8073000} ch=true seqId=0
04-05 11:37:10.316  3948  3948 I ViewRootImpl@998e05e[Toast]: mThreadedRenderer.initialize() mSurface={isValid=true 0xb4000077d8073000} hwInitialized=true
04-05 11:37:10.316  3948  3970 D OpenGLRenderer: eglCreateWindowSurface
04-05 11:37:10.316  3948  3948 I ViewRootImpl@998e05e[Toast]: reportNextDraw android.view.ViewRootImpl.performTraversals:4438 android.view.ViewRootImpl.doTraversal:3116 android.view.ViewRootImpl$TraversalRunnable.run:10885 android.view.Choreographer$CallbackRecord.run:1301 android.view.Choreographer$CallbackRecord.run:1309 
04-05 11:37:10.316  3948  3948 I ViewRootImpl@998e05e[Toast]: Setup new sync id=0
04-05 11:37:10.316  3948  3948 I ViewRootImpl@998e05e[Toast]: Setting syncFrameCallback
04-05 11:37:10.316  3948  3948 I ViewRootImpl@998e05e[Toast]: registerCallbacksForSync syncBuffer=false
04-05 11:37:10.321  3948  4040 I ViewRootImpl@998e05e[Toast]: Received frameDrawingCallback syncResult=0 frameNum=1.
04-05 11:37:10.321  3948  4040 I ViewRootImpl@998e05e[Toast]: Setting up sync and frameCommitCallback
04-05 11:37:10.324  3948  3970 I BLASTBufferQueue: [ViewRootImpl@998e05e[Toast]#78](f:0,a:0) onFrameAvailable the first frame is available
04-05 11:37:10.324  3948  3970 I BLASTBufferQueue: [ViewRootImpl@998e05e[Toast]#78](f:0,a:1) acquireNextBufferLocked size=318x129 mFrameNumber=1 applyTransaction=true mTimestamp=1090996868292489(auto) mPendingTransactions.size=0 graphicBufferId=16956530885587 transform=0
04-05 11:37:10.324  3948  3970 I ViewRootImpl@998e05e[Toast]: Received frameCommittedCallback lastAttemptedDrawFrameNum=1 didProduceBuffer=true
04-05 11:37:10.325  3948  3970 D OpenGLRenderer: CFMS:: SetUp Pid : 3948    Tid : 3970
04-05 11:37:10.325  3948  3970 W Parcel  : Expecting binder but got null!
04-05 11:37:10.325  3948  3948 I ViewRootImpl@998e05e[Toast]: onSyncComplete
04-05 11:37:10.326  3948  3948 I ViewRootImpl@998e05e[Toast]: setupSync seqId=0 mSyncId=0 fn=1 caller=android.view.ViewRootImpl$$ExternalSyntheticLambda11.accept:6 android.window.SurfaceSyncer.lambda$setupSync$1$android-window-SurfaceSyncer:128 android.window.SurfaceSyncer$$ExternalSyntheticLambda1.accept:8 android.window.SurfaceSyncer$SyncSet.checkIfSyncIsComplete:382 android.window.SurfaceSyncer$SyncSet.markSyncReady:359 android.window.SurfaceSyncer.markSyncReady:151 android.view.ViewRootImpl.performTraversals:4503 
04-05 11:37:10.339  3948  3948 I ViewRootImpl@998e05e[Toast]: reportDrawFinished seqId=0 mSyncId=-1 fn=1 mSurfaceChangedTransaction=0xb4000077abb4fb00
04-05 11:37:10.507  3948  3948 I ViewRootImpl@ae38c1e[MainActivity]: ViewPostIme pointer 0
04-05 11:37:10.596  3948  3948 I ViewRootImpl@ae38c1e[MainActivity]: ViewPostIme pointer 1
04-05 11:37:10.614  3948 11605 I PLG     : handlePluginAction = https://raw.githubusercontent.com/byimam2nd/cloudstream-ekstension/refs/heads/master/repo.json, (https://raw.githubusercontent.com/byimam2nd/cloudstream-ekstension/refs/heads/master/repo.json, SitePlugin(url=https://raw.githubusercontent.com/byimam2nd/oce/builds/Donghuastream.cs3, status=1, version=10, apiVersion=1, name=Donghuastream, internalName=Donghuastream, authors=[Imam2nd], description=🐉 Donghuastream - Platform streaming anime Donghua China dengan subtitle Indonesia terlengkap!, repositoryUrl=https://github.com/byimam2nd/oce, tvTypes=[Anime], language=id, iconUrl=https://raw.githubusercontent.com/Kohi-den/extensions-source/927f9c68fd64ce52f6212ae633d0f0585eca3545/src/en/donghuastream/res/mipmap-xxxhdpi/ic_launcher.png, fileSize=183571)), false
04-05 11:37:10.615  3948 11605 D PluginManager: Downloading plugin: https://raw.githubusercontent.com/byimam2nd/oce/builds/Donghuastream.cs3 to /data/user/0/com.lagradost.cloudstream3/files/Extensions/httpsraw.githubusercontent.combyimam2ndcloudstream-ekstensionrefsheadsmasterrepo.json.-1427536412/Donghuastream.-2140266928.cs3
04-05 11:37:10.685  3948 11605 I PluginManager: Unloading plugin: /data/user/0/com.lagradost.cloudstream3/files/Extensions/httpsraw.githubusercontent.combyimam2ndcloudstream-ekstensionrefsheadsmasterrepo.json.-1427536412/Donghuastream.-2140266928.cs3
04-05 11:37:10.685  3948 11605 W PluginManager: Couldn't find plugin /data/user/0/com.lagradost.cloudstream3/files/Extensions/httpsraw.githubusercontent.combyimam2ndcloudstream-ekstensionrefsheadsmasterrepo.json.-1427536412/Donghuastream.-2140266928.cs3
04-05 11:37:10.685  3948 11605 I PluginManager: Loading plugin: PluginData(internalName=Donghuastream, url=https://raw.githubusercontent.com/byimam2nd/oce/builds/Donghuastream.cs3, isOnline=true, filePath=/data/user/0/com.lagradost.cloudstream3/files/Extensions/httpsraw.githubusercontent.combyimam2ndcloudstream-ekstensionrefsheadsmasterrepo.json.-1427536412/Donghuastream.-2140266928.cs3, version=-2147483648)
04-05 11:37:10.696  3948 11605 I PluginInstance: Adding Donghuastream (https://donghuastream.org) MainAPI
04-05 11:37:10.700  3948 11605 I PluginInstance: Adding Do7go (https://do7go.com) ExtractorApi
04-05 11:37:10.700  3948 11605 I PluginInstance: Adding DHC Play (https://dhcplay.com) ExtractorApi
04-05 11:37:10.700  3948 11605 I PluginInstance: Adding Hglink (https://hglink.to) ExtractorApi
04-05 11:37:10.700  3948 11605 I PluginInstance: Adding Ghbrisk (https://ghbrisk.com) ExtractorApi
04-05 11:37:10.700  3948 11605 I PluginInstance: Adding Movearnpre (https://movearnpre.com) ExtractorApi
04-05 11:37:10.700  3948 11605 I PluginInstance: Adding Minochinos (https://minochinos.com) ExtractorApi
04-05 11:37:10.700  3948 11605 I PluginInstance: Adding Mivalyo (https://mivalyo.com) ExtractorApi
04-05 11:37:10.700  3948 11605 I PluginInstance: Adding Ryderjet (https://ryderjet.com) ExtractorApi
04-05 11:37:10.700  3948 11605 I PluginInstance: Adding Bingezove (https://bingezove.com) ExtractorApi
04-05 11:37:10.700  3948 11605 I PluginInstance: Adding Dingtezuni (https://dingtezuni.com) ExtractorApi
04-05 11:37:10.700  3948 11605 I PluginInstance: Adding Dhtpre (https://dhtpre.com) ExtractorApi
04-05 11:37:10.700  3948 11605 I PluginInstance: Adding Listeamed (https://listeamed.net) ExtractorApi
04-05 11:37:10.700  3948 11605 I PluginInstance: Adding Streamcasthub (https://live.streamcasthub.store) ExtractorApi
04-05 11:37:10.700  3948 11605 I PluginInstance: Adding Dm21embed (https://dm21.embed4me.vip) ExtractorApi
04-05 11:37:10.700  3948 11605 I PluginInstance: Adding Dm21upns (https://dm21.upns.live) ExtractorApi
04-05 11:37:10.700  3948 11605 I PluginInstance: Adding Pm21p2p (https://pm21.p2pplay.pro) ExtractorApi
04-05 11:37:10.701  3948 11605 I PluginInstance: Adding Dm21 (https://dm21.embed4me.vip) ExtractorApi
04-05 11:37:10.701  3948 11605 I PluginInstance: Adding Meplayer (https://video.4meplayer.com) ExtractorApi
04-05 11:37:10.701  3948 11605 I PluginInstance: Adding Fufaupns (https://fufafilm.upns.pro) ExtractorApi
04-05 11:37:10.701  3948 11605 I PluginInstance: Adding P2pplay (https://nf21.p2pplay.pro) ExtractorApi
04-05 11:37:10.701  3948 11605 I PluginInstance: Adding Playerngefilm21 (https://player.ngefilm21.com) ExtractorApi
04-05 11:37:10.701  3948 11605 I PluginInstance: Adding Rpmvid (https://rpmvid.com) ExtractorApi
04-05 11:37:10.701  3948 11605 I PluginInstance: Adding Voe (https://voe.sx) ExtractorApi
04-05 11:37:10.701  3948 11605 I PluginInstance: Adding Veev (https://veev.to) ExtractorApi
04-05 11:37:10.701  3948 11605 I PluginInstance: Adding Dintezuvio (https://dintezuvio.com) ExtractorApi
04-05 11:37:10.701  3948 11605 I PluginInstance: Adding Hxfile (https://hxfile.co) ExtractorApi
04-05 11:37:10.701  3948 11605 I PluginInstance: Adding Odnoklassniki (https://odnoklassniki.ru) ExtractorApi
04-05 11:37:10.701  3948 11605 I PluginInstance: Adding OkRuSSL (https://ok.ru) ExtractorApi
04-05 11:37:10.701  3948 11605 I PluginInstance: Adding OkRuHTTP (http://ok.ru) ExtractorApi
04-05 11:37:10.701  3948 11605 I PluginInstance: Adding Dailymotion (https://www.dailymotion.com) ExtractorApi
04-05 11:37:10.701  3948 11605 I PluginInstance: Adding Rumble (https://rumble.com) ExtractorApi
04-05 11:37:10.701  3948 11605 I PluginInstance: Adding StreamRuby (https://rubyvidhub.com) ExtractorApi
04-05 11:37:10.701  3948 11605 I PluginInstance: Adding svanila (https://streamruby.net) ExtractorApi
04-05 11:37:10.701  3948 11605 I PluginInstance: Adding svilla (https://streamruby.com) ExtractorApi
04-05 11:37:10.701  3948 11605 I PluginInstance: Adding Vidguard (https://vidguard.to) ExtractorApi
04-05 11:37:10.701  3948 11605 I PluginInstance: Adding Vidguard (https://bembed.net) ExtractorApi
04-05 11:37:10.701  3948 11605 I PluginInstance: Adding Vidguard (https://listeamed.net) ExtractorApi
04-05 11:37:10.701  3948 11605 I PluginInstance: Adding Vidguard (https://vgfplay.com) ExtractorApi
04-05 11:37:10.701  3948 11605 I PluginInstance: Adding Archivd (https://archivd.net) ExtractorApi
04-05 11:37:10.701  3948 11605 I PluginInstance: Adding Uservideo (https://new.uservideo.xyz) ExtractorApi
04-05 11:37:10.701  3948 11605 I PluginInstance: Adding Vidhidepro (https://vidhidepro.com) ExtractorApi
04-05 11:37:10.701  3948 11605 I PluginInstance: Adding DoodStream (https://dsvplay.com) ExtractorApi
04-05 11:37:10.701  3948 11605 I PluginInstance: Adding ArchiveOrg (https://archive.org) ExtractorApi
04-05 11:37:10.701  3948 11605 I PluginInstance: Adding Megacloud (https://megacloud.blog) ExtractorApi
04-05 11:37:10.701  3948 11605 I PluginInstance: Adding Jeniusplay (https://jeniusplay.com) ExtractorApi
04-05 11:37:10.701  3948 11605 I PluginInstance: Adding Gdriveplayer.to (https://gdriveplayer.to) ExtractorApi
04-05 11:37:10.701  3948 11605 I PluginInstance: Adding GDFlix (https://gdflix.co) ExtractorApi
04-05 11:37:10.701  3948 11605 I PluginInstance: Adding Blogger (https://www.blogger.com) ExtractorApi
04-05 11:37:10.701  3948 11605 I PluginInstance: Adding PixelDrain (https://pixeldrain.com) ExtractorApi
04-05 11:37:10.701  3948 11605 I PluginInstance: Adding Upload18 (https://www.upload18.com) ExtractorApi
04-05 11:37:10.701  3948 11605 I PluginInstance: Adding Xshotcok (https://xshotcok.com) ExtractorApi
04-05 11:37:10.701  3948 11605 I PluginInstance: Adding Co4nxtrl (https://co4nxtrl.com) ExtractorApi
04-05 11:37:10.701  3948 11605 I PluginInstance: Adding Hownetwork (https://stream.hownetwork.xyz) ExtractorApi
04-05 11:37:10.701  3948 11605 I PluginInstance: Adding Hownetwork (https://cloud.hownetwork.xyz) ExtractorApi
04-05 11:37:10.701  3948 11605 I PluginInstance: Adding Furher (https://furher.in) ExtractorApi
04-05 11:37:10.701  3948 11605 I PluginInstance: Adding Furher 2 (723qrh1p.fun) ExtractorApi
04-05 11:37:10.701  3948 11605 I PluginInstance: Adding Turbovidhls (https://turbovid.xyz) ExtractorApi
04-05 11:37:10.701  3948 11605 I PluginInstance: Adding Emturbovid (https://emturbovid.com) ExtractorApi
04-05 11:37:10.701  3948 11605 I PluginInstance: Adding VidHidePro6 (https://vidhidepro.com) ExtractorApi
04-05 11:37:10.701  3948 11605 I PluginManager: Loaded plugin Donghuastream successfully
04-05 11:37:10.702  3948  3948 I COMPACT : showToast = Plugin terpasang
04-05 11:37:10.703  3948 11605 I PLG     : getPlugins = https://raw.githubusercontent.com/byimam2nd/cloudstream-ekstension/refs/heads/master/repo.json
04-05 11:37:10.705  3948  3948 E Toast   : setGravity() shouldn't be called on text toasts, the values won't be used
04-05 11:37:10.705  3948  3948 I Toast   : setView: it's a custom toast
04-05 11:37:10.707  3948  3948 V Toast   : show: caller = com.lagradost.cloudstream3.CommonActivity.showToast:194 
04-05 11:37:10.711  3948  3970 D OpenGLRenderer: setSurface called with nullptr
04-05 11:37:10.711  3948  3970 D OpenGLRenderer: setSurface() destroyed EGLSurface
04-05 11:37:10.711  3948  3970 D OpenGLRenderer: destroyEglSurface
04-05 11:37:10.713  3948  3948 I ViewRootImpl@998e05e[Toast]: dispatchDetachedFromWindow
04-05 11:37:10.713  3948  3948 I BLASTBufferQueue: [ViewRootImpl@998e05e[Toast]#78](f:0,a:1) destructor()
04-05 11:37:10.713  3948  3948 D BufferQueueConsumer: [ViewRootImpl@998e05e[Toast]#78(BLAST Consumer)78](id:f6c00000056,api:0,p:-1,c:3948) disconnect
04-05 11:37:10.718  3948  3948 D InputTransport: Input channel destroyed: 'ac8dcc2', fd=137
04-05 11:37:10.724  3948  3948 V Toast   : HANDLE SHOW: android.widget.Toast$TN@62f2128 mView=null mNextView=androidx.cardview.widget.CardView{b1b7e41 V.E..V... ......ID 0,0-0,0 #7f0a05b5 app:id/toast_layout_root}
04-05 11:37:10.724  3948  3948 V ToastPresenter: sipHeight = -90
04-05 11:37:10.725  3948  3948 V ToastPresenter: yOffset = 9
04-05 11:37:10.726  3948  3970 D NativeCustomFrequencyManager: [NativeCFMS] BpCustomFrequencyManager::BpCustomFrequencyManager()
04-05 11:37:10.731  3948  3948 D InsetsController: onStateChanged: InsetsState: {mDisplayFrame=Rect(0, 0 - 720, 1600), mDisplayCutout=DisplayCutout{insets=Rect(0, 58 - 0, 0) waterfall=Insets{left=0, top=0, right=0, bottom=0} boundingRect={Bounds=[Rect(0, 0 - 0, 0), Rect(298, 0 - 422, 58), Rect(0, 0 - 0, 0), Rect(0, 0 - 0, 0)]} cutoutPathParserInfo={CutoutPathParserInfo{displayWidth=720 displayHeight=1600 physicalDisplayWidth=720 physicalDisplayHeight=1600 density={1.875} cutoutSpec={M62.05,0l-2.7,0l-2.7,0l-1.4,0.1L53.95,0.2l-1.3,0.2l-1.3,0.2L49.95,0.9l-1.3,0.4l-1.3,0.5l-1.2,0.6L44.95,3 l-1.1,0.7l-1,0.8l-1,0.9l-0.9,1l-0.8,1l-0.7,1.1l-0.7,1.2l-0.6,1.2l-0.5,1.3l-0.4,1.3l-0.4,1.3l-0.5,2.3l-0.4,2.3l-0.4,2.3L34.95,23.9 l-0.6,2.3l-0.7,2.2l-0.4,1.1L32.95,30.6l-0.5,1.1L31.95,32.7c-3.5,7.2-9.3,13.1-16.6,16.6c-17.7,8.5-38.9,1.1-47.4-16.6l-0.5-1.1 l-0.5-1.1l-0.4-1.1l-0.4-1.1l-0.7-2.2l-0.6-2.3l-0.5-2.3l-0.4-2.3l-0.4-2.3l-0.5-2.3l-0.4-1.3l-0.4-1.3L-38.15,11l-0.6-1.2l-0.7-1.2 L-40.05,7.5l-0.8-1l-0.9-1l-1-0.9l-1-0.8L-44.95,3l-1.2-0.6l-1.2-0.6l-1.3-0.5l-1.3-0.4l-1.3-0.3L-52.55,0.4L-53.95,0.2L-55.25,0.1L-56.65,0L-59.35,0 L-62.05,0Z} rotation={0} scale={1.0} physicalPixelDisplaySizeRatio={1.0}}}}, mRoundedCorners=RoundedCorners{[RoundedCorner{position=TopLeft, radius=60, center=Point(60, 60)}, RoundedCorner{position=TopRight, radius=60, center=Point(660, 60)}, RoundedCorner{position=BottomRight, radius=60, center=Point(660, 1540)}, RoundedCorner{position=BottomLeft, radius=60, center=Point(60, 1540)}]}  mRoundedCornerFrame=Rect(0, 0 - 0, 0), mPrivacyIndicatorBounds=PrivacyIndicatorBounds {static bounds=Rect(637, 0 - 720, 58) rotation=0}, mSources= { InsetsSource: {mType=ITYPE_NAVIGATION_BAR, mFrame=[0,1510][720,1600], mVisible=true, mInsetsRoundedCornerFrame=false}, InsetsSource: {mType=ITYPE_LEFT_GESTURES, mFrame=[0,0][0,1600], mVisible=true, mInsetsRoundedCornerFrame=false}, InsetsSource: {mType=ITYPE_RIGHT_GESTURES, mFrame=[720,0][720,1600], mVisible=true, mInsetsRoundedCornerFrame=false}, InsetsSource: {mType=ITYPE_TOP_MANDATORY_GESTURES, mFrame=[0,0][720,81], mVisible=true, mInsetsRoundedCornerFrame=false}, InsetsSource: {mType=ITYPE_BOTTOM_MANDATORY_GESTURES, mFrame=[0,1510][720,1600], mVisible=true, mInsetsRoundedCornerFrame=false}, InsetsSource: {mType=ITYPE_LEFT_DISPLAY_CUTOUT, mFrame=[0,0][-100000,1600], mVisible=true, mInsetsRoundedCornerFrame=false}, InsetsSource: {mType=ITYPE_TOP_DISPLAY_CUTOUT, mFrame=[0,0][720,58], mVisible=true, mInsetsRoundedCornerFrame=false}, InsetsSource: {mType=ITYPE_RIGHT_DISPLAY_CUTOUT, mFrame=[100000,0][720,1600], mVisible=true, mInsetsRoundedCornerFrame=false}, InsetsSource: {mType=ITYPE_BOTTOM_DISPLAY_CUTOUT, mFrame=[0,100000][720,1600], mVisible=true, mInsetsRoundedCornerFrame=false}, InsetsSource: {mType=ITYPE_BOTTOM_TAPPABLE_ELEMENT, mFrame=[0,1510][720,1600], mVisible=true, mInsetsRoundedCornerFrame=false} } host=Toast from=android.view.ViewRootImpl.setView:1732
04-05 11:37:10.732  3948  3948 I ViewRootImpl@272bfe6[Toast]: setView = androidx.cardview.widget.CardView@b1b7e41 TM=true
04-05 11:37:10.739  3948  3948 I ViewRootImpl@272bfe6[Toast]: performTraversals params={(0,9)(wrapxwrap) gr=BOTTOM CENTER sim={adjust=resize} ty=TOAST fmt=TRANSLUCENT wanim=0x1030004 surfaceInsets=Rect(8, 8 - 8, 8)
04-05 11:37:10.739  3948  3948 I ViewRootImpl@272bfe6[Toast]:   fl=1000098
04-05 11:37:10.739  3948  3948 I ViewRootImpl@272bfe6[Toast]:   pfl=12000000
04-05 11:37:10.739  3948  3948 I ViewRootImpl@272bfe6[Toast]:   bhv=DEFAULT
04-05 11:37:10.739  3948  3948 I ViewRootImpl@272bfe6[Toast]:   fitTypes=STATUS_BARS NAVIGATION_BARS CAPTION_BAR
04-05 11:37:10.739  3948  3948 I ViewRootImpl@272bfe6[Toast]:   fitIgnoreVis naviIconColor=0}
04-05 11:37:10.739  3948  3948 I ViewRootImpl@272bfe6[Toast]: performTraversals mFirst=true windowShouldResize=false viewVisibilityChanged=false mForceNextWindowRelayout=false params={(0,9)(wrapxwrap) gr=BOTTOM CENTER sim={adjust=resize} ty=TOAST fmt=TRANSLUCENT wanim=0x1030004 surfaceInsets=Rect(8, 8 - 8, 8)
04-05 11:37:10.739  3948  3948 I ViewRootImpl@272bfe6[Toast]:   fl=1000098
04-05 11:37:10.739  3948  3948 I ViewRootImpl@272bfe6[Toast]:   pfl=12000000
04-05 11:37:10.739  3948  3948 I ViewRootImpl@272bfe6[Toast]:   bhv=DEFAULT
04-05 11:37:10.739  3948  3948 I ViewRootImpl@272bfe6[Toast]:   fitTypes=STATUS_BARS NAVIGATION_BARS CAPTION_BAR
04-05 11:37:10.739  3948  3948 I ViewRootImpl@272bfe6[Toast]:   fitIgnoreVis naviIconColor=0}
04-05 11:37:10.746  3948  3948 I ViewRootImpl@272bfe6[Toast]: updateBlastSurfaceIfNeeded mBlastBufferQueue=null isSameSurfaceControl=false
04-05 11:37:10.746  3948  3948 D BufferQueueConsumer: [](id:f6c00000057,api:0,p:-1,c:3948) connect: controlledByApp=false
04-05 11:37:10.747  3948  3948 I BLASTBufferQueue: new BLASTBufferQueue, mName= ViewRootImpl@272bfe6[Toast] mNativeObject= 0xb4000077390d3900 sc.mNativeObject= 0xb40000779cac3a20 caller= android.view.ViewRootImpl.updateBlastSurfaceIfNeeded:2909 android.view.ViewRootImpl.relayoutWindow:9847 android.view.ViewRootImpl.performTraversals:3884 android.view.ViewRootImpl.doTraversal:3116 android.view.ViewRootImpl$TraversalRunnable.run:10885 android.view.Choreographer$CallbackRecord.run:1301 android.view.Choreographer$CallbackRecord.run:1309 android.view.Choreographer.doCallbacks:923 android.view.Choreographer.doFrame:852 android.view.Choreographer$FrameDisplayEventReceiver.run:1283 
04-05 11:37:10.747  3948  3948 I BLASTBufferQueue: update, w= 318 h= 129 mName = ViewRootImpl@272bfe6[Toast] mNativeObject= 0xb4000077390d3900 sc.mNativeObject= 0xb40000779cac3a20 format= -3 caller= android.graphics.BLASTBufferQueue.<init>:84 android.view.ViewRootImpl.updateBlastSurfaceIfNeeded:2909 android.view.ViewRootImpl.relayoutWindow:9847 android.view.ViewRootImpl.performTraversals:3884 android.view.ViewRootImpl.doTraversal:3116 android.view.ViewRootImpl$TraversalRunnable.run:10885 
04-05 11:37:10.747  3948  3948 I ViewRootImpl@272bfe6[Toast]: Relayout returned: old=(0,58,720,1510) new=(209,1388,511,1501) req=(302,113)0 dur=6 res=0x3 s={true 0xb4000077d8073000} ch=true seqId=0
04-05 11:37:10.748  3948  3948 I ViewRootImpl@272bfe6[Toast]: mThreadedRenderer.initialize() mSurface={isValid=true 0xb4000077d8073000} hwInitialized=true
04-05 11:37:10.748  3948  3970 D OpenGLRenderer: eglCreateWindowSurface
04-05 11:37:10.749  3948  3948 I ViewRootImpl@272bfe6[Toast]: reportNextDraw android.view.ViewRootImpl.performTraversals:4438 android.view.ViewRootImpl.doTraversal:3116 android.view.ViewRootImpl$TraversalRunnable.run:10885 android.view.Choreographer$CallbackRecord.run:1301 android.view.Choreographer$CallbackRecord.run:1309 
04-05 11:37:10.749  3948  3948 I ViewRootImpl@272bfe6[Toast]: Setup new sync id=0
04-05 11:37:10.749  3948  3948 I ViewRootImpl@272bfe6[Toast]: Setting syncFrameCallback
04-05 11:37:10.749  3948  3948 I ViewRootImpl@272bfe6[Toast]: registerCallbacksForSync syncBuffer=false
04-05 11:37:10.754  3948  4041 I ViewRootImpl@272bfe6[Toast]: Received frameDrawingCallback syncResult=0 frameNum=1.
04-05 11:37:10.754  3948  4041 I ViewRootImpl@272bfe6[Toast]: Setting up sync and frameCommitCallback
04-05 11:37:10.756  3948  3970 I BLASTBufferQueue: [ViewRootImpl@272bfe6[Toast]#79](f:0,a:0) onFrameAvailable the first frame is available
04-05 11:37:10.756  3948  3970 I BLASTBufferQueue: [ViewRootImpl@272bfe6[Toast]#79](f:0,a:1) acquireNextBufferLocked size=318x129 mFrameNumber=1 applyTransaction=true mTimestamp=1090997300776258(auto) mPendingTransactions.size=0 graphicBufferId=16956530885590 transform=0
04-05 11:37:10.757  3948  3970 I ViewRootImpl@272bfe6[Toast]: Received frameCommittedCallback lastAttemptedDrawFrameNum=1 didProduceBuffer=true
04-05 11:37:10.757  3948  3970 D OpenGLRenderer: CFMS:: SetUp Pid : 3948    Tid : 3970
04-05 11:37:10.758  3948  3970 W Parcel  : Expecting binder but got null!
04-05 11:37:10.758  3948  3948 I ViewRootImpl@272bfe6[Toast]: onSyncComplete
04-05 11:37:10.758  3948  3948 I ViewRootImpl@272bfe6[Toast]: setupSync seqId=0 mSyncId=0 fn=1 caller=android.view.ViewRootImpl$$ExternalSyntheticLambda11.accept:6 android.window.SurfaceSyncer.lambda$setupSync$1$android-window-SurfaceSyncer:128 android.window.SurfaceSyncer$$ExternalSyntheticLambda1.accept:8 android.window.SurfaceSyncer$SyncSet.checkIfSyncIsComplete:382 android.window.SurfaceSyncer$SyncSet.markSyncReady:359 android.window.SurfaceSyncer.markSyncReady:151 android.view.ViewRootImpl.performTraversals:4503 
04-05 11:37:10.766  3948  3948 I ViewRootImpl@272bfe6[Toast]: reportDrawFinished seqId=0 mSyncId=-1 fn=1 mSurfaceChangedTransaction=0xb4000077abc27a00
04-05 11:37:11.009  3948  3948 I ViewRootImpl@ae38c1e[MainActivity]: ViewPostIme pointer 0
04-05 11:37:11.101  3948  3948 I ViewRootImpl@ae38c1e[MainActivity]: ViewPostIme pointer 1
04-05 11:37:11.114  3948 11605 I PLG     : handlePluginAction = https://raw.githubusercontent.com/byimam2nd/cloudstream-ekstension/refs/heads/master/repo.json, (https://raw.githubusercontent.com/byimam2nd/cloudstream-ekstension/refs/heads/master/repo.json, SitePlugin(url=https://raw.githubusercontent.com/byimam2nd/oce/builds/Funmovieslix.cs3, status=1, version=10, apiVersion=1, name=Funmovieslix, internalName=Funmovieslix, authors=[Imam2nd], description=🎬 Funmovieslix - Streaming film dan series Indonesia dengan kualitas HD dan server cepat!, repositoryUrl=https://github.com/byimam2nd/oce, tvTypes=[Movie, TvSeries], language=id, iconUrl=https://raw.githubusercontent.com/imam2nd/TVVVV/refs/heads/main/Icons/Funmovieslix.png, fileSize=182861)), false
04-05 11:37:11.115  3948 11605 D PluginManager: Downloading plugin: https://raw.githubusercontent.com/byimam2nd/oce/builds/Funmovieslix.cs3 to /data/user/0/com.lagradost.cloudstream3/files/Extensions/httpsraw.githubusercontent.combyimam2ndcloudstream-ekstensionrefsheadsmasterrepo.json.-1427536412/Funmovieslix.1702794745.cs3
04-05 11:37:11.163  3948 11605 I PluginManager: Unloading plugin: /data/user/0/com.lagradost.cloudstream3/files/Extensions/httpsraw.githubusercontent.combyimam2ndcloudstream-ekstensionrefsheadsmasterrepo.json.-1427536412/Funmovieslix.1702794745.cs3
04-05 11:37:11.163  3948 11605 W PluginManager: Couldn't find plugin /data/user/0/com.lagradost.cloudstream3/files/Extensions/httpsraw.githubusercontent.combyimam2ndcloudstream-ekstensionrefsheadsmasterrepo.json.-1427536412/Funmovieslix.1702794745.cs3
04-05 11:37:11.163  3948 11605 I PluginManager: Loading plugin: PluginData(internalName=Funmovieslix, url=https://raw.githubusercontent.com/byimam2nd/oce/builds/Funmovieslix.cs3, isOnline=true, filePath=/data/user/0/com.lagradost.cloudstream3/files/Extensions/httpsraw.githubusercontent.combyimam2ndcloudstream-ekstensionrefsheadsmasterrepo.json.-1427536412/Funmovieslix.1702794745.cs3, version=-2147483648)
04-05 11:37:11.174  3948 11605 I PluginInstance: Adding Funmovieslix (https://funmovieslix.com) MainAPI
04-05 11:37:11.179  3948 11605 I PluginInstance: Adding Do7go (https://do7go.com) ExtractorApi
04-05 11:37:11.179  3948 11605 I PluginInstance: Adding DHC Play (https://dhcplay.com) ExtractorApi
04-05 11:37:11.179  3948 11605 I PluginInstance: Adding Hglink (https://hglink.to) ExtractorApi
04-05 11:37:11.179  3948 11605 I PluginInstance: Adding Ghbrisk (https://ghbrisk.com) ExtractorApi
04-05 11:37:11.179  3948 11605 I PluginInstance: Adding Movearnpre (https://movearnpre.com) ExtractorApi
04-05 11:37:11.179  3948 11605 I PluginInstance: Adding Minochinos (https://minochinos.com) ExtractorApi
04-05 11:37:11.179  3948 11605 I PluginInstance: Adding Mivalyo (https://mivalyo.com) ExtractorApi
04-05 11:37:11.179  3948 11605 I PluginInstance: Adding Ryderjet (https://ryderjet.com) ExtractorApi
04-05 11:37:11.179  3948 11605 I PluginInstance: Adding Bingezove (https://bingezove.com) ExtractorApi
04-05 11:37:11.179  3948 11605 I PluginInstance: Adding Dingtezuni (https://dingtezuni.com) ExtractorApi
04-05 11:37:11.179  3948 11605 I PluginInstance: Adding Dhtpre (https://dhtpre.com) ExtractorApi
04-05 11:37:11.179  3948 11605 I PluginInstance: Adding Listeamed (https://listeamed.net) ExtractorApi
04-05 11:37:11.179  3948 11605 I PluginInstance: Adding Streamcasthub (https://live.streamcasthub.store) ExtractorApi
04-05 11:37:11.179  3948 11605 I PluginInstance: Adding Dm21embed (https://dm21.embed4me.vip) ExtractorApi
04-05 11:37:11.179  3948 11605 I PluginInstance: Adding Dm21upns (https://dm21.upns.live) ExtractorApi
04-05 11:37:11.179  3948 11605 I PluginInstance: Adding Pm21p2p (https://pm21.p2pplay.pro) ExtractorApi
04-05 11:37:11.179  3948 11605 I PluginInstance: Adding Dm21 (https://dm21.embed4me.vip) ExtractorApi
04-05 11:37:11.179  3948 11605 I PluginInstance: Adding Meplayer (https://video.4meplayer.com) ExtractorApi
04-05 11:37:11.179  3948 11605 I PluginInstance: Adding Fufaupns (https://fufafilm.upns.pro) ExtractorApi
04-05 11:37:11.179  3948 11605 I PluginInstance: Adding P2pplay (https://nf21.p2pplay.pro) ExtractorApi
04-05 11:37:11.179  3948 11605 I PluginInstance: Adding Playerngefilm21 (https://player.ngefilm21.com) ExtractorApi
04-05 11:37:11.179  3948 11605 I PluginInstance: Adding Rpmvid (https://rpmvid.com) ExtractorApi
04-05 11:37:11.179  3948 11605 I PluginInstance: Adding Voe (https://voe.sx) ExtractorApi
04-05 11:37:11.179  3948 11605 I PluginInstance: Adding Veev (https://veev.to) ExtractorApi
04-05 11:37:11.179  3948 11605 I PluginInstance: Adding Dintezuvio (https://dintezuvio.com) ExtractorApi
04-05 11:37:11.179  3948 11605 I PluginInstance: Adding Hxfile (https://hxfile.co) ExtractorApi
04-05 11:37:11.179  3948 11605 I PluginInstance: Adding Odnoklassniki (https://odnoklassniki.ru) ExtractorApi
04-05 11:37:11.179  3948 11605 I PluginInstance: Adding OkRuSSL (https://ok.ru) ExtractorApi
04-05 11:37:11.180  3948 11605 I PluginInstance: Adding OkRuHTTP (http://ok.ru) ExtractorApi
04-05 11:37:11.180  3948 11605 I PluginInstance: Adding Dailymotion (https://www.dailymotion.com) ExtractorApi
04-05 11:37:11.180  3948 11605 I PluginInstance: Adding Rumble (https://rumble.com) ExtractorApi
04-05 11:37:11.180  3948 11605 I PluginInstance: Adding StreamRuby (https://rubyvidhub.com) ExtractorApi
04-05 11:37:11.180  3948 11605 I PluginInstance: Adding svanila (https://streamruby.net) ExtractorApi
04-05 11:37:11.180  3948 11605 I PluginInstance: Adding svilla (https://streamruby.com) ExtractorApi
04-05 11:37:11.180  3948 11605 I PluginInstance: Adding Vidguard (https://vidguard.to) ExtractorApi
04-05 11:37:11.180  3948 11605 I PluginInstance: Adding Vidguard (https://bembed.net) ExtractorApi
04-05 11:37:11.180  3948 11605 I PluginInstance: Adding Vidguard (https://listeamed.net) ExtractorApi
04-05 11:37:11.180  3948 11605 I PluginInstance: Adding Vidguard (https://vgfplay.com) ExtractorApi
04-05 11:37:11.180  3948 11605 I PluginInstance: Adding Archivd (https://archivd.net) ExtractorApi
04-05 11:37:11.180  3948 11605 I PluginInstance: Adding Uservideo (https://new.uservideo.xyz) ExtractorApi
04-05 11:37:11.180  3948 11605 I PluginInstance: Adding Vidhidepro (https://vidhidepro.com) ExtractorApi
04-05 11:37:11.180  3948 11605 I PluginInstance: Adding DoodStream (https://dsvplay.com) ExtractorApi
04-05 11:37:11.180  3948 11605 I PluginInstance: Adding ArchiveOrg (https://archive.org) ExtractorApi
04-05 11:37:11.180  3948 11605 I PluginInstance: Adding Megacloud (https://megacloud.blog) ExtractorApi
04-05 11:37:11.180  3948 11605 I PluginInstance: Adding Jeniusplay (https://jeniusplay.com) ExtractorApi
04-05 11:37:11.180  3948 11605 I PluginInstance: Adding Gdriveplayer.to (https://gdriveplayer.to) ExtractorApi
04-05 11:37:11.180  3948 11605 I PluginInstance: Adding GDFlix (https://gdflix.co) ExtractorApi
04-05 11:37:11.180  3948 11605 I PluginInstance: Adding Blogger (https://www.blogger.com) ExtractorApi
04-05 11:37:11.180  3948 11605 I PluginInstance: Adding PixelDrain (https://pixeldrain.com) ExtractorApi
04-05 11:37:11.180  3948 11605 I PluginInstance: Adding Upload18 (https://www.upload18.com) ExtractorApi
04-05 11:37:11.180  3948 11605 I PluginInstance: Adding Xshotcok (https://xshotcok.com) ExtractorApi
04-05 11:37:11.180  3948 11605 I PluginInstance: Adding Co4nxtrl (https://co4nxtrl.com) ExtractorApi
04-05 11:37:11.180  3948 11605 I PluginInstance: Adding Hownetwork (https://stream.hownetwork.xyz) ExtractorApi
04-05 11:37:11.180  3948 11605 I PluginInstance: Adding Hownetwork (https://cloud.hownetwork.xyz) ExtractorApi
04-05 11:37:11.180  3948 11605 I PluginInstance: Adding Furher (https://furher.in) ExtractorApi
04-05 11:37:11.180  3948 11605 I PluginInstance: Adding Furher 2 (723qrh1p.fun) ExtractorApi
04-05 11:37:11.180  3948 11605 I PluginInstance: Adding Turbovidhls (https://turbovid.xyz) ExtractorApi
04-05 11:37:11.180  3948 11605 I PluginInstance: Adding Emturbovid (https://emturbovid.com) ExtractorApi
04-05 11:37:11.180  3948 11605 I PluginInstance: Adding VidHidePro6 (https://vidhidepro.com) ExtractorApi
04-05 11:37:11.180  3948 11605 I PluginManager: Loaded plugin Funmovieslix successfully
04-05 11:37:11.180  3948  3948 I COMPACT : showToast = Plugin terpasang
04-05 11:37:11.180  3948 11605 I PLG     : getPlugins = https://raw.githubusercontent.com/byimam2nd/cloudstream-ekstension/refs/heads/master/repo.json
04-05 11:37:11.183  3948  3948 E Toast   : setGravity() shouldn't be called on text toasts, the values won't be used
04-05 11:37:11.183  3948  3948 I Toast   : setView: it's a custom toast
04-05 11:37:11.185  3948  3948 V Toast   : show: caller = com.lagradost.cloudstream3.CommonActivity.showToast:194 
04-05 11:37:11.189  3948  3970 D OpenGLRenderer: setSurface called with nullptr
04-05 11:37:11.189  3948  3970 D OpenGLRenderer: setSurface() destroyed EGLSurface
04-05 11:37:11.189  3948  3970 D OpenGLRenderer: destroyEglSurface
04-05 11:37:11.191  3948  3948 I ViewRootImpl@272bfe6[Toast]: dispatchDetachedFromWindow
04-05 11:37:11.191  3948  3948 I BLASTBufferQueue: [ViewRootImpl@272bfe6[Toast]#79](f:0,a:1) destructor()
04-05 11:37:11.191  3948  3948 D BufferQueueConsumer: [ViewRootImpl@272bfe6[Toast]#79(BLAST Consumer)79](id:f6c00000057,api:0,p:-1,c:3948) disconnect
04-05 11:37:11.196  3948  3948 D InputTransport: Input channel destroyed: 'dac6340', fd=190
04-05 11:37:11.202  3948  3948 V Toast   : HANDLE SHOW: android.widget.Toast$TN@7e42670 mView=null mNextView=androidx.cardview.widget.CardView{a7aade9 V.E..V... ......ID 0,0-0,0 #7f0a05b5 app:id/toast_layout_root}
04-05 11:37:11.203  3948  3948 V ToastPresenter: sipHeight = -90
04-05 11:37:11.204  3948  3948 V ToastPresenter: yOffset = 9
04-05 11:37:11.205  3948  3970 D NativeCustomFrequencyManager: [NativeCFMS] BpCustomFrequencyManager::BpCustomFrequencyManager()
04-05 11:37:11.210  3948  3948 D InsetsController: onStateChanged: InsetsState: {mDisplayFrame=Rect(0, 0 - 720, 1600), mDisplayCutout=DisplayCutout{insets=Rect(0, 58 - 0, 0) waterfall=Insets{left=0, top=0, right=0, bottom=0} boundingRect={Bounds=[Rect(0, 0 - 0, 0), Rect(298, 0 - 422, 58), Rect(0, 0 - 0, 0), Rect(0, 0 - 0, 0)]} cutoutPathParserInfo={CutoutPathParserInfo{displayWidth=720 displayHeight=1600 physicalDisplayWidth=720 physicalDisplayHeight=1600 density={1.875} cutoutSpec={M62.05,0l-2.7,0l-2.7,0l-1.4,0.1L53.95,0.2l-1.3,0.2l-1.3,0.2L49.95,0.9l-1.3,0.4l-1.3,0.5l-1.2,0.6L44.95,3 l-1.1,0.7l-1,0.8l-1,0.9l-0.9,1l-0.8,1l-0.7,1.1l-0.7,1.2l-0.6,1.2l-0.5,1.3l-0.4,1.3l-0.4,1.3l-0.5,2.3l-0.4,2.3l-0.4,2.3L34.95,23.9 l-0.6,2.3l-0.7,2.2l-0.4,1.1L32.95,30.6l-0.5,1.1L31.95,32.7c-3.5,7.2-9.3,13.1-16.6,16.6c-17.7,8.5-38.9,1.1-47.4-16.6l-0.5-1.1 l-0.5-1.1l-0.4-1.1l-0.4-1.1l-0.7-2.2l-0.6-2.3l-0.5-2.3l-0.4-2.3l-0.4-2.3l-0.5-2.3l-0.4-1.3l-0.4-1.3L-38.15,11l-0.6-1.2l-0.7-1.2 L-40.05,7.5l-0.8-1l-0.9-1l-1-0.9l-1-0.8L-44.95,3l-1.2-0.6l-1.2-0.6l-1.3-0.5l-1.3-0.4l-1.3-0.3L-52.55,0.4L-53.95,0.2L-55.25,0.1L-56.65,0L-59.35,0 L-62.05,0Z} rotation={0} scale={1.0} physicalPixelDisplaySizeRatio={1.0}}}}, mRoundedCorners=RoundedCorners{[RoundedCorner{position=TopLeft, radius=60, center=Point(60, 60)}, RoundedCorner{position=TopRight, radius=60, center=Point(660, 60)}, RoundedCorner{position=BottomRight, radius=60, center=Point(660, 1540)}, RoundedCorner{position=BottomLeft, radius=60, center=Point(60, 1540)}]}  mRoundedCornerFrame=Rect(0, 0 - 0, 0), mPrivacyIndicatorBounds=PrivacyIndicatorBounds {static bounds=Rect(637, 0 - 720, 58) rotation=0}, mSources= { InsetsSource: {mType=ITYPE_NAVIGATION_BAR, mFrame=[0,1510][720,1600], mVisible=true, mInsetsRoundedCornerFrame=false}, InsetsSource: {mType=ITYPE_LEFT_GESTURES, mFrame=[0,0][0,1600], mVisible=true, mInsetsRoundedCornerFrame=false}, InsetsSource: {mType=ITYPE_RIGHT_GESTURES, mFrame=[720,0][720,1600], mVisible=true, mInsetsRoundedCornerFrame=false}, InsetsSource: {mType=ITYPE_TOP_MANDATORY_GESTURES, mFrame=[0,0][720,81], mVisible=true, mInsetsRoundedCornerFrame=false}, InsetsSource: {mType=ITYPE_BOTTOM_MANDATORY_GESTURES, mFrame=[0,1510][720,1600], mVisible=true, mInsetsRoundedCornerFrame=false}, InsetsSource: {mType=ITYPE_LEFT_DISPLAY_CUTOUT, mFrame=[0,0][-100000,1600], mVisible=true, mInsetsRoundedCornerFrame=false}, InsetsSource: {mType=ITYPE_TOP_DISPLAY_CUTOUT, mFrame=[0,0][720,58], mVisible=true, mInsetsRoundedCornerFrame=false}, InsetsSource: {mType=ITYPE_RIGHT_DISPLAY_CUTOUT, mFrame=[100000,0][720,1600], mVisible=true, mInsetsRoundedCornerFrame=false}, InsetsSource: {mType=ITYPE_BOTTOM_DISPLAY_CUTOUT, mFrame=[0,100000][720,1600], mVisible=true, mInsetsRoundedCornerFrame=false}, InsetsSource: {mType=ITYPE_BOTTOM_TAPPABLE_ELEMENT, mFrame=[0,1510][720,1600], mVisible=true, mInsetsRoundedCornerFrame=false} } host=Toast from=android.view.ViewRootImpl.setView:1732
04-05 11:37:11.211  3948  3948 I ViewRootImpl@26f3a6e[Toast]: setView = androidx.cardview.widget.CardView@a7aade9 TM=true
04-05 11:37:11.215  3948  3948 I ViewRootImpl@26f3a6e[Toast]: performTraversals params={(0,9)(wrapxwrap) gr=BOTTOM CENTER sim={adjust=resize} ty=TOAST fmt=TRANSLUCENT wanim=0x1030004 surfaceInsets=Rect(8, 8 - 8, 8)
04-05 11:37:11.215  3948  3948 I ViewRootImpl@26f3a6e[Toast]:   fl=1000098
04-05 11:37:11.215  3948  3948 I ViewRootImpl@26f3a6e[Toast]:   pfl=12000000
04-05 11:37:11.215  3948  3948 I ViewRootImpl@26f3a6e[Toast]:   bhv=DEFAULT
04-05 11:37:11.215  3948  3948 I ViewRootImpl@26f3a6e[Toast]:   fitTypes=STATUS_BARS NAVIGATION_BARS CAPTION_BAR
04-05 11:37:11.215  3948  3948 I ViewRootImpl@26f3a6e[Toast]:   fitIgnoreVis naviIconColor=0}
04-05 11:37:11.216  3948  3948 I ViewRootImpl@26f3a6e[Toast]: performTraversals mFirst=true windowShouldResize=false viewVisibilityChanged=false mForceNextWindowRelayout=false params={(0,9)(wrapxwrap) gr=BOTTOM CENTER sim={adjust=resize} ty=TOAST fmt=TRANSLUCENT wanim=0x1030004 surfaceInsets=Rect(8, 8 - 8, 8)
04-05 11:37:11.216  3948  3948 I ViewRootImpl@26f3a6e[Toast]:   fl=1000098
04-05 11:37:11.216  3948  3948 I ViewRootImpl@26f3a6e[Toast]:   pfl=12000000
04-05 11:37:11.216  3948  3948 I ViewRootImpl@26f3a6e[Toast]:   bhv=DEFAULT
04-05 11:37:11.216  3948  3948 I ViewRootImpl@26f3a6e[Toast]:   fitTypes=STATUS_BARS NAVIGATION_BARS CAPTION_BAR
04-05 11:37:11.216  3948  3948 I ViewRootImpl@26f3a6e[Toast]:   fitIgnoreVis naviIconColor=0}
04-05 11:37:11.222  3948  3948 I ViewRootImpl@26f3a6e[Toast]: updateBlastSurfaceIfNeeded mBlastBufferQueue=null isSameSurfaceControl=false
04-05 11:37:11.222  3948  3948 D BufferQueueConsumer: [](id:f6c00000058,api:0,p:-1,c:3948) connect: controlledByApp=false
04-05 11:37:11.223  3948  3948 I BLASTBufferQueue: new BLASTBufferQueue, mName= ViewRootImpl@26f3a6e[Toast] mNativeObject= 0xb4000077390d3900 sc.mNativeObject= 0xb4000077d5396f60 caller= android.view.ViewRootImpl.updateBlastSurfaceIfNeeded:2909 android.view.ViewRootImpl.relayoutWindow:9847 android.view.ViewRootImpl.performTraversals:3884 android.view.ViewRootImpl.doTraversal:3116 android.view.ViewRootImpl$TraversalRunnable.run:10885 android.view.Choreographer$CallbackRecord.run:1301 android.view.Choreographer$CallbackRecord.run:1309 android.view.Choreographer.doCallbacks:923 android.view.Choreographer.doFrame:852 android.view.Choreographer$FrameDisplayEventReceiver.run:1283 
04-05 11:37:11.223  3948  3948 I BLASTBufferQueue: update, w= 318 h= 129 mName = ViewRootImpl@26f3a6e[Toast] mNativeObject= 0xb4000077390d3900 sc.mNativeObject= 0xb4000077d5396f60 format= -3 caller= android.graphics.BLASTBufferQueue.<init>:84 android.view.ViewRootImpl.updateBlastSurfaceIfNeeded:2909 android.view.ViewRootImpl.relayoutWindow:9847 android.view.ViewRootImpl.performTraversals:3884 android.view.ViewRootImpl.doTraversal:3116 android.view.ViewRootImpl$TraversalRunnable.run:10885 
04-05 11:37:11.223  3948  3948 I ViewRootImpl@26f3a6e[Toast]: Relayout returned: old=(0,58,720,1510) new=(209,1388,511,1501) req=(302,113)0 dur=6 res=0x3 s={true 0xb4000077d8073000} ch=true seqId=0
04-05 11:37:11.224  3948  3948 I ViewRootImpl@26f3a6e[Toast]: mThreadedRenderer.initialize() mSurface={isValid=true 0xb4000077d8073000} hwInitialized=true
04-05 11:37:11.224  3948  3970 D OpenGLRenderer: eglCreateWindowSurface
04-05 11:37:11.225  3948  3948 I ViewRootImpl@26f3a6e[Toast]: reportNextDraw android.view.ViewRootImpl.performTraversals:4438 android.view.ViewRootImpl.doTraversal:3116 android.view.ViewRootImpl$TraversalRunnable.run:10885 android.view.Choreographer$CallbackRecord.run:1301 android.view.Choreographer$CallbackRecord.run:1309 
04-05 11:37:11.225  3948  3948 I ViewRootImpl@26f3a6e[Toast]: Setup new sync id=0
04-05 11:37:11.225  3948  3948 I ViewRootImpl@26f3a6e[Toast]: Setting syncFrameCallback
04-05 11:37:11.225  3948  3948 I ViewRootImpl@26f3a6e[Toast]: registerCallbacksForSync syncBuffer=false
04-05 11:37:11.226  3948  4040 I ViewRootImpl@26f3a6e[Toast]: Received frameDrawingCallback syncResult=0 frameNum=1.
