04-05 12:33:41.551 13149 13239 I ViewRootImpl@f8b7859[MainActivity]: mWNT: t=0xb4000077d83d6c00 mBlastBufferQueue=0xb4000077c7d0c600 fn= 427 caller= android.view.ViewRootImpl.lambda$applyTransactionOnDraw$11$android-view-ViewRootImpl:12865 android.view.ViewRootImpl$$ExternalSyntheticLambda1.onFrameDraw:4 android.graphics.HardwareRenderer$FrameDrawingCallback.onFrameDraw:924 
04-05 12:33:41.567 13149 13149 I SurfaceView@53f3f55: Changes: creating=false format=false size=false visible=false alpha=false hint=false mUseAlpha=false visible=false left=false top=true
04-05 12:33:41.567 13149 13149 I SurfaceView@53f3f55: 88031061 Cur surface: Surface(name=null)/@0xbd07737
04-05 12:33:41.567 13149 13149 I SurfaceView@53f3f55: applyTransactionOnVriDraw: vri = ViewRootImpl@f8b7859[MainActivity] fRS = false t = 0xb4000077d85b7400 android.view.SurfaceView.performSurfaceTransaction:959 android.view.SurfaceView.updateSurface:1105 android.view.SurfaceView.lambda$new$0$android-view-SurfaceView:200 
04-05 12:33:41.568 13149 13149 I ViewRootImpl@f8b7859[MainActivity]: applyTransactionOnDraw: mRemoved = false isHardwareEnabled = true t = 0xb4000077d85b7400android.view.SurfaceView.applyTransactionOnVriDraw:2048 android.view.SurfaceView.performSurfaceTransaction:959 android.view.SurfaceView.updateSurface:1105 android.view.SurfaceView.lambda$new$0$android-view-SurfaceView:200 android.view.SurfaceView$$ExternalSyntheticLambda5.onPreDraw:2 
04-05 12:33:41.568 13149 13149 I SurfaceView@53f3f55: updateSurface: mVisible = true mSurface.isValid() = true
04-05 12:33:41.568 13149 13149 I SurfaceView@53f3f55: updateSurface: mSurfaceCreated = true surfaceChanged = false visibleChanged = false
04-05 12:33:41.568 13149 13149 V SurfaceView@53f3f55: Layout: x=0 y=-302 w=720 h=375, frame=Rect(0, 0 - 720, 375)
04-05 12:33:41.569 13149 13238 D SurfaceView@53f3f55: updateSurfacePosition RenderWorker, frameNr = 428, position = [0, -336, 720, 39] surfaceSize = 720x375
04-05 12:33:41.569 13149 13238 I SurfaceView@53f3f55: uSP: rtp = Rect(0, -336 - 720, 39) rtsw = 720 rtsh = 375
04-05 12:33:41.569 13149 13238 I SurfaceView@53f3f55: onSSPAndSRT: pl = 0 pt = -336 sx = 1.0 sy = 1.0
04-05 12:33:41.570 13149 13238 I SurfaceView@53f3f55: aOrMT: ViewRootImpl@f8b7859[MainActivity] t = android.view.SurfaceControl$Transaction@ecfd5c2 fN = 428 android.view.SurfaceView.-$$Nest$mapplyOrMergeTransaction:0 android.view.SurfaceView$SurfaceViewPositionUpdateListener.positionChanged:1537 android.graphics.RenderNode$CompositePositionUpdateListener.positionChanged:373 
04-05 12:33:41.570 13149 13238 I ViewRootImpl@f8b7859[MainActivity]: mWNT: t=0xb4000077a019d800 mBlastBufferQueue=0xb4000077c7d0c600 fn= 428 caller= android.view.SurfaceView.applyOrMergeTransaction:1455 android.view.SurfaceView.-$$Nest$mapplyOrMergeTransaction:0 android.view.SurfaceView$SurfaceViewPositionUpdateListener.positionChanged:1537 
04-05 12:33:41.570 13149 13238 I ViewRootImpl@f8b7859[MainActivity]: mWNT: t=0xb4000077d85b7400 mBlastBufferQueue=0xb4000077c7d0c600 fn= 428 caller= android.view.ViewRootImpl.lambda$applyTransactionOnDraw$11$android-view-ViewRootImpl:12865 android.view.ViewRootImpl$$ExternalSyntheticLambda1.onFrameDraw:4 android.graphics.HardwareRenderer$FrameDrawingCallback.onFrameDraw:924 
04-05 12:33:41.583 13149 13149 I SurfaceView@53f3f55: Changes: creating=false format=false size=false visible=false alpha=false hint=false mUseAlpha=false visible=false left=false top=true
04-05 12:33:41.583 13149 13149 I SurfaceView@53f3f55: 88031061 Cur surface: Surface(name=null)/@0xbd07737
04-05 12:33:41.583 13149 13149 I SurfaceView@53f3f55: applyTransactionOnVriDraw: vri = ViewRootImpl@f8b7859[MainActivity] fRS = false t = 0xb4000077d85b7800 android.view.SurfaceView.performSurfaceTransaction:959 android.view.SurfaceView.updateSurface:1105 android.view.SurfaceView.lambda$new$0$android-view-SurfaceView:200 
04-05 12:33:41.583 13149 13149 I ViewRootImpl@f8b7859[MainActivity]: applyTransactionOnDraw: mRemoved = false isHardwareEnabled = true t = 0xb4000077d85b7800android.view.SurfaceView.applyTransactionOnVriDraw:2048 android.view.SurfaceView.performSurfaceTransaction:959 android.view.SurfaceView.updateSurface:1105 android.view.SurfaceView.lambda$new$0$android-view-SurfaceView:200 android.view.SurfaceView$$ExternalSyntheticLambda5.onPreDraw:2 
04-05 12:33:41.583 13149 13149 I SurfaceView@53f3f55: updateSurface: mVisible = true mSurface.isValid() = true
04-05 12:33:41.583 13149 13149 I SurfaceView@53f3f55: updateSurface: mSurfaceCreated = true surfaceChanged = false visibleChanged = false
04-05 12:33:41.583 13149 13149 V SurfaceView@53f3f55: Layout: x=0 y=-336 w=720 h=375, frame=Rect(0, 0 - 720, 375)
04-05 12:33:41.585 13149 13239 D SurfaceView@53f3f55: updateSurfacePosition RenderWorker, frameNr = 429, position = [0, -371, 720, 4] surfaceSize = 720x375
04-05 12:33:41.585 13149 13239 I SurfaceView@53f3f55: uSP: rtp = Rect(0, -371 - 720, 4) rtsw = 720 rtsh = 375
04-05 12:33:41.585 13149 13239 I SurfaceView@53f3f55: onSSPAndSRT: pl = 0 pt = -371 sx = 1.0 sy = 1.0
04-05 12:33:41.585 13149 13239 I SurfaceView@53f3f55: aOrMT: ViewRootImpl@f8b7859[MainActivity] t = android.view.SurfaceControl$Transaction@ecfd5c2 fN = 429 android.view.SurfaceView.-$$Nest$mapplyOrMergeTransaction:0 android.view.SurfaceView$SurfaceViewPositionUpdateListener.positionChanged:1537 android.graphics.RenderNode$CompositePositionUpdateListener.positionChanged:373 
04-05 12:33:41.585 13149 13239 I ViewRootImpl@f8b7859[MainActivity]: mWNT: t=0xb4000077a019d800 mBlastBufferQueue=0xb4000077c7d0c600 fn= 429 caller= android.view.SurfaceView.applyOrMergeTransaction:1455 android.view.SurfaceView.-$$Nest$mapplyOrMergeTransaction:0 android.view.SurfaceView$SurfaceViewPositionUpdateListener.positionChanged:1537 
04-05 12:33:41.585 13149 13239 I ViewRootImpl@f8b7859[MainActivity]: mWNT: t=0xb4000077d85b7800 mBlastBufferQueue=0xb4000077c7d0c600 fn= 429 caller= android.view.ViewRootImpl.lambda$applyTransactionOnDraw$11$android-view-ViewRootImpl:12865 android.view.ViewRootImpl$$ExternalSyntheticLambda1.onFrameDraw:4 android.graphics.HardwareRenderer$FrameDrawingCallback.onFrameDraw:924 
04-05 12:33:41.599 13149 13149 I SurfaceView@53f3f55: Changes: creating=false format=false size=false visible=false alpha=false hint=false mUseAlpha=false visible=false left=false top=true
04-05 12:33:41.599 13149 13149 I SurfaceView@53f3f55: 88031061 Cur surface: Surface(name=null)/@0xbd07737
04-05 12:33:41.599 13149 13149 I SurfaceView@53f3f55: applyTransactionOnVriDraw: vri = ViewRootImpl@f8b7859[MainActivity] fRS = false t = 0xb4000077d85b7900 android.view.SurfaceView.performSurfaceTransaction:959 android.view.SurfaceView.updateSurface:1105 android.view.SurfaceView.lambda$new$0$android-view-SurfaceView:200 
04-05 12:33:41.599 13149 13149 I ViewRootImpl@f8b7859[MainActivity]: applyTransactionOnDraw: mRemoved = false isHardwareEnabled = true t = 0xb4000077d85b7900android.view.SurfaceView.applyTransactionOnVriDraw:2048 android.view.SurfaceView.performSurfaceTransaction:959 android.view.SurfaceView.updateSurface:1105 android.view.SurfaceView.lambda$new$0$android-view-SurfaceView:200 android.view.SurfaceView$$ExternalSyntheticLambda5.onPreDraw:2 
04-05 12:33:41.599 13149 13149 I SurfaceView@53f3f55: updateSurface: mVisible = true mSurface.isValid() = true
04-05 12:33:41.599 13149 13149 I SurfaceView@53f3f55: updateSurface: mSurfaceCreated = true surfaceChanged = false visibleChanged = false
04-05 12:33:41.599 13149 13149 V SurfaceView@53f3f55: Layout: x=0 y=-371 w=720 h=375, frame=Rect(0, 0 - 720, 375)
04-05 12:33:41.601 13149 13238 D SurfaceView@53f3f55: updateSurfacePosition RenderWorker, frameNr = 430, position = [0, -405, 720, -30] surfaceSize = 720x375
04-05 12:33:41.601 13149 13238 I SurfaceView@53f3f55: uSP: rtp = Rect(0, -405 - 720, -30) rtsw = 720 rtsh = 375
04-05 12:33:41.601 13149 13238 I SurfaceView@53f3f55: onSSPAndSRT: pl = 0 pt = -405 sx = 1.0 sy = 1.0
04-05 12:33:41.601 13149 13238 I SurfaceView@53f3f55: aOrMT: ViewRootImpl@f8b7859[MainActivity] t = android.view.SurfaceControl$Transaction@ecfd5c2 fN = 430 android.view.SurfaceView.-$$Nest$mapplyOrMergeTransaction:0 android.view.SurfaceView$SurfaceViewPositionUpdateListener.positionChanged:1537 android.graphics.RenderNode$CompositePositionUpdateListener.positionChanged:373 
04-05 12:33:41.601 13149 13238 I ViewRootImpl@f8b7859[MainActivity]: mWNT: t=0xb4000077a019d800 mBlastBufferQueue=0xb4000077c7d0c600 fn= 430 caller= android.view.SurfaceView.applyOrMergeTransaction:1455 android.view.SurfaceView.-$$Nest$mapplyOrMergeTransaction:0 android.view.SurfaceView$SurfaceViewPositionUpdateListener.positionChanged:1537 
04-05 12:33:41.601 13149 13238 I ViewRootImpl@f8b7859[MainActivity]: mWNT: t=0xb4000077d85b7900 mBlastBufferQueue=0xb4000077c7d0c600 fn= 430 caller= android.view.ViewRootImpl.lambda$applyTransactionOnDraw$11$android-view-ViewRootImpl:12865 android.view.ViewRootImpl$$ExternalSyntheticLambda1.onFrameDraw:4 android.graphics.HardwareRenderer$FrameDrawingCallback.onFrameDraw:924 
04-05 12:33:41.616 13149 13149 I SurfaceView@53f3f55: Changes: creating=false format=false size=false visible=false alpha=false hint=false mUseAlpha=false visible=false left=false top=true
04-05 12:33:41.616 13149 13149 I SurfaceView@53f3f55: 88031061 Cur surface: Surface(name=null)/@0xbd07737
04-05 12:33:41.616 13149 13149 I SurfaceView@53f3f55: applyTransactionOnVriDraw: vri = ViewRootImpl@f8b7859[MainActivity] fRS = false t = 0xb4000077d85b7b00 android.view.SurfaceView.performSurfaceTransaction:959 android.view.SurfaceView.updateSurface:1105 android.view.SurfaceView.lambda$new$0$android-view-SurfaceView:200 
04-05 12:33:41.616 13149 13149 I ViewRootImpl@f8b7859[MainActivity]: applyTransactionOnDraw: mRemoved = false isHardwareEnabled = true t = 0xb4000077d85b7b00android.view.SurfaceView.applyTransactionOnVriDraw:2048 android.view.SurfaceView.performSurfaceTransaction:959 android.view.SurfaceView.updateSurface:1105 android.view.SurfaceView.lambda$new$0$android-view-SurfaceView:200 android.view.SurfaceView$$ExternalSyntheticLambda5.onPreDraw:2 
04-05 12:33:41.616 13149 13149 I SurfaceView@53f3f55: updateSurface: mVisible = true mSurface.isValid() = true
04-05 12:33:41.616 13149 13149 I SurfaceView@53f3f55: updateSurface: mSurfaceCreated = true surfaceChanged = false visibleChanged = false
04-05 12:33:41.616 13149 13149 V SurfaceView@53f3f55: Layout: x=0 y=-405 w=720 h=375, frame=Rect(0, 0 - 720, 375)
04-05 12:33:41.617 13149 13239 D SurfaceView@53f3f55: updateSurfacePosition RenderWorker, frameNr = 431, position = [0, -435, 720, -60] surfaceSize = 720x375
04-05 12:33:41.617 13149 13239 I SurfaceView@53f3f55: uSP: rtp = Rect(0, -435 - 720, -60) rtsw = 720 rtsh = 375
04-05 12:33:41.617 13149 13239 I SurfaceView@53f3f55: onSSPAndSRT: pl = 0 pt = -435 sx = 1.0 sy = 1.0
04-05 12:33:41.618 13149 13239 I SurfaceView@53f3f55: aOrMT: ViewRootImpl@f8b7859[MainActivity] t = android.view.SurfaceControl$Transaction@ecfd5c2 fN = 431 android.view.SurfaceView.-$$Nest$mapplyOrMergeTransaction:0 android.view.SurfaceView$SurfaceViewPositionUpdateListener.positionChanged:1537 android.graphics.RenderNode$CompositePositionUpdateListener.positionChanged:373 
04-05 12:33:41.618 13149 13239 I ViewRootImpl@f8b7859[MainActivity]: mWNT: t=0xb4000077a019d800 mBlastBufferQueue=0xb4000077c7d0c600 fn= 431 caller= android.view.SurfaceView.applyOrMergeTransaction:1455 android.view.SurfaceView.-$$Nest$mapplyOrMergeTransaction:0 android.view.SurfaceView$SurfaceViewPositionUpdateListener.positionChanged:1537 
04-05 12:33:41.618 13149 13239 I ViewRootImpl@f8b7859[MainActivity]: mWNT: t=0xb4000077d85b7b00 mBlastBufferQueue=0xb4000077c7d0c600 fn= 431 caller= android.view.ViewRootImpl.lambda$applyTransactionOnDraw$11$android-view-ViewRootImpl:12865 android.view.ViewRootImpl$$ExternalSyntheticLambda1.onFrameDraw:4 android.graphics.HardwareRenderer$FrameDrawingCallback.onFrameDraw:924 
04-05 12:33:41.632 13149 13149 I SurfaceView@53f3f55: Changes: creating=false format=false size=false visible=false alpha=false hint=false mUseAlpha=false visible=false left=false top=true
04-05 12:33:41.632 13149 13149 I SurfaceView@53f3f55: 88031061 Cur surface: Surface(name=null)/@0xbd07737
04-05 12:33:41.633 13149 13149 I SurfaceView@53f3f55: applyTransactionOnVriDraw: vri = ViewRootImpl@f8b7859[MainActivity] fRS = false t = 0xb4000077d85b7f00 android.view.SurfaceView.performSurfaceTransaction:959 android.view.SurfaceView.updateSurface:1105 android.view.SurfaceView.lambda$new$0$android-view-SurfaceView:200 
04-05 12:33:41.633 13149 13149 I ViewRootImpl@f8b7859[MainActivity]: applyTransactionOnDraw: mRemoved = false isHardwareEnabled = true t = 0xb4000077d85b7f00android.view.SurfaceView.applyTransactionOnVriDraw:2048 android.view.SurfaceView.performSurfaceTransaction:959 android.view.SurfaceView.updateSurface:1105 android.view.SurfaceView.lambda$new$0$android-view-SurfaceView:200 android.view.SurfaceView$$ExternalSyntheticLambda5.onPreDraw:2 
04-05 12:33:41.633 13149 13149 I SurfaceView@53f3f55: updateSurface: mVisible = true mSurface.isValid() = true
04-05 12:33:41.633 13149 13149 I SurfaceView@53f3f55: updateSurface: mSurfaceCreated = true surfaceChanged = false visibleChanged = false
04-05 12:33:41.633 13149 13149 V SurfaceView@53f3f55: Layout: x=0 y=-435 w=720 h=375, frame=Rect(0, 0 - 720, 375)
04-05 12:33:41.634 13149 13238 D SurfaceView@53f3f55: updateSurfacePosition RenderWorker, frameNr = 432, position = [0, -465, 720, -90] surfaceSize = 720x375
04-05 12:33:41.634 13149 13238 I SurfaceView@53f3f55: uSP: rtp = Rect(0, -465 - 720, -90) rtsw = 720 rtsh = 375
04-05 12:33:41.634 13149 13238 I SurfaceView@53f3f55: onSSPAndSRT: pl = 0 pt = -465 sx = 1.0 sy = 1.0
04-05 12:33:41.635 13149 13238 I SurfaceView@53f3f55: aOrMT: ViewRootImpl@f8b7859[MainActivity] t = android.view.SurfaceControl$Transaction@ecfd5c2 fN = 432 android.view.SurfaceView.-$$Nest$mapplyOrMergeTransaction:0 android.view.SurfaceView$SurfaceViewPositionUpdateListener.positionChanged:1537 android.graphics.RenderNode$CompositePositionUpdateListener.positionChanged:373 
04-05 12:33:41.635 13149 13238 I ViewRootImpl@f8b7859[MainActivity]: mWNT: t=0xb4000077a019d800 mBlastBufferQueue=0xb4000077c7d0c600 fn= 432 caller= android.view.SurfaceView.applyOrMergeTransaction:1455 android.view.SurfaceView.-$$Nest$mapplyOrMergeTransaction:0 android.view.SurfaceView$SurfaceViewPositionUpdateListener.positionChanged:1537 
04-05 12:33:41.635 13149 13238 I ViewRootImpl@f8b7859[MainActivity]: mWNT: t=0xb4000077d85b7f00 mBlastBufferQueue=0xb4000077c7d0c600 fn= 432 caller= android.view.ViewRootImpl.lambda$applyTransactionOnDraw$11$android-view-ViewRootImpl:12865 android.view.ViewRootImpl$$ExternalSyntheticLambda1.onFrameDraw:4 android.graphics.HardwareRenderer$FrameDrawingCallback.onFrameDraw:924 
04-05 12:33:41.649 13149 13149 I SurfaceView@53f3f55: Changes: creating=false format=false size=false visible=false alpha=false hint=false mUseAlpha=false visible=false left=false top=true
04-05 12:33:41.649 13149 13149 I SurfaceView@53f3f55: 88031061 Cur surface: Surface(name=null)/@0xbd07737
04-05 12:33:41.649 13149 13149 I SurfaceView@53f3f55: applyTransactionOnVriDraw: vri = ViewRootImpl@f8b7859[MainActivity] fRS = false t = 0xb4000077c793c100 android.view.SurfaceView.performSurfaceTransaction:959 android.view.SurfaceView.updateSurface:1105 android.view.SurfaceView.lambda$new$0$android-view-SurfaceView:200 
04-05 12:33:41.649 13149 13149 I ViewRootImpl@f8b7859[MainActivity]: applyTransactionOnDraw: mRemoved = false isHardwareEnabled = true t = 0xb4000077c793c100android.view.SurfaceView.applyTransactionOnVriDraw:2048 android.view.SurfaceView.performSurfaceTransaction:959 android.view.SurfaceView.updateSurface:1105 android.view.SurfaceView.lambda$new$0$android-view-SurfaceView:200 android.view.SurfaceView$$ExternalSyntheticLambda5.onPreDraw:2 
04-05 12:33:41.649 13149 13149 I SurfaceView@53f3f55: updateSurface: mVisible = true mSurface.isValid() = true
04-05 12:33:41.650 13149 13149 I SurfaceView@53f3f55: updateSurface: mSurfaceCreated = true surfaceChanged = false visibleChanged = false
04-05 12:33:41.650 13149 13149 V SurfaceView@53f3f55: Layout: x=0 y=-465 w=720 h=375, frame=Rect(0, 0 - 720, 375)
04-05 12:33:41.651 13149 13239 D SurfaceView@53f3f55: updateSurfacePosition RenderWorker, frameNr = 433, position = [0, -494, 720, -119] surfaceSize = 720x375
04-05 12:33:41.651 13149 13239 I SurfaceView@53f3f55: uSP: rtp = Rect(0, -494 - 720, -119) rtsw = 720 rtsh = 375
04-05 12:33:41.651 13149 13239 I SurfaceView@53f3f55: onSSPAndSRT: pl = 0 pt = -494 sx = 1.0 sy = 1.0
04-05 12:33:41.651 13149 13239 I SurfaceView@53f3f55: aOrMT: ViewRootImpl@f8b7859[MainActivity] t = android.view.SurfaceControl$Transaction@ecfd5c2 fN = 433 android.view.SurfaceView.-$$Nest$mapplyOrMergeTransaction:0 android.view.SurfaceView$SurfaceViewPositionUpdateListener.positionChanged:1537 android.graphics.RenderNode$CompositePositionUpdateListener.positionChanged:373 
04-05 12:33:41.651 13149 13239 I ViewRootImpl@f8b7859[MainActivity]: mWNT: t=0xb4000077a019d800 mBlastBufferQueue=0xb4000077c7d0c600 fn= 433 caller= android.view.SurfaceView.applyOrMergeTransaction:1455 android.view.SurfaceView.-$$Nest$mapplyOrMergeTransaction:0 android.view.SurfaceView$SurfaceViewPositionUpdateListener.positionChanged:1537 
04-05 12:33:41.652 13149 13239 I ViewRootImpl@f8b7859[MainActivity]: mWNT: t=0xb4000077c793c100 mBlastBufferQueue=0xb4000077c7d0c600 fn= 433 caller= android.view.ViewRootImpl.lambda$applyTransactionOnDraw$11$android-view-ViewRootImpl:12865 android.view.ViewRootImpl$$ExternalSyntheticLambda1.onFrameDraw:4 android.graphics.HardwareRenderer$FrameDrawingCallback.onFrameDraw:924 
04-05 12:33:41.667 13149 13149 I SurfaceView@53f3f55: Changes: creating=false format=false size=false visible=false alpha=false hint=false mUseAlpha=false visible=false left=false top=true
04-05 12:33:41.667 13149 13149 I SurfaceView@53f3f55: 88031061 Cur surface: Surface(name=null)/@0xbd07737
04-05 12:33:41.668 13149 13149 I SurfaceView@53f3f55: applyTransactionOnVriDraw: vri = ViewRootImpl@f8b7859[MainActivity] fRS = false t = 0xb4000077c793c200 android.view.SurfaceView.performSurfaceTransaction:959 android.view.SurfaceView.updateSurface:1105 android.view.SurfaceView.lambda$new$0$android-view-SurfaceView:200 
04-05 12:33:41.668 13149 13149 I ViewRootImpl@f8b7859[MainActivity]: applyTransactionOnDraw: mRemoved = false isHardwareEnabled = true t = 0xb4000077c793c200android.view.SurfaceView.applyTransactionOnVriDraw:2048 android.view.SurfaceView.performSurfaceTransaction:959 android.view.SurfaceView.updateSurface:1105 android.view.SurfaceView.lambda$new$0$android-view-SurfaceView:200 android.view.SurfaceView$$ExternalSyntheticLambda5.onPreDraw:2 
04-05 12:33:41.668 13149 13149 I SurfaceView@53f3f55: updateSurface: mVisible = true mSurface.isValid() = true
04-05 12:33:41.668 13149 13149 I SurfaceView@53f3f55: updateSurface: mSurfaceCreated = true surfaceChanged = false visibleChanged = false
04-05 12:33:41.668 13149 13149 V SurfaceView@53f3f55: Layout: x=0 y=-494 w=720 h=375, frame=Rect(0, 0 - 720, 375)
04-05 12:33:41.670 13149 13238 D SurfaceView@53f3f55: updateSurfacePosition RenderWorker, frameNr = 434, position = [0, -520, 720, -145] surfaceSize = 720x375
04-05 12:33:41.670 13149 13238 I SurfaceView@53f3f55: uSP: rtp = Rect(0, -520 - 720, -145) rtsw = 720 rtsh = 375
04-05 12:33:41.670 13149 13238 I SurfaceView@53f3f55: onSSPAndSRT: pl = 0 pt = -520 sx = 1.0 sy = 1.0
04-05 12:33:41.671 13149 13238 I SurfaceView@53f3f55: aOrMT: ViewRootImpl@f8b7859[MainActivity] t = android.view.SurfaceControl$Transaction@ecfd5c2 fN = 434 android.view.SurfaceView.-$$Nest$mapplyOrMergeTransaction:0 android.view.SurfaceView$SurfaceViewPositionUpdateListener.positionChanged:1537 android.graphics.RenderNode$CompositePositionUpdateListener.positionChanged:373 
04-05 12:33:41.671 13149 13238 I ViewRootImpl@f8b7859[MainActivity]: mWNT: t=0xb4000077a019d800 mBlastBufferQueue=0xb4000077c7d0c600 fn= 434 caller= android.view.SurfaceView.applyOrMergeTransaction:1455 android.view.SurfaceView.-$$Nest$mapplyOrMergeTransaction:0 android.view.SurfaceView$SurfaceViewPositionUpdateListener.positionChanged:1537 
04-05 12:33:41.671 13149 13239 I ViewRootImpl@f8b7859[MainActivity]: mWNT: t=0xb4000077c793c200 mBlastBufferQueue=0xb4000077c7d0c600 fn= 434 caller= android.view.ViewRootImpl.lambda$applyTransactionOnDraw$11$android-view-ViewRootImpl:12865 android.view.ViewRootImpl$$ExternalSyntheticLambda1.onFrameDraw:4 android.graphics.HardwareRenderer$FrameDrawingCallback.onFrameDraw:924 
04-05 12:33:41.682 13149 13149 I SurfaceView@53f3f55: Changes: creating=false format=false size=false visible=false alpha=false hint=false mUseAlpha=false visible=false left=false top=true
04-05 12:33:41.682 13149 13149 I SurfaceView@53f3f55: 88031061 Cur surface: Surface(name=null)/@0xbd07737
04-05 12:33:41.682 13149 13149 I SurfaceView@53f3f55: applyTransactionOnVriDraw: vri = ViewRootImpl@f8b7859[MainActivity] fRS = false t = 0xb4000077c793c400 android.view.SurfaceView.performSurfaceTransaction:959 android.view.SurfaceView.updateSurface:1105 android.view.SurfaceView.lambda$new$0$android-view-SurfaceView:200 
04-05 12:33:41.683 13149 13149 I ViewRootImpl@f8b7859[MainActivity]: applyTransactionOnDraw: mRemoved = false isHardwareEnabled = true t = 0xb4000077c793c400android.view.SurfaceView.applyTransactionOnVriDraw:2048 android.view.SurfaceView.performSurfaceTransaction:959 android.view.SurfaceView.updateSurface:1105 android.view.SurfaceView.lambda$new$0$android-view-SurfaceView:200 android.view.SurfaceView$$ExternalSyntheticLambda5.onPreDraw:2 
04-05 12:33:41.683 13149 13149 I SurfaceView@53f3f55: updateSurface: mVisible = true mSurface.isValid() = true
04-05 12:33:41.683 13149 13149 I SurfaceView@53f3f55: updateSurface: mSurfaceCreated = true surfaceChanged = false visibleChanged = false
04-05 12:33:41.683 13149 13149 V SurfaceView@53f3f55: Layout: x=0 y=-520 w=720 h=375, frame=Rect(0, 0 - 720, 375)
04-05 12:33:41.684 13149 13238 D SurfaceView@53f3f55: updateSurfacePosition RenderWorker, frameNr = 435, position = [0, -546, 720, -171] surfaceSize = 720x375
04-05 12:33:41.684 13149 13238 I SurfaceView@53f3f55: uSP: rtp = Rect(0, -546 - 720, -171) rtsw = 720 rtsh = 375
04-05 12:33:41.684 13149 13238 I SurfaceView@53f3f55: onSSPAndSRT: pl = 0 pt = -546 sx = 1.0 sy = 1.0
04-05 12:33:41.684 13149 13238 I SurfaceView@53f3f55: aOrMT: ViewRootImpl@f8b7859[MainActivity] t = android.view.SurfaceControl$Transaction@ecfd5c2 fN = 435 android.view.SurfaceView.-$$Nest$mapplyOrMergeTransaction:0 android.view.SurfaceView$SurfaceViewPositionUpdateListener.positionChanged:1537 android.graphics.RenderNode$CompositePositionUpdateListener.positionChanged:373 
04-05 12:33:41.684 13149 13238 I ViewRootImpl@f8b7859[MainActivity]: mWNT: t=0xb4000077a019d800 mBlastBufferQueue=0xb4000077c7d0c600 fn= 435 caller= android.view.SurfaceView.applyOrMergeTransaction:1455 android.view.SurfaceView.-$$Nest$mapplyOrMergeTransaction:0 android.view.SurfaceView$SurfaceViewPositionUpdateListener.positionChanged:1537 
04-05 12:33:41.685 13149 13238 I ViewRootImpl@f8b7859[MainActivity]: mWNT: t=0xb4000077c793c400 mBlastBufferQueue=0xb4000077c7d0c600 fn= 435 caller= android.view.ViewRootImpl.lambda$applyTransactionOnDraw$11$android-view-ViewRootImpl:12865 android.view.ViewRootImpl$$ExternalSyntheticLambda1.onFrameDraw:4 android.graphics.HardwareRenderer$FrameDrawingCallback.onFrameDraw:924 
04-05 12:33:41.699 13149 13149 I SurfaceView@53f3f55: Changes: creating=false format=false size=false visible=false alpha=false hint=false mUseAlpha=false visible=false left=false top=true
04-05 12:33:41.699 13149 13149 I SurfaceView@53f3f55: 88031061 Cur surface: Surface(name=null)/@0xbd07737
04-05 12:33:41.699 13149 13149 I SurfaceView@53f3f55: applyTransactionOnVriDraw: vri = ViewRootImpl@f8b7859[MainActivity] fRS = false t = 0xb4000077c797d600 android.view.SurfaceView.performSurfaceTransaction:959 android.view.SurfaceView.updateSurface:1105 android.view.SurfaceView.lambda$new$0$android-view-SurfaceView:200 
04-05 12:33:41.699 13149 13149 I ViewRootImpl@f8b7859[MainActivity]: applyTransactionOnDraw: mRemoved = false isHardwareEnabled = true t = 0xb4000077c797d600android.view.SurfaceView.applyTransactionOnVriDraw:2048 android.view.SurfaceView.performSurfaceTransaction:959 android.view.SurfaceView.updateSurface:1105 android.view.SurfaceView.lambda$new$0$android-view-SurfaceView:200 android.view.SurfaceView$$ExternalSyntheticLambda5.onPreDraw:2 
04-05 12:33:41.699 13149 13149 I SurfaceView@53f3f55: updateSurface: mVisible = true mSurface.isValid() = true
04-05 12:33:41.699 13149 13149 I SurfaceView@53f3f55: updateSurface: mSurfaceCreated = true surfaceChanged = false visibleChanged = false
04-05 12:33:41.699 13149 13149 V SurfaceView@53f3f55: Layout: x=0 y=-546 w=720 h=375, frame=Rect(0, 0 - 720, 375)
04-05 12:33:41.701 13149 13239 D SurfaceView@53f3f55: updateSurfacePosition RenderWorker, frameNr = 436, position = [0, -570, 720, -195] surfaceSize = 720x375
04-05 12:33:41.701 13149 13239 I SurfaceView@53f3f55: uSP: rtp = Rect(0, -570 - 720, -195) rtsw = 720 rtsh = 375
04-05 12:33:41.701 13149 13239 I SurfaceView@53f3f55: onSSPAndSRT: pl = 0 pt = -570 sx = 1.0 sy = 1.0
04-05 12:33:41.701 13149 13239 I SurfaceView@53f3f55: aOrMT: ViewRootImpl@f8b7859[MainActivity] t = android.view.SurfaceControl$Transaction@ecfd5c2 fN = 436 android.view.SurfaceView.-$$Nest$mapplyOrMergeTransaction:0 android.view.SurfaceView$SurfaceViewPositionUpdateListener.positionChanged:1537 android.graphics.RenderNode$CompositePositionUpdateListener.positionChanged:373 
04-05 12:33:41.701 13149 13239 I ViewRootImpl@f8b7859[MainActivity]: mWNT: t=0xb4000077a019d800 mBlastBufferQueue=0xb4000077c7d0c600 fn= 436 caller= android.view.SurfaceView.applyOrMergeTransaction:1455 android.view.SurfaceView.-$$Nest$mapplyOrMergeTransaction:0 android.view.SurfaceView$SurfaceViewPositionUpdateListener.positionChanged:1537 
04-05 12:33:41.702 13149 13238 I ViewRootImpl@f8b7859[MainActivity]: mWNT: t=0xb4000077c797d600 mBlastBufferQueue=0xb4000077c7d0c600 fn= 436 caller= android.view.ViewRootImpl.lambda$applyTransactionOnDraw$11$android-view-ViewRootImpl:12865 android.view.ViewRootImpl$$ExternalSyntheticLambda1.onFrameDraw:4 android.graphics.HardwareRenderer$FrameDrawingCallback.onFrameDraw:924 
04-05 12:33:41.715 13149 13149 I SurfaceView@53f3f55: Changes: creating=false format=false size=false visible=false alpha=false hint=false mUseAlpha=false visible=false left=false top=true
04-05 12:33:41.715 13149 13149 I SurfaceView@53f3f55: 88031061 Cur surface: Surface(name=null)/@0xbd07737
04-05 12:33:41.716 13149 13149 I SurfaceView@53f3f55: applyTransactionOnVriDraw: vri = ViewRootImpl@f8b7859[MainActivity] fRS = false t = 0xb4000077c798c000 android.view.SurfaceView.performSurfaceTransaction:959 android.view.SurfaceView.updateSurface:1105 android.view.SurfaceView.lambda$new$0$android-view-SurfaceView:200 
04-05 12:33:41.716 13149 13149 I ViewRootImpl@f8b7859[MainActivity]: applyTransactionOnDraw: mRemoved = false isHardwareEnabled = true t = 0xb4000077c798c000android.view.SurfaceView.applyTransactionOnVriDraw:2048 android.view.SurfaceView.performSurfaceTransaction:959 android.view.SurfaceView.updateSurface:1105 android.view.SurfaceView.lambda$new$0$android-view-SurfaceView:200 android.view.SurfaceView$$ExternalSyntheticLambda5.onPreDraw:2 
04-05 12:33:41.716 13149 13149 I SurfaceView@53f3f55: updateSurface: mVisible = true mSurface.isValid() = true
04-05 12:33:41.716 13149 13149 I SurfaceView@53f3f55: updateSurface: mSurfaceCreated = true surfaceChanged = false visibleChanged = false
04-05 12:33:41.716 13149 13149 V SurfaceView@53f3f55: Layout: x=0 y=-570 w=720 h=375, frame=Rect(0, 0 - 720, 375)
04-05 12:33:41.717 13149 13239 D SurfaceView@53f3f55: updateSurfacePosition RenderWorker, frameNr = 437, position = [0, -592, 720, -217] surfaceSize = 720x375
04-05 12:33:41.718 13149 13239 I SurfaceView@53f3f55: uSP: rtp = Rect(0, -592 - 720, -217) rtsw = 720 rtsh = 375
04-05 12:33:41.718 13149 13239 I SurfaceView@53f3f55: onSSPAndSRT: pl = 0 pt = -592 sx = 1.0 sy = 1.0
04-05 12:33:41.718 13149 13239 I SurfaceView@53f3f55: aOrMT: ViewRootImpl@f8b7859[MainActivity] t = android.view.SurfaceControl$Transaction@ecfd5c2 fN = 437 android.view.SurfaceView.-$$Nest$mapplyOrMergeTransaction:0 android.view.SurfaceView$SurfaceViewPositionUpdateListener.positionChanged:1537 android.graphics.RenderNode$CompositePositionUpdateListener.positionChanged:373 
04-05 12:33:41.718 13149 13239 I ViewRootImpl@f8b7859[MainActivity]: mWNT: t=0xb4000077a019d800 mBlastBufferQueue=0xb4000077c7d0c600 fn= 437 caller= android.view.SurfaceView.applyOrMergeTransaction:1455 android.view.SurfaceView.-$$Nest$mapplyOrMergeTransaction:0 android.view.SurfaceView$SurfaceViewPositionUpdateListener.positionChanged:1537 
04-05 12:33:41.718 13149 13239 I ViewRootImpl@f8b7859[MainActivity]: mWNT: t=0xb4000077c798c000 mBlastBufferQueue=0xb4000077c7d0c600 fn= 437 caller= android.view.ViewRootImpl.lambda$applyTransactionOnDraw$11$android-view-ViewRootImpl:12865 android.view.ViewRootImpl$$ExternalSyntheticLambda1.onFrameDraw:4 android.graphics.HardwareRenderer$FrameDrawingCallback.onFrameDraw:924 
04-05 12:33:41.732 13149 13149 I SurfaceView@53f3f55: Changes: creating=false format=false size=false visible=false alpha=false hint=false mUseAlpha=false visible=false left=false top=true
04-05 12:33:41.732 13149 13149 I SurfaceView@53f3f55: 88031061 Cur surface: Surface(name=null)/@0xbd07737
04-05 12:33:41.733 13149 13149 I SurfaceView@53f3f55: applyTransactionOnVriDraw: vri = ViewRootImpl@f8b7859[MainActivity] fRS = false t = 0xb4000077c798c900 android.view.SurfaceView.performSurfaceTransaction:959 android.view.SurfaceView.updateSurface:1105 android.view.SurfaceView.lambda$new$0$android-view-SurfaceView:200 
04-05 12:33:41.733 13149 13149 I ViewRootImpl@f8b7859[MainActivity]: applyTransactionOnDraw: mRemoved = false isHardwareEnabled = true t = 0xb4000077c798c900android.view.SurfaceView.applyTransactionOnVriDraw:2048 android.view.SurfaceView.performSurfaceTransaction:959 android.view.SurfaceView.updateSurface:1105 android.view.SurfaceView.lambda$new$0$android-view-SurfaceView:200 android.view.SurfaceView$$ExternalSyntheticLambda5.onPreDraw:2 
04-05 12:33:41.733 13149 13149 I SurfaceView@53f3f55: updateSurface: mVisible = true mSurface.isValid() = true
04-05 12:33:41.733 13149 13149 I SurfaceView@53f3f55: updateSurface: mSurfaceCreated = true surfaceChanged = false visibleChanged = false
04-05 12:33:41.733 13149 13149 V SurfaceView@53f3f55: Layout: x=0 y=-592 w=720 h=375, frame=Rect(0, 0 - 720, 375)
04-05 12:33:41.734 13149 13238 D SurfaceView@53f3f55: updateSurfacePosition RenderWorker, frameNr = 438, position = [0, -615, 720, -240] surfaceSize = 720x375
04-05 12:33:41.734 13149 13238 I SurfaceView@53f3f55: uSP: rtp = Rect(0, -615 - 720, -240) rtsw = 720 rtsh = 375
04-05 12:33:41.734 13149 13238 I SurfaceView@53f3f55: onSSPAndSRT: pl = 0 pt = -615 sx = 1.0 sy = 1.0
04-05 12:33:41.734 13149 13238 I SurfaceView@53f3f55: aOrMT: ViewRootImpl@f8b7859[MainActivity] t = android.view.SurfaceControl$Transaction@ecfd5c2 fN = 438 android.view.SurfaceView.-$$Nest$mapplyOrMergeTransaction:0 android.view.SurfaceView$SurfaceViewPositionUpdateListener.positionChanged:1537 android.graphics.RenderNode$CompositePositionUpdateListener.positionChanged:373 
04-05 12:33:41.735 13149 13238 I ViewRootImpl@f8b7859[MainActivity]: mWNT: t=0xb4000077a019d800 mBlastBufferQueue=0xb4000077c7d0c600 fn= 438 caller= android.view.SurfaceView.applyOrMergeTransaction:1455 android.view.SurfaceView.-$$Nest$mapplyOrMergeTransaction:0 android.view.SurfaceView$SurfaceViewPositionUpdateListener.positionChanged:1537 
04-05 12:33:41.735 13149 13239 I ViewRootImpl@f8b7859[MainActivity]: mWNT: t=0xb4000077c798c900 mBlastBufferQueue=0xb4000077c7d0c600 fn= 438 caller= android.view.ViewRootImpl.lambda$applyTransactionOnDraw$11$android-view-ViewRootImpl:12865 android.view.ViewRootImpl$$ExternalSyntheticLambda1.onFrameDraw:4 android.graphics.HardwareRenderer$FrameDrawingCallback.onFrameDraw:924 
04-05 12:33:41.751 13149 13149 I SurfaceView@53f3f55: Changes: creating=false format=false size=false visible=false alpha=false hint=false mUseAlpha=false visible=false left=false top=true
04-05 12:33:41.751 13149 13149 I SurfaceView@53f3f55: 88031061 Cur surface: Surface(name=null)/@0xbd07737
04-05 12:33:41.752 13149 13149 I SurfaceView@53f3f55: applyTransactionOnVriDraw: vri = ViewRootImpl@f8b7859[MainActivity] fRS = false t = 0xb4000077c798ca00 android.view.SurfaceView.performSurfaceTransaction:959 android.view.SurfaceView.updateSurface:1105 android.view.SurfaceView.lambda$new$0$android-view-SurfaceView:200 
04-05 12:33:41.752 13149 13149 I ViewRootImpl@f8b7859[MainActivity]: applyTransactionOnDraw: mRemoved = false isHardwareEnabled = true t = 0xb4000077c798ca00android.view.SurfaceView.applyTransactionOnVriDraw:2048 android.view.SurfaceView.performSurfaceTransaction:959 android.view.SurfaceView.updateSurface:1105 android.view.SurfaceView.lambda$new$0$android-view-SurfaceView:200 android.view.SurfaceView$$ExternalSyntheticLambda5.onPreDraw:2 
04-05 12:33:41.752 13149 13149 I SurfaceView@53f3f55: updateSurface: mVisible = true mSurface.isValid() = true
04-05 12:33:41.752 13149 13149 I SurfaceView@53f3f55: updateSurface: mSurfaceCreated = true surfaceChanged = false visibleChanged = false
04-05 12:33:41.753 13149 13149 V SurfaceView@53f3f55: Layout: x=0 y=-615 w=720 h=375, frame=Rect(0, 0 - 720, 375)
04-05 12:33:41.755 13149 13238 D SurfaceView@53f3f55: updateSurfacePosition RenderWorker, frameNr = 439, position = [0, -636, 720, -261] surfaceSize = 720x375
04-05 12:33:41.755 13149 13238 I SurfaceView@53f3f55: uSP: rtp = Rect(0, -636 - 720, -261) rtsw = 720 rtsh = 375
04-05 12:33:41.755 13149 13238 I SurfaceView@53f3f55: onSSPAndSRT: pl = 0 pt = -636 sx = 1.0 sy = 1.0
04-05 12:33:41.755 13149 13238 I SurfaceView@53f3f55: aOrMT: ViewRootImpl@f8b7859[MainActivity] t = android.view.SurfaceControl$Transaction@ecfd5c2 fN = 439 android.view.SurfaceView.-$$Nest$mapplyOrMergeTransaction:0 android.view.SurfaceView$SurfaceViewPositionUpdateListener.positionChanged:1537 android.graphics.RenderNode$CompositePositionUpdateListener.positionChanged:373 
04-05 12:33:41.755 13149 13238 I ViewRootImpl@f8b7859[MainActivity]: mWNT: t=0xb4000077a019d800 mBlastBufferQueue=0xb4000077c7d0c600 fn= 439 caller= android.view.SurfaceView.applyOrMergeTransaction:1455 android.view.SurfaceView.-$$Nest$mapplyOrMergeTransaction:0 android.view.SurfaceView$SurfaceViewPositionUpdateListener.positionChanged:1537 
04-05 12:33:41.756 13149 13149 I ViewRootImpl@f8b7859[MainActivity]: ViewPostIme pointer 0
04-05 12:33:41.756 13149 13239 I ViewRootImpl@f8b7859[MainActivity]: mWNT: t=0xb4000077c798ca00 mBlastBufferQueue=0xb4000077c7d0c600 fn= 439 caller= android.view.ViewRootImpl.lambda$applyTransactionOnDraw$11$android-view-ViewRootImpl:12865 android.view.ViewRootImpl$$ExternalSyntheticLambda1.onFrameDraw:4 android.graphics.HardwareRenderer$FrameDrawingCallback.onFrameDraw:924 
04-05 12:33:41.764 13149 13149 I SurfaceView@53f3f55: Changes: creating=false format=false size=false visible=false alpha=false hint=false mUseAlpha=false visible=false left=false top=true
04-05 12:33:41.764 13149 13149 I SurfaceView@53f3f55: 88031061 Cur surface: Surface(name=null)/@0xbd07737
04-05 12:33:41.765 13149 13149 I SurfaceView@53f3f55: applyTransactionOnVriDraw: vri = ViewRootImpl@f8b7859[MainActivity] fRS = false t = 0xb4000077c798cb00 android.view.SurfaceView.performSurfaceTransaction:959 android.view.SurfaceView.updateSurface:1105 android.view.SurfaceView.lambda$new$0$android-view-SurfaceView:200 
04-05 12:33:41.765 13149 13149 I ViewRootImpl@f8b7859[MainActivity]: applyTransactionOnDraw: mRemoved = false isHardwareEnabled = true t = 0xb4000077c798cb00android.view.SurfaceView.applyTransactionOnVriDraw:2048 android.view.SurfaceView.performSurfaceTransaction:959 android.view.SurfaceView.updateSurface:1105 android.view.SurfaceView.lambda$new$0$android-view-SurfaceView:200 android.view.SurfaceView$$ExternalSyntheticLambda5.onPreDraw:2 
04-05 12:33:41.765 13149 13149 I SurfaceView@53f3f55: updateSurface: mVisible = true mSurface.isValid() = true
04-05 12:33:41.765 13149 13149 I SurfaceView@53f3f55: updateSurface: mSurfaceCreated = true surfaceChanged = false visibleChanged = false
04-05 12:33:41.765 13149 13149 V SurfaceView@53f3f55: Layout: x=0 y=-636 w=720 h=375, frame=Rect(0, 0 - 720, 375)
04-05 12:33:41.766 13149 13238 I ViewRootImpl@f8b7859[MainActivity]: mWNT: t=0xb4000077c798cb00 mBlastBufferQueue=0xb4000077c7d0c600 fn= 440 caller= android.view.ViewRootImpl.lambda$applyTransactionOnDraw$11$android-view-ViewRootImpl:12865 android.view.ViewRootImpl$$ExternalSyntheticLambda1.onFrameDraw:4 android.graphics.HardwareRenderer$FrameDrawingCallback.onFrameDraw:924 
04-05 12:33:41.781 13149 13149 I SurfaceView@53f3f55: Changes: creating=false format=false size=false visible=false alpha=false hint=false mUseAlpha=false visible=false left=false top=true
04-05 12:33:41.781 13149 13149 I SurfaceView@53f3f55: 88031061 Cur surface: Surface(name=null)/@0xbd07737
04-05 12:33:41.782 13149 13149 I SurfaceView@53f3f55: applyTransactionOnVriDraw: vri = ViewRootImpl@f8b7859[MainActivity] fRS = false t = 0xb4000077c798cc00 android.view.SurfaceView.performSurfaceTransaction:959 android.view.SurfaceView.updateSurface:1105 android.view.SurfaceView.lambda$new$0$android-view-SurfaceView:200 
04-05 12:33:41.782 13149 13149 I ViewRootImpl@f8b7859[MainActivity]: applyTransactionOnDraw: mRemoved = false isHardwareEnabled = true t = 0xb4000077c798cc00android.view.SurfaceView.applyTransactionOnVriDraw:2048 android.view.SurfaceView.performSurfaceTransaction:959 android.view.SurfaceView.updateSurface:1105 android.view.SurfaceView.lambda$new$0$android-view-SurfaceView:200 android.view.SurfaceView$$ExternalSyntheticLambda5.onPreDraw:2 
04-05 12:33:41.782 13149 13149 I SurfaceView@53f3f55: updateSurface: mVisible = true mSurface.isValid() = true
04-05 12:33:41.782 13149 13149 I SurfaceView@53f3f55: updateSurface: mSurfaceCreated = true surfaceChanged = false visibleChanged = false
04-05 12:33:41.782 13149 13149 V SurfaceView@53f3f55: Layout: x=0 y=-639 w=720 h=375, frame=Rect(0, 0 - 720, 375)
04-05 12:33:41.782 13149 13239 D SurfaceView@53f3f55: updateSurfacePosition RenderWorker, frameNr = 441, position = [0, -639, 720, -264] surfaceSize = 720x375
04-05 12:33:41.782 13149 13239 I SurfaceView@53f3f55: uSP: rtp = Rect(0, -639 - 720, -264) rtsw = 720 rtsh = 375
04-05 12:33:41.782 13149 13239 I SurfaceView@53f3f55: onSSPAndSRT: pl = 0 pt = -639 sx = 1.0 sy = 1.0
04-05 12:33:41.783 13149 13239 I SurfaceView@53f3f55: aOrMT: ViewRootImpl@f8b7859[MainActivity] t = android.view.SurfaceControl$Transaction@ecfd5c2 fN = 441 android.view.SurfaceView.-$$Nest$mapplyOrMergeTransaction:0 android.view.SurfaceView$SurfaceViewPositionUpdateListener.positionChanged:1537 android.graphics.RenderNode$CompositePositionUpdateListener.positionChanged:373 
04-05 12:33:41.783 13149 13239 I ViewRootImpl@f8b7859[MainActivity]: mWNT: t=0xb4000077a019d800 mBlastBufferQueue=0xb4000077c7d0c600 fn= 441 caller= android.view.SurfaceView.applyOrMergeTransaction:1455 android.view.SurfaceView.-$$Nest$mapplyOrMergeTransaction:0 android.view.SurfaceView$SurfaceViewPositionUpdateListener.positionChanged:1537 
04-05 12:33:41.783 13149 13239 I ViewRootImpl@f8b7859[MainActivity]: mWNT: t=0xb4000077c798cc00 mBlastBufferQueue=0xb4000077c7d0c600 fn= 441 caller= android.view.ViewRootImpl.lambda$applyTransactionOnDraw$11$android-view-ViewRootImpl:12865 android.view.ViewRootImpl$$ExternalSyntheticLambda1.onFrameDraw:4 android.graphics.HardwareRenderer$FrameDrawingCallback.onFrameDraw:924 
04-05 12:33:41.799 13149 13149 I SurfaceView@53f3f55: Changes: creating=false format=false size=false visible=false alpha=false hint=false mUseAlpha=false visible=false left=false top=true
04-05 12:33:41.799 13149 13149 I SurfaceView@53f3f55: 88031061 Cur surface: Surface(name=null)/@0xbd07737
04-05 12:33:41.799 13149 13149 I SurfaceView@53f3f55: applyTransactionOnVriDraw: vri = ViewRootImpl@f8b7859[MainActivity] fRS = false t = 0xb4000077c798cd00 android.view.SurfaceView.performSurfaceTransaction:959 android.view.SurfaceView.updateSurface:1105 android.view.SurfaceView.lambda$new$0$android-view-SurfaceView:200 
04-05 12:33:41.799 13149 13149 I ViewRootImpl@f8b7859[MainActivity]: applyTransactionOnDraw: mRemoved = false isHardwareEnabled = true t = 0xb4000077c798cd00android.view.SurfaceView.applyTransactionOnVriDraw:2048 android.view.SurfaceView.performSurfaceTransaction:959 android.view.SurfaceView.updateSurface:1105 android.view.SurfaceView.lambda$new$0$android-view-SurfaceView:200 android.view.SurfaceView$$ExternalSyntheticLambda5.onPreDraw:2 
04-05 12:33:41.799 13149 13149 I SurfaceView@53f3f55: updateSurface: mVisible = true mSurface.isValid() = true
04-05 12:33:41.799 13149 13149 I SurfaceView@53f3f55: updateSurface: mSurfaceCreated = true surfaceChanged = false visibleChanged = false
04-05 12:33:41.800 13149 13149 V SurfaceView@53f3f55: Layout: x=0 y=-645 w=720 h=375, frame=Rect(0, 0 - 720, 375)
04-05 12:33:41.800 13149 13238 D SurfaceView@53f3f55: updateSurfacePosition RenderWorker, frameNr = 442, position = [0, -645, 720, -270] surfaceSize = 720x375
04-05 12:33:41.801 13149 13238 I SurfaceView@53f3f55: uSP: rtp = Rect(0, -645 - 720, -270) rtsw = 720 rtsh = 375
04-05 12:33:41.801 13149 13238 I SurfaceView@53f3f55: onSSPAndSRT: pl = 0 pt = -645 sx = 1.0 sy = 1.0
04-05 12:33:41.801 13149 13238 I SurfaceView@53f3f55: aOrMT: ViewRootImpl@f8b7859[MainActivity] t = android.view.SurfaceControl$Transaction@ecfd5c2 fN = 442 android.view.SurfaceView.-$$Nest$mapplyOrMergeTransaction:0 android.view.SurfaceView$SurfaceViewPositionUpdateListener.positionChanged:1537 android.graphics.RenderNode$CompositePositionUpdateListener.positionChanged:373 
04-05 12:33:41.801 13149 13238 I ViewRootImpl@f8b7859[MainActivity]: mWNT: t=0xb4000077a019d800 mBlastBufferQueue=0xb4000077c7d0c600 fn= 442 caller= android.view.SurfaceView.applyOrMergeTransaction:1455 android.view.SurfaceView.-$$Nest$mapplyOrMergeTransaction:0 android.view.SurfaceView$SurfaceViewPositionUpdateListener.positionChanged:1537 
04-05 12:33:41.801 13149 13238 I ViewRootImpl@f8b7859[MainActivity]: mWNT: t=0xb4000077c798cd00 mBlastBufferQueue=0xb4000077c7d0c600 fn= 442 caller= android.view.ViewRootImpl.lambda$applyTransactionOnDraw$11$android-view-ViewRootImpl:12865 android.view.ViewRootImpl$$ExternalSyntheticLambda1.onFrameDraw:4 android.graphics.HardwareRenderer$FrameDrawingCallback.onFrameDraw:924 
04-05 12:33:41.815 13149 13149 I SurfaceView@53f3f55: Changes: creating=false format=false size=false visible=false alpha=false hint=false mUseAlpha=false visible=false left=false top=true
04-05 12:33:41.815 13149 13149 I SurfaceView@53f3f55: 88031061 Cur surface: Surface(name=null)/@0xbd07737
04-05 12:33:41.815 13149 13149 I SurfaceView@53f3f55: applyTransactionOnVriDraw: vri = ViewRootImpl@f8b7859[MainActivity] fRS = false t = 0xb4000077c798ce00 android.view.SurfaceView.performSurfaceTransaction:959 android.view.SurfaceView.updateSurface:1105 android.view.SurfaceView.lambda$new$0$android-view-SurfaceView:200 
04-05 12:33:41.815 13149 13149 I ViewRootImpl@f8b7859[MainActivity]: applyTransactionOnDraw: mRemoved = false isHardwareEnabled = true t = 0xb4000077c798ce00android.view.SurfaceView.applyTransactionOnVriDraw:2048 android.view.SurfaceView.performSurfaceTransaction:959 android.view.SurfaceView.updateSurface:1105 android.view.SurfaceView.lambda$new$0$android-view-SurfaceView:200 android.view.SurfaceView$$ExternalSyntheticLambda5.onPreDraw:2 
04-05 12:33:41.815 13149 13149 I SurfaceView@53f3f55: updateSurface: mVisible = true mSurface.isValid() = true
04-05 12:33:41.815 13149 13149 I SurfaceView@53f3f55: updateSurface: mSurfaceCreated = true surfaceChanged = false visibleChanged = false
04-05 12:33:41.815 13149 13149 V SurfaceView@53f3f55: Layout: x=0 y=-658 w=720 h=375, frame=Rect(0, 0 - 720, 375)
04-05 12:33:41.816 13149 13239 D SurfaceView@53f3f55: updateSurfacePosition RenderWorker, frameNr = 443, position = [0, -658, 720, -283] surfaceSize = 720x375
04-05 12:33:41.816 13149 13239 I SurfaceView@53f3f55: uSP: rtp = Rect(0, -658 - 720, -283) rtsw = 720 rtsh = 375
04-05 12:33:41.816 13149 13239 I SurfaceView@53f3f55: onSSPAndSRT: pl = 0 pt = -658 sx = 1.0 sy = 1.0
04-05 12:33:41.816 13149 13239 I SurfaceView@53f3f55: aOrMT: ViewRootImpl@f8b7859[MainActivity] t = android.view.SurfaceControl$Transaction@ecfd5c2 fN = 443 android.view.SurfaceView.-$$Nest$mapplyOrMergeTransaction:0 android.view.SurfaceView$SurfaceViewPositionUpdateListener.positionChanged:1537 android.graphics.RenderNode$CompositePositionUpdateListener.positionChanged:373 
04-05 12:33:41.817 13149 13239 I ViewRootImpl@f8b7859[MainActivity]: mWNT: t=0xb4000077a019d800 mBlastBufferQueue=0xb4000077c7d0c600 fn= 443 caller= android.view.SurfaceView.applyOrMergeTransaction:1455 android.view.SurfaceView.-$$Nest$mapplyOrMergeTransaction:0 android.view.SurfaceView$SurfaceViewPositionUpdateListener.positionChanged:1537 
04-05 12:33:41.817 13149 13239 I ViewRootImpl@f8b7859[MainActivity]: mWNT: t=0xb4000077c798ce00 mBlastBufferQueue=0xb4000077c7d0c600 fn= 443 caller= android.view.ViewRootImpl.lambda$applyTransactionOnDraw$11$android-view-ViewRootImpl:12865 android.view.ViewRootImpl$$ExternalSyntheticLambda1.onFrameDraw:4 android.graphics.HardwareRenderer$FrameDrawingCallback.onFrameDraw:924 
04-05 12:33:41.832 13149 13149 I SurfaceView@53f3f55: Changes: creating=false format=false size=false visible=false alpha=false hint=false mUseAlpha=false visible=false left=false top=true
04-05 12:33:41.832 13149 13149 I SurfaceView@53f3f55: 88031061 Cur surface: Surface(name=null)/@0xbd07737
04-05 12:33:41.833 13149 13149 I SurfaceView@53f3f55: applyTransactionOnVriDraw: vri = ViewRootImpl@f8b7859[MainActivity] fRS = false t = 0xb4000077c798cf00 android.view.SurfaceView.performSurfaceTransaction:959 android.view.SurfaceView.updateSurface:1105 android.view.SurfaceView.lambda$new$0$android-view-SurfaceView:200 
04-05 12:33:41.833 13149 13149 I ViewRootImpl@f8b7859[MainActivity]: applyTransactionOnDraw: mRemoved = false isHardwareEnabled = true t = 0xb4000077c798cf00android.view.SurfaceView.applyTransactionOnVriDraw:2048 android.view.SurfaceView.performSurfaceTransaction:959 android.view.SurfaceView.updateSurface:1105 android.view.SurfaceView.lambda$new$0$android-view-SurfaceView:200 android.view.SurfaceView$$ExternalSyntheticLambda5.onPreDraw:2 
04-05 12:33:41.833 13149 13149 I SurfaceView@53f3f55: updateSurface: mVisible = true mSurface.isValid() = true
04-05 12:33:41.833 13149 13149 I SurfaceView@53f3f55: updateSurface: mSurfaceCreated = true surfaceChanged = false visibleChanged = false
04-05 12:33:41.833 13149 13149 V SurfaceView@53f3f55: Layout: x=0 y=-678 w=720 h=375, frame=Rect(0, 0 - 720, 375)
04-05 12:33:41.834 13149 13238 D SurfaceView@53f3f55: updateSurfacePosition RenderWorker, frameNr = 444, position = [0, -678, 720, -303] surfaceSize = 720x375
04-05 12:33:41.834 13149 13238 I SurfaceView@53f3f55: uSP: rtp = Rect(0, -678 - 720, -303) rtsw = 720 rtsh = 375
04-05 12:33:41.834 13149 13238 I SurfaceView@53f3f55: onSSPAndSRT: pl = 0 pt = -678 sx = 1.0 sy = 1.0
04-05 12:33:41.834 13149 13238 I SurfaceView@53f3f55: aOrMT: ViewRootImpl@f8b7859[MainActivity] t = android.view.SurfaceControl$Transaction@ecfd5c2 fN = 444 android.view.SurfaceView.-$$Nest$mapplyOrMergeTransaction:0 android.view.SurfaceView$SurfaceViewPositionUpdateListener.positionChanged:1537 android.graphics.RenderNode$CompositePositionUpdateListener.positionChanged:373 
04-05 12:33:41.835 13149 13238 I ViewRootImpl@f8b7859[MainActivity]: mWNT: t=0xb4000077a019d800 mBlastBufferQueue=0xb4000077c7d0c600 fn= 444 caller= android.view.SurfaceView.applyOrMergeTransaction:1455 android.view.SurfaceView.-$$Nest$mapplyOrMergeTransaction:0 android.view.SurfaceView$SurfaceViewPositionUpdateListener.positionChanged:1537 
04-05 12:33:41.835 13149 13239 I ViewRootImpl@f8b7859[MainActivity]: mWNT: t=0xb4000077c798cf00 mBlastBufferQueue=0xb4000077c7d0c600 fn= 444 caller= android.view.ViewRootImpl.lambda$applyTransactionOnDraw$11$android-view-ViewRootImpl:12865 android.view.ViewRootImpl$$ExternalSyntheticLambda1.onFrameDraw:4 android.graphics.HardwareRenderer$FrameDrawingCallback.onFrameDraw:924 
04-05 12:33:41.848 13149 13149 I SurfaceView@53f3f55: Changes: creating=false format=false size=false visible=false alpha=false hint=false mUseAlpha=false visible=false left=false top=true
04-05 12:33:41.848 13149 13149 I SurfaceView@53f3f55: 88031061 Cur surface: Surface(name=null)/@0xbd07737
04-05 12:33:41.848 13149 13149 I SurfaceView@53f3f55: applyTransactionOnVriDraw: vri = ViewRootImpl@f8b7859[MainActivity] fRS = false t = 0xb4000077c799d000 android.view.SurfaceView.performSurfaceTransaction:959 android.view.SurfaceView.updateSurface:1105 android.view.SurfaceView.lambda$new$0$android-view-SurfaceView:200 
04-05 12:33:41.848 13149 13149 I ViewRootImpl@f8b7859[MainActivity]: applyTransactionOnDraw: mRemoved = false isHardwareEnabled = true t = 0xb4000077c799d000android.view.SurfaceView.applyTransactionOnVriDraw:2048 android.view.SurfaceView.performSurfaceTransaction:959 android.view.SurfaceView.updateSurface:1105 android.view.SurfaceView.lambda$new$0$android-view-SurfaceView:200 android.view.SurfaceView$$ExternalSyntheticLambda5.onPreDraw:2 
04-05 12:33:41.848 13149 13149 I SurfaceView@53f3f55: updateSurface: mVisible = true mSurface.isValid() = true
04-05 12:33:41.848 13149 13149 I SurfaceView@53f3f55: updateSurface: mSurfaceCreated = true surfaceChanged = false visibleChanged = false
