--------- beginning of main
04-05 12:49:16.660 13149 13172 D OpenGLRenderer: setSurface called with nullptr
04-05 12:49:16.660 13149 13172 D OpenGLRenderer: setSurface() destroyed EGLSurface
04-05 12:49:16.660 13149 13172 D OpenGLRenderer: destroyEglSurface
04-05 12:49:16.662 13149 13172 D OpenGLRenderer: endAllActiveAnimators on 0xb40000777da84800 (RippleDrawable) with handle 0xb4000077d80fca60
04-05 12:49:16.662 13149 13149 I ViewRootImpl@86dafdd[MainActivity]: dispatchDetachedFromWindow
04-05 12:49:16.663 13149 13242 I BLASTBufferQueue: [ViewRootImpl@86dafdd[MainActivity]#63](f:0,a:1) destructor()
04-05 12:49:16.664 13149 13242 D BufferQueueConsumer: [ViewRootImpl@86dafdd[MainActivity]#63(BLAST Consumer)63](id:335d00000045,api:0,p:-1,c:13149) disconnect
04-05 12:49:16.671 13149 13149 D InputTransport: Input channel destroyed: 'ac5e49b', fd=179
04-05 12:49:16.693 13149 13149 I ViewRootImpl@f8b7859[MainActivity]: MSG_WINDOW_FOCUS_CHANGED 1 0
04-05 12:49:16.694 13149 13149 I ViewRootImpl@f8b7859[MainActivity]: mThreadedRenderer.initializeIfNeeded()#2 mSurface={isValid=true 0xb4000077ab567000}
04-05 12:49:16.695 13149 13149 D InputMethodManager: startInputInner - Id : 0
04-05 12:49:16.695 13149 13149 I InputMethodManager: startInputInner - mService.startInputOrWindowGainedFocus
04-05 12:49:18.830 13149 13149 I ViewRootImpl@f8b7859[MainActivity]: ViewPostIme key 0
--------- beginning of system
04-05 12:49:18.831 13149 13149 D Activity: onKeyDown(KEYCODE_BACK)
04-05 12:49:18.927 13149 13149 I ViewRootImpl@f8b7859[MainActivity]: ViewPostIme key 1
04-05 12:49:18.927 13149 13149 D Activity: onKeyUp(KEYCODE_BACK) isTracking()=true isCanceled()=false hasCallback=false
04-05 12:49:18.935 13149 13149 I IMM_LC  : hsifw() - flag : 0
04-05 12:49:18.935 13149 13149 I IMM_LC  : hsifw() - mService.hideSoftInput
04-05 12:49:18.938 13149 13149 D ScrollView: initGoToTop
04-05 12:49:18.969 13149 13149 D ScrollView:  onsize change changed 
04-05 12:49:20.309 13149 13149 I ViewRootImpl@f8b7859[MainActivity]: ViewPostIme pointer 0
04-05 12:49:20.406 13149 13149 I ViewRootImpl@f8b7859[MainActivity]: ViewPostIme pointer 1
04-05 12:49:20.423 13149 13149 I NavComponent: Navigating to fragment: 2131361881
04-05 12:49:20.426 13149 13149 I IMM_LC  : hsifw() - flag : 0
04-05 12:49:20.426 13149 13149 I IMM_LC  : hsifw() - mService.hideSoftInput
04-05 12:49:20.520 13149 13245 E OpenGLRenderer: Device claims wide gamut support, cannot find matching config, error = EGL_SUCCESS
04-05 12:49:20.520 13149 13245 W OpenGLRenderer: Failed to initialize 101010-2 format, error = EGL_SUCCESS
04-05 12:49:20.522 13149  3670 D libMEOW : meow new tls: 0xb400007768a33040
04-05 12:49:20.523 13149  3670 D libMEOW : applied 2 plugins for [com.lagradost.cloudstream3]:
04-05 12:49:20.523 13149  3670 D libMEOW :   plugin 1: [libMEOW_gift.so]:
04-05 12:49:20.523 13149  3670 D libMEOW :   plugin 2: [libMEOW_semaphore]:
04-05 12:49:20.532 13149 25846 D libMEOW : meow new tls: 0xb4000077960ca8c0
04-05 12:49:20.532 13149 25846 D libMEOW : applied 2 plugins for [com.lagradost.cloudstream3]:
04-05 12:49:20.532 13149 25846 D libMEOW :   plugin 1: [libMEOW_gift.so]:
04-05 12:49:20.532 13149 25846 D libMEOW :   plugin 2: [libMEOW_semaphore]:
04-05 12:49:21.253 13149 13149 I ViewRootImpl@f8b7859[MainActivity]: ViewPostIme pointer 0
04-05 12:49:21.319 13149 13149 I ViewRootImpl@f8b7859[MainActivity]: ViewPostIme pointer 1
04-05 12:49:21.324 13149 13149 I IMM_LC  : hsifw() - flag : 0
04-05 12:49:21.324 13149 13149 I IMM_LC  : hsifw() - mService.hideSoftInput
04-05 12:49:21.386 13149 13149 I PLG     : updatePluginList = https://raw.githubusercontent.com/byimam2nd/cloudstream-ekstension/refs/heads/master/repo.json
04-05 12:49:21.386 13149 13149 I PLG     : getPlugins = https://raw.githubusercontent.com/byimam2nd/cloudstream-ekstension/refs/heads/master/repo.json
04-05 12:49:21.553 13149 13200 D libMEOW : meow new tls: 0xb400007762540900
04-05 12:49:21.553 13149 13200 D libMEOW : applied 2 plugins for [com.lagradost.cloudstream3]:
04-05 12:49:21.553 13149 13200 D libMEOW :   plugin 1: [libMEOW_gift.so]:
04-05 12:49:21.553 13149 13200 D libMEOW :   plugin 2: [libMEOW_semaphore]:
04-05 12:49:22.106 13149 13149 E CoilImgLoader: Error loading image: coil3.network.HttpException: HTTP 404
04-05 12:49:24.409 13149 13149 I ViewRootImpl@f8b7859[MainActivity]: ViewPostIme pointer 0
04-05 12:49:24.482 13149 13149 I ViewRootImpl@f8b7859[MainActivity]: ViewPostIme pointer 1
04-05 12:49:24.498 13149 13200 I PLG     : handlePluginAction = https://raw.githubusercontent.com/byimam2nd/cloudstream-ekstension/refs/heads/master/repo.json, (https://raw.githubusercontent.com/byimam2nd/cloudstream-ekstension/refs/heads/master/repo.json, SitePlugin(url=https://raw.githubusercontent.com/byimam2nd/oce/builds/Anichin.cs3, status=1, version=10, apiVersion=1, name=Anichin, internalName=Anichin, authors=[Imam2nd], description=đźŽ¬ Anichin - Streaming Anime China Subtitle Indonesia dengan kualitas tinggi dan update tercepat!, repositoryUrl=https://github.com/byimam2nd/oce, tvTypes=[Anime], language=id, iconUrl=https://blogger.googleusercontent.com/img/b/R29vZ2xl/AVvXsEjD5KTf3taknWZ6YLFfkHAvDCoeC79LCjfh1T5VsBajkI0hFV4afH6WBwDeiHrGtkYKaRMX4pAWa_M2kG8LXefpk8g6Ug35PnJyXpiro5lPw8tcXMPA_6RFcRw3dYQkoZgXDdjiMdHde2k8ZfwTlazvlVerXAhdrLDNAeo5NysoU-CScOAcVmsosVl_cA/s1600/NewLogo.png, fileSize=187677)), false
04-05 12:49:24.498 13149 13200 I PluginManager: Unloading plugin: /data/user/0/com.lagradost.cloudstream3/files/Extensions/httpsraw.githubusercontent.combyimam2ndcloudstream-ekstensionrefsheadsmasterrepo.json.-1427536412/Anichin.807426054.cs3
04-05 12:49:24.502 13149 13149 I COMPACT : showToast = Plugin terhapus
04-05 12:49:24.502 13149 13200 I PLG     : getPlugins = https://raw.githubusercontent.com/byimam2nd/cloudstream-ekstension/refs/heads/master/repo.json
04-05 12:49:24.505 13149 13149 E Toast   : setGravity() shouldn't be called on text toasts, the values won't be used
04-05 12:49:24.505 13149 13149 I Toast   : setView: it's a custom toast
04-05 12:49:24.507 13149 13149 V Toast   : show: caller = com.lagradost.cloudstream3.CommonActivity.showToast:194 
04-05 12:49:24.511 13149 13149 V Toast   : HANDLE SHOW: android.widget.Toast$TN@dfb137c mView=null mNextView=androidx.cardview.widget.CardView{1bf4405 V.E..V... ......ID 0,0-0,0 #7f0a05b5 app:id/toast_layout_root}
04-05 12:49:24.512 13149 13149 V ToastPresenter: sipHeight = -90
04-05 12:49:24.513 13149 13149 V ToastPresenter: yOffset = 9
04-05 12:49:24.517 13149 13172 D NativeCustomFrequencyManager: [NativeCFMS] BpCustomFrequencyManager::BpCustomFrequencyManager()
04-05 12:49:24.521 13149 13149 D InsetsController: onStateChanged: InsetsState: {mDisplayFrame=Rect(0, 0 - 720, 1600), mDisplayCutout=DisplayCutout{insets=Rect(0, 58 - 0, 0) waterfall=Insets{left=0, top=0, right=0, bottom=0} boundingRect={Bounds=[Rect(0, 0 - 0, 0), Rect(298, 0 - 422, 58), Rect(0, 0 - 0, 0), Rect(0, 0 - 0, 0)]} cutoutPathParserInfo={CutoutPathParserInfo{displayWidth=720 displayHeight=1600 physicalDisplayWidth=720 physicalDisplayHeight=1600 density={1.875} cutoutSpec={M62.05,0l-2.7,0l-2.7,0l-1.4,0.1L53.95,0.2l-1.3,0.2l-1.3,0.2L49.95,0.9l-1.3,0.4l-1.3,0.5l-1.2,0.6L44.95,3 l-1.1,0.7l-1,0.8l-1,0.9l-0.9,1l-0.8,1l-0.7,1.1l-0.7,1.2l-0.6,1.2l-0.5,1.3l-0.4,1.3l-0.4,1.3l-0.5,2.3l-0.4,2.3l-0.4,2.3L34.95,23.9 l-0.6,2.3l-0.7,2.2l-0.4,1.1L32.95,30.6l-0.5,1.1L31.95,32.7c-3.5,7.2-9.3,13.1-16.6,16.6c-17.7,8.5-38.9,1.1-47.4-16.6l-0.5-1.1 l-0.5-1.1l-0.4-1.1l-0.4-1.1l-0.7-2.2l-0.6-2.3l-0.5-2.3l-0.4-2.3l-0.4-2.3l-0.5-2.3l-0.4-1.3l-0.4-1.3L-38.15,11l-0.6-1.2l-0.7-1.2 L-40.05,7.5l-0.8-1l-0.9-1l-1-0.9l-1-0.8L-44.95,3l-1.2-0.6l-1.2-0.6l-1.3-0.5l-1.3-0.4l-1.3-0.3L-52.55,0.4L-53.95,0.2L-55.25,0.1L-56.65,0L-59.35,0 L-62.05,0Z} rotation={0} scale={1.0} physicalPixelDisplaySizeRatio={1.0}}}}, mRoundedCorners=RoundedCorners{[RoundedCorner{position=TopLeft, radius=60, center=Point(60, 60)}, RoundedCorner{position=TopRight, radius=60, center=Point(660, 60)}, RoundedCorner{position=BottomRight, radius=60, center=Point(660, 1540)}, RoundedCorner{position=BottomLeft, radius=60, center=Point(60, 1540)}]}  mRoundedCornerFrame=Rect(0, 0 - 0, 0), mPrivacyIndicatorBounds=PrivacyIndicatorBounds {static bounds=Rect(637, 0 - 720, 53) rotation=0}, mSources= { InsetsSource: {mType=ITYPE_NAVIGATION_BAR, mFrame=[0,1510][720,1600], mVisible=true, mInsetsRoundedCornerFrame=false}, InsetsSource: {mType=ITYPE_LEFT_GESTURES, mFrame=[0,0][0,1600], mVisible=true, mInsetsRoundedCornerFrame=false}, InsetsSource: {mType=ITYPE_RIGHT_GESTURES, mFrame=[720,0][720,1600], mVisible=true, mInsetsRoundedCornerFrame=false}, InsetsSource: {mType=ITYPE_TOP_MANDATORY_GESTURES, mFrame=[0,0][720,81], mVisible=true, mInsetsRoundedCornerFrame=false}, InsetsSource: {mType=ITYPE_BOTTOM_MANDATORY_GESTURES, mFrame=[0,1510][720,1600], mVisible=true, mInsetsRoundedCornerFrame=false}, InsetsSource: {mType=ITYPE_LEFT_DISPLAY_CUTOUT, mFrame=[0,0][-100000,1600], mVisible=true, mInsetsRoundedCornerFrame=false}, InsetsSource: {mType=ITYPE_TOP_DISPLAY_CUTOUT, mFrame=[0,0][720,58], mVisible=true, mInsetsRoundedCornerFrame=false}, InsetsSource: {mType=ITYPE_RIGHT_DISPLAY_CUTOUT, mFrame=[100000,0][720,1600], mVisible=true, mInsetsRoundedCornerFrame=false}, InsetsSource: {mType=ITYPE_BOTTOM_DISPLAY_CUTOUT, mFrame=[0,100000][720,1600], mVisible=true, mInsetsRoundedCornerFrame=false}, InsetsSource: {mType=ITYPE_BOTTOM_TAPPABLE_ELEMENT, mFrame=[0,1510][720,1600], mVisible=true, mInsetsRoundedCornerFrame=false} } host=Toast from=android.view.ViewRootImpl.setView:1732
04-05 12:49:24.522 13149 13149 I ViewRootImpl@607ac5a[Toast]: setView = androidx.cardview.widget.CardView@1bf4405 TM=true
04-05 12:49:24.528 13149 13149 I ViewRootImpl@607ac5a[Toast]: performTraversals params={(0,9)(wrapxwrap) gr=BOTTOM CENTER sim={adjust=resize} ty=TOAST fmt=TRANSLUCENT wanim=0x1030004 surfaceInsets=Rect(8, 8 - 8, 8)
04-05 12:49:24.528 13149 13149 I ViewRootImpl@607ac5a[Toast]:   fl=1000098
04-05 12:49:24.528 13149 13149 I ViewRootImpl@607ac5a[Toast]:   pfl=12000000
04-05 12:49:24.528 13149 13149 I ViewRootImpl@607ac5a[Toast]:   bhv=DEFAULT
04-05 12:49:24.528 13149 13149 I ViewRootImpl@607ac5a[Toast]:   fitTypes=STATUS_BARS NAVIGATION_BARS CAPTION_BAR
04-05 12:49:24.528 13149 13149 I ViewRootImpl@607ac5a[Toast]:   fitIgnoreVis naviIconColor=0}
04-05 12:49:24.529 13149 13149 I ViewRootImpl@607ac5a[Toast]: performTraversals mFirst=true windowShouldResize=false viewVisibilityChanged=false mForceNextWindowRelayout=false params={(0,9)(wrapxwrap) gr=BOTTOM CENTER sim={adjust=resize} ty=TOAST fmt=TRANSLUCENT wanim=0x1030004 surfaceInsets=Rect(8, 8 - 8, 8)
04-05 12:49:24.529 13149 13149 I ViewRootImpl@607ac5a[Toast]:   fl=1000098
04-05 12:49:24.529 13149 13149 I ViewRootImpl@607ac5a[Toast]:   pfl=12000000
04-05 12:49:24.529 13149 13149 I ViewRootImpl@607ac5a[Toast]:   bhv=DEFAULT
04-05 12:49:24.529 13149 13149 I ViewRootImpl@607ac5a[Toast]:   fitTypes=STATUS_BARS NAVIGATION_BARS CAPTION_BAR
04-05 12:49:24.529 13149 13149 I ViewRootImpl@607ac5a[Toast]:   fitIgnoreVis naviIconColor=0}
04-05 12:49:24.535 13149 13149 I ViewRootImpl@607ac5a[Toast]: updateBlastSurfaceIfNeeded mBlastBufferQueue=null isSameSurfaceControl=false
04-05 12:49:24.535 13149 13149 D BufferQueueConsumer: [](id:335d00000046,api:0,p:-1,c:13149) connect: controlledByApp=false
04-05 12:49:24.536 13149 13149 I BLASTBufferQueue: new BLASTBufferQueue, mName= ViewRootImpl@607ac5a[Toast] mNativeObject= 0xb4000077c7d0e580 sc.mNativeObject= 0xb40000777cb4ac80 caller= android.view.ViewRootImpl.updateBlastSurfaceIfNeeded:2909 android.view.ViewRootImpl.relayoutWindow:9847 android.view.ViewRootImpl.performTraversals:3884 android.view.ViewRootImpl.doTraversal:3116 android.view.ViewRootImpl$TraversalRunnable.run:10885 android.view.Choreographer$CallbackRecord.run:1301 android.view.Choreographer$CallbackRecord.run:1309 android.view.Choreographer.doCallbacks:923 android.view.Choreographer.doFrame:852 android.view.Choreographer$FrameDisplayEventReceiver.run:1283 
04-05 12:49:24.536 13149 13149 I BLASTBufferQueue: update, w= 302 h= 129 mName = ViewRootImpl@607ac5a[Toast] mNativeObject= 0xb4000077c7d0e580 sc.mNativeObject= 0xb40000777cb4ac80 format= -3 caller= android.graphics.BLASTBufferQueue.<init>:84 android.view.ViewRootImpl.updateBlastSurfaceIfNeeded:2909 android.view.ViewRootImpl.relayoutWindow:9847 android.view.ViewRootImpl.performTraversals:3884 android.view.ViewRootImpl.doTraversal:3116 android.view.ViewRootImpl$TraversalRunnable.run:10885 
04-05 12:49:24.536 13149 13149 I ViewRootImpl@607ac5a[Toast]: Relayout returned: old=(0,58,720,1510) new=(217,1388,503,1501) req=(286,113)0 dur=6 res=0x3 s={true 0xb400007855176800} ch=true seqId=0
04-05 12:49:24.537 13149 13149 I ViewRootImpl@607ac5a[Toast]: mThreadedRenderer.initialize() mSurface={isValid=true 0xb400007855176800} hwInitialized=true
04-05 12:49:24.537 13149 13172 D OpenGLRenderer: eglCreateWindowSurface
04-05 12:49:24.538 13149 13149 I ViewRootImpl@607ac5a[Toast]: reportNextDraw android.view.ViewRootImpl.performTraversals:4438 android.view.ViewRootImpl.doTraversal:3116 android.view.ViewRootImpl$TraversalRunnable.run:10885 android.view.Choreographer$CallbackRecord.run:1301 android.view.Choreographer$CallbackRecord.run:1309 
04-05 12:49:24.538 13149 13149 I ViewRootImpl@607ac5a[Toast]: Setup new sync id=0
04-05 12:49:24.538 13149 13149 I ViewRootImpl@607ac5a[Toast]: Setting syncFrameCallback
04-05 12:49:24.538 13149 13149 I ViewRootImpl@607ac5a[Toast]: registerCallbacksForSync syncBuffer=false
04-05 12:49:24.539 13149 13238 I ViewRootImpl@607ac5a[Toast]: Received frameDrawingCallback syncResult=0 frameNum=1.
04-05 12:49:24.539 13149 13238 I ViewRootImpl@607ac5a[Toast]: Setting up sync and frameCommitCallback
04-05 12:49:24.543 13149 13172 I BLASTBufferQueue: [ViewRootImpl@607ac5a[Toast]#64](f:0,a:0) onFrameAvailable the first frame is available
04-05 12:49:24.543 13149 13172 I BLASTBufferQueue: [ViewRootImpl@607ac5a[Toast]#64](f:0,a:1) acquireNextBufferLocked size=302x129 mFrameNumber=1 applyTransaction=true mTimestamp=1095016631092344(auto) mPendingTransactions.size=0 graphicBufferId=56474524975877 transform=0
04-05 12:49:24.544 13149 13172 I ViewRootImpl@607ac5a[Toast]: Received frameCommittedCallback lastAttemptedDrawFrameNum=1 didProduceBuffer=true
04-05 12:49:24.544 13149 13172 D OpenGLRenderer: CFMS:: SetUp Pid : 13149    Tid : 13172
04-05 12:49:24.544 13149 13172 W Parcel  : Expecting binder but got null!
04-05 12:49:24.545 13149 13149 I ViewRootImpl@607ac5a[Toast]: onSyncComplete
04-05 12:49:24.545 13149 13149 I ViewRootImpl@607ac5a[Toast]: setupSync seqId=0 mSyncId=0 fn=1 caller=android.view.ViewRootImpl$$ExternalSyntheticLambda11.accept:6 android.window.SurfaceSyncer.lambda$setupSync$1$android-window-SurfaceSyncer:128 android.window.SurfaceSyncer$$ExternalSyntheticLambda1.accept:8 android.window.SurfaceSyncer$SyncSet.checkIfSyncIsComplete:382 android.window.SurfaceSyncer$SyncSet.markSyncReady:359 android.window.SurfaceSyncer.markSyncReady:151 android.view.ViewRootImpl.performTraversals:4503 
04-05 12:49:24.556 13149 13149 I ViewRootImpl@607ac5a[Toast]: reportDrawFinished seqId=0 mSyncId=-1 fn=1 mSurfaceChangedTransaction=0xb4000077a10d7800
04-05 12:49:26.512 13149 13172 D OpenGLRenderer: setSurface called with nullptr
04-05 12:49:26.513 13149 13172 D OpenGLRenderer: setSurface() destroyed EGLSurface
04-05 12:49:26.513 13149 13172 D OpenGLRenderer: destroyEglSurface
04-05 12:49:26.515 13149 13149 I ViewRootImpl@607ac5a[Toast]: dispatchDetachedFromWindow
04-05 12:49:26.515 13149 13149 I BLASTBufferQueue: [ViewRootImpl@607ac5a[Toast]#64](f:0,a:1) destructor()
04-05 12:49:26.515 13149 13149 D BufferQueueConsumer: [ViewRootImpl@607ac5a[Toast]#64(BLAST Consumer)64](id:335d00000046,api:0,p:-1,c:13149) disconnect
04-05 12:49:26.522 13149 13149 D InputTransport: Input channel destroyed: 'a41ab37', fd=149
04-05 12:49:27.253 13149 13149 I ViewRootImpl@f8b7859[MainActivity]: ViewPostIme pointer 0
04-05 12:49:27.360 13149 13149 I ViewRootImpl@f8b7859[MainActivity]: ViewPostIme pointer 1
04-05 12:49:27.370 13149 13200 I PLG     : handlePluginAction = https://raw.githubusercontent.com/byimam2nd/cloudstream-ekstension/refs/heads/master/repo.json, (https://raw.githubusercontent.com/byimam2nd/cloudstream-ekstension/refs/heads/master/repo.json, SitePlugin(url=https://raw.githubusercontent.com/byimam2nd/oce/builds/Anichin.cs3, status=1, version=10, apiVersion=1, name=Anichin, internalName=Anichin, authors=[Imam2nd], description=đźŽ¬ Anichin - Streaming Anime China Subtitle Indonesia dengan kualitas tinggi dan update tercepat!, repositoryUrl=https://github.com/byimam2nd/oce, tvTypes=[Anime], language=id, iconUrl=https://blogger.googleusercontent.com/img/b/R29vZ2xl/AVvXsEjD5KTf3taknWZ6YLFfkHAvDCoeC79LCjfh1T5VsBajkI0hFV4afH6WBwDeiHrGtkYKaRMX4pAWa_M2kG8LXefpk8g6Ug35PnJyXpiro5lPw8tcXMPA_6RFcRw3dYQkoZgXDdjiMdHde2k8ZfwTlazvlVerXAhdrLDNAeo5NysoU-CScOAcVmsosVl_cA/s1600/NewLogo.png, fileSize=187677)), false
04-05 12:49:27.370 13149 13200 D PluginManager: Downloading plugin: https://raw.githubusercontent.com/byimam2nd/oce/builds/Anichin.cs3 to /data/user/0/com.lagradost.cloudstream3/files/Extensions/httpsraw.githubusercontent.combyimam2ndcloudstream-ekstensionrefsheadsmasterrepo.json.-1427536412/Anichin.807426054.cs3
04-05 12:49:27.763 13149 13200 I PluginManager: Unloading plugin: /data/user/0/com.lagradost.cloudstream3/files/Extensions/httpsraw.githubusercontent.combyimam2ndcloudstream-ekstensionrefsheadsmasterrepo.json.-1427536412/Anichin.807426054.cs3
04-05 12:49:27.763 13149 13200 W PluginManager: Couldn't find plugin /data/user/0/com.lagradost.cloudstream3/files/Extensions/httpsraw.githubusercontent.combyimam2ndcloudstream-ekstensionrefsheadsmasterrepo.json.-1427536412/Anichin.807426054.cs3
04-05 12:49:27.763 13149 13200 I PluginManager: Loading plugin: PluginData(internalName=Anichin, url=https://raw.githubusercontent.com/byimam2nd/oce/builds/Anichin.cs3, isOnline=true, filePath=/data/user/0/com.lagradost.cloudstream3/files/Extensions/httpsraw.githubusercontent.combyimam2ndcloudstream-ekstensionrefsheadsmasterrepo.json.-1427536412/Anichin.807426054.cs3, version=-2147483648)
04-05 12:49:27.780 13149 13200 I PluginInstance: Adding Anichin (https://anichin.cafe) MainAPI
04-05 12:49:27.786 13149 13200 I PluginInstance: Adding Do7go (https://do7go.com) ExtractorApi
04-05 12:49:27.786 13149 13200 I PluginInstance: Adding DHC Play (https://dhcplay.com) ExtractorApi
04-05 12:49:27.786 13149 13200 I PluginInstance: Adding Hglink (https://hglink.to) ExtractorApi
04-05 12:49:27.786 13149 13200 I PluginInstance: Adding Ghbrisk (https://ghbrisk.com) ExtractorApi
04-05 12:49:27.786 13149 13200 I PluginInstance: Adding Movearnpre (https://movearnpre.com) ExtractorApi
04-05 12:49:27.786 13149 13200 I PluginInstance: Adding Minochinos (https://minochinos.com) ExtractorApi
04-05 12:49:27.786 13149 13200 I PluginInstance: Adding Mivalyo (https://mivalyo.com) ExtractorApi
04-05 12:49:27.786 13149 13200 I PluginInstance: Adding Ryderjet (https://ryderjet.com) ExtractorApi
04-05 12:49:27.786 13149 13200 I PluginInstance: Adding Bingezove (https://bingezove.com) ExtractorApi
04-05 12:49:27.786 13149 13200 I PluginInstance: Adding Dingtezuni (https://dingtezuni.com) ExtractorApi
04-05 12:49:27.786 13149 13200 I PluginInstance: Adding Dhtpre (https://dhtpre.com) ExtractorApi
04-05 12:49:27.786 13149 13200 I PluginInstance: Adding Listeamed (https://listeamed.net) ExtractorApi
04-05 12:49:27.786 13149 13200 I PluginInstance: Adding Streamcasthub (https://live.streamcasthub.store) ExtractorApi
04-05 12:49:27.786 13149 13200 I PluginInstance: Adding Dm21embed (https://dm21.embed4me.vip) ExtractorApi
04-05 12:49:27.786 13149 13200 I PluginInstance: Adding Dm21upns (https://dm21.upns.live) ExtractorApi
04-05 12:49:27.786 13149 13200 I PluginInstance: Adding Pm21p2p (https://pm21.p2pplay.pro) ExtractorApi
04-05 12:49:27.786 13149 13200 I PluginInstance: Adding Dm21 (https://dm21.embed4me.vip) ExtractorApi
04-05 12:49:27.786 13149 13200 I PluginInstance: Adding Meplayer (https://video.4meplayer.com) ExtractorApi
04-05 12:49:27.786 13149 13200 I PluginInstance: Adding Fufaupns (https://fufafilm.upns.pro) ExtractorApi
04-05 12:49:27.786 13149 13200 I PluginInstance: Adding P2pplay (https://nf21.p2pplay.pro) ExtractorApi
04-05 12:49:27.786 13149 13200 I PluginInstance: Adding Playerngefilm21 (https://player.ngefilm21.com) ExtractorApi
04-05 12:49:27.786 13149 13200 I PluginInstance: Adding Rpmvid (https://rpmvid.com) ExtractorApi
04-05 12:49:27.786 13149 13200 I PluginInstance: Adding Voe (https://voe.sx) ExtractorApi
04-05 12:49:27.786 13149 13200 I PluginInstance: Adding Veev (https://veev.to) ExtractorApi
04-05 12:49:27.786 13149 13200 I PluginInstance: Adding Dintezuvio (https://dintezuvio.com) ExtractorApi
04-05 12:49:27.786 13149 13200 I PluginInstance: Adding Hxfile (https://hxfile.co) ExtractorApi
04-05 12:49:27.786 13149 13200 I PluginInstance: Adding Odnoklassniki (https://odnoklassniki.ru) ExtractorApi
04-05 12:49:27.786 13149 13200 I PluginInstance: Adding OkRuSSL (https://ok.ru) ExtractorApi
04-05 12:49:27.786 13149 13200 I PluginInstance: Adding OkRuHTTP (http://ok.ru) ExtractorApi
04-05 12:49:27.786 13149 13200 I PluginInstance: Adding Dailymotion (https://www.dailymotion.com) ExtractorApi
04-05 12:49:27.786 13149 13200 I PluginInstance: Adding Rumble (https://rumble.com) ExtractorApi
04-05 12:49:27.786 13149 13200 I PluginInstance: Adding StreamRuby (https://rubyvidhub.com) ExtractorApi
04-05 12:49:27.786 13149 13200 I PluginInstance: Adding svanila (https://streamruby.net) ExtractorApi
04-05 12:49:27.786 13149 13200 I PluginInstance: Adding svilla (https://streamruby.com) ExtractorApi
04-05 12:49:27.786 13149 13200 I PluginInstance: Adding Vidguard (https://vidguard.to) ExtractorApi
04-05 12:49:27.786 13149 13200 I PluginInstance: Adding Vidguard (https://bembed.net) ExtractorApi
04-05 12:49:27.787 13149 13200 I PluginInstance: Adding Vidguard (https://listeamed.net) ExtractorApi
04-05 12:49:27.787 13149 13200 I PluginInstance: Adding Vidguard (https://vgfplay.com) ExtractorApi
04-05 12:49:27.787 13149 13200 I PluginInstance: Adding Archivd (https://archivd.net) ExtractorApi
04-05 12:49:27.787 13149 13200 I PluginInstance: Adding Uservideo (https://new.uservideo.xyz) ExtractorApi
04-05 12:49:27.787 13149 13200 I PluginInstance: Adding Vidhidepro (https://vidhidepro.com) ExtractorApi
04-05 12:49:27.787 13149 13200 I PluginInstance: Adding DoodStream (https://dsvplay.com) ExtractorApi
04-05 12:49:27.787 13149 13200 I PluginInstance: Adding ArchiveOrg (https://archive.org) ExtractorApi
04-05 12:49:27.787 13149 13200 I PluginInstance: Adding Megacloud (https://megacloud.blog) ExtractorApi
04-05 12:49:27.787 13149 13200 I PluginInstance: Adding Jeniusplay (https://jeniusplay.com) ExtractorApi
04-05 12:49:27.787 13149 13200 I PluginInstance: Adding Gdriveplayer.to (https://gdriveplayer.to) ExtractorApi
04-05 12:49:27.787 13149 13200 I PluginInstance: Adding GDFlix (https://gdflix.co) ExtractorApi
04-05 12:49:27.787 13149 13200 I PluginInstance: Adding Blogger (https://www.blogger.com) ExtractorApi
04-05 12:49:27.787 13149 13200 I PluginInstance: Adding PixelDrain (https://pixeldrain.com) ExtractorApi
04-05 12:49:27.787 13149 13200 I PluginInstance: Adding Upload18 (https://www.upload18.com) ExtractorApi
04-05 12:49:27.787 13149 13200 I PluginInstance: Adding Xshotcok (https://xshotcok.com) ExtractorApi
04-05 12:49:27.787 13149 13200 I PluginInstance: Adding Co4nxtrl (https://co4nxtrl.com) ExtractorApi
04-05 12:49:27.787 13149 13200 I PluginInstance: Adding Hownetwork (https://stream.hownetwork.xyz) ExtractorApi
04-05 12:49:27.787 13149 13200 I PluginInstance: Adding Hownetwork (https://cloud.hownetwork.xyz) ExtractorApi
04-05 12:49:27.787 13149 13200 I PluginInstance: Adding Furher (https://furher.in) ExtractorApi
04-05 12:49:27.787 13149 13200 I PluginInstance: Adding Furher 2 (723qrh1p.fun) ExtractorApi
04-05 12:49:27.787 13149 13200 I PluginInstance: Adding Turbovidhls (https://turbovid.xyz) ExtractorApi
04-05 12:49:27.787 13149 13200 I PluginInstance: Adding Emturbovid (https://emturbovid.com) ExtractorApi
04-05 12:49:27.787 13149 13200 I PluginInstance: Adding VidHidePro6 (https://vidhidepro.com) ExtractorApi
04-05 12:49:27.787 13149 13200 I PluginManager: Loaded plugin Anichin successfully
04-05 12:49:27.787 13149 13149 I COMPACT : showToast = Plugin terpasang
04-05 12:49:27.787 13149 13200 I PLG     : getPlugins = https://raw.githubusercontent.com/byimam2nd/cloudstream-ekstension/refs/heads/master/repo.json
04-05 12:49:27.789 13149 13149 E Toast   : setGravity() shouldn't be called on text toasts, the values won't be used
04-05 12:49:27.789 13149 13149 I Toast   : setView: it's a custom toast
04-05 12:49:27.791 13149 13149 V Toast   : show: caller = com.lagradost.cloudstream3.CommonActivity.showToast:194 
04-05 12:49:27.794 13149 13149 V Toast   : HANDLE SHOW: android.widget.Toast$TN@7b86662 mView=null mNextView=androidx.cardview.widget.CardView{a81a3f3 V.E..V... ......ID 0,0-0,0 #7f0a05b5 app:id/toast_layout_root}
04-05 12:49:27.795 13149 13149 V ToastPresenter: sipHeight = -90
04-05 12:49:27.796 13149 13149 V ToastPresenter: yOffset = 9
04-05 12:49:27.797 13149 13172 D NativeCustomFrequencyManager: [NativeCFMS] BpCustomFrequencyManager::BpCustomFrequencyManager()
04-05 12:49:27.802 13149 13149 D InsetsController: onStateChanged: InsetsState: {mDisplayFrame=Rect(0, 0 - 720, 1600), mDisplayCutout=DisplayCutout{insets=Rect(0, 58 - 0, 0) waterfall=Insets{left=0, top=0, right=0, bottom=0} boundingRect={Bounds=[Rect(0, 0 - 0, 0), Rect(298, 0 - 422, 58), Rect(0, 0 - 0, 0), Rect(0, 0 - 0, 0)]} cutoutPathParserInfo={CutoutPathParserInfo{displayWidth=720 displayHeight=1600 physicalDisplayWidth=720 physicalDisplayHeight=1600 density={1.875} cutoutSpec={M62.05,0l-2.7,0l-2.7,0l-1.4,0.1L53.95,0.2l-1.3,0.2l-1.3,0.2L49.95,0.9l-1.3,0.4l-1.3,0.5l-1.2,0.6L44.95,3 l-1.1,0.7l-1,0.8l-1,0.9l-0.9,1l-0.8,1l-0.7,1.1l-0.7,1.2l-0.6,1.2l-0.5,1.3l-0.4,1.3l-0.4,1.3l-0.5,2.3l-0.4,2.3l-0.4,2.3L34.95,23.9 l-0.6,2.3l-0.7,2.2l-0.4,1.1L32.95,30.6l-0.5,1.1L31.95,32.7c-3.5,7.2-9.3,13.1-16.6,16.6c-17.7,8.5-38.9,1.1-47.4-16.6l-0.5-1.1 l-0.5-1.1l-0.4-1.1l-0.4-1.1l-0.7-2.2l-0.6-2.3l-0.5-2.3l-0.4-2.3l-0.4-2.3l-0.5-2.3l-0.4-1.3l-0.4-1.3L-38.15,11l-0.6-1.2l-0.7-1.2 L-40.05,7.5l-0.8-1l-0.9-1l-1-0.9l-1-0.8L-44.95,3l-1.2-0.6l-1.2-0.6l-1.3-0.5l-1.3-0.4l-1.3-0.3L-52.55,0.4L-53.95,0.2L-55.25,0.1L-56.65,0L-59.35,0 L-62.05,0Z} rotation={0} scale={1.0} physicalPixelDisplaySizeRatio={1.0}}}}, mRoundedCorners=RoundedCorners{[RoundedCorner{position=TopLeft, radius=60, center=Point(60, 60)}, RoundedCorner{position=TopRight, radius=60, center=Point(660, 60)}, RoundedCorner{position=BottomRight, radius=60, center=Point(660, 1540)}, RoundedCorner{position=BottomLeft, radius=60, center=Point(60, 1540)}]}  mRoundedCornerFrame=Rect(0, 0 - 0, 0), mPrivacyIndicatorBounds=PrivacyIndicatorBounds {static bounds=Rect(637, 0 - 720, 53) rotation=0}, mSources= { InsetsSource: {mType=ITYPE_NAVIGATION_BAR, mFrame=[0,1510][720,1600], mVisible=true, mInsetsRoundedCornerFrame=false}, InsetsSource: {mType=ITYPE_LEFT_GESTURES, mFrame=[0,0][0,1600], mVisible=true, mInsetsRoundedCornerFrame=false}, InsetsSource: {mType=ITYPE_RIGHT_GESTURES, mFrame=[720,0][720,1600], mVisible=true, mInsetsRoundedCornerFrame=false}, InsetsSource: {mType=ITYPE_TOP_MANDATORY_GESTURES, mFrame=[0,0][720,81], mVisible=true, mInsetsRoundedCornerFrame=false}, InsetsSource: {mType=ITYPE_BOTTOM_MANDATORY_GESTURES, mFrame=[0,1510][720,1600], mVisible=true, mInsetsRoundedCornerFrame=false}, InsetsSource: {mType=ITYPE_LEFT_DISPLAY_CUTOUT, mFrame=[0,0][-100000,1600], mVisible=true, mInsetsRoundedCornerFrame=false}, InsetsSource: {mType=ITYPE_TOP_DISPLAY_CUTOUT, mFrame=[0,0][720,58], mVisible=true, mInsetsRoundedCornerFrame=false}, InsetsSource: {mType=ITYPE_RIGHT_DISPLAY_CUTOUT, mFrame=[100000,0][720,1600], mVisible=true, mInsetsRoundedCornerFrame=false}, InsetsSource: {mType=ITYPE_BOTTOM_DISPLAY_CUTOUT, mFrame=[0,100000][720,1600], mVisible=true, mInsetsRoundedCornerFrame=false}, InsetsSource: {mType=ITYPE_BOTTOM_TAPPABLE_ELEMENT, mFrame=[0,1510][720,1600], mVisible=true, mInsetsRoundedCornerFrame=false} } host=Toast from=android.view.ViewRootImpl.setView:1732
04-05 12:49:27.803 13149 13149 I ViewRootImpl@a1908b0[Toast]: setView = androidx.cardview.widget.CardView@a81a3f3 TM=true
04-05 12:49:27.807 13149 13149 I ViewRootImpl@a1908b0[Toast]: performTraversals params={(0,9)(wrapxwrap) gr=BOTTOM CENTER sim={adjust=resize} ty=TOAST fmt=TRANSLUCENT wanim=0x1030004 surfaceInsets=Rect(8, 8 - 8, 8)
04-05 12:49:27.807 13149 13149 I ViewRootImpl@a1908b0[Toast]:   fl=1000098
04-05 12:49:27.807 13149 13149 I ViewRootImpl@a1908b0[Toast]:   pfl=12000000
04-05 12:49:27.807 13149 13149 I ViewRootImpl@a1908b0[Toast]:   bhv=DEFAULT
04-05 12:49:27.807 13149 13149 I ViewRootImpl@a1908b0[Toast]:   fitTypes=STATUS_BARS NAVIGATION_BARS CAPTION_BAR
04-05 12:49:27.807 13149 13149 I ViewRootImpl@a1908b0[Toast]:   fitIgnoreVis naviIconColor=0}
04-05 12:49:27.807 13149 13149 I ViewRootImpl@a1908b0[Toast]: performTraversals mFirst=true windowShouldResize=false viewVisibilityChanged=false mForceNextWindowRelayout=false params={(0,9)(wrapxwrap) gr=BOTTOM CENTER sim={adjust=resize} ty=TOAST fmt=TRANSLUCENT wanim=0x1030004 surfaceInsets=Rect(8, 8 - 8, 8)
04-05 12:49:27.807 13149 13149 I ViewRootImpl@a1908b0[Toast]:   fl=1000098
04-05 12:49:27.807 13149 13149 I ViewRootImpl@a1908b0[Toast]:   pfl=12000000
04-05 12:49:27.807 13149 13149 I ViewRootImpl@a1908b0[Toast]:   bhv=DEFAULT
04-05 12:49:27.807 13149 13149 I ViewRootImpl@a1908b0[Toast]:   fitTypes=STATUS_BARS NAVIGATION_BARS CAPTION_BAR
04-05 12:49:27.807 13149 13149 I ViewRootImpl@a1908b0[Toast]:   fitIgnoreVis naviIconColor=0}
04-05 12:49:27.813 13149 13149 I ViewRootImpl@a1908b0[Toast]: updateBlastSurfaceIfNeeded mBlastBufferQueue=null isSameSurfaceControl=false
04-05 12:49:27.813 13149 13149 D BufferQueueConsumer: [](id:335d00000047,api:0,p:-1,c:13149) connect: controlledByApp=false
04-05 12:49:27.814 13149 13149 I BLASTBufferQueue: new BLASTBufferQueue, mName= ViewRootImpl@a1908b0[Toast] mNativeObject= 0xb4000077c7d0e580 sc.mNativeObject= 0xb400007793c2fae0 caller= android.view.ViewRootImpl.updateBlastSurfaceIfNeeded:2909 android.view.ViewRootImpl.relayoutWindow:9847 android.view.ViewRootImpl.performTraversals:3884 android.view.ViewRootImpl.doTraversal:3116 android.view.ViewRootImpl$TraversalRunnable.run:10885 android.view.Choreographer$CallbackRecord.run:1301 android.view.Choreographer$CallbackRecord.run:1309 android.view.Choreographer.doCallbacks:923 android.view.Choreographer.doFrame:852 android.view.Choreographer$FrameDisplayEventReceiver.run:1283 
04-05 12:49:27.814 13149 13149 I BLASTBufferQueue: update, w= 318 h= 129 mName = ViewRootImpl@a1908b0[Toast] mNativeObject= 0xb4000077c7d0e580 sc.mNativeObject= 0xb400007793c2fae0 format= -3 caller= android.graphics.BLASTBufferQueue.<init>:84 android.view.ViewRootImpl.updateBlastSurfaceIfNeeded:2909 android.view.ViewRootImpl.relayoutWindow:9847 android.view.ViewRootImpl.performTraversals:3884 android.view.ViewRootImpl.doTraversal:3116 android.view.ViewRootImpl$TraversalRunnable.run:10885 
04-05 12:49:27.815 13149 13149 I ViewRootImpl@a1908b0[Toast]: Relayout returned: old=(0,58,720,1510) new=(209,1388,511,1501) req=(302,113)0 dur=6 res=0x3 s={true 0xb400007855176800} ch=true seqId=0
04-05 12:49:27.815 13149 13149 I ViewRootImpl@a1908b0[Toast]: mThreadedRenderer.initialize() mSurface={isValid=true 0xb400007855176800} hwInitialized=true
04-05 12:49:27.816 13149 13172 D OpenGLRenderer: eglCreateWindowSurface
04-05 12:49:27.816 13149 13149 I ViewRootImpl@a1908b0[Toast]: reportNextDraw android.view.ViewRootImpl.performTraversals:4438 android.view.ViewRootImpl.doTraversal:3116 android.view.ViewRootImpl$TraversalRunnable.run:10885 android.view.Choreographer$CallbackRecord.run:1301 android.view.Choreographer$CallbackRecord.run:1309 
04-05 12:49:27.816 13149 13149 I ViewRootImpl@a1908b0[Toast]: Setup new sync id=0
04-05 12:49:27.816 13149 13149 I ViewRootImpl@a1908b0[Toast]: Setting syncFrameCallback
04-05 12:49:27.816 13149 13149 I ViewRootImpl@a1908b0[Toast]: registerCallbacksForSync syncBuffer=false
04-05 12:49:27.817 13149 13239 I ViewRootImpl@a1908b0[Toast]: Received frameDrawingCallback syncResult=0 frameNum=1.
04-05 12:49:27.817 13149 13239 I ViewRootImpl@a1908b0[Toast]: Setting up sync and frameCommitCallback
04-05 12:49:27.821 13149 13172 I BLASTBufferQueue: [ViewRootImpl@a1908b0[Toast]#65](f:0,a:0) onFrameAvailable the first frame is available
04-05 12:49:27.822 13149 13172 I BLASTBufferQueue: [ViewRootImpl@a1908b0[Toast]#65](f:0,a:1) acquireNextBufferLocked size=318x129 mFrameNumber=1 applyTransaction=true mTimestamp=1095019909407190(auto) mPendingTransactions.size=0 graphicBufferId=56474524975881 transform=0
04-05 12:49:27.822 13149 13172 I ViewRootImpl@a1908b0[Toast]: Received frameCommittedCallback lastAttemptedDrawFrameNum=1 didProduceBuffer=true
04-05 12:49:27.822 13149 13172 D OpenGLRenderer: CFMS:: SetUp Pid : 13149    Tid : 13172
04-05 12:49:27.823 13149 13172 W Parcel  : Expecting binder but got null!
04-05 12:49:27.823 13149 13149 I ViewRootImpl@a1908b0[Toast]: onSyncComplete
04-05 12:49:27.823 13149 13149 I ViewRootImpl@a1908b0[Toast]: setupSync seqId=0 mSyncId=0 fn=1 caller=android.view.ViewRootImpl$$ExternalSyntheticLambda11.accept:6 android.window.SurfaceSyncer.lambda$setupSync$1$android-window-SurfaceSyncer:128 android.window.SurfaceSyncer$$ExternalSyntheticLambda1.accept:8 android.window.SurfaceSyncer$SyncSet.checkIfSyncIsComplete:382 android.window.SurfaceSyncer$SyncSet.markSyncReady:359 android.window.SurfaceSyncer.markSyncReady:151 android.view.ViewRootImpl.performTraversals:4503 
04-05 12:49:27.833 13149 13149 I ViewRootImpl@a1908b0[Toast]: reportDrawFinished seqId=0 mSyncId=-1 fn=1 mSurfaceChangedTransaction=0xb4000077a168c000
04-05 12:49:29.797 13149 13172 D OpenGLRenderer: setSurface called with nullptr
04-05 12:49:29.797 13149 13172 D OpenGLRenderer: setSurface() destroyed EGLSurface
04-05 12:49:29.797 13149 13172 D OpenGLRenderer: destroyEglSurface
04-05 12:49:29.801 13149 13149 I ViewRootImpl@a1908b0[Toast]: dispatchDetachedFromWindow
04-05 12:49:29.801 13149 13149 I BLASTBufferQueue: [ViewRootImpl@a1908b0[Toast]#65](f:0,a:1) destructor()
04-05 12:49:29.801 13149 13149 D BufferQueueConsumer: [ViewRootImpl@a1908b0[Toast]#65(BLAST Consumer)65](id:335d00000047,api:0,p:-1,c:13149) disconnect
04-05 12:49:29.815 13149 13149 D InputTransport: Input channel destroyed: '3a6886c', fd=273
04-05 12:49:30.557 13149 13149 I ViewRootImpl@f8b7859[MainActivity]: ViewPostIme key 0
04-05 12:49:30.557 13149 13149 D Activity: onKeyDown(KEYCODE_BACK)
04-05 12:49:30.643 13149 13149 I ViewRootImpl@f8b7859[MainActivity]: ViewPostIme key 1
04-05 12:49:30.643 13149 13149 D Activity: onKeyUp(KEYCODE_BACK) isTracking()=true isCanceled()=false hasCallback=false
04-05 12:49:30.644 13149 13149 I IMM_LC  : hsifw() - flag : 0
04-05 12:49:30.645 13149 13149 I IMM_LC  : hsifw() - mService.hideSoftInput
04-05 12:49:32.876 13149 13149 I ViewRootImpl@f8b7859[MainActivity]: ViewPostIme pointer 0
04-05 12:49:32.966 13149 13149 I ViewRootImpl@f8b7859[MainActivity]: ViewPostIme pointer 1
04-05 12:49:32.985 13149 13149 I IMM_LC  : hsifw() - flag : 0
04-05 12:49:32.985 13149 13149 I IMM_LC  : hsifw() - mService.hideSoftInput
04-05 12:49:33.171 13149 13149 W View    : requestLayout() improperly called by com.lagradost.cloudstream3.ui.AutofitRecyclerView{4f499c5 VFED.V... ......ID 720,0-1440,1246 #7f0a0398 app:id/page_recyclerview} during layout: running second layout pass
04-05 12:49:33.172 13149 13149 W View    : requestLayout() improperly called by com.lagradost.cloudstream3.ui.AutofitRecyclerView{65daf1a VFED.V... ......ID 1440,0-2160,1246 #7f0a0398 app:id/page_recyclerview} during layout: running second layout pass
04-05 12:49:33.999 13149 13149 I ViewRootImpl@f8b7859[MainActivity]: ViewPostIme pointer 0
04-05 12:49:34.065 13149 13149 I ViewRootImpl@f8b7859[MainActivity]: ViewPostIme pointer 1
04-05 12:49:34.068 13149 13149 I NavComponent: Navigating to fragment: 2131362305
04-05 12:49:34.069 13149 13149 I IMM_LC  : hsifw() - flag : 0
04-05 12:49:34.069 13149 13149 I IMM_LC  : hsifw() - mService.hideSoftInput
04-05 12:49:34.085 13149 13149 D ScrollView: initGoToTop
04-05 12:49:34.328 13149 13149 W Resources: Drawable com.lagradost.cloudstream3:drawable/go_forward_30 has unresolved theme attributes! Consider using Resources.getDrawable(int, Theme) or Context.getDrawable(int).
04-05 12:49:34.328 13149 13149 W Resources: java.lang.RuntimeException
04-05 12:49:34.328 13149 13149 W Resources: 	at android.content.res.Resources.getDrawable(Resources.java:967)
04-05 12:49:34.328 13149 13149 W Resources: 	at com.google.android.gms.cast.framework.media.widget.zzq.zzd(com.google.android.gms:play-services-cast-framework@@22.1.0:2)
04-05 12:49:34.328 13149 13149 W Resources: 	at com.google.android.gms.cast.framework.media.widget.zzq.zzc(com.google.android.gms:play-services-cast-framework@@22.1.0:1)
04-05 12:49:34.328 13149 13149 W Resources: 	at com.google.android.gms.cast.framework.media.widget.MiniControllerFragment.zza(com.google.android.gms:play-services-cast-framework@@22.1.0:41)
04-05 12:49:34.328 13149 13149 W Resources: 	at com.google.android.gms.cast.framework.media.widget.MiniControllerFragment.onCreateView(com.google.android.gms:play-services-cast-framework@@22.1.0:30)
04-05 12:49:34.328 13149 13149 W Resources: 	at androidx.fragment.app.Fragment.performCreateView(Fragment.java:3119)
04-05 12:49:34.328 13149 13149 W Resources: 	at androidx.fragment.app.FragmentStateManager.ensureInflatedView(FragmentStateManager.java:418)
04-05 12:49:34.328 13149 13149 W Resources: 	at androidx.fragment.app.FragmentStateManager.moveToExpectedState(FragmentStateManager.java:285)
04-05 12:49:34.328 13149 13149 W Resources: 	at androidx.fragment.app.FragmentLayoutInflaterFactory.onCreateView(FragmentLayoutInflaterFactory.java:142)
04-05 12:49:34.328 13149 13149 W Resources: 	at android.view.LayoutInflater$FactoryMerger.onCreateView(LayoutInflater.java:247)
04-05 12:49:34.328 13149 13149 W Resources: 	at android.view.LayoutInflater.tryCreateView(LayoutInflater.java:1083)
04-05 12:49:34.328 13149 13149 W Resources: 	at android.view.LayoutInflater.createViewFromTag(LayoutInflater.java:1019)
04-05 12:49:34.328 13149 13149 W Resources: 	at android.view.LayoutInflater.createViewFromTag(LayoutInflater.java:983)
04-05 12:49:34.328 13149 13149 W Resources: 	at android.view.LayoutInflater.rInflate(LayoutInflater.java:1145)
04-05 12:49:34.328 13149 13149 W Resources: 	at android.view.LayoutInflater.rInflateChildren(LayoutInflater.java:1106)
04-05 12:49:34.328 13149 13149 W Resources: 	at android.view.LayoutInflater.rInflate(LayoutInflater.java:1148)
04-05 12:49:34.328 13149 13149 W Resources: 	at android.view.LayoutInflater.rInflateChildren(LayoutInflater.java:1106)
04-05 12:49:34.328 13149 13149 W Resources: 	at android.view.LayoutInflater.rInflate(LayoutInflater.java:1148)
04-05 12:49:34.328 13149 13149 W Resources: 	at android.view.LayoutInflater.rInflateChildren(LayoutInflater.java:1106)
04-05 12:49:34.328 13149 13149 W Resources: 	at android.view.LayoutInflater.inflate(LayoutInflater.java:692)
04-05 12:49:34.328 13149 13149 W Resources: 	at android.view.LayoutInflater.inflate(LayoutInflater.java:544)
04-05 12:49:34.328 13149 13149 W Resources: 	at com.lagradost.cloudstream3.ui.player.AbstractPlayerFragment.onCreateView(AbstractPlayerFragment.kt:746)
04-05 12:49:34.328 13149 13149 W Resources: 	at com.lagradost.cloudstream3.ui.player.FullScreenPlayer.onCreateView(FullScreenPlayer.kt:218)
04-05 12:49:34.328 13149 13149 W Resources: 	at com.lagradost.cloudstream3.ui.result.ResultFragmentPhone.onCreateView(ResultFragmentPhone.kt:129)
04-05 12:49:34.328 13149 13149 W Resources: 	at androidx.fragment.app.Fragment.performCreateView(Fragment.java:3119)
04-05 12:49:34.328 13149 13149 W Resources: 	at androidx.fragment.app.FragmentStateManager.createView(FragmentStateManager.java:577)
04-05 12:49:34.328 13149 13149 W Resources: 	at androidx.fragment.app.FragmentStateManager.moveToExpectedState(FragmentStateManager.java:286)
04-05 12:49:34.328 13149 13149 W Resources: 	at androidx.fragment.app.FragmentManager.executeOpsTogether(FragmentManager.java:2214)
04-05 12:49:34.328 13149 13149 W Resources: 	at androidx.fragment.app.FragmentManager.removeRedundantOperationsAndExecute(FragmentManager.java:2115)
04-05 12:49:34.328 13149 13149 W Resources: 	at androidx.fragment.app.FragmentManager.execPendingActions(FragmentManager.java:2052)
04-05 12:49:34.328 13149 13149 W Resources: 	at androidx.fragment.app.FragmentManager$5.run(FragmentManager.java:703)
04-05 12:49:34.328 13149 13149 W Resources: 	at android.os.Handler.handleCallback(Handler.java:942)
04-05 12:49:34.328 13149 13149 W Resources: 	at android.os.Handler.dispatchMessage(Handler.java:99)
04-05 12:49:34.328 13149 13149 W Resources: 	at android.os.Looper.loopOnce(Looper.java:226)
04-05 12:49:34.328 13149 13149 W Resources: 	at android.os.Looper.loop(Looper.java:313)
04-05 12:49:34.328 13149 13149 W Resources: 	at android.app.ActivityThread.main(ActivityThread.java:8762)
04-05 12:49:34.328 13149 13149 W Resources: 	at java.lang.reflect.Method.invoke(Native Method)
04-05 12:49:34.328 13149 13149 W Resources: 	at com.android.internal.os.RuntimeInit$MethodAndArgsCaller.run(RuntimeInit.java:604)
04-05 12:49:34.328 13149 13149 W Resources: 	at com.android.internal.os.ZygoteInit.main(ZygoteInit.java:1067)
04-05 12:49:34.333 13149 13149 I SurfaceView@1f975a8: onWindowVisibilityChanged(0) true android.view.SurfaceView{1f975a8 V.E..V... ......I. 0,0-0,0} of ViewRootImpl@f8b7859[MainActivity]
04-05 12:49:34.333 13149 13149 D SurfaceView@1f975a8: updateSurface: has no frame
04-05 12:49:34.337 13149 13149 I CS3ExoPlayer: SET STYLE = SaveCaptionStyle(foregroundColor=-1, backgroundColor=0, windowColor=0, edgeType=1, edgeColor=-16777216, typeface=2131296262, typefaceFilePath=null, elevation=40, fixedTextSize=14.0, edgeSize=null, removeCaptions=false, removeBloat=true, upperCase=false, bold=false, italic=false, backgroundRadius=null, alignment=null)
04-05 12:49:34.344 13149 13149 I IMM_LC  : hsifw() - flag : 0
04-05 12:49:34.344 13149 13149 I IMM_LC  : hsifw() - mService.hideSoftInput
04-05 12:49:34.345 13149  3663 I SYNCVM  : addFromUrl = https://anichin.cafe/seri/shrouding-the-heavens/
04-05 12:49:34.346 13149  3663 I SYNCUTIL: getIdsFromUrl https://anichin.cafe/seri/shrouding-the-heavens/
04-05 12:49:34.346 13149 13200 I RVM2    : applyMeta
04-05 12:49:34.355 13149 13149 I SurfaceView@1f975a8: onWindowVisibilityChanged(8) false android.view.SurfaceView{1f975a8 V.E..V... ......I. 0,0-0,0} of ViewRootImpl@f8b7859[MainActivity]
04-05 12:49:34.355 13149 13149 D SurfaceView@1f975a8: updateSurface: has no frame
04-05 12:49:34.355 13149 13149 D SurfaceView@1f975a8: updateSurface: has no frame
04-05 12:49:34.355 13149 13149 I SurfaceView@1f975a8: onDetachedFromWindow: tryReleaseSurfaces()
04-05 12:49:34.355 13149 13149 I SurfaceView@1f975a8: releaseSurfaces: viewRoot = ViewRootImpl@f8b7859[MainActivity]
04-05 12:49:34.355 13149 13149 I SurfaceView@1f975a8: applyTransactionOnVriDraw: vri = ViewRootImpl@f8b7859[MainActivity] fRS = true t = 0xb40000775d982700 android.view.SurfaceView.releaseSurfaces:858 android.view.SurfaceView.onDetachedFromWindow:500 android.view.View.dispatchDetachedFromWindow:22538 
04-05 12:49:34.355 13149 13149 I SurfaceView@1f975a8: applyTransactionOnVriDraw: viewRoot.applyTransactionOnDrawFromReleaseSurfaces
04-05 12:49:34.355 13149 13149 I ViewRootImpl@f8b7859[MainActivity]: applyTransactionOnDraw: mRemoved = false isHardwareEnabled = true t = 0xb40000775d982700android.view.ViewRootImpl.applyTransactionOnDrawFromReleaseSurfaces:12850 android.view.SurfaceView.applyTransactionOnVriDraw:2046 android.view.SurfaceView.releaseSurfaces:858 android.view.SurfaceView.onDetachedFromWindow:500 android.view.View.dispatchDetachedFromWindow:22538 
04-05 12:49:34.357 13149 13149 I SurfaceView@1f975a8: onWindowVisibilityChanged(0) true android.view.SurfaceView{1f975a8 V.E..V... ......I. 0,0-0,0} of ViewRootImpl@f8b7859[MainActivity]
04-05 12:49:34.357 13149 13149 D SurfaceView@1f975a8: updateSurface: has no frame
04-05 12:49:34.359 13149 13149 I DecorView: notifyKeepScreenOnChanged: keepScreenOn=false
04-05 12:49:34.365 13149 13149 I CS3ExoPlayer: reloadPlayer
04-05 12:49:34.365 13149 13149 I CS3ExoPlayer: releasePlayer
04-05 12:49:34.365 13149 13149 I CS3ExoPlayer: Handle event: PlayerAttachedEvent(player=null, source=Player)
04-05 12:49:34.369 13149 13149 I ViewRootImpl@f8b7859[MainActivity]: performTraversals params={(0,0)(fillxfill) sim={state=always_hidden adjust=resize} ty=BASE_APPLICATION wanim=0x1030309
04-05 12:49:34.369 13149 13149 I ViewRootImpl@f8b7859[MainActivity]:   fl=85810100
04-05 12:49:34.369 13149 13149 I ViewRootImpl@f8b7859[MainActivity]:   pfl=12020040
04-05 12:49:34.369 13149 13149 I ViewRootImpl@f8b7859[MainActivity]:   vsysui=1500
04-05 12:49:34.369 13149 13149 I ViewRootImpl@f8b7859[MainActivity]:   bhv=SHOW_TRANSIENT_BARS_BY_SWIPE
04-05 12:49:34.369 13149 13149 I ViewRootImpl@f8b7859[MainActivity]:   fitSides= naviIconColor=0}
04-05 12:49:34.369 13149 13149 I ViewRootImpl@f8b7859[MainActivity]: performTraversals mFirst=false windowShouldResize=false viewVisibilityChanged=false mForceNextWindowRelayout=false params={(0,0)(fillxfill) sim={state=always_hidden adjust=resize} ty=BASE_APPLICATION fmt=TRANSLUCENT wanim=0x1030309
04-05 12:49:34.369 13149 13149 I ViewRootImpl@f8b7859[MainActivity]:   fl=85810100
04-05 12:49:34.369 13149 13149 I ViewRootImpl@f8b7859[MainActivity]:   pfl=12020040
04-05 12:49:34.369 13149 13149 I ViewRootImpl@f8b7859[MainActivity]:   vsysui=1500
04-05 12:49:34.369 13149 13149 I ViewRootImpl@f8b7859[MainActivity]:   bhv=SHOW_TRANSIENT_BARS_BY_SWIPE
04-05 12:49:34.369 13149 13149 I ViewRootImpl@f8b7859[MainActivity]:   fitSides= naviIconColor=0}
04-05 12:49:34.374 13149 13149 I ViewRootImpl@f8b7859[MainActivity]: updateBlastSurfaceIfNeeded mBlastBufferQueue=0xb4000077c7d0c600 isSameSurfaceControl=true
04-05 12:49:34.375 13149 13149 I BLASTBufferQueue: update, w= 720 h= 1600 mName = ViewRootImpl@f8b7859[MainActivity] mNativeObject= 0xb4000077c7d0c600 sc.mNativeObject= 0xb40000775e131480 format= -3 caller= android.view.ViewRootImpl.updateBlastSurfaceIfNeeded:2898 android.view.ViewRootImpl.relayoutWindow:9847 android.view.ViewRootImpl.performTraversals:3884 android.view.ViewRootImpl.doTraversal:3116 android.view.ViewRootImpl$TraversalRunnable.run:10885 android.view.Choreographer$CallbackRecord.run:1301 
04-05 12:49:34.375 13149 13149 I ViewRootImpl@f8b7859[MainActivity]: Relayout returned: old=(0,0,720,1600) new=(0,0,720,1600) req=(720,1600)0 dur=5 res=0x0 s={true 0xb4000077ab567000} ch=false seqId=9
04-05 12:49:34.375 13149 13149 W View    : requestLayout() improperly called by android.widget.FrameLayout{9d3ae05 I.E..V... ......I. 0,0-0,0 #7f0a053e app:id/start_panel} during layout: running second layout pass
04-05 12:49:34.375 13149 13149 W View    : requestLayout() improperly called by android.widget.FrameLayout{b04ce5a I.E..V... ......ID 720,0-720,1358 #7f0a0184 app:id/end_panel} during layout: running second layout pass
04-05 12:49:34.377 13149 13149 D SurfaceView@1f975a8: updateSurface: has no frame
04-05 12:49:34.380 13149 13239 I ViewRootImpl@f8b7859[MainActivity]: mWNT: t=0xb40000775d982700 mBlastBufferQueue=0xb4000077c7d0c600 fn= 223 caller= android.view.ViewRootImpl.lambda$applyTransactionOnDraw$11$android-view-ViewRootImpl:12865 android.view.ViewRootImpl$$ExternalSyntheticLambda1.onFrameDraw:4 android.graphics.HardwareRenderer$FrameDrawingCallback.onFrameDraw:924 
04-05 12:49:34.383 13149  3670 I SYNCVM  : addFromUrl = https://anichin.cafe/seri/shrouding-the-heavens/
04-05 12:49:34.383 13149  3670 I SYNCUTIL: getIdsFromUrl https://anichin.cafe/seri/shrouding-the-heavens/
04-05 12:49:34.584 13149 13149 D SurfaceView@1f975a8: updateSurface: has no frame
04-05 12:49:34.586 13149 13149 I SurfaceView@1f975a8: Changes: creating=true format=true size=true visible=true alpha=false hint=false mUseAlpha=false visible=true left=true top=true
04-05 12:49:34.589 13149 13149 D BufferQueueConsumer: [](id:335d00000048,api:0,p:-1,c:13149) connect: controlledByApp=false
04-05 12:49:34.590 13149 13149 I BLASTBufferQueue: update, w= 720 h= 375 mName = null mNativeObject= 0xb40000775e584d00 sc.mNativeObject= 0xb400007768aa9520 format= 4 caller= android.view.SurfaceView.createBlastSurfaceControls:1383 android.view.SurfaceView.updateSurface:1079 android.view.SurfaceView.lambda$new$0$android-view-SurfaceView:200 android.view.SurfaceView$$ExternalSyntheticLambda5.onPreDraw:2 android.view.ViewTreeObserver.dispatchOnPreDraw:1121 android.view.ViewRootImpl.performTraversals:4442 
04-05 12:49:34.590 13149 13149 I SurfaceView@1f975a8: 33125800 Cur surface: Surface(name=null)/@0xa780960
04-05 12:49:34.590 13149 13149 I SurfaceView@1f975a8: pST: sr = Rect(0, 152 - 720, 527) sw = 720 sh = 375
04-05 12:49:34.590 13149 13149 D SurfaceView@1f975a8: performSurfaceTransaction RenderWorker position = [0, 152, 720, 527] surfaceSize = 720x375
04-05 12:49:34.591 13149 13149 I SurfaceView@1f975a8: applyTransactionOnVriDraw: vri = ViewRootImpl@f8b7859[MainActivity] fRS = false t = 0xb400007768143e00 android.view.SurfaceView.performSurfaceTransaction:959 android.view.SurfaceView.updateSurface:1105 android.view.SurfaceView.lambda$new$0$android-view-SurfaceView:200 
