04-05 11:37:25.863  3948  3948 I SurfaceView@8e1e007: updateSurface: mVisible = true mSurface.isValid() = true
04-05 11:37:25.863  3948  3948 I SurfaceView@8e1e007: updateSurface: mSurfaceCreated = true surfaceChanged = false visibleChanged = false
04-05 11:37:25.863  3948  3948 V SurfaceView@8e1e007: Layout: x=0 y=-295 w=720 h=375, frame=Rect(0, 0 - 720, 375)
04-05 11:37:25.864  3948  4040 D SurfaceView@8e1e007: updateSurfacePosition RenderWorker, frameNr = 989, position = [0, -411, 720, -36] surfaceSize = 720x375
04-05 11:37:25.864  3948  4040 I SurfaceView@8e1e007: uSP: rtp = Rect(0, -411 - 720, -36) rtsw = 720 rtsh = 375
04-05 11:37:25.864  3948  4040 I SurfaceView@8e1e007: onSSPAndSRT: pl = 0 pt = -411 sx = 1.0 sy = 1.0
04-05 11:37:25.865  3948  4040 I SurfaceView@8e1e007: aOrMT: ViewRootImpl@ae38c1e[MainActivity] t = android.view.SurfaceControl$Transaction@86c20ad fN = 989 android.view.SurfaceView.-$$Nest$mapplyOrMergeTransaction:0 android.view.SurfaceView$SurfaceViewPositionUpdateListener.positionChanged:1537 android.graphics.RenderNode$CompositePositionUpdateListener.positionChanged:373 
04-05 11:37:25.865  3948  4040 I ViewRootImpl@ae38c1e[MainActivity]: mWNT: t=0xb400007735fbb800 mBlastBufferQueue=0xb4000077c2991c00 fn= 989 caller= android.view.SurfaceView.applyOrMergeTransaction:1455 android.view.SurfaceView.-$$Nest$mapplyOrMergeTransaction:0 android.view.SurfaceView$SurfaceViewPositionUpdateListener.positionChanged:1537 
04-05 11:37:25.865  3948  4040 I ViewRootImpl@ae38c1e[MainActivity]: mWNT: t=0xb40000778764b200 mBlastBufferQueue=0xb4000077c2991c00 fn= 989 caller= android.view.ViewRootImpl.lambda$applyTransactionOnDraw$11$android-view-ViewRootImpl:12865 android.view.ViewRootImpl$$ExternalSyntheticLambda1.onFrameDraw:4 android.graphics.HardwareRenderer$FrameDrawingCallback.onFrameDraw:924 
04-05 11:37:25.880  3948  3948 I SurfaceView@8e1e007: Changes: creating=false format=false size=false visible=false alpha=false hint=false mUseAlpha=false visible=false left=false top=true
04-05 11:37:25.880  3948  3948 I SurfaceView@8e1e007: 149020679 Cur surface: Surface(name=null)/@0x5f0c456
04-05 11:37:25.881  3948  3948 I SurfaceView@8e1e007: applyTransactionOnVriDraw: vri = ViewRootImpl@ae38c1e[MainActivity] fRS = false t = 0xb400007735fbbe00 android.view.SurfaceView.performSurfaceTransaction:959 android.view.SurfaceView.updateSurface:1105 android.view.SurfaceView.lambda$new$0$android-view-SurfaceView:200 
04-05 11:37:25.881  3948  3948 I ViewRootImpl@ae38c1e[MainActivity]: applyTransactionOnDraw: mRemoved = false isHardwareEnabled = true t = 0xb400007735fbbe00android.view.SurfaceView.applyTransactionOnVriDraw:2048 android.view.SurfaceView.performSurfaceTransaction:959 android.view.SurfaceView.updateSurface:1105 android.view.SurfaceView.lambda$new$0$android-view-SurfaceView:200 android.view.SurfaceView$$ExternalSyntheticLambda5.onPreDraw:2 
04-05 11:37:25.881  3948  3948 I SurfaceView@8e1e007: updateSurface: mVisible = true mSurface.isValid() = true
04-05 11:37:25.881  3948  3948 I SurfaceView@8e1e007: updateSurface: mSurfaceCreated = true surfaceChanged = false visibleChanged = false
04-05 11:37:25.881  3948  3948 V SurfaceView@8e1e007: Layout: x=0 y=-411 w=720 h=375, frame=Rect(0, 0 - 720, 375)
04-05 11:37:25.882  3948  4041 D SurfaceView@8e1e007: updateSurfacePosition RenderWorker, frameNr = 990, position = [0, -525, 720, -150] surfaceSize = 720x375
04-05 11:37:25.882  3948  4041 I SurfaceView@8e1e007: uSP: rtp = Rect(0, -525 - 720, -150) rtsw = 720 rtsh = 375
04-05 11:37:25.882  3948  4041 I SurfaceView@8e1e007: onSSPAndSRT: pl = 0 pt = -525 sx = 1.0 sy = 1.0
04-05 11:37:25.882  3948  4041 I SurfaceView@8e1e007: aOrMT: ViewRootImpl@ae38c1e[MainActivity] t = android.view.SurfaceControl$Transaction@86c20ad fN = 990 android.view.SurfaceView.-$$Nest$mapplyOrMergeTransaction:0 android.view.SurfaceView$SurfaceViewPositionUpdateListener.positionChanged:1537 android.graphics.RenderNode$CompositePositionUpdateListener.positionChanged:373 
04-05 11:37:25.882  3948  4041 I ViewRootImpl@ae38c1e[MainActivity]: mWNT: t=0xb400007735fbb800 mBlastBufferQueue=0xb4000077c2991c00 fn= 990 caller= android.view.SurfaceView.applyOrMergeTransaction:1455 android.view.SurfaceView.-$$Nest$mapplyOrMergeTransaction:0 android.view.SurfaceView$SurfaceViewPositionUpdateListener.positionChanged:1537 
04-05 11:37:25.882  3948  4041 I ViewRootImpl@ae38c1e[MainActivity]: mWNT: t=0xb400007735fbbe00 mBlastBufferQueue=0xb4000077c2991c00 fn= 990 caller= android.view.ViewRootImpl.lambda$applyTransactionOnDraw$11$android-view-ViewRootImpl:12865 android.view.ViewRootImpl$$ExternalSyntheticLambda1.onFrameDraw:4 android.graphics.HardwareRenderer$FrameDrawingCallback.onFrameDraw:924 
04-05 11:37:25.896  3948  3948 I SurfaceView@8e1e007: Changes: creating=false format=false size=false visible=false alpha=false hint=false mUseAlpha=false visible=false left=false top=true
04-05 11:37:25.896  3948  3948 I SurfaceView@8e1e007: 149020679 Cur surface: Surface(name=null)/@0x5f0c456
04-05 11:37:25.896  3948  3948 I SurfaceView@8e1e007: applyTransactionOnVriDraw: vri = ViewRootImpl@ae38c1e[MainActivity] fRS = false t = 0xb400007735fbbf00 android.view.SurfaceView.performSurfaceTransaction:959 android.view.SurfaceView.updateSurface:1105 android.view.SurfaceView.lambda$new$0$android-view-SurfaceView:200 
04-05 11:37:25.896  3948  3948 I ViewRootImpl@ae38c1e[MainActivity]: applyTransactionOnDraw: mRemoved = false isHardwareEnabled = true t = 0xb400007735fbbf00android.view.SurfaceView.applyTransactionOnVriDraw:2048 android.view.SurfaceView.performSurfaceTransaction:959 android.view.SurfaceView.updateSurface:1105 android.view.SurfaceView.lambda$new$0$android-view-SurfaceView:200 android.view.SurfaceView$$ExternalSyntheticLambda5.onPreDraw:2 
04-05 11:37:25.896  3948  3948 I SurfaceView@8e1e007: updateSurface: mVisible = true mSurface.isValid() = true
04-05 11:37:25.896  3948  3948 I SurfaceView@8e1e007: updateSurface: mSurfaceCreated = true surfaceChanged = false visibleChanged = false
04-05 11:37:25.896  3948  3948 V SurfaceView@8e1e007: Layout: x=0 y=-525 w=720 h=375, frame=Rect(0, 0 - 720, 375)
04-05 11:37:25.898  3948  4040 D SurfaceView@8e1e007: updateSurfacePosition RenderWorker, frameNr = 991, position = [0, -638, 720, -263] surfaceSize = 720x375
04-05 11:37:25.898  3948  4040 I SurfaceView@8e1e007: uSP: rtp = Rect(0, -638 - 720, -263) rtsw = 720 rtsh = 375
04-05 11:37:25.898  3948  4040 I SurfaceView@8e1e007: onSSPAndSRT: pl = 0 pt = -638 sx = 1.0 sy = 1.0
04-05 11:37:25.898  3948  4040 I SurfaceView@8e1e007: aOrMT: ViewRootImpl@ae38c1e[MainActivity] t = android.view.SurfaceControl$Transaction@86c20ad fN = 991 android.view.SurfaceView.-$$Nest$mapplyOrMergeTransaction:0 android.view.SurfaceView$SurfaceViewPositionUpdateListener.positionChanged:1537 android.graphics.RenderNode$CompositePositionUpdateListener.positionChanged:373 
04-05 11:37:25.898  3948  4040 I ViewRootImpl@ae38c1e[MainActivity]: mWNT: t=0xb400007735fbb800 mBlastBufferQueue=0xb4000077c2991c00 fn= 991 caller= android.view.SurfaceView.applyOrMergeTransaction:1455 android.view.SurfaceView.-$$Nest$mapplyOrMergeTransaction:0 android.view.SurfaceView$SurfaceViewPositionUpdateListener.positionChanged:1537 
04-05 11:37:25.898  3948  4040 I ViewRootImpl@ae38c1e[MainActivity]: mWNT: t=0xb400007735fbbf00 mBlastBufferQueue=0xb4000077c2991c00 fn= 991 caller= android.view.ViewRootImpl.lambda$applyTransactionOnDraw$11$android-view-ViewRootImpl:12865 android.view.ViewRootImpl$$ExternalSyntheticLambda1.onFrameDraw:4 android.graphics.HardwareRenderer$FrameDrawingCallback.onFrameDraw:924 
04-05 11:37:25.912  3948  3948 I SurfaceView@8e1e007: Changes: creating=false format=false size=false visible=false alpha=false hint=false mUseAlpha=false visible=false left=false top=true
04-05 11:37:25.913  3948  3948 I SurfaceView@8e1e007: 149020679 Cur surface: Surface(name=null)/@0x5f0c456
04-05 11:37:25.913  3948  3948 I SurfaceView@8e1e007: applyTransactionOnVriDraw: vri = ViewRootImpl@ae38c1e[MainActivity] fRS = false t = 0xb400007737180100 android.view.SurfaceView.performSurfaceTransaction:959 android.view.SurfaceView.updateSurface:1105 android.view.SurfaceView.lambda$new$0$android-view-SurfaceView:200 
04-05 11:37:25.913  3948  3948 I ViewRootImpl@ae38c1e[MainActivity]: applyTransactionOnDraw: mRemoved = false isHardwareEnabled = true t = 0xb400007737180100android.view.SurfaceView.applyTransactionOnVriDraw:2048 android.view.SurfaceView.performSurfaceTransaction:959 android.view.SurfaceView.updateSurface:1105 android.view.SurfaceView.lambda$new$0$android-view-SurfaceView:200 android.view.SurfaceView$$ExternalSyntheticLambda5.onPreDraw:2 
04-05 11:37:25.913  3948  3948 I SurfaceView@8e1e007: updateSurface: mVisible = true mSurface.isValid() = true
04-05 11:37:25.913  3948  3948 I SurfaceView@8e1e007: updateSurface: mSurfaceCreated = true surfaceChanged = false visibleChanged = false
04-05 11:37:25.913  3948  3948 V SurfaceView@8e1e007: Layout: x=0 y=-638 w=720 h=375, frame=Rect(0, 0 - 720, 375)
04-05 11:37:25.915  3948  4041 D SurfaceView@8e1e007: updateSurfacePosition RenderWorker, frameNr = 992, position = [0, -755, 720, -380] surfaceSize = 720x375
04-05 11:37:25.915  3948  4041 I SurfaceView@8e1e007: uSP: rtp = Rect(0, -755 - 720, -380) rtsw = 720 rtsh = 375
04-05 11:37:25.915  3948  4041 I SurfaceView@8e1e007: onSSPAndSRT: pl = 0 pt = -755 sx = 1.0 sy = 1.0
04-05 11:37:25.915  3948  4041 I SurfaceView@8e1e007: aOrMT: ViewRootImpl@ae38c1e[MainActivity] t = android.view.SurfaceControl$Transaction@86c20ad fN = 992 android.view.SurfaceView.-$$Nest$mapplyOrMergeTransaction:0 android.view.SurfaceView$SurfaceViewPositionUpdateListener.positionChanged:1537 android.graphics.RenderNode$CompositePositionUpdateListener.positionChanged:373 
04-05 11:37:25.915  3948  4041 I ViewRootImpl@ae38c1e[MainActivity]: mWNT: t=0xb400007735fbb800 mBlastBufferQueue=0xb4000077c2991c00 fn= 992 caller= android.view.SurfaceView.applyOrMergeTransaction:1455 android.view.SurfaceView.-$$Nest$mapplyOrMergeTransaction:0 android.view.SurfaceView$SurfaceViewPositionUpdateListener.positionChanged:1537 
04-05 11:37:25.915  3948  4041 I ViewRootImpl@ae38c1e[MainActivity]: mWNT: t=0xb400007737180100 mBlastBufferQueue=0xb4000077c2991c00 fn= 992 caller= android.view.ViewRootImpl.lambda$applyTransactionOnDraw$11$android-view-ViewRootImpl:12865 android.view.ViewRootImpl$$ExternalSyntheticLambda1.onFrameDraw:4 android.graphics.HardwareRenderer$FrameDrawingCallback.onFrameDraw:924 
04-05 11:37:25.929  3948  3948 I SurfaceView@8e1e007: Changes: creating=false format=false size=false visible=false alpha=false hint=false mUseAlpha=false visible=false left=false top=true
04-05 11:37:25.929  3948  3948 I SurfaceView@8e1e007: 149020679 Cur surface: Surface(name=null)/@0x5f0c456
04-05 11:37:25.929  3948  3948 I SurfaceView@8e1e007: applyTransactionOnVriDraw: vri = ViewRootImpl@ae38c1e[MainActivity] fRS = false t = 0xb400007737180200 android.view.SurfaceView.performSurfaceTransaction:959 android.view.SurfaceView.updateSurface:1105 android.view.SurfaceView.lambda$new$0$android-view-SurfaceView:200 
04-05 11:37:25.930  3948  3948 I ViewRootImpl@ae38c1e[MainActivity]: applyTransactionOnDraw: mRemoved = false isHardwareEnabled = true t = 0xb400007737180200android.view.SurfaceView.applyTransactionOnVriDraw:2048 android.view.SurfaceView.performSurfaceTransaction:959 android.view.SurfaceView.updateSurface:1105 android.view.SurfaceView.lambda$new$0$android-view-SurfaceView:200 android.view.SurfaceView$$ExternalSyntheticLambda5.onPreDraw:2 
04-05 11:37:25.930  3948  3948 I SurfaceView@8e1e007: updateSurface: mVisible = true mSurface.isValid() = true
04-05 11:37:25.930  3948  3948 I SurfaceView@8e1e007: updateSurface: mSurfaceCreated = true surfaceChanged = false visibleChanged = false
04-05 11:37:25.930  3948  3948 V SurfaceView@8e1e007: Layout: x=0 y=-755 w=720 h=375, frame=Rect(0, 0 - 720, 375)
04-05 11:37:25.931  3948  4040 D SurfaceView@8e1e007: updateSurfacePosition RenderWorker, frameNr = 993, position = [0, -863, 720, -488] surfaceSize = 720x375
04-05 11:37:25.931  3948  4040 I SurfaceView@8e1e007: uSP: rtp = Rect(0, -863 - 720, -488) rtsw = 720 rtsh = 375
04-05 11:37:25.931  3948  4040 I SurfaceView@8e1e007: onSSPAndSRT: pl = 0 pt = -863 sx = 1.0 sy = 1.0
04-05 11:37:25.931  3948  4040 I SurfaceView@8e1e007: aOrMT: ViewRootImpl@ae38c1e[MainActivity] t = android.view.SurfaceControl$Transaction@86c20ad fN = 993 android.view.SurfaceView.-$$Nest$mapplyOrMergeTransaction:0 android.view.SurfaceView$SurfaceViewPositionUpdateListener.positionChanged:1537 android.graphics.RenderNode$CompositePositionUpdateListener.positionChanged:373 
04-05 11:37:25.931  3948  4040 I ViewRootImpl@ae38c1e[MainActivity]: mWNT: t=0xb400007735fbb800 mBlastBufferQueue=0xb4000077c2991c00 fn= 993 caller= android.view.SurfaceView.applyOrMergeTransaction:1455 android.view.SurfaceView.-$$Nest$mapplyOrMergeTransaction:0 android.view.SurfaceView$SurfaceViewPositionUpdateListener.positionChanged:1537 
04-05 11:37:25.931  3948  4040 I ViewRootImpl@ae38c1e[MainActivity]: mWNT: t=0xb400007737180200 mBlastBufferQueue=0xb4000077c2991c00 fn= 993 caller= android.view.ViewRootImpl.lambda$applyTransactionOnDraw$11$android-view-ViewRootImpl:12865 android.view.ViewRootImpl$$ExternalSyntheticLambda1.onFrameDraw:4 android.graphics.HardwareRenderer$FrameDrawingCallback.onFrameDraw:924 
04-05 11:37:25.946  3948  3948 I SurfaceView@8e1e007: Changes: creating=false format=false size=false visible=false alpha=false hint=false mUseAlpha=false visible=false left=false top=true
04-05 11:37:25.946  3948  3948 I SurfaceView@8e1e007: 149020679 Cur surface: Surface(name=null)/@0x5f0c456
04-05 11:37:25.946  3948  3948 I SurfaceView@8e1e007: applyTransactionOnVriDraw: vri = ViewRootImpl@ae38c1e[MainActivity] fRS = false t = 0xb400007737180300 android.view.SurfaceView.performSurfaceTransaction:959 android.view.SurfaceView.updateSurface:1105 android.view.SurfaceView.lambda$new$0$android-view-SurfaceView:200 
04-05 11:37:25.946  3948  3948 I ViewRootImpl@ae38c1e[MainActivity]: applyTransactionOnDraw: mRemoved = false isHardwareEnabled = true t = 0xb400007737180300android.view.SurfaceView.applyTransactionOnVriDraw:2048 android.view.SurfaceView.performSurfaceTransaction:959 android.view.SurfaceView.updateSurface:1105 android.view.SurfaceView.lambda$new$0$android-view-SurfaceView:200 android.view.SurfaceView$$ExternalSyntheticLambda5.onPreDraw:2 
04-05 11:37:25.946  3948  3948 I SurfaceView@8e1e007: updateSurface: mVisible = true mSurface.isValid() = true
04-05 11:37:25.946  3948  3948 I SurfaceView@8e1e007: updateSurface: mSurfaceCreated = true surfaceChanged = false visibleChanged = false
04-05 11:37:25.946  3948  3948 V SurfaceView@8e1e007: Layout: x=0 y=-863 w=720 h=375, frame=Rect(0, 0 - 720, 375)
04-05 11:37:25.948  3948  4041 D SurfaceView@8e1e007: updateSurfacePosition RenderWorker, frameNr = 994, position = [0, -975, 720, -600] surfaceSize = 720x375
04-05 11:37:25.948  3948  4041 I SurfaceView@8e1e007: uSP: rtp = Rect(0, -975 - 720, -600) rtsw = 720 rtsh = 375
04-05 11:37:25.948  3948  4041 I SurfaceView@8e1e007: onSSPAndSRT: pl = 0 pt = -975 sx = 1.0 sy = 1.0
04-05 11:37:25.948  3948  4041 I SurfaceView@8e1e007: aOrMT: ViewRootImpl@ae38c1e[MainActivity] t = android.view.SurfaceControl$Transaction@86c20ad fN = 994 android.view.SurfaceView.-$$Nest$mapplyOrMergeTransaction:0 android.view.SurfaceView$SurfaceViewPositionUpdateListener.positionChanged:1537 android.graphics.RenderNode$CompositePositionUpdateListener.positionChanged:373 
04-05 11:37:25.948  3948  4041 I ViewRootImpl@ae38c1e[MainActivity]: mWNT: t=0xb400007735fbb800 mBlastBufferQueue=0xb4000077c2991c00 fn= 994 caller= android.view.SurfaceView.applyOrMergeTransaction:1455 android.view.SurfaceView.-$$Nest$mapplyOrMergeTransaction:0 android.view.SurfaceView$SurfaceViewPositionUpdateListener.positionChanged:1537 
04-05 11:37:25.948  3948  4041 I ViewRootImpl@ae38c1e[MainActivity]: mWNT: t=0xb400007737180300 mBlastBufferQueue=0xb4000077c2991c00 fn= 994 caller= android.view.ViewRootImpl.lambda$applyTransactionOnDraw$11$android-view-ViewRootImpl:12865 android.view.ViewRootImpl$$ExternalSyntheticLambda1.onFrameDraw:4 android.graphics.HardwareRenderer$FrameDrawingCallback.onFrameDraw:924 
04-05 11:37:25.962  3948  3948 I SurfaceView@8e1e007: Changes: creating=false format=false size=false visible=false alpha=false hint=false mUseAlpha=false visible=false left=false top=true
04-05 11:37:25.962  3948  3948 I SurfaceView@8e1e007: 149020679 Cur surface: Surface(name=null)/@0x5f0c456
04-05 11:37:25.963  3948  3948 I SurfaceView@8e1e007: applyTransactionOnVriDraw: vri = ViewRootImpl@ae38c1e[MainActivity] fRS = false t = 0xb400007737180600 android.view.SurfaceView.performSurfaceTransaction:959 android.view.SurfaceView.updateSurface:1105 android.view.SurfaceView.lambda$new$0$android-view-SurfaceView:200 
04-05 11:37:25.963  3948  3948 I ViewRootImpl@ae38c1e[MainActivity]: applyTransactionOnDraw: mRemoved = false isHardwareEnabled = true t = 0xb400007737180600android.view.SurfaceView.applyTransactionOnVriDraw:2048 android.view.SurfaceView.performSurfaceTransaction:959 android.view.SurfaceView.updateSurface:1105 android.view.SurfaceView.lambda$new$0$android-view-SurfaceView:200 android.view.SurfaceView$$ExternalSyntheticLambda5.onPreDraw:2 
04-05 11:37:25.963  3948  3948 I SurfaceView@8e1e007: updateSurface: mVisible = true mSurface.isValid() = true
04-05 11:37:25.963  3948  3948 I SurfaceView@8e1e007: updateSurface: mSurfaceCreated = true surfaceChanged = false visibleChanged = false
04-05 11:37:25.963  3948  3948 V SurfaceView@8e1e007: Layout: x=0 y=-975 w=720 h=375, frame=Rect(0, 0 - 720, 375)
04-05 11:37:25.964  3948  4040 D SurfaceView@8e1e007: updateSurfacePosition RenderWorker, frameNr = 995, position = [0, -1084, 720, -709] surfaceSize = 720x375
04-05 11:37:25.964  3948  4040 I SurfaceView@8e1e007: uSP: rtp = Rect(0, -1084 - 720, -709) rtsw = 720 rtsh = 375
04-05 11:37:25.964  3948  4040 I SurfaceView@8e1e007: onSSPAndSRT: pl = 0 pt = -1084 sx = 1.0 sy = 1.0
04-05 11:37:25.964  3948  4040 I SurfaceView@8e1e007: aOrMT: ViewRootImpl@ae38c1e[MainActivity] t = android.view.SurfaceControl$Transaction@86c20ad fN = 995 android.view.SurfaceView.-$$Nest$mapplyOrMergeTransaction:0 android.view.SurfaceView$SurfaceViewPositionUpdateListener.positionChanged:1537 android.graphics.RenderNode$CompositePositionUpdateListener.positionChanged:373 
04-05 11:37:25.965  3948  4040 I ViewRootImpl@ae38c1e[MainActivity]: mWNT: t=0xb400007735fbb800 mBlastBufferQueue=0xb4000077c2991c00 fn= 995 caller= android.view.SurfaceView.applyOrMergeTransaction:1455 android.view.SurfaceView.-$$Nest$mapplyOrMergeTransaction:0 android.view.SurfaceView$SurfaceViewPositionUpdateListener.positionChanged:1537 
04-05 11:37:25.965  3948  4040 I ViewRootImpl@ae38c1e[MainActivity]: mWNT: t=0xb400007737180600 mBlastBufferQueue=0xb4000077c2991c00 fn= 995 caller= android.view.ViewRootImpl.lambda$applyTransactionOnDraw$11$android-view-ViewRootImpl:12865 android.view.ViewRootImpl$$ExternalSyntheticLambda1.onFrameDraw:4 android.graphics.HardwareRenderer$FrameDrawingCallback.onFrameDraw:924 
04-05 11:37:25.979  3948  3948 I SurfaceView@8e1e007: Changes: creating=false format=false size=false visible=false alpha=false hint=false mUseAlpha=false visible=false left=false top=true
04-05 11:37:25.979  3948  3948 I SurfaceView@8e1e007: 149020679 Cur surface: Surface(name=null)/@0x5f0c456
04-05 11:37:25.979  3948  3948 I SurfaceView@8e1e007: applyTransactionOnVriDraw: vri = ViewRootImpl@ae38c1e[MainActivity] fRS = false t = 0xb400007737180700 android.view.SurfaceView.performSurfaceTransaction:959 android.view.SurfaceView.updateSurface:1105 android.view.SurfaceView.lambda$new$0$android-view-SurfaceView:200 
04-05 11:37:25.980  3948  3948 I ViewRootImpl@ae38c1e[MainActivity]: applyTransactionOnDraw: mRemoved = false isHardwareEnabled = true t = 0xb400007737180700android.view.SurfaceView.applyTransactionOnVriDraw:2048 android.view.SurfaceView.performSurfaceTransaction:959 android.view.SurfaceView.updateSurface:1105 android.view.SurfaceView.lambda$new$0$android-view-SurfaceView:200 android.view.SurfaceView$$ExternalSyntheticLambda5.onPreDraw:2 
04-05 11:37:25.980  3948  3948 I SurfaceView@8e1e007: updateSurface: mVisible = true mSurface.isValid() = true
04-05 11:37:25.980  3948  3948 I SurfaceView@8e1e007: updateSurface: mSurfaceCreated = true surfaceChanged = false visibleChanged = false
04-05 11:37:25.980  3948  3948 V SurfaceView@8e1e007: Layout: x=0 y=-1084 w=720 h=375, frame=Rect(0, 0 - 720, 375)
04-05 11:37:25.981  3948  4041 D SurfaceView@8e1e007: updateSurfacePosition RenderWorker, frameNr = 996, position = [0, -1182, 720, -807] surfaceSize = 720x375
04-05 11:37:25.981  3948  4041 I SurfaceView@8e1e007: uSP: rtp = Rect(0, -1182 - 720, -807) rtsw = 720 rtsh = 375
04-05 11:37:25.981  3948  4041 I SurfaceView@8e1e007: onSSPAndSRT: pl = 0 pt = -1182 sx = 1.0 sy = 1.0
04-05 11:37:25.981  3948  4041 I SurfaceView@8e1e007: aOrMT: ViewRootImpl@ae38c1e[MainActivity] t = android.view.SurfaceControl$Transaction@86c20ad fN = 996 android.view.SurfaceView.-$$Nest$mapplyOrMergeTransaction:0 android.view.SurfaceView$SurfaceViewPositionUpdateListener.positionChanged:1537 android.graphics.RenderNode$CompositePositionUpdateListener.positionChanged:373 
04-05 11:37:25.981  3948  4041 I ViewRootImpl@ae38c1e[MainActivity]: mWNT: t=0xb400007735fbb800 mBlastBufferQueue=0xb4000077c2991c00 fn= 996 caller= android.view.SurfaceView.applyOrMergeTransaction:1455 android.view.SurfaceView.-$$Nest$mapplyOrMergeTransaction:0 android.view.SurfaceView$SurfaceViewPositionUpdateListener.positionChanged:1537 
04-05 11:37:25.981  3948  4041 I ViewRootImpl@ae38c1e[MainActivity]: mWNT: t=0xb400007737180700 mBlastBufferQueue=0xb4000077c2991c00 fn= 996 caller= android.view.ViewRootImpl.lambda$applyTransactionOnDraw$11$android-view-ViewRootImpl:12865 android.view.ViewRootImpl$$ExternalSyntheticLambda1.onFrameDraw:4 android.graphics.HardwareRenderer$FrameDrawingCallback.onFrameDraw:924 
04-05 11:37:25.996  3948  3948 I SurfaceView@8e1e007: Changes: creating=false format=false size=false visible=false alpha=false hint=false mUseAlpha=false visible=false left=false top=true
04-05 11:37:25.996  3948  3948 I SurfaceView@8e1e007: 149020679 Cur surface: Surface(name=null)/@0x5f0c456
04-05 11:37:25.996  3948  3948 I SurfaceView@8e1e007: applyTransactionOnVriDraw: vri = ViewRootImpl@ae38c1e[MainActivity] fRS = false t = 0xb400007737180800 android.view.SurfaceView.performSurfaceTransaction:959 android.view.SurfaceView.updateSurface:1105 android.view.SurfaceView.lambda$new$0$android-view-SurfaceView:200 
04-05 11:37:25.996  3948  3948 I ViewRootImpl@ae38c1e[MainActivity]: applyTransactionOnDraw: mRemoved = false isHardwareEnabled = true t = 0xb400007737180800android.view.SurfaceView.applyTransactionOnVriDraw:2048 android.view.SurfaceView.performSurfaceTransaction:959 android.view.SurfaceView.updateSurface:1105 android.view.SurfaceView.lambda$new$0$android-view-SurfaceView:200 android.view.SurfaceView$$ExternalSyntheticLambda5.onPreDraw:2 
04-05 11:37:25.996  3948  3948 I SurfaceView@8e1e007: updateSurface: mVisible = true mSurface.isValid() = true
04-05 11:37:25.996  3948  3948 I SurfaceView@8e1e007: updateSurface: mSurfaceCreated = true surfaceChanged = false visibleChanged = false
04-05 11:37:25.996  3948  3948 V SurfaceView@8e1e007: Layout: x=0 y=-1182 w=720 h=375, frame=Rect(0, 0 - 720, 375)
04-05 11:37:25.998  3948  4040 D SurfaceView@8e1e007: updateSurfacePosition RenderWorker, frameNr = 997, position = [0, -1284, 720, -909] surfaceSize = 720x375
04-05 11:37:25.998  3948  4040 I SurfaceView@8e1e007: uSP: rtp = Rect(0, -1284 - 720, -909) rtsw = 720 rtsh = 375
04-05 11:37:25.998  3948  4040 I SurfaceView@8e1e007: onSSPAndSRT: pl = 0 pt = -1284 sx = 1.0 sy = 1.0
04-05 11:37:25.998  3948  4040 I SurfaceView@8e1e007: aOrMT: ViewRootImpl@ae38c1e[MainActivity] t = android.view.SurfaceControl$Transaction@86c20ad fN = 997 android.view.SurfaceView.-$$Nest$mapplyOrMergeTransaction:0 android.view.SurfaceView$SurfaceViewPositionUpdateListener.positionChanged:1537 android.graphics.RenderNode$CompositePositionUpdateListener.positionChanged:373 
04-05 11:37:25.998  3948  4040 I ViewRootImpl@ae38c1e[MainActivity]: mWNT: t=0xb400007735fbb800 mBlastBufferQueue=0xb4000077c2991c00 fn= 997 caller= android.view.SurfaceView.applyOrMergeTransaction:1455 android.view.SurfaceView.-$$Nest$mapplyOrMergeTransaction:0 android.view.SurfaceView$SurfaceViewPositionUpdateListener.positionChanged:1537 
04-05 11:37:25.998  3948  4040 I ViewRootImpl@ae38c1e[MainActivity]: mWNT: t=0xb400007737180800 mBlastBufferQueue=0xb4000077c2991c00 fn= 997 caller= android.view.ViewRootImpl.lambda$applyTransactionOnDraw$11$android-view-ViewRootImpl:12865 android.view.ViewRootImpl$$ExternalSyntheticLambda1.onFrameDraw:4 android.graphics.HardwareRenderer$FrameDrawingCallback.onFrameDraw:924 
04-05 11:37:26.012  3948  3948 I SurfaceView@8e1e007: Changes: creating=false format=false size=false visible=false alpha=false hint=false mUseAlpha=false visible=false left=false top=true
04-05 11:37:26.013  3948  3948 I SurfaceView@8e1e007: 149020679 Cur surface: Surface(name=null)/@0x5f0c456
04-05 11:37:26.013  3948  3948 I SurfaceView@8e1e007: applyTransactionOnVriDraw: vri = ViewRootImpl@ae38c1e[MainActivity] fRS = false t = 0xb400007737180900 android.view.SurfaceView.performSurfaceTransaction:959 android.view.SurfaceView.updateSurface:1105 android.view.SurfaceView.lambda$new$0$android-view-SurfaceView:200 
04-05 11:37:26.013  3948  3948 I ViewRootImpl@ae38c1e[MainActivity]: applyTransactionOnDraw: mRemoved = false isHardwareEnabled = true t = 0xb400007737180900android.view.SurfaceView.applyTransactionOnVriDraw:2048 android.view.SurfaceView.performSurfaceTransaction:959 android.view.SurfaceView.updateSurface:1105 android.view.SurfaceView.lambda$new$0$android-view-SurfaceView:200 android.view.SurfaceView$$ExternalSyntheticLambda5.onPreDraw:2 
04-05 11:37:26.013  3948  3948 I SurfaceView@8e1e007: updateSurface: mVisible = true mSurface.isValid() = true
04-05 11:37:26.013  3948  3948 I SurfaceView@8e1e007: updateSurface: mSurfaceCreated = true surfaceChanged = false visibleChanged = false
04-05 11:37:26.013  3948  3948 V SurfaceView@8e1e007: Layout: x=0 y=-1284 w=720 h=375, frame=Rect(0, 0 - 720, 375)
04-05 11:37:26.014  3948  4041 D SurfaceView@8e1e007: updateSurfacePosition RenderWorker, frameNr = 998, position = [0, -1384, 720, -1009] surfaceSize = 720x375
04-05 11:37:26.014  3948  4041 I SurfaceView@8e1e007: uSP: rtp = Rect(0, -1384 - 720, -1009) rtsw = 720 rtsh = 375
04-05 11:37:26.014  3948  4041 I SurfaceView@8e1e007: onSSPAndSRT: pl = 0 pt = -1384 sx = 1.0 sy = 1.0
04-05 11:37:26.014  3948  4041 I SurfaceView@8e1e007: aOrMT: ViewRootImpl@ae38c1e[MainActivity] t = android.view.SurfaceControl$Transaction@86c20ad fN = 998 android.view.SurfaceView.-$$Nest$mapplyOrMergeTransaction:0 android.view.SurfaceView$SurfaceViewPositionUpdateListener.positionChanged:1537 android.graphics.RenderNode$CompositePositionUpdateListener.positionChanged:373 
04-05 11:37:26.015  3948  4041 I ViewRootImpl@ae38c1e[MainActivity]: mWNT: t=0xb400007735fbb800 mBlastBufferQueue=0xb4000077c2991c00 fn= 998 caller= android.view.SurfaceView.applyOrMergeTransaction:1455 android.view.SurfaceView.-$$Nest$mapplyOrMergeTransaction:0 android.view.SurfaceView$SurfaceViewPositionUpdateListener.positionChanged:1537 
04-05 11:37:26.015  3948  4041 I ViewRootImpl@ae38c1e[MainActivity]: mWNT: t=0xb400007737180900 mBlastBufferQueue=0xb4000077c2991c00 fn= 998 caller= android.view.ViewRootImpl.lambda$applyTransactionOnDraw$11$android-view-ViewRootImpl:12865 android.view.ViewRootImpl$$ExternalSyntheticLambda1.onFrameDraw:4 android.graphics.HardwareRenderer$FrameDrawingCallback.onFrameDraw:924 
04-05 11:37:26.029  3948  3948 I SurfaceView@8e1e007: Changes: creating=false format=false size=false visible=false alpha=false hint=false mUseAlpha=false visible=false left=false top=true
04-05 11:37:26.029  3948  3948 I SurfaceView@8e1e007: 149020679 Cur surface: Surface(name=null)/@0x5f0c456
04-05 11:37:26.029  3948  3948 I SurfaceView@8e1e007: applyTransactionOnVriDraw: vri = ViewRootImpl@ae38c1e[MainActivity] fRS = false t = 0xb400007737180400 android.view.SurfaceView.performSurfaceTransaction:959 android.view.SurfaceView.updateSurface:1105 android.view.SurfaceView.lambda$new$0$android-view-SurfaceView:200 
04-05 11:37:26.030  3948  3948 I ViewRootImpl@ae38c1e[MainActivity]: applyTransactionOnDraw: mRemoved = false isHardwareEnabled = true t = 0xb400007737180400android.view.SurfaceView.applyTransactionOnVriDraw:2048 android.view.SurfaceView.performSurfaceTransaction:959 android.view.SurfaceView.updateSurface:1105 android.view.SurfaceView.lambda$new$0$android-view-SurfaceView:200 android.view.SurfaceView$$ExternalSyntheticLambda5.onPreDraw:2 
04-05 11:37:26.030  3948  3948 I SurfaceView@8e1e007: updateSurface: mVisible = true mSurface.isValid() = true
04-05 11:37:26.030  3948  3948 I SurfaceView@8e1e007: updateSurface: mSurfaceCreated = true surfaceChanged = false visibleChanged = false
04-05 11:37:26.030  3948  3948 V SurfaceView@8e1e007: Layout: x=0 y=-1384 w=720 h=375, frame=Rect(0, 0 - 720, 375)
04-05 11:37:26.031  3948  4040 D SurfaceView@8e1e007: updateSurfacePosition RenderWorker, frameNr = 999, position = [0, -1474, 720, -1099] surfaceSize = 720x375
04-05 11:37:26.031  3948  4040 I SurfaceView@8e1e007: uSP: rtp = Rect(0, -1474 - 720, -1099) rtsw = 720 rtsh = 375
04-05 11:37:26.031  3948  4040 I SurfaceView@8e1e007: onSSPAndSRT: pl = 0 pt = -1474 sx = 1.0 sy = 1.0
04-05 11:37:26.031  3948  4040 I SurfaceView@8e1e007: aOrMT: ViewRootImpl@ae38c1e[MainActivity] t = android.view.SurfaceControl$Transaction@86c20ad fN = 999 android.view.SurfaceView.-$$Nest$mapplyOrMergeTransaction:0 android.view.SurfaceView$SurfaceViewPositionUpdateListener.positionChanged:1537 android.graphics.RenderNode$CompositePositionUpdateListener.positionChanged:373 
04-05 11:37:26.031  3948  4040 I ViewRootImpl@ae38c1e[MainActivity]: mWNT: t=0xb400007735fbb800 mBlastBufferQueue=0xb4000077c2991c00 fn= 999 caller= android.view.SurfaceView.applyOrMergeTransaction:1455 android.view.SurfaceView.-$$Nest$mapplyOrMergeTransaction:0 android.view.SurfaceView$SurfaceViewPositionUpdateListener.positionChanged:1537 
04-05 11:37:26.031  3948  4040 I ViewRootImpl@ae38c1e[MainActivity]: mWNT: t=0xb400007737180400 mBlastBufferQueue=0xb4000077c2991c00 fn= 999 caller= android.view.ViewRootImpl.lambda$applyTransactionOnDraw$11$android-view-ViewRootImpl:12865 android.view.ViewRootImpl$$ExternalSyntheticLambda1.onFrameDraw:4 android.graphics.HardwareRenderer$FrameDrawingCallback.onFrameDraw:924 
04-05 11:37:26.046  3948  3948 I SurfaceView@8e1e007: Changes: creating=false format=false size=false visible=false alpha=false hint=false mUseAlpha=false visible=false left=false top=true
04-05 11:37:26.046  3948  3948 I SurfaceView@8e1e007: 149020679 Cur surface: Surface(name=null)/@0x5f0c456
04-05 11:37:26.046  3948  3948 I SurfaceView@8e1e007: applyTransactionOnVriDraw: vri = ViewRootImpl@ae38c1e[MainActivity] fRS = false t = 0xb400007737180500 android.view.SurfaceView.performSurfaceTransaction:959 android.view.SurfaceView.updateSurface:1105 android.view.SurfaceView.lambda$new$0$android-view-SurfaceView:200 
04-05 11:37:26.046  3948  3948 I ViewRootImpl@ae38c1e[MainActivity]: applyTransactionOnDraw: mRemoved = false isHardwareEnabled = true t = 0xb400007737180500android.view.SurfaceView.applyTransactionOnVriDraw:2048 android.view.SurfaceView.performSurfaceTransaction:959 android.view.SurfaceView.updateSurface:1105 android.view.SurfaceView.lambda$new$0$android-view-SurfaceView:200 android.view.SurfaceView$$ExternalSyntheticLambda5.onPreDraw:2 
04-05 11:37:26.046  3948  3948 I SurfaceView@8e1e007: updateSurface: mVisible = true mSurface.isValid() = true
04-05 11:37:26.046  3948  3948 I SurfaceView@8e1e007: updateSurface: mSurfaceCreated = true surfaceChanged = false visibleChanged = false
04-05 11:37:26.046  3948  3948 V SurfaceView@8e1e007: Layout: x=0 y=-1474 w=720 h=375, frame=Rect(0, 0 - 720, 375)
04-05 11:37:26.048  3948  4041 D SurfaceView@8e1e007: updateSurfacePosition RenderWorker, frameNr = 1000, position = [0, -1566, 720, -1191] surfaceSize = 720x375
04-05 11:37:26.048  3948  4041 I SurfaceView@8e1e007: uSP: rtp = Rect(0, -1566 - 720, -1191) rtsw = 720 rtsh = 375
04-05 11:37:26.048  3948  4041 I SurfaceView@8e1e007: onSSPAndSRT: pl = 0 pt = -1566 sx = 1.0 sy = 1.0
04-05 11:37:26.048  3948  4041 I SurfaceView@8e1e007: aOrMT: ViewRootImpl@ae38c1e[MainActivity] t = android.view.SurfaceControl$Transaction@86c20ad fN = 1000 android.view.SurfaceView.-$$Nest$mapplyOrMergeTransaction:0 android.view.SurfaceView$SurfaceViewPositionUpdateListener.positionChanged:1537 android.graphics.RenderNode$CompositePositionUpdateListener.positionChanged:373 
04-05 11:37:26.048  3948  4041 I ViewRootImpl@ae38c1e[MainActivity]: mWNT: t=0xb400007735fbb800 mBlastBufferQueue=0xb4000077c2991c00 fn= 1000 caller= android.view.SurfaceView.applyOrMergeTransaction:1455 android.view.SurfaceView.-$$Nest$mapplyOrMergeTransaction:0 android.view.SurfaceView$SurfaceViewPositionUpdateListener.positionChanged:1537 
04-05 11:37:26.048  3948  4041 I ViewRootImpl@ae38c1e[MainActivity]: mWNT: t=0xb400007737180500 mBlastBufferQueue=0xb4000077c2991c00 fn= 1000 caller= android.view.ViewRootImpl.lambda$applyTransactionOnDraw$11$android-view-ViewRootImpl:12865 android.view.ViewRootImpl$$ExternalSyntheticLambda1.onFrameDraw:4 android.graphics.HardwareRenderer$FrameDrawingCallback.onFrameDraw:924 
04-05 11:37:26.062  3948  3948 I SurfaceView@8e1e007: Changes: creating=false format=false size=false visible=false alpha=false hint=false mUseAlpha=false visible=false left=false top=true
04-05 11:37:26.063  3948  3948 I SurfaceView@8e1e007: 149020679 Cur surface: Surface(name=null)/@0x5f0c456
04-05 11:37:26.063  3948  3948 I SurfaceView@8e1e007: applyTransactionOnVriDraw: vri = ViewRootImpl@ae38c1e[MainActivity] fRS = false t = 0xb400007737180a00 android.view.SurfaceView.performSurfaceTransaction:959 android.view.SurfaceView.updateSurface:1105 android.view.SurfaceView.lambda$new$0$android-view-SurfaceView:200 
04-05 11:37:26.063  3948  3948 I ViewRootImpl@ae38c1e[MainActivity]: applyTransactionOnDraw: mRemoved = false isHardwareEnabled = true t = 0xb400007737180a00android.view.SurfaceView.applyTransactionOnVriDraw:2048 android.view.SurfaceView.performSurfaceTransaction:959 android.view.SurfaceView.updateSurface:1105 android.view.SurfaceView.lambda$new$0$android-view-SurfaceView:200 android.view.SurfaceView$$ExternalSyntheticLambda5.onPreDraw:2 
04-05 11:37:26.063  3948  3948 I SurfaceView@8e1e007: updateSurface: mVisible = true mSurface.isValid() = true
04-05 11:37:26.063  3948  3948 I SurfaceView@8e1e007: updateSurface: mSurfaceCreated = true surfaceChanged = false visibleChanged = false
04-05 11:37:26.063  3948  3948 V SurfaceView@8e1e007: Layout: x=0 y=-1566 w=720 h=375, frame=Rect(0, 0 - 720, 375)
04-05 11:37:26.064  3948  4040 D SurfaceView@8e1e007: updateSurfacePosition RenderWorker, frameNr = 1001, position = [0, -1655, 720, -1280] surfaceSize = 720x375
04-05 11:37:26.064  3948  4040 I SurfaceView@8e1e007: uSP: rtp = Rect(0, -1655 - 720, -1280) rtsw = 720 rtsh = 375
04-05 11:37:26.064  3948  4040 I SurfaceView@8e1e007: onSSPAndSRT: pl = 0 pt = -1655 sx = 1.0 sy = 1.0
04-05 11:37:26.065  3948  4040 I SurfaceView@8e1e007: aOrMT: ViewRootImpl@ae38c1e[MainActivity] t = android.view.SurfaceControl$Transaction@86c20ad fN = 1001 android.view.SurfaceView.-$$Nest$mapplyOrMergeTransaction:0 android.view.SurfaceView$SurfaceViewPositionUpdateListener.positionChanged:1537 android.graphics.RenderNode$CompositePositionUpdateListener.positionChanged:373 
04-05 11:37:26.065  3948  4040 I ViewRootImpl@ae38c1e[MainActivity]: mWNT: t=0xb400007735fbb800 mBlastBufferQueue=0xb4000077c2991c00 fn= 1001 caller= android.view.SurfaceView.applyOrMergeTransaction:1455 android.view.SurfaceView.-$$Nest$mapplyOrMergeTransaction:0 android.view.SurfaceView$SurfaceViewPositionUpdateListener.positionChanged:1537 
04-05 11:37:26.065  3948  4040 I ViewRootImpl@ae38c1e[MainActivity]: mWNT: t=0xb400007737180a00 mBlastBufferQueue=0xb4000077c2991c00 fn= 1001 caller= android.view.ViewRootImpl.lambda$applyTransactionOnDraw$11$android-view-ViewRootImpl:12865 android.view.ViewRootImpl$$ExternalSyntheticLambda1.onFrameDraw:4 android.graphics.HardwareRenderer$FrameDrawingCallback.onFrameDraw:924 
04-05 11:37:26.079  3948  3948 I SurfaceView@8e1e007: Changes: creating=false format=false size=false visible=false alpha=false hint=false mUseAlpha=false visible=false left=false top=true
04-05 11:37:26.079  3948  3948 I SurfaceView@8e1e007: 149020679 Cur surface: Surface(name=null)/@0x5f0c456
04-05 11:37:26.080  3948  3948 I SurfaceView@8e1e007: applyTransactionOnVriDraw: vri = ViewRootImpl@ae38c1e[MainActivity] fRS = false t = 0xb400007737180d00 android.view.SurfaceView.performSurfaceTransaction:959 android.view.SurfaceView.updateSurface:1105 android.view.SurfaceView.lambda$new$0$android-view-SurfaceView:200 
04-05 11:37:26.080  3948  3948 I ViewRootImpl@ae38c1e[MainActivity]: applyTransactionOnDraw: mRemoved = false isHardwareEnabled = true t = 0xb400007737180d00android.view.SurfaceView.applyTransactionOnVriDraw:2048 android.view.SurfaceView.performSurfaceTransaction:959 android.view.SurfaceView.updateSurface:1105 android.view.SurfaceView.lambda$new$0$android-view-SurfaceView:200 android.view.SurfaceView$$ExternalSyntheticLambda5.onPreDraw:2 
04-05 11:37:26.080  3948  3948 I SurfaceView@8e1e007: updateSurface: mVisible = true mSurface.isValid() = true
04-05 11:37:26.080  3948  3948 I SurfaceView@8e1e007: updateSurface: mSurfaceCreated = true surfaceChanged = false visibleChanged = false
04-05 11:37:26.080  3948  3948 V SurfaceView@8e1e007: Layout: x=0 y=-1655 w=720 h=375, frame=Rect(0, 0 - 720, 375)
04-05 11:37:26.081  3948  4041 D SurfaceView@8e1e007: updateSurfacePosition RenderWorker, frameNr = 1002, position = [0, -1737, 720, -1362] surfaceSize = 720x375
04-05 11:37:26.081  3948  4041 I SurfaceView@8e1e007: uSP: rtp = Rect(0, -1737 - 720, -1362) rtsw = 720 rtsh = 375
04-05 11:37:26.081  3948  4041 I SurfaceView@8e1e007: onSSPAndSRT: pl = 0 pt = -1737 sx = 1.0 sy = 1.0
04-05 11:37:26.081  3948  4041 I SurfaceView@8e1e007: aOrMT: ViewRootImpl@ae38c1e[MainActivity] t = android.view.SurfaceControl$Transaction@86c20ad fN = 1002 android.view.SurfaceView.-$$Nest$mapplyOrMergeTransaction:0 android.view.SurfaceView$SurfaceViewPositionUpdateListener.positionChanged:1537 android.graphics.RenderNode$CompositePositionUpdateListener.positionChanged:373 
04-05 11:37:26.081  3948  4041 I ViewRootImpl@ae38c1e[MainActivity]: mWNT: t=0xb400007735fbb800 mBlastBufferQueue=0xb4000077c2991c00 fn= 1002 caller= android.view.SurfaceView.applyOrMergeTransaction:1455 android.view.SurfaceView.-$$Nest$mapplyOrMergeTransaction:0 android.view.SurfaceView$SurfaceViewPositionUpdateListener.positionChanged:1537 
04-05 11:37:26.081  3948  4041 I ViewRootImpl@ae38c1e[MainActivity]: mWNT: t=0xb400007737180d00 mBlastBufferQueue=0xb4000077c2991c00 fn= 1002 caller= android.view.ViewRootImpl.lambda$applyTransactionOnDraw$11$android-view-ViewRootImpl:12865 android.view.ViewRootImpl$$ExternalSyntheticLambda1.onFrameDraw:4 android.graphics.HardwareRenderer$FrameDrawingCallback.onFrameDraw:924 
04-05 11:37:26.096  3948  3948 I SurfaceView@8e1e007: Changes: creating=false format=false size=false visible=false alpha=false hint=false mUseAlpha=false visible=false left=false top=true
04-05 11:37:26.096  3948  3948 I SurfaceView@8e1e007: 149020679 Cur surface: Surface(name=null)/@0x5f0c456
04-05 11:37:26.097  3948  3948 I SurfaceView@8e1e007: applyTransactionOnVriDraw: vri = ViewRootImpl@ae38c1e[MainActivity] fRS = false t = 0xb400007738788200 android.view.SurfaceView.performSurfaceTransaction:959 android.view.SurfaceView.updateSurface:1105 android.view.SurfaceView.lambda$new$0$android-view-SurfaceView:200 
04-05 11:37:26.097  3948  3948 I ViewRootImpl@ae38c1e[MainActivity]: applyTransactionOnDraw: mRemoved = false isHardwareEnabled = true t = 0xb400007738788200android.view.SurfaceView.applyTransactionOnVriDraw:2048 android.view.SurfaceView.performSurfaceTransaction:959 android.view.SurfaceView.updateSurface:1105 android.view.SurfaceView.lambda$new$0$android-view-SurfaceView:200 android.view.SurfaceView$$ExternalSyntheticLambda5.onPreDraw:2 
04-05 11:37:26.097  3948  3948 I SurfaceView@8e1e007: updateSurface: mVisible = true mSurface.isValid() = true
04-05 11:37:26.097  3948  3948 I SurfaceView@8e1e007: updateSurface: mSurfaceCreated = true surfaceChanged = false visibleChanged = false
04-05 11:37:26.097  3948  3948 V SurfaceView@8e1e007: Layout: x=0 y=-1737 w=720 h=375, frame=Rect(0, 0 - 720, 375)
04-05 11:37:26.098  3948  4040 D SurfaceView@8e1e007: updateSurfacePosition RenderWorker, frameNr = 1003, position = [0, -1821, 720, -1446] surfaceSize = 720x375
04-05 11:37:26.098  3948  4040 I SurfaceView@8e1e007: uSP: rtp = Rect(0, -1821 - 720, -1446) rtsw = 720 rtsh = 375
04-05 11:37:26.098  3948  4040 I SurfaceView@8e1e007: onSSPAndSRT: pl = 0 pt = -1821 sx = 1.0 sy = 1.0
04-05 11:37:26.098  3948  4040 I SurfaceView@8e1e007: aOrMT: ViewRootImpl@ae38c1e[MainActivity] t = android.view.SurfaceControl$Transaction@86c20ad fN = 1003 android.view.SurfaceView.-$$Nest$mapplyOrMergeTransaction:0 android.view.SurfaceView$SurfaceViewPositionUpdateListener.positionChanged:1537 android.graphics.RenderNode$CompositePositionUpdateListener.positionChanged:373 
04-05 11:37:26.099  3948  4040 I ViewRootImpl@ae38c1e[MainActivity]: mWNT: t=0xb400007735fbb800 mBlastBufferQueue=0xb4000077c2991c00 fn= 1003 caller= android.view.SurfaceView.applyOrMergeTransaction:1455 android.view.SurfaceView.-$$Nest$mapplyOrMergeTransaction:0 android.view.SurfaceView$SurfaceViewPositionUpdateListener.positionChanged:1537 
04-05 11:37:26.099  3948  4040 I ViewRootImpl@ae38c1e[MainActivity]: mWNT: t=0xb400007738788200 mBlastBufferQueue=0xb4000077c2991c00 fn= 1003 caller= android.view.ViewRootImpl.lambda$applyTransactionOnDraw$11$android-view-ViewRootImpl:12865 android.view.ViewRootImpl$$ExternalSyntheticLambda1.onFrameDraw:4 android.graphics.HardwareRenderer$FrameDrawingCallback.onFrameDraw:924 
04-05 11:37:26.106  3948  3948 I ViewRootImpl@ae38c1e[MainActivity]: ViewPostIme pointer 0
04-05 11:37:26.112  3948  3948 I SurfaceView@8e1e007: Changes: creating=false format=false size=false visible=false alpha=false hint=false mUseAlpha=false visible=false left=false top=true
04-05 11:37:26.113  3948  3948 I SurfaceView@8e1e007: 149020679 Cur surface: Surface(name=null)/@0x5f0c456
04-05 11:37:26.113  3948  3948 I SurfaceView@8e1e007: applyTransactionOnVriDraw: vri = ViewRootImpl@ae38c1e[MainActivity] fRS = false t = 0xb400007738788300 android.view.SurfaceView.performSurfaceTransaction:959 android.view.SurfaceView.updateSurface:1105 android.view.SurfaceView.lambda$new$0$android-view-SurfaceView:200 
04-05 11:37:26.113  3948  3948 I ViewRootImpl@ae38c1e[MainActivity]: applyTransactionOnDraw: mRemoved = false isHardwareEnabled = true t = 0xb400007738788300android.view.SurfaceView.applyTransactionOnVriDraw:2048 android.view.SurfaceView.performSurfaceTransaction:959 android.view.SurfaceView.updateSurface:1105 android.view.SurfaceView.lambda$new$0$android-view-SurfaceView:200 android.view.SurfaceView$$ExternalSyntheticLambda5.onPreDraw:2 
04-05 11:37:26.113  3948  3948 I SurfaceView@8e1e007: updateSurface: mVisible = true mSurface.isValid() = true
04-05 11:37:26.113  3948  3948 I SurfaceView@8e1e007: updateSurface: mSurfaceCreated = true surfaceChanged = false visibleChanged = false
04-05 11:37:26.113  3948  3948 V SurfaceView@8e1e007: Layout: x=0 y=-1821 w=720 h=375, frame=Rect(0, 0 - 720, 375)
04-05 11:37:26.115  3948  4041 I ViewRootImpl@ae38c1e[MainActivity]: mWNT: t=0xb400007738788300 mBlastBufferQueue=0xb4000077c2991c00 fn= 1004 caller= android.view.ViewRootImpl.lambda$applyTransactionOnDraw$11$android-view-ViewRootImpl:12865 android.view.ViewRootImpl$$ExternalSyntheticLambda1.onFrameDraw:4 android.graphics.HardwareRenderer$FrameDrawingCallback.onFrameDraw:924 
04-05 11:37:26.129  3948  3948 I SurfaceView@8e1e007: Changes: creating=false format=false size=false visible=false alpha=false hint=false mUseAlpha=false visible=false left=false top=true
04-05 11:37:26.130  3948  3948 I SurfaceView@8e1e007: 149020679 Cur surface: Surface(name=null)/@0x5f0c456
04-05 11:37:26.130  3948  3948 I SurfaceView@8e1e007: applyTransactionOnVriDraw: vri = ViewRootImpl@ae38c1e[MainActivity] fRS = false t = 0xb400007738788400 android.view.SurfaceView.performSurfaceTransaction:959 android.view.SurfaceView.updateSurface:1105 android.view.SurfaceView.lambda$new$0$android-view-SurfaceView:200 
04-05 11:37:26.130  3948  3948 I ViewRootImpl@ae38c1e[MainActivity]: applyTransactionOnDraw: mRemoved = false isHardwareEnabled = true t = 0xb400007738788400android.view.SurfaceView.applyTransactionOnVriDraw:2048 android.view.SurfaceView.performSurfaceTransaction:959 android.view.SurfaceView.updateSurface:1105 android.view.SurfaceView.lambda$new$0$android-view-SurfaceView:200 android.view.SurfaceView$$ExternalSyntheticLambda5.onPreDraw:2 
04-05 11:37:26.130  3948  3948 I SurfaceView@8e1e007: updateSurface: mVisible = true mSurface.isValid() = true
04-05 11:37:26.130  3948  3948 I SurfaceView@8e1e007: updateSurface: mSurfaceCreated = true surfaceChanged = false visibleChanged = false
04-05 11:37:26.130  3948  3948 V SurfaceView@8e1e007: Layout: x=0 y=-1825 w=720 h=375, frame=Rect(0, 0 - 720, 375)
04-05 11:37:26.131  3948  4040 D SurfaceView@8e1e007: updateSurfacePosition RenderWorker, frameNr = 1005, position = [0, -1825, 720, -1450] surfaceSize = 720x375
04-05 11:37:26.131  3948  4040 I SurfaceView@8e1e007: uSP: rtp = Rect(0, -1825 - 720, -1450) rtsw = 720 rtsh = 375
04-05 11:37:26.131  3948  4040 I SurfaceView@8e1e007: onSSPAndSRT: pl = 0 pt = -1825 sx = 1.0 sy = 1.0
04-05 11:37:26.131  3948  4040 I SurfaceView@8e1e007: aOrMT: ViewRootImpl@ae38c1e[MainActivity] t = android.view.SurfaceControl$Transaction@86c20ad fN = 1005 android.view.SurfaceView.-$$Nest$mapplyOrMergeTransaction:0 android.view.SurfaceView$SurfaceViewPositionUpdateListener.positionChanged:1537 android.graphics.RenderNode$CompositePositionUpdateListener.positionChanged:373 
04-05 11:37:26.132  3948  4040 I ViewRootImpl@ae38c1e[MainActivity]: mWNT: t=0xb400007735fbb800 mBlastBufferQueue=0xb4000077c2991c00 fn= 1005 caller= android.view.SurfaceView.applyOrMergeTransaction:1455 android.view.SurfaceView.-$$Nest$mapplyOrMergeTransaction:0 android.view.SurfaceView$SurfaceViewPositionUpdateListener.positionChanged:1537 
04-05 11:37:26.132  3948  4040 I ViewRootImpl@ae38c1e[MainActivity]: mWNT: t=0xb400007738788400 mBlastBufferQueue=0xb4000077c2991c00 fn= 1005 caller= android.view.ViewRootImpl.lambda$applyTransactionOnDraw$11$android-view-ViewRootImpl:12865 android.view.ViewRootImpl$$ExternalSyntheticLambda1.onFrameDraw:4 android.graphics.HardwareRenderer$FrameDrawingCallback.onFrameDraw:924 
04-05 11:37:26.146  3948  3948 I SurfaceView@8e1e007: Changes: creating=false format=false size=false visible=false alpha=false hint=false mUseAlpha=false visible=false left=false top=true
04-05 11:37:26.146  3948  3948 I SurfaceView@8e1e007: 149020679 Cur surface: Surface(name=null)/@0x5f0c456
04-05 11:37:26.146  3948  3948 I SurfaceView@8e1e007: applyTransactionOnVriDraw: vri = ViewRootImpl@ae38c1e[MainActivity] fRS = false t = 0xb400007738788500 android.view.SurfaceView.performSurfaceTransaction:959 android.view.SurfaceView.updateSurface:1105 android.view.SurfaceView.lambda$new$0$android-view-SurfaceView:200 
04-05 11:37:26.147  3948  3948 I ViewRootImpl@ae38c1e[MainActivity]: applyTransactionOnDraw: mRemoved = false isHardwareEnabled = true t = 0xb400007738788500android.view.SurfaceView.applyTransactionOnVriDraw:2048 android.view.SurfaceView.performSurfaceTransaction:959 android.view.SurfaceView.updateSurface:1105 android.view.SurfaceView.lambda$new$0$android-view-SurfaceView:200 android.view.SurfaceView$$ExternalSyntheticLambda5.onPreDraw:2 
04-05 11:37:26.147  3948  3948 I SurfaceView@8e1e007: updateSurface: mVisible = true mSurface.isValid() = true
04-05 11:37:26.147  3948  3948 I SurfaceView@8e1e007: updateSurface: mSurfaceCreated = true surfaceChanged = false visibleChanged = false
04-05 11:37:26.147  3948  3948 V SurfaceView@8e1e007: Layout: x=0 y=-1837 w=720 h=375, frame=Rect(0, 0 - 720, 375)
04-05 11:37:26.148  3948  4041 D SurfaceView@8e1e007: updateSurfacePosition RenderWorker, frameNr = 1006, position = [0, -1837, 720, -1462] surfaceSize = 720x375
04-05 11:37:26.148  3948  4041 I SurfaceView@8e1e007: uSP: rtp = Rect(0, -1837 - 720, -1462) rtsw = 720 rtsh = 375
04-05 11:37:26.148  3948  4041 I SurfaceView@8e1e007: onSSPAndSRT: pl = 0 pt = -1837 sx = 1.0 sy = 1.0
04-05 11:37:26.148  3948  4041 I SurfaceView@8e1e007: aOrMT: ViewRootImpl@ae38c1e[MainActivity] t = android.view.SurfaceControl$Transaction@86c20ad fN = 1006 android.view.SurfaceView.-$$Nest$mapplyOrMergeTransaction:0 android.view.SurfaceView$SurfaceViewPositionUpdateListener.positionChanged:1537 android.graphics.RenderNode$CompositePositionUpdateListener.positionChanged:373 
04-05 11:37:26.148  3948  4041 I ViewRootImpl@ae38c1e[MainActivity]: mWNT: t=0xb400007735fbb800 mBlastBufferQueue=0xb4000077c2991c00 fn= 1006 caller= android.view.SurfaceView.applyOrMergeTransaction:1455 android.view.SurfaceView.-$$Nest$mapplyOrMergeTransaction:0 android.view.SurfaceView$SurfaceViewPositionUpdateListener.positionChanged:1537 
