04-05 11:37:22.188  3948  3948 D InsetsController: onStateChanged: InsetsState: {mDisplayFrame=Rect(0, 0 - 720, 1600), mDisplayCutout=DisplayCutout{insets=Rect(0, 58 - 0, 0) waterfall=Insets{left=0, top=0, right=0, bottom=0} boundingRect={Bounds=[Rect(0, 0 - 0, 0), Rect(298, 0 - 422, 58), Rect(0, 0 - 0, 0), Rect(0, 0 - 0, 0)]} cutoutPathParserInfo={CutoutPathParserInfo{displayWidth=720 displayHeight=1600 physicalDisplayWidth=720 physicalDisplayHeight=1600 density={1.875} cutoutSpec={M62.05,0l-2.7,0l-2.7,0l-1.4,0.1L53.95,0.2l-1.3,0.2l-1.3,0.2L49.95,0.9l-1.3,0.4l-1.3,0.5l-1.2,0.6L44.95,3 l-1.1,0.7l-1,0.8l-1,0.9l-0.9,1l-0.8,1l-0.7,1.1l-0.7,1.2l-0.6,1.2l-0.5,1.3l-0.4,1.3l-0.4,1.3l-0.5,2.3l-0.4,2.3l-0.4,2.3L34.95,23.9 l-0.6,2.3l-0.7,2.2l-0.4,1.1L32.95,30.6l-0.5,1.1L31.95,32.7c-3.5,7.2-9.3,13.1-16.6,16.6c-17.7,8.5-38.9,1.1-47.4-16.6l-0.5-1.1 l-0.5-1.1l-0.4-1.1l-0.4-1.1l-0.7-2.2l-0.6-2.3l-0.5-2.3l-0.4-2.3l-0.4-2.3l-0.5-2.3l-0.4-1.3l-0.4-1.3L-38.15,11l-0.6-1.2l-0.7-1.2 L-40.05,7.5l-0.8-1l-0.9-1l-1-0.9l-1-0.8L-44.95,3l-1.2-0.6l-1.2-0.6l-1.3-0.5l-1.3-0.4l-1.3-0.3L-52.55,0.4L-53.95,0.2L-55.25,0.1L-56.65,0L-59.35,0 L-62.05,0Z} rotation={0} scale={1.0} physicalPixelDisplaySizeRatio={1.0}}}}, mRoundedCorners=RoundedCorners{[RoundedCorner{position=TopLeft, radius=60, center=Point(60, 60)}, RoundedCorner{position=TopRight, radius=60, center=Point(660, 60)}, RoundedCorner{position=BottomRight, radius=60, center=Point(660, 1540)}, RoundedCorner{position=BottomLeft, radius=60, center=Point(60, 1540)}]}  mRoundedCornerFrame=Rect(0, 0 - 0, 0), mPrivacyIndicatorBounds=PrivacyIndicatorBounds {static bounds=Rect(637, 0 - 720, 58) rotation=0}, mSources= { InsetsSource: {mType=ITYPE_NAVIGATION_BAR, mFrame=[0,1510][720,1600], mVisible=true, mInsetsRoundedCornerFrame=false}, InsetsSource: {mType=ITYPE_LEFT_GESTURES, mFrame=[0,0][0,1600], mVisible=true, mInsetsRoundedCornerFrame=false}, InsetsSource: {mType=ITYPE_RIGHT_GESTURES, mFrame=[720,0][720,1600], mVisible=true, mInsetsRoundedCornerFrame=false}, InsetsSource: {mType=ITYPE_TOP_MANDATORY_GESTURES, mFrame=[0,0][720,81], mVisible=true, mInsetsRoundedCornerFrame=false}, InsetsSource: {mType=ITYPE_BOTTOM_MANDATORY_GESTURES, mFrame=[0,1510][720,1600], mVisible=true, mInsetsRoundedCornerFrame=false}, InsetsSource: {mType=ITYPE_LEFT_DISPLAY_CUTOUT, mFrame=[0,0][-100000,1600], mVisible=true, mInsetsRoundedCornerFrame=false}, InsetsSource: {mType=ITYPE_TOP_DISPLAY_CUTOUT, mFrame=[0,0][720,58], mVisible=true, mInsetsRoundedCornerFrame=false}, InsetsSource: {mType=ITYPE_RIGHT_DISPLAY_CUTOUT, mFrame=[100000,0][720,1600], mVisible=true, mInsetsRoundedCornerFrame=false}, InsetsSource: {mType=ITYPE_BOTTOM_DISPLAY_CUTOUT, mFrame=[0,100000][720,1600], mVisible=true, mInsetsRoundedCornerFrame=false}, InsetsSource: {mType=ITYPE_BOTTOM_TAPPABLE_ELEMENT, mFrame=[0,1510][720,1600], mVisible=true, mInsetsRoundedCornerFrame=false} } host=Toast from=android.view.ViewRootImpl.setView:1732
04-05 11:37:22.190  3948  3948 I ViewRootImpl@77351a2[Toast]: setView = androidx.cardview.widget.CardView@2f8916d TM=true
04-05 11:37:22.196  3948  3948 I ViewRootImpl@77351a2[Toast]: performTraversals params={(0,9)(wrapxwrap) gr=BOTTOM CENTER sim={adjust=resize} ty=TOAST fmt=TRANSLUCENT wanim=0x1030004 surfaceInsets=Rect(8, 8 - 8, 8)
04-05 11:37:22.196  3948  3948 I ViewRootImpl@77351a2[Toast]:   fl=1000098
04-05 11:37:22.196  3948  3948 I ViewRootImpl@77351a2[Toast]:   pfl=12000000
04-05 11:37:22.196  3948  3948 I ViewRootImpl@77351a2[Toast]:   bhv=DEFAULT
04-05 11:37:22.196  3948  3948 I ViewRootImpl@77351a2[Toast]:   fitTypes=STATUS_BARS NAVIGATION_BARS CAPTION_BAR
04-05 11:37:22.196  3948  3948 I ViewRootImpl@77351a2[Toast]:   fitIgnoreVis naviIconColor=0}
04-05 11:37:22.196  3948  3948 I ViewRootImpl@77351a2[Toast]: performTraversals mFirst=true windowShouldResize=false viewVisibilityChanged=false mForceNextWindowRelayout=false params={(0,9)(wrapxwrap) gr=BOTTOM CENTER sim={adjust=resize} ty=TOAST fmt=TRANSLUCENT wanim=0x1030004 surfaceInsets=Rect(8, 8 - 8, 8)
04-05 11:37:22.196  3948  3948 I ViewRootImpl@77351a2[Toast]:   fl=1000098
04-05 11:37:22.196  3948  3948 I ViewRootImpl@77351a2[Toast]:   pfl=12000000
04-05 11:37:22.196  3948  3948 I ViewRootImpl@77351a2[Toast]:   bhv=DEFAULT
04-05 11:37:22.196  3948  3948 I ViewRootImpl@77351a2[Toast]:   fitTypes=STATUS_BARS NAVIGATION_BARS CAPTION_BAR
04-05 11:37:22.196  3948  3948 I ViewRootImpl@77351a2[Toast]:   fitIgnoreVis naviIconColor=0}
04-05 11:37:22.202  3948  3948 I ViewRootImpl@77351a2[Toast]: updateBlastSurfaceIfNeeded mBlastBufferQueue=null isSameSurfaceControl=false
04-05 11:37:22.202  3948  3948 D BufferQueueConsumer: [](id:f6c0000005e,api:0,p:-1,c:3948) connect: controlledByApp=false
04-05 11:37:22.203  3948  3948 I BLASTBufferQueue: new BLASTBufferQueue, mName= ViewRootImpl@77351a2[Toast] mNativeObject= 0xb4000077390cf680 sc.mNativeObject= 0xb40000779cac2300 caller= android.view.ViewRootImpl.updateBlastSurfaceIfNeeded:2909 android.view.ViewRootImpl.relayoutWindow:9847 android.view.ViewRootImpl.performTraversals:3884 android.view.ViewRootImpl.doTraversal:3116 android.view.ViewRootImpl$TraversalRunnable.run:10885 android.view.Choreographer$CallbackRecord.run:1301 android.view.Choreographer$CallbackRecord.run:1309 android.view.Choreographer.doCallbacks:923 android.view.Choreographer.doFrame:852 android.view.Choreographer$FrameDisplayEventReceiver.run:1283 
04-05 11:37:22.203  3948  3948 I BLASTBufferQueue: update, w= 508 h= 129 mName = ViewRootImpl@77351a2[Toast] mNativeObject= 0xb4000077390cf680 sc.mNativeObject= 0xb40000779cac2300 format= -3 caller= android.graphics.BLASTBufferQueue.<init>:84 android.view.ViewRootImpl.updateBlastSurfaceIfNeeded:2909 android.view.ViewRootImpl.relayoutWindow:9847 android.view.ViewRootImpl.performTraversals:3884 android.view.ViewRootImpl.doTraversal:3116 android.view.ViewRootImpl$TraversalRunnable.run:10885 
04-05 11:37:22.203  3948  3948 I ViewRootImpl@77351a2[Toast]: Relayout returned: old=(0,58,720,1510) new=(114,1388,606,1501) req=(492,113)0 dur=6 res=0x3 s={true 0xb40000779c037000} ch=true seqId=0
04-05 11:37:22.204  3948  3948 I ViewRootImpl@77351a2[Toast]: mThreadedRenderer.initialize() mSurface={isValid=true 0xb40000779c037000} hwInitialized=true
04-05 11:37:22.204  3948  3970 D OpenGLRenderer: eglCreateWindowSurface
04-05 11:37:22.205  3948  3948 I ViewRootImpl@77351a2[Toast]: reportNextDraw android.view.ViewRootImpl.performTraversals:4438 android.view.ViewRootImpl.doTraversal:3116 android.view.ViewRootImpl$TraversalRunnable.run:10885 android.view.Choreographer$CallbackRecord.run:1301 android.view.Choreographer$CallbackRecord.run:1309 
04-05 11:37:22.205  3948  3948 I ViewRootImpl@77351a2[Toast]: Setup new sync id=0
04-05 11:37:22.205  3948  3948 I ViewRootImpl@77351a2[Toast]: Setting syncFrameCallback
04-05 11:37:22.205  3948  3948 I ViewRootImpl@77351a2[Toast]: registerCallbacksForSync syncBuffer=false
04-05 11:37:22.206  3948  4040 I ViewRootImpl@77351a2[Toast]: Received frameDrawingCallback syncResult=0 frameNum=1.
04-05 11:37:22.206  3948  4040 I ViewRootImpl@77351a2[Toast]: Setting up sync and frameCommitCallback
04-05 11:37:22.209  3948  3970 I BLASTBufferQueue: [ViewRootImpl@77351a2[Toast]#86](f:0,a:0) onFrameAvailable the first frame is available
04-05 11:37:22.210  3948  3970 I BLASTBufferQueue: [ViewRootImpl@77351a2[Toast]#86](f:0,a:1) acquireNextBufferLocked size=508x129 mFrameNumber=1 applyTransaction=true mTimestamp=1091008753961721(auto) mPendingTransactions.size=0 graphicBufferId=16956530885609 transform=0
04-05 11:37:22.210  3948  3970 I ViewRootImpl@77351a2[Toast]: Received frameCommittedCallback lastAttemptedDrawFrameNum=1 didProduceBuffer=true
04-05 11:37:22.211  3948  3970 D OpenGLRenderer: CFMS:: SetUp Pid : 3948    Tid : 3970
04-05 11:37:22.211  3948  3970 W Parcel  : Expecting binder but got null!
04-05 11:37:22.211  3948  3948 I ViewRootImpl@77351a2[Toast]: onSyncComplete
04-05 11:37:22.212  3948  3948 I ViewRootImpl@77351a2[Toast]: setupSync seqId=0 mSyncId=0 fn=1 caller=android.view.ViewRootImpl$$ExternalSyntheticLambda11.accept:6 android.window.SurfaceSyncer.lambda$setupSync$1$android-window-SurfaceSyncer:128 android.window.SurfaceSyncer$$ExternalSyntheticLambda1.accept:8 android.window.SurfaceSyncer$SyncSet.checkIfSyncIsComplete:382 android.window.SurfaceSyncer$SyncSet.markSyncReady:359 android.window.SurfaceSyncer.markSyncReady:151 android.view.ViewRootImpl.performTraversals:4503 
04-05 11:37:22.212  3948  3948 I ViewRootImpl@77351a2[Toast]: reportDrawFinished seqId=0 mSyncId=-1 fn=1 mSurfaceChangedTransaction=0xb400007786b50d00
04-05 11:37:23.318  3948  3948 I ViewRootImpl@ae38c1e[MainActivity]: ViewPostIme pointer 0
04-05 11:37:23.416  3948  3948 I ViewRootImpl@ae38c1e[MainActivity]: ViewPostIme pointer 1
04-05 11:37:23.429  3948  3948 I IMM_LC  : hsifw() - flag : 0
04-05 11:37:23.429  3948  3948 I IMM_LC  : hsifw() - mService.hideSoftInput
04-05 11:37:23.596  3948  3948 W View    : requestLayout() improperly called by com.lagradost.cloudstream3.ui.AutofitRecyclerView{48c1d1c VFED.V... ......ID 720,0-1440,1246 #7f0a0398 app:id/page_recyclerview} during layout: running second layout pass
04-05 11:37:23.596  3948  3948 W View    : requestLayout() improperly called by com.lagradost.cloudstream3.ui.AutofitRecyclerView{2f1d25 VFED.V... ......ID 1440,0-2160,1246 #7f0a0398 app:id/page_recyclerview} during layout: running second layout pass
04-05 11:37:24.656  3948  3948 I ViewRootImpl@ae38c1e[MainActivity]: ViewPostIme pointer 0
04-05 11:37:24.753  3948  3948 I ViewRootImpl@ae38c1e[MainActivity]: ViewPostIme pointer 1
04-05 11:37:24.762  3948  3948 I NavComponent: Navigating to fragment: 2131362305
04-05 11:37:24.763  3948  3948 I IMM_LC  : hsifw() - flag : 0
04-05 11:37:24.763  3948  3948 I IMM_LC  : hsifw() - mService.hideSoftInput
04-05 11:37:24.777  3948  3948 D ScrollView: initGoToTop
04-05 11:37:25.033  3948  3953 I st.cloudstream3: Background young concurrent copying GC freed 11MB AllocSpace bytes, 68(2160KB) LOS objects, 9% free, 109MB/120MB, paused 154us,73us total 158.240ms
04-05 11:37:25.034  3948  3970 D OpenGLRenderer: setSurface called with nullptr
04-05 11:37:25.038  3948  3970 D OpenGLRenderer: setSurface called with nullptr
04-05 11:37:25.038  3948  3970 D OpenGLRenderer: setSurface called with nullptr
04-05 11:37:25.039  3948  3970 D OpenGLRenderer: setSurface called with nullptr
04-05 11:37:25.039  3948  3970 D OpenGLRenderer: setSurface called with nullptr
04-05 11:37:25.039  3948  3970 D OpenGLRenderer: setSurface called with nullptr
04-05 11:37:25.040  3948  3970 D OpenGLRenderer: setSurface called with nullptr
04-05 11:37:25.040  3948  3970 D OpenGLRenderer: setSurface called with nullptr
04-05 11:37:25.040  3948  3970 D OpenGLRenderer: setSurface called with nullptr
04-05 11:37:25.040  3948  3970 D OpenGLRenderer: setSurface called with nullptr
04-05 11:37:25.041  3948  3948 W Resources: Drawable com.lagradost.cloudstream3:drawable/go_forward_30 has unresolved theme attributes! Consider using Resources.getDrawable(int, Theme) or Context.getDrawable(int).
04-05 11:37:25.041  3948  3948 W Resources: java.lang.RuntimeException
04-05 11:37:25.041  3948  3948 W Resources: 	at android.content.res.Resources.getDrawable(Resources.java:967)
04-05 11:37:25.041  3948  3948 W Resources: 	at com.google.android.gms.cast.framework.media.widget.zzq.zzd(com.google.android.gms:play-services-cast-framework@@22.1.0:2)
04-05 11:37:25.041  3948  3948 W Resources: 	at com.google.android.gms.cast.framework.media.widget.zzq.zzc(com.google.android.gms:play-services-cast-framework@@22.1.0:1)
04-05 11:37:25.041  3948  3948 W Resources: 	at com.google.android.gms.cast.framework.media.widget.MiniControllerFragment.zza(com.google.android.gms:play-services-cast-framework@@22.1.0:41)
04-05 11:37:25.041  3948  3948 W Resources: 	at com.google.android.gms.cast.framework.media.widget.MiniControllerFragment.onCreateView(com.google.android.gms:play-services-cast-framework@@22.1.0:30)
04-05 11:37:25.041  3948  3948 W Resources: 	at androidx.fragment.app.Fragment.performCreateView(Fragment.java:3119)
04-05 11:37:25.041  3948  3948 W Resources: 	at androidx.fragment.app.FragmentStateManager.ensureInflatedView(FragmentStateManager.java:418)
04-05 11:37:25.041  3948  3948 W Resources: 	at androidx.fragment.app.FragmentStateManager.moveToExpectedState(FragmentStateManager.java:285)
04-05 11:37:25.041  3948  3948 W Resources: 	at androidx.fragment.app.FragmentLayoutInflaterFactory.onCreateView(FragmentLayoutInflaterFactory.java:142)
04-05 11:37:25.041  3948  3948 W Resources: 	at android.view.LayoutInflater$FactoryMerger.onCreateView(LayoutInflater.java:247)
04-05 11:37:25.041  3948  3948 W Resources: 	at android.view.LayoutInflater.tryCreateView(LayoutInflater.java:1083)
04-05 11:37:25.041  3948  3948 W Resources: 	at android.view.LayoutInflater.createViewFromTag(LayoutInflater.java:1019)
04-05 11:37:25.041  3948  3948 W Resources: 	at android.view.LayoutInflater.createViewFromTag(LayoutInflater.java:983)
04-05 11:37:25.041  3948  3948 W Resources: 	at android.view.LayoutInflater.rInflate(LayoutInflater.java:1145)
04-05 11:37:25.041  3948  3948 W Resources: 	at android.view.LayoutInflater.rInflateChildren(LayoutInflater.java:1106)
04-05 11:37:25.041  3948  3948 W Resources: 	at android.view.LayoutInflater.rInflate(LayoutInflater.java:1148)
04-05 11:37:25.041  3948  3948 W Resources: 	at android.view.LayoutInflater.rInflateChildren(LayoutInflater.java:1106)
04-05 11:37:25.041  3948  3948 W Resources: 	at android.view.LayoutInflater.rInflate(LayoutInflater.java:1148)
04-05 11:37:25.041  3948  3948 W Resources: 	at android.view.LayoutInflater.rInflateChildren(LayoutInflater.java:1106)
04-05 11:37:25.041  3948  3948 W Resources: 	at android.view.LayoutInflater.inflate(LayoutInflater.java:692)
04-05 11:37:25.041  3948  3948 W Resources: 	at android.view.LayoutInflater.inflate(LayoutInflater.java:544)
04-05 11:37:25.041  3948  3948 W Resources: 	at com.lagradost.cloudstream3.ui.player.AbstractPlayerFragment.onCreateView(AbstractPlayerFragment.kt:746)
04-05 11:37:25.041  3948  3948 W Resources: 	at com.lagradost.cloudstream3.ui.player.FullScreenPlayer.onCreateView(FullScreenPlayer.kt:218)
04-05 11:37:25.041  3948  3948 W Resources: 	at com.lagradost.cloudstream3.ui.result.ResultFragmentPhone.onCreateView(ResultFragmentPhone.kt:129)
04-05 11:37:25.041  3948  3948 W Resources: 	at androidx.fragment.app.Fragment.performCreateView(Fragment.java:3119)
04-05 11:37:25.041  3948  3948 W Resources: 	at androidx.fragment.app.FragmentStateManager.createView(FragmentStateManager.java:577)
04-05 11:37:25.041  3948  3948 W Resources: 	at androidx.fragment.app.FragmentStateManager.moveToExpectedState(FragmentStateManager.java:286)
04-05 11:37:25.041  3948  3948 W Resources: 	at androidx.fragment.app.FragmentManager.executeOpsTogether(FragmentManager.java:2214)
04-05 11:37:25.041  3948  3948 W Resources: 	at androidx.fragment.app.FragmentManager.removeRedundantOperationsAndExecute(FragmentManager.java:2115)
04-05 11:37:25.041  3948  3948 W Resources: 	at androidx.fragment.app.FragmentManager.execPendingActions(FragmentManager.java:2052)
04-05 11:37:25.041  3948  3948 W Resources: 	at androidx.fragment.app.FragmentManager$5.run(FragmentManager.java:703)
04-05 11:37:25.041  3948  3948 W Resources: 	at android.os.Handler.handleCallback(Handler.java:942)
04-05 11:37:25.041  3948  3948 W Resources: 	at android.os.Handler.dispatchMessage(Handler.java:99)
04-05 11:37:25.041  3948  3948 W Resources: 	at android.os.Looper.loopOnce(Looper.java:226)
04-05 11:37:25.041  3948  3948 W Resources: 	at android.os.Looper.loop(Looper.java:313)
04-05 11:37:25.041  3948  3948 W Resources: 	at android.app.ActivityThread.main(ActivityThread.java:8762)
04-05 11:37:25.041  3948  3948 W Resources: 	at java.lang.reflect.Method.invoke(Native Method)
04-05 11:37:25.041  3948  3948 W Resources: 	at com.android.internal.os.RuntimeInit$MethodAndArgsCaller.run(RuntimeInit.java:604)
04-05 11:37:25.041  3948  3948 W Resources: 	at com.android.internal.os.ZygoteInit.main(ZygoteInit.java:1067)
04-05 11:37:25.041  3948  3955 W System  : A resource failed to call ZipFile.close. 
04-05 11:37:25.041  3948  3955 W System  : A resource failed to call ZipFile.close. 
04-05 11:37:25.041  3948  3955 W System  : A resource failed to call ZipFile.close. 
04-05 11:37:25.041  3948  3955 W System  : A resource failed to call ZipFile.close. 
04-05 11:37:25.041  3948  3955 W System  : A resource failed to call ZipFile.close. 
04-05 11:37:25.041  3948  3955 W System  : A resource failed to call ZipFile.close. 
04-05 11:37:25.041  3948  3955 W System  : A resource failed to call ZipFile.close. 
04-05 11:37:25.041  3948  3955 W System  : A resource failed to call ZipFile.close. 
04-05 11:37:25.041  3948  3955 W System  : A resource failed to call ZipFile.close. 
04-05 11:37:25.041  3948  3955 W System  : A resource failed to call ZipFile.close. 
04-05 11:37:25.041  3948  3955 W System  : A resource failed to call ZipFile.close. 
04-05 11:37:25.041  3948  3955 W System  : A resource failed to call ZipFile.close. 
04-05 11:37:25.041  3948  3955 W System  : A resource failed to call ZipFile.close. 
04-05 11:37:25.041  3948  3955 W System  : A resource failed to call ZipFile.close. 
04-05 11:37:25.041  3948  3955 W System  : A resource failed to call ZipFile.close. 
04-05 11:37:25.045  3948  3955 W System  : A resource failed to call close. 
04-05 11:37:25.045  3948  3955 W System  : A resource failed to call close. 
04-05 11:37:25.045  3948  3955 W System  : A resource failed to call close. 
04-05 11:37:25.045  3948  3955 W System  : A resource failed to call close. 
04-05 11:37:25.045  3948  3955 W System  : A resource failed to call close. 
04-05 11:37:25.045  3948  3955 W System  : A resource failed to call close. 
04-05 11:37:25.045  3948  3955 W System  : A resource failed to call close. 
04-05 11:37:25.045  3948  3955 W System  : A resource failed to call close. 
04-05 11:37:25.045  3948  3955 W System  : A resource failed to call close. 
04-05 11:37:25.045  3948  3955 W System  : A resource failed to call close. 
04-05 11:37:25.045  3948  3955 W System  : A resource failed to call close. 
04-05 11:37:25.045  3948  3955 W System  : A resource failed to call close. 
04-05 11:37:25.045  3948  3955 W System  : A resource failed to call close. 
04-05 11:37:25.045  3948  3955 W System  : A resource failed to call close. 
04-05 11:37:25.045  3948  3955 W System  : A resource failed to call close. 
04-05 11:37:25.045  3948  3955 W System  : A resource failed to call close. 
04-05 11:37:25.046  3948  3948 I SurfaceView@8e1e007: onWindowVisibilityChanged(0) true android.view.SurfaceView{8e1e007 V.E..V... ......I. 0,0-0,0} of ViewRootImpl@ae38c1e[MainActivity]
04-05 11:37:25.046  3948  3948 D SurfaceView@8e1e007: updateSurface: has no frame
04-05 11:37:25.050  3948  3955 W System  : A resource failed to call close. 
04-05 11:37:25.050  3948  3948 I CS3ExoPlayer: SET STYLE = SaveCaptionStyle(foregroundColor=-1, backgroundColor=0, windowColor=0, edgeType=1, edgeColor=-16777216, typeface=2131296262, typefaceFilePath=null, elevation=40, fixedTextSize=14.0, edgeSize=null, removeCaptions=false, removeBloat=true, upperCase=false, bold=false, italic=false, backgroundRadius=null, alignment=null)
04-05 11:37:25.050  3948  3955 W System  : A resource failed to call close. 
04-05 11:37:25.051  3948  3955 W System  : A resource failed to call close. 
04-05 11:37:25.051  3948  3955 W System  : A resource failed to call close. 
04-05 11:37:25.051  3948  3955 W System  : A resource failed to call close. 
04-05 11:37:25.052  3948  3955 W System  : A resource failed to call close. 
04-05 11:37:25.052  3948  3955 W System  : A resource failed to call close. 
04-05 11:37:25.052  3948  3955 W System  : A resource failed to call close. 
04-05 11:37:25.052  3948  3955 W System  : A resource failed to call close. 
04-05 11:37:25.052  3948  3955 W System  : A resource failed to call close. 
04-05 11:37:25.053  3948  3955 W System  : A resource failed to call close. 
04-05 11:37:25.053  3948  3955 W System  : A resource failed to call close. 
04-05 11:37:25.054  3948  3955 W System  : A resource failed to call close. 
04-05 11:37:25.054  3948  3955 W System  : A resource failed to call close. 
04-05 11:37:25.054  3948  3955 W System  : A resource failed to call close. 
04-05 11:37:25.055  3948  3955 W System  : A resource failed to call close. 
04-05 11:37:25.056  3948  3948 I IMM_LC  : hsifw() - flag : 0
04-05 11:37:25.057  3948  3948 I IMM_LC  : hsifw() - mService.hideSoftInput
04-05 11:37:25.058  3948 11609 I SYNCVM  : addFromUrl = https://anichin.cafe/seri/shrouding-the-heavens/
04-05 11:37:25.058  3948 10846 I RVM2    : applyMeta
04-05 11:37:25.058  3948 11609 I SYNCUTIL: getIdsFromUrl https://anichin.cafe/seri/shrouding-the-heavens/
04-05 11:37:25.066  3948  3948 I SurfaceView@8e1e007: onWindowVisibilityChanged(8) false android.view.SurfaceView{8e1e007 V.E..V... ......I. 0,0-0,0} of ViewRootImpl@ae38c1e[MainActivity]
04-05 11:37:25.067  3948  3948 D SurfaceView@8e1e007: updateSurface: has no frame
04-05 11:37:25.067  3948  3948 D SurfaceView@8e1e007: updateSurface: has no frame
04-05 11:37:25.067  3948  3948 I SurfaceView@8e1e007: onDetachedFromWindow: tryReleaseSurfaces()
04-05 11:37:25.067  3948  3948 I SurfaceView@8e1e007: releaseSurfaces: viewRoot = ViewRootImpl@ae38c1e[MainActivity]
04-05 11:37:25.067  3948  3948 I SurfaceView@8e1e007: applyTransactionOnVriDraw: vri = ViewRootImpl@ae38c1e[MainActivity] fRS = true t = 0xb4000077d7fe5100 android.view.SurfaceView.releaseSurfaces:858 android.view.SurfaceView.onDetachedFromWindow:500 android.view.View.dispatchDetachedFromWindow:22538 
04-05 11:37:25.067  3948  3948 I SurfaceView@8e1e007: applyTransactionOnVriDraw: viewRoot.applyTransactionOnDrawFromReleaseSurfaces
04-05 11:37:25.067  3948  3948 I ViewRootImpl@ae38c1e[MainActivity]: applyTransactionOnDraw: mRemoved = false isHardwareEnabled = true t = 0xb4000077d7fe5100android.view.ViewRootImpl.applyTransactionOnDrawFromReleaseSurfaces:12850 android.view.SurfaceView.applyTransactionOnVriDraw:2046 android.view.SurfaceView.releaseSurfaces:858 android.view.SurfaceView.onDetachedFromWindow:500 android.view.View.dispatchDetachedFromWindow:22538 
04-05 11:37:25.068  3948  3948 I SurfaceView@8e1e007: onWindowVisibilityChanged(0) true android.view.SurfaceView{8e1e007 V.E..V... ......I. 0,0-0,0} of ViewRootImpl@ae38c1e[MainActivity]
04-05 11:37:25.069  3948  3948 D SurfaceView@8e1e007: updateSurface: has no frame
04-05 11:37:25.071  3948  3948 I DecorView: notifyKeepScreenOnChanged: keepScreenOn=false
04-05 11:37:25.075  3948  3948 I CS3ExoPlayer: reloadPlayer
04-05 11:37:25.075  3948  3948 I CS3ExoPlayer: releasePlayer
04-05 11:37:25.075  3948  3948 I CS3ExoPlayer: Handle event: PlayerAttachedEvent(player=null, source=Player)
04-05 11:37:25.079  3948  3948 I ViewRootImpl@ae38c1e[MainActivity]: performTraversals params={(0,0)(fillxfill) sim={state=always_hidden adjust=resize} ty=BASE_APPLICATION wanim=0x1030309
04-05 11:37:25.079  3948  3948 I ViewRootImpl@ae38c1e[MainActivity]:   fl=85810100
04-05 11:37:25.079  3948  3948 I ViewRootImpl@ae38c1e[MainActivity]:   pfl=12020040
04-05 11:37:25.079  3948  3948 I ViewRootImpl@ae38c1e[MainActivity]:   vsysui=1500
04-05 11:37:25.079  3948  3948 I ViewRootImpl@ae38c1e[MainActivity]:   bhv=SHOW_TRANSIENT_BARS_BY_SWIPE
04-05 11:37:25.079  3948  3948 I ViewRootImpl@ae38c1e[MainActivity]:   fitSides= naviIconColor=0}
04-05 11:37:25.079  3948  3948 I ViewRootImpl@ae38c1e[MainActivity]: performTraversals mFirst=false windowShouldResize=false viewVisibilityChanged=false mForceNextWindowRelayout=false params={(0,0)(fillxfill) sim={state=always_hidden adjust=resize} ty=BASE_APPLICATION fmt=TRANSLUCENT wanim=0x1030309
04-05 11:37:25.079  3948  3948 I ViewRootImpl@ae38c1e[MainActivity]:   fl=85810100
04-05 11:37:25.079  3948  3948 I ViewRootImpl@ae38c1e[MainActivity]:   pfl=12020040
04-05 11:37:25.079  3948  3948 I ViewRootImpl@ae38c1e[MainActivity]:   vsysui=1500
04-05 11:37:25.079  3948  3948 I ViewRootImpl@ae38c1e[MainActivity]:   bhv=SHOW_TRANSIENT_BARS_BY_SWIPE
04-05 11:37:25.079  3948  3948 I ViewRootImpl@ae38c1e[MainActivity]:   fitSides= naviIconColor=0}
04-05 11:37:25.084  3948  3948 I ViewRootImpl@ae38c1e[MainActivity]: updateBlastSurfaceIfNeeded mBlastBufferQueue=0xb4000077c2991c00 isSameSurfaceControl=true
04-05 11:37:25.084  3948  3948 I BLASTBufferQueue: update, w= 720 h= 1600 mName = ViewRootImpl@ae38c1e[MainActivity] mNativeObject= 0xb4000077c2991c00 sc.mNativeObject= 0xb4000077c27d43e0 format= -3 caller= android.view.ViewRootImpl.updateBlastSurfaceIfNeeded:2898 android.view.ViewRootImpl.relayoutWindow:9847 android.view.ViewRootImpl.performTraversals:3884 android.view.ViewRootImpl.doTraversal:3116 android.view.ViewRootImpl$TraversalRunnable.run:10885 android.view.Choreographer$CallbackRecord.run:1301 
04-05 11:37:25.084  3948  3948 I ViewRootImpl@ae38c1e[MainActivity]: Relayout returned: old=(0,0,720,1600) new=(0,0,720,1600) req=(720,1600)0 dur=4 res=0x0 s={true 0xb4000077c2a1c000} ch=false seqId=15
04-05 11:37:25.084  3948  3948 I ViewRootImpl@ae38c1e[MainActivity]: updateBoundsLayer: t = android.view.SurfaceControl$Transaction@c0eab7d sc = Surface(name=Bounds for - com.lagradost.cloudstream3/com.lagradost.cloudstream3.MainActivity@4)/@0x8eb4579 frame = 965
04-05 11:37:25.084  3948  3948 I ViewRootImpl@ae38c1e[MainActivity]: mWNT: t=0xb4000077c27b2300 mBlastBufferQueue=0xb4000077c2991c00 fn= 965 caller= android.view.ViewRootImpl.prepareSurfaces:2985 android.view.ViewRootImpl.performTraversals:4233 android.view.ViewRootImpl.doTraversal:3116 
04-05 11:37:25.085  3948  3948 W View    : requestLayout() improperly called by android.widget.FrameLayout{9c7a784 I.E..V... ......I. 0,0-0,0 #7f0a053e app:id/start_panel} during layout: running second layout pass
04-05 11:37:25.085  3948  3948 W View    : requestLayout() improperly called by android.widget.FrameLayout{324bb6d I.E..V... ......ID 720,0-720,1358 #7f0a0184 app:id/end_panel} during layout: running second layout pass
04-05 11:37:25.086  3948  3948 D SurfaceView@8e1e007: updateSurface: has no frame
04-05 11:37:25.089  3948  4041 I ViewRootImpl@ae38c1e[MainActivity]: mWNT: t=0xb4000077d7fe5100 mBlastBufferQueue=0xb4000077c2991c00 fn= 965 caller= android.view.ViewRootImpl.lambda$applyTransactionOnDraw$11$android-view-ViewRootImpl:12865 android.view.ViewRootImpl$$ExternalSyntheticLambda1.onFrameDraw:4 android.graphics.HardwareRenderer$FrameDrawingCallback.onFrameDraw:924 
04-05 11:37:25.092  3948  3998 I SYNCVM  : addFromUrl = https://anichin.cafe/seri/shrouding-the-heavens/
04-05 11:37:25.093  3948  3998 I SYNCUTIL: getIdsFromUrl https://anichin.cafe/seri/shrouding-the-heavens/
04-05 11:37:25.281  3948  3948 D SurfaceView@8e1e007: updateSurface: has no frame
04-05 11:37:25.283  3948  3948 I SurfaceView@8e1e007: Changes: creating=true format=true size=true visible=true alpha=false hint=false mUseAlpha=false visible=true left=true top=true
04-05 11:37:25.285  3948  3948 D BufferQueueConsumer: [](id:f6c0000005f,api:0,p:-1,c:3948) connect: controlledByApp=false
04-05 11:37:25.286  3948  3948 I BLASTBufferQueue: update, w= 720 h= 375 mName = null mNativeObject= 0xb4000077c289e700 sc.mNativeObject= 0xb400007736fc9760 format= 4 caller= android.view.SurfaceView.createBlastSurfaceControls:1383 android.view.SurfaceView.updateSurface:1079 android.view.SurfaceView.lambda$new$0$android-view-SurfaceView:200 android.view.SurfaceView$$ExternalSyntheticLambda5.onPreDraw:2 android.view.ViewTreeObserver.dispatchOnPreDraw:1121 android.view.ViewRootImpl.performTraversals:4442 
04-05 11:37:25.286  3948  3948 I SurfaceView@8e1e007: 149020679 Cur surface: Surface(name=null)/@0x5f0c456
04-05 11:37:25.286  3948  3948 I SurfaceView@8e1e007: pST: sr = Rect(0, 152 - 720, 527) sw = 720 sh = 375
04-05 11:37:25.286  3948  3948 D SurfaceView@8e1e007: performSurfaceTransaction RenderWorker position = [0, 152, 720, 527] surfaceSize = 720x375
04-05 11:37:25.286  3948  3948 I SurfaceView@8e1e007: applyTransactionOnVriDraw: vri = ViewRootImpl@ae38c1e[MainActivity] fRS = false t = 0xb400007735fbb700 android.view.SurfaceView.performSurfaceTransaction:959 android.view.SurfaceView.updateSurface:1105 android.view.SurfaceView.lambda$new$0$android-view-SurfaceView:200 
04-05 11:37:25.287  3948  3948 I ViewRootImpl@ae38c1e[MainActivity]: applyTransactionOnDraw: mRemoved = false isHardwareEnabled = true t = 0xb400007735fbb700android.view.SurfaceView.applyTransactionOnVriDraw:2048 android.view.SurfaceView.performSurfaceTransaction:959 android.view.SurfaceView.updateSurface:1105 android.view.SurfaceView.lambda$new$0$android-view-SurfaceView:200 android.view.SurfaceView$$ExternalSyntheticLambda5.onPreDraw:2 
04-05 11:37:25.287  3948  3948 I SurfaceView@8e1e007: updateSurface: mVisible = true mSurface.isValid() = true
04-05 11:37:25.287  3948  3948 I SurfaceView@8e1e007: updateSurface: mSurfaceCreated = false surfaceChanged = true visibleChanged = true
04-05 11:37:25.287  3948  3948 I SurfaceView@8e1e007: visibleChanged -- surfaceCreated
04-05 11:37:25.287  3948  3948 I SurfaceView@8e1e007: surfaceCreated 0 #8 android.view.SurfaceView{8e1e007 V.E..V... ......ID 0,0-720,375}
04-05 11:37:25.287  3948  3948 I SurfaceView@8e1e007: surfaceChanged -- format=4 w=720 h=375
04-05 11:37:25.287  3948  3948 I SurfaceView@8e1e007: surfaceChanged (720,375) 0 #8 android.view.SurfaceView{8e1e007 V.E..V... ......ID 0,0-720,375}
04-05 11:37:25.287  3948  3948 I SurfaceView@8e1e007: surfaceRedrawNeeded
04-05 11:37:25.287  3948  3948 V SurfaceView@8e1e007: Layout: x=0 y=152 w=720 h=375, frame=Rect(0, 0 - 720, 375)
04-05 11:37:25.301  3948  4040 D SurfaceView@8e1e007: updateSurfacePosition RenderWorker, frameNr = 966, position = [36, 216, 684, 555] surfaceSize = 720x375
04-05 11:37:25.301  3948  4040 I SurfaceView@8e1e007: uSP: rtp = Rect(36, 216 - 684, 555) rtsw = 720 rtsh = 375
04-05 11:37:25.301  3948  4040 I SurfaceView@8e1e007: onSSPAndSRT: pl = 36 pt = 216 sx = 0.9 sy = 0.904
04-05 11:37:25.301  3948  4040 I SurfaceView@8e1e007: aOrMT: ViewRootImpl@ae38c1e[MainActivity] t = android.view.SurfaceControl$Transaction@86c20ad fN = 966 android.view.SurfaceView.-$$Nest$mapplyOrMergeTransaction:0 android.view.SurfaceView$SurfaceViewPositionUpdateListener.positionChanged:1537 android.graphics.RenderNode$CompositePositionUpdateListener.positionChanged:373 
04-05 11:37:25.302  3948  4040 I ViewRootImpl@ae38c1e[MainActivity]: mWNT: t=0xb400007735fbb800 mBlastBufferQueue=0xb4000077c2991c00 fn= 966 caller= android.view.SurfaceView.applyOrMergeTransaction:1455 android.view.SurfaceView.-$$Nest$mapplyOrMergeTransaction:0 android.view.SurfaceView$SurfaceViewPositionUpdateListener.positionChanged:1537 
04-05 11:37:25.304  3948  4041 I ViewRootImpl@ae38c1e[MainActivity]: mWNT: t=0xb400007735fbb700 mBlastBufferQueue=0xb4000077c2991c00 fn= 966 caller= android.view.ViewRootImpl.lambda$applyTransactionOnDraw$11$android-view-ViewRootImpl:12865 android.view.ViewRootImpl$$ExternalSyntheticLambda1.onFrameDraw:4 android.graphics.HardwareRenderer$FrameDrawingCallback.onFrameDraw:924 
04-05 11:37:25.319  3948  4041 D SurfaceView@8e1e007: updateSurfacePosition RenderWorker, frameNr = 967, position = [31, 209, 689, 552] surfaceSize = 720x375
04-05 11:37:25.319  3948  4041 I SurfaceView@8e1e007: uSP: rtp = Rect(31, 209 - 689, 552) rtsw = 720 rtsh = 375
04-05 11:37:25.319  3948  4041 I SurfaceView@8e1e007: onSSPAndSRT: pl = 31 pt = 209 sx = 0.9138889 sy = 0.91466665
04-05 11:37:25.319  3948  4041 I SurfaceView@8e1e007: aOrMT: ViewRootImpl@ae38c1e[MainActivity] t = android.view.SurfaceControl$Transaction@86c20ad fN = 967 android.view.SurfaceView.-$$Nest$mapplyOrMergeTransaction:0 android.view.SurfaceView$SurfaceViewPositionUpdateListener.positionChanged:1537 android.graphics.RenderNode$CompositePositionUpdateListener.positionChanged:373 
04-05 11:37:25.319  3948  4041 I ViewRootImpl@ae38c1e[MainActivity]: mWNT: t=0xb400007735fbb800 mBlastBufferQueue=0xb4000077c2991c00 fn= 967 caller= android.view.SurfaceView.applyOrMergeTransaction:1455 android.view.SurfaceView.-$$Nest$mapplyOrMergeTransaction:0 android.view.SurfaceView$SurfaceViewPositionUpdateListener.positionChanged:1537 
04-05 11:37:25.325  3948  3948 I SurfaceView@8e1e007: finishedDrawing
04-05 11:37:25.361  3948  4040 D SurfaceView@8e1e007: updateSurfacePosition RenderWorker, frameNr = 968, position = [0, 152, 720, 527] surfaceSize = 720x375
04-05 11:37:25.361  3948  4040 I SurfaceView@8e1e007: uSP: rtp = Rect(0, 152 - 720, 527) rtsw = 720 rtsh = 375
04-05 11:37:25.361  3948  4040 I SurfaceView@8e1e007: onSSPAndSRT: pl = 0 pt = 152 sx = 1.0 sy = 1.0
04-05 11:37:25.361  3948  4040 I SurfaceView@8e1e007: aOrMT: ViewRootImpl@ae38c1e[MainActivity] t = android.view.SurfaceControl$Transaction@86c20ad fN = 968 android.view.SurfaceView.-$$Nest$mapplyOrMergeTransaction:0 android.view.SurfaceView$SurfaceViewPositionUpdateListener.positionChanged:1537 android.graphics.RenderNode$CompositePositionUpdateListener.positionChanged:373 
04-05 11:37:25.362  3948  4040 I ViewRootImpl@ae38c1e[MainActivity]: mWNT: t=0xb400007735fbb800 mBlastBufferQueue=0xb4000077c2991c00 fn= 968 caller= android.view.SurfaceView.applyOrMergeTransaction:1455 android.view.SurfaceView.-$$Nest$mapplyOrMergeTransaction:0 android.view.SurfaceView$SurfaceViewPositionUpdateListener.positionChanged:1537 
04-05 11:37:25.683  3948  3970 D OpenGLRenderer: setSurface called with nullptr
04-05 11:37:25.683  3948  3970 D OpenGLRenderer: setSurface() destroyed EGLSurface
04-05 11:37:25.683  3948  3970 D OpenGLRenderer: destroyEglSurface
04-05 11:37:25.687  3948  3948 I ViewRootImpl@77351a2[Toast]: dispatchDetachedFromWindow
04-05 11:37:25.687  3948  3948 I BLASTBufferQueue: [ViewRootImpl@77351a2[Toast]#86](f:0,a:1) destructor()
04-05 11:37:25.687  3948  3948 D BufferQueueConsumer: [ViewRootImpl@77351a2[Toast]#86(BLAST Consumer)86](id:f6c0000005e,api:0,p:-1,c:3948) disconnect
04-05 11:37:25.698  3948  3948 D InputTransport: Input channel destroyed: 'd5bdd7c', fd=230
04-05 11:37:25.728  3948  3948 I ViewRootImpl@ae38c1e[MainActivity]: ViewPostIme pointer 0
04-05 11:37:25.780  3948  3948 I SurfaceView@8e1e007: Changes: creating=false format=false size=false visible=false alpha=false hint=false mUseAlpha=false visible=false left=false top=true
04-05 11:37:25.780  3948  3948 I SurfaceView@8e1e007: 149020679 Cur surface: Surface(name=null)/@0x5f0c456
04-05 11:37:25.781  3948  3948 I SurfaceView@8e1e007: applyTransactionOnVriDraw: vri = ViewRootImpl@ae38c1e[MainActivity] fRS = false t = 0xb400007782f26700 android.view.SurfaceView.performSurfaceTransaction:959 android.view.SurfaceView.updateSurface:1105 android.view.SurfaceView.lambda$new$0$android-view-SurfaceView:200 
04-05 11:37:25.781  3948  3948 I ViewRootImpl@ae38c1e[MainActivity]: applyTransactionOnDraw: mRemoved = false isHardwareEnabled = true t = 0xb400007782f26700android.view.SurfaceView.applyTransactionOnVriDraw:2048 android.view.SurfaceView.performSurfaceTransaction:959 android.view.SurfaceView.updateSurface:1105 android.view.SurfaceView.lambda$new$0$android-view-SurfaceView:200 android.view.SurfaceView$$ExternalSyntheticLambda5.onPreDraw:2 
04-05 11:37:25.781  3948  3948 I SurfaceView@8e1e007: updateSurface: mVisible = true mSurface.isValid() = true
04-05 11:37:25.781  3948  3948 I SurfaceView@8e1e007: updateSurface: mSurfaceCreated = true surfaceChanged = false visibleChanged = false
04-05 11:37:25.781  3948  3948 V SurfaceView@8e1e007: Layout: x=0 y=48 w=720 h=375, frame=Rect(0, 0 - 720, 375)
04-05 11:37:25.782  3948  4041 D SurfaceView@8e1e007: updateSurfacePosition RenderWorker, frameNr = 984, position = [0, 48, 720, 423] surfaceSize = 720x375
04-05 11:37:25.782  3948  4041 I SurfaceView@8e1e007: uSP: rtp = Rect(0, 48 - 720, 423) rtsw = 720 rtsh = 375
04-05 11:37:25.782  3948  4041 I SurfaceView@8e1e007: onSSPAndSRT: pl = 0 pt = 48 sx = 1.0 sy = 1.0
04-05 11:37:25.783  3948  4041 I SurfaceView@8e1e007: aOrMT: ViewRootImpl@ae38c1e[MainActivity] t = android.view.SurfaceControl$Transaction@86c20ad fN = 984 android.view.SurfaceView.-$$Nest$mapplyOrMergeTransaction:0 android.view.SurfaceView$SurfaceViewPositionUpdateListener.positionChanged:1537 android.graphics.RenderNode$CompositePositionUpdateListener.positionChanged:373 
04-05 11:37:25.783  3948  4041 I ViewRootImpl@ae38c1e[MainActivity]: mWNT: t=0xb400007735fbb800 mBlastBufferQueue=0xb4000077c2991c00 fn= 984 caller= android.view.SurfaceView.applyOrMergeTransaction:1455 android.view.SurfaceView.-$$Nest$mapplyOrMergeTransaction:0 android.view.SurfaceView$SurfaceViewPositionUpdateListener.positionChanged:1537 
04-05 11:37:25.783  3948  4041 I ViewRootImpl@ae38c1e[MainActivity]: mWNT: t=0xb400007782f26700 mBlastBufferQueue=0xb4000077c2991c00 fn= 984 caller= android.view.ViewRootImpl.lambda$applyTransactionOnDraw$11$android-view-ViewRootImpl:12865 android.view.ViewRootImpl$$ExternalSyntheticLambda1.onFrameDraw:4 android.graphics.HardwareRenderer$FrameDrawingCallback.onFrameDraw:924 
04-05 11:37:25.784  3948  3948 I ViewRootImpl@ae38c1e[MainActivity]: ViewPostIme pointer 1
04-05 11:37:25.796  3948  3948 I SurfaceView@8e1e007: Changes: creating=false format=false size=false visible=false alpha=false hint=false mUseAlpha=false visible=false left=false top=true
04-05 11:37:25.796  3948  3948 I SurfaceView@8e1e007: 149020679 Cur surface: Surface(name=null)/@0x5f0c456
04-05 11:37:25.796  3948  3948 I SurfaceView@8e1e007: applyTransactionOnVriDraw: vri = ViewRootImpl@ae38c1e[MainActivity] fRS = false t = 0xb400007735fbbc00 android.view.SurfaceView.performSurfaceTransaction:959 android.view.SurfaceView.updateSurface:1105 android.view.SurfaceView.lambda$new$0$android-view-SurfaceView:200 
04-05 11:37:25.796  3948  3948 I ViewRootImpl@ae38c1e[MainActivity]: applyTransactionOnDraw: mRemoved = false isHardwareEnabled = true t = 0xb400007735fbbc00android.view.SurfaceView.applyTransactionOnVriDraw:2048 android.view.SurfaceView.performSurfaceTransaction:959 android.view.SurfaceView.updateSurface:1105 android.view.SurfaceView.lambda$new$0$android-view-SurfaceView:200 android.view.SurfaceView$$ExternalSyntheticLambda5.onPreDraw:2 
04-05 11:37:25.796  3948  3948 I SurfaceView@8e1e007: updateSurface: mVisible = true mSurface.isValid() = true
04-05 11:37:25.797  3948  3948 I SurfaceView@8e1e007: updateSurface: mSurfaceCreated = true surfaceChanged = false visibleChanged = false
04-05 11:37:25.797  3948  3948 V SurfaceView@8e1e007: Layout: x=0 y=29 w=720 h=375, frame=Rect(0, 0 - 720, 375)
04-05 11:37:25.798  3948  4040 D SurfaceView@8e1e007: updateSurfacePosition RenderWorker, frameNr = 985, position = [0, -38, 720, 337] surfaceSize = 720x375
04-05 11:37:25.798  3948  4040 I SurfaceView@8e1e007: uSP: rtp = Rect(0, -38 - 720, 337) rtsw = 720 rtsh = 375
04-05 11:37:25.798  3948  4040 I SurfaceView@8e1e007: onSSPAndSRT: pl = 0 pt = -38 sx = 1.0 sy = 1.0
04-05 11:37:25.798  3948  4040 I SurfaceView@8e1e007: aOrMT: ViewRootImpl@ae38c1e[MainActivity] t = android.view.SurfaceControl$Transaction@86c20ad fN = 985 android.view.SurfaceView.-$$Nest$mapplyOrMergeTransaction:0 android.view.SurfaceView$SurfaceViewPositionUpdateListener.positionChanged:1537 android.graphics.RenderNode$CompositePositionUpdateListener.positionChanged:373 
04-05 11:37:25.798  3948  4040 I ViewRootImpl@ae38c1e[MainActivity]: mWNT: t=0xb400007735fbb800 mBlastBufferQueue=0xb4000077c2991c00 fn= 985 caller= android.view.SurfaceView.applyOrMergeTransaction:1455 android.view.SurfaceView.-$$Nest$mapplyOrMergeTransaction:0 android.view.SurfaceView$SurfaceViewPositionUpdateListener.positionChanged:1537 
04-05 11:37:25.798  3948  4040 I ViewRootImpl@ae38c1e[MainActivity]: mWNT: t=0xb400007735fbbc00 mBlastBufferQueue=0xb4000077c2991c00 fn= 985 caller= android.view.ViewRootImpl.lambda$applyTransactionOnDraw$11$android-view-ViewRootImpl:12865 android.view.ViewRootImpl$$ExternalSyntheticLambda1.onFrameDraw:4 android.graphics.HardwareRenderer$FrameDrawingCallback.onFrameDraw:924 
04-05 11:37:25.813  3948  3948 I SurfaceView@8e1e007: Changes: creating=false format=false size=false visible=false alpha=false hint=false mUseAlpha=false visible=false left=false top=true
04-05 11:37:25.813  3948  3948 I SurfaceView@8e1e007: 149020679 Cur surface: Surface(name=null)/@0x5f0c456
04-05 11:37:25.813  3948  3948 I SurfaceView@8e1e007: applyTransactionOnVriDraw: vri = ViewRootImpl@ae38c1e[MainActivity] fRS = false t = 0xb400007735fbbd00 android.view.SurfaceView.performSurfaceTransaction:959 android.view.SurfaceView.updateSurface:1105 android.view.SurfaceView.lambda$new$0$android-view-SurfaceView:200 
04-05 11:37:25.813  3948  3948 I ViewRootImpl@ae38c1e[MainActivity]: applyTransactionOnDraw: mRemoved = false isHardwareEnabled = true t = 0xb400007735fbbd00android.view.SurfaceView.applyTransactionOnVriDraw:2048 android.view.SurfaceView.performSurfaceTransaction:959 android.view.SurfaceView.updateSurface:1105 android.view.SurfaceView.lambda$new$0$android-view-SurfaceView:200 android.view.SurfaceView$$ExternalSyntheticLambda5.onPreDraw:2 
04-05 11:37:25.813  3948  3948 I SurfaceView@8e1e007: updateSurface: mVisible = true mSurface.isValid() = true
04-05 11:37:25.813  3948  3948 I SurfaceView@8e1e007: updateSurface: mSurfaceCreated = true surfaceChanged = false visibleChanged = false
04-05 11:37:25.813  3948  3948 V SurfaceView@8e1e007: Layout: x=0 y=-38 w=720 h=375, frame=Rect(0, 0 - 720, 375)
04-05 11:37:25.814  3948  4041 D SurfaceView@8e1e007: updateSurfacePosition RenderWorker, frameNr = 986, position = [0, -97, 720, 278] surfaceSize = 720x375
04-05 11:37:25.814  3948  4041 I SurfaceView@8e1e007: uSP: rtp = Rect(0, -97 - 720, 278) rtsw = 720 rtsh = 375
04-05 11:37:25.814  3948  4041 I SurfaceView@8e1e007: onSSPAndSRT: pl = 0 pt = -97 sx = 1.0 sy = 1.0
04-05 11:37:25.815  3948  4041 I SurfaceView@8e1e007: aOrMT: ViewRootImpl@ae38c1e[MainActivity] t = android.view.SurfaceControl$Transaction@86c20ad fN = 986 android.view.SurfaceView.-$$Nest$mapplyOrMergeTransaction:0 android.view.SurfaceView$SurfaceViewPositionUpdateListener.positionChanged:1537 android.graphics.RenderNode$CompositePositionUpdateListener.positionChanged:373 
04-05 11:37:25.815  3948  4041 I ViewRootImpl@ae38c1e[MainActivity]: mWNT: t=0xb400007735fbb800 mBlastBufferQueue=0xb4000077c2991c00 fn= 986 caller= android.view.SurfaceView.applyOrMergeTransaction:1455 android.view.SurfaceView.-$$Nest$mapplyOrMergeTransaction:0 android.view.SurfaceView$SurfaceViewPositionUpdateListener.positionChanged:1537 
04-05 11:37:25.815  3948  4041 I ViewRootImpl@ae38c1e[MainActivity]: mWNT: t=0xb400007735fbbd00 mBlastBufferQueue=0xb4000077c2991c00 fn= 986 caller= android.view.ViewRootImpl.lambda$applyTransactionOnDraw$11$android-view-ViewRootImpl:12865 android.view.ViewRootImpl$$ExternalSyntheticLambda1.onFrameDraw:4 android.graphics.HardwareRenderer$FrameDrawingCallback.onFrameDraw:924 
04-05 11:37:25.831  3948  3948 I SurfaceView@8e1e007: Changes: creating=false format=false size=false visible=false alpha=false hint=false mUseAlpha=false visible=false left=false top=true
04-05 11:37:25.831  3948  3948 I SurfaceView@8e1e007: 149020679 Cur surface: Surface(name=null)/@0x5f0c456
04-05 11:37:25.831  3948  3948 I SurfaceView@8e1e007: applyTransactionOnVriDraw: vri = ViewRootImpl@ae38c1e[MainActivity] fRS = false t = 0xb4000077d7fe5500 android.view.SurfaceView.performSurfaceTransaction:959 android.view.SurfaceView.updateSurface:1105 android.view.SurfaceView.lambda$new$0$android-view-SurfaceView:200 
04-05 11:37:25.832  3948  3948 I ViewRootImpl@ae38c1e[MainActivity]: applyTransactionOnDraw: mRemoved = false isHardwareEnabled = true t = 0xb4000077d7fe5500android.view.SurfaceView.applyTransactionOnVriDraw:2048 android.view.SurfaceView.performSurfaceTransaction:959 android.view.SurfaceView.updateSurface:1105 android.view.SurfaceView.lambda$new$0$android-view-SurfaceView:200 android.view.SurfaceView$$ExternalSyntheticLambda5.onPreDraw:2 
04-05 11:37:25.832  3948  3948 I SurfaceView@8e1e007: updateSurface: mVisible = true mSurface.isValid() = true
04-05 11:37:25.832  3948  3948 I SurfaceView@8e1e007: updateSurface: mSurfaceCreated = true surfaceChanged = false visibleChanged = false
04-05 11:37:25.832  3948  3948 V SurfaceView@8e1e007: Layout: x=0 y=-97 w=720 h=375, frame=Rect(0, 0 - 720, 375)
04-05 11:37:25.833  3948  4040 D SurfaceView@8e1e007: updateSurfacePosition RenderWorker, frameNr = 987, position = [0, -185, 720, 190] surfaceSize = 720x375
04-05 11:37:25.833  3948  4040 I SurfaceView@8e1e007: uSP: rtp = Rect(0, -185 - 720, 190) rtsw = 720 rtsh = 375
04-05 11:37:25.833  3948  4040 I SurfaceView@8e1e007: onSSPAndSRT: pl = 0 pt = -185 sx = 1.0 sy = 1.0
04-05 11:37:25.833  3948  4040 I SurfaceView@8e1e007: aOrMT: ViewRootImpl@ae38c1e[MainActivity] t = android.view.SurfaceControl$Transaction@86c20ad fN = 987 android.view.SurfaceView.-$$Nest$mapplyOrMergeTransaction:0 android.view.SurfaceView$SurfaceViewPositionUpdateListener.positionChanged:1537 android.graphics.RenderNode$CompositePositionUpdateListener.positionChanged:373 
04-05 11:37:25.833  3948  4040 I ViewRootImpl@ae38c1e[MainActivity]: mWNT: t=0xb400007735fbb800 mBlastBufferQueue=0xb4000077c2991c00 fn= 987 caller= android.view.SurfaceView.applyOrMergeTransaction:1455 android.view.SurfaceView.-$$Nest$mapplyOrMergeTransaction:0 android.view.SurfaceView$SurfaceViewPositionUpdateListener.positionChanged:1537 
04-05 11:37:25.833  3948  4040 I ViewRootImpl@ae38c1e[MainActivity]: mWNT: t=0xb4000077d7fe5500 mBlastBufferQueue=0xb4000077c2991c00 fn= 987 caller= android.view.ViewRootImpl.lambda$applyTransactionOnDraw$11$android-view-ViewRootImpl:12865 android.view.ViewRootImpl$$ExternalSyntheticLambda1.onFrameDraw:4 android.graphics.HardwareRenderer$FrameDrawingCallback.onFrameDraw:924 
04-05 11:37:25.846  3948  3948 I SurfaceView@8e1e007: Changes: creating=false format=false size=false visible=false alpha=false hint=false mUseAlpha=false visible=false left=false top=true
04-05 11:37:25.846  3948  3948 I SurfaceView@8e1e007: 149020679 Cur surface: Surface(name=null)/@0x5f0c456
04-05 11:37:25.846  3948  3948 I SurfaceView@8e1e007: applyTransactionOnVriDraw: vri = ViewRootImpl@ae38c1e[MainActivity] fRS = false t = 0xb4000077d7fe5700 android.view.SurfaceView.performSurfaceTransaction:959 android.view.SurfaceView.updateSurface:1105 android.view.SurfaceView.lambda$new$0$android-view-SurfaceView:200 
04-05 11:37:25.846  3948  3948 I ViewRootImpl@ae38c1e[MainActivity]: applyTransactionOnDraw: mRemoved = false isHardwareEnabled = true t = 0xb4000077d7fe5700android.view.SurfaceView.applyTransactionOnVriDraw:2048 android.view.SurfaceView.performSurfaceTransaction:959 android.view.SurfaceView.updateSurface:1105 android.view.SurfaceView.lambda$new$0$android-view-SurfaceView:200 android.view.SurfaceView$$ExternalSyntheticLambda5.onPreDraw:2 
04-05 11:37:25.846  3948  3948 I SurfaceView@8e1e007: updateSurface: mVisible = true mSurface.isValid() = true
04-05 11:37:25.846  3948  3948 I SurfaceView@8e1e007: updateSurface: mSurfaceCreated = true surfaceChanged = false visibleChanged = false
04-05 11:37:25.846  3948  3948 V SurfaceView@8e1e007: Layout: x=0 y=-185 w=720 h=375, frame=Rect(0, 0 - 720, 375)
04-05 11:37:25.848  3948  4041 D SurfaceView@8e1e007: updateSurfacePosition RenderWorker, frameNr = 988, position = [0, -295, 720, 80] surfaceSize = 720x375
04-05 11:37:25.848  3948  4041 I SurfaceView@8e1e007: uSP: rtp = Rect(0, -295 - 720, 80) rtsw = 720 rtsh = 375
04-05 11:37:25.848  3948  4041 I SurfaceView@8e1e007: onSSPAndSRT: pl = 0 pt = -295 sx = 1.0 sy = 1.0
04-05 11:37:25.848  3948  4041 I SurfaceView@8e1e007: aOrMT: ViewRootImpl@ae38c1e[MainActivity] t = android.view.SurfaceControl$Transaction@86c20ad fN = 988 android.view.SurfaceView.-$$Nest$mapplyOrMergeTransaction:0 android.view.SurfaceView$SurfaceViewPositionUpdateListener.positionChanged:1537 android.graphics.RenderNode$CompositePositionUpdateListener.positionChanged:373 
04-05 11:37:25.848  3948  4041 I ViewRootImpl@ae38c1e[MainActivity]: mWNT: t=0xb400007735fbb800 mBlastBufferQueue=0xb4000077c2991c00 fn= 988 caller= android.view.SurfaceView.applyOrMergeTransaction:1455 android.view.SurfaceView.-$$Nest$mapplyOrMergeTransaction:0 android.view.SurfaceView$SurfaceViewPositionUpdateListener.positionChanged:1537 
04-05 11:37:25.848  3948  4041 I ViewRootImpl@ae38c1e[MainActivity]: mWNT: t=0xb4000077d7fe5700 mBlastBufferQueue=0xb4000077c2991c00 fn= 988 caller= android.view.ViewRootImpl.lambda$applyTransactionOnDraw$11$android-view-ViewRootImpl:12865 android.view.ViewRootImpl$$ExternalSyntheticLambda1.onFrameDraw:4 android.graphics.HardwareRenderer$FrameDrawingCallback.onFrameDraw:924 
04-05 11:37:25.862  3948  3948 I SurfaceView@8e1e007: Changes: creating=false format=false size=false visible=false alpha=false hint=false mUseAlpha=false visible=false left=false top=true
04-05 11:37:25.863  3948  3948 I SurfaceView@8e1e007: 149020679 Cur surface: Surface(name=null)/@0x5f0c456
04-05 11:37:25.863  3948  3948 I SurfaceView@8e1e007: applyTransactionOnVriDraw: vri = ViewRootImpl@ae38c1e[MainActivity] fRS = false t = 0xb40000778764b200 android.view.SurfaceView.performSurfaceTransaction:959 android.view.SurfaceView.updateSurface:1105 android.view.SurfaceView.lambda$new$0$android-view-SurfaceView:200 
04-05 11:37:25.863  3948  3948 I ViewRootImpl@ae38c1e[MainActivity]: applyTransactionOnDraw: mRemoved = false isHardwareEnabled = true t = 0xb40000778764b200android.view.SurfaceView.applyTransactionOnVriDraw:2048 android.view.SurfaceView.performSurfaceTransaction:959 android.view.SurfaceView.updateSurface:1105 android.view.SurfaceView.lambda$new$0$android-view-SurfaceView:200 android.view.SurfaceView$$ExternalSyntheticLambda5.onPreDraw:2 
