--------- beginning of system
04-13 14:57:48.210 31486 31486 D Activity: onKeyDown(KEYCODE_BACK)
04-13 14:57:48.264 31486 31486 D Activity: onKeyUp(KEYCODE_BACK) isTracking()=true isCanceled()=false hasCallback=false
--------- beginning of main
04-13 16:06:36.821 31486 31486 I ViewRootImpl@a2f93a6[MainActivity]: handleAppVisibility mAppVisible = false visible = true
04-13 16:06:36.824 31486 31486 I ViewRootImpl@a2f93a6[MainActivity]: stopped(false) old = true
04-13 16:06:36.824 31486 31486 I ViewRootImpl@a2f93a6[MainActivity]: WindowStopped on com.lagradost.cloudstream3/com.lagradost.cloudstream3.MainActivity set to false
04-13 16:06:36.841 31486 31486 W OnBackInvokedCallback: OnBackInvokedCallback is not enabled for the application.
04-13 16:06:36.841 31486 31486 W OnBackInvokedCallback: Set 'android:enableOnBackInvokedCallback="true"' in the application manifest.
04-13 16:06:36.858 31486 31486 I MSHandlerLifeCycle: removeMultiSplitHandler: no exist. decor=DecorView@e68e7e3[MainActivity]
04-13 16:06:36.858 31486 31486 I ViewRootImpl@a2f93a6[MainActivity]: stopped(false) old = false
04-13 16:06:36.876 31486 31486 I DecorView: notifyKeepScreenOnChanged: keepScreenOn=false
04-13 16:06:36.876 31486 31486 I MSHandlerLifeCycle: removeMultiSplitHandler: no exist. decor=DecorView@e68e7e3[MainActivity]
04-13 16:06:36.882 31486 31486 I ViewRootImpl@a2f93a6[MainActivity]: performTraversals params={(0,0)(fillxfill) sim={state=always_hidden adjust=resize forwardNavigation} ty=BASE_APPLICATION fmt=TRANSLUCENT wanim=0x1030309
04-13 16:06:36.882 31486 31486 I ViewRootImpl@a2f93a6[MainActivity]:   fl=85810100
04-13 16:06:36.882 31486 31486 I ViewRootImpl@a2f93a6[MainActivity]:   pfl=12020040
04-13 16:06:36.882 31486 31486 I ViewRootImpl@a2f93a6[MainActivity]:   vsysui=1500
04-13 16:06:36.882 31486 31486 I ViewRootImpl@a2f93a6[MainActivity]:   bhv=SHOW_TRANSIENT_BARS_BY_SWIPE
04-13 16:06:36.882 31486 31486 I ViewRootImpl@a2f93a6[MainActivity]:   fitSides= naviIconColor=0}
04-13 16:06:36.882 31486 31486 I ViewRootImpl@a2f93a6[MainActivity]: performTraversals mFirst=false windowShouldResize=false viewVisibilityChanged=true mForceNextWindowRelayout=false params={(0,0)(fillxfill) sim={state=always_hidden adjust=resize forwardNavigation} ty=BASE_APPLICATION fmt=TRANSLUCENT wanim=0x1030309
04-13 16:06:36.882 31486 31486 I ViewRootImpl@a2f93a6[MainActivity]:   fl=85810100
04-13 16:06:36.882 31486 31486 I ViewRootImpl@a2f93a6[MainActivity]:   pfl=12020040
04-13 16:06:36.882 31486 31486 I ViewRootImpl@a2f93a6[MainActivity]:   vsysui=1500
04-13 16:06:36.882 31486 31486 I ViewRootImpl@a2f93a6[MainActivity]:   bhv=SHOW_TRANSIENT_BARS_BY_SWIPE
04-13 16:06:36.882 31486 31486 I ViewRootImpl@a2f93a6[MainActivity]:   fitSides= naviIconColor=0}
04-13 16:06:36.891 31486 31486 D InsetsController: onStateChanged: InsetsState: {mDisplayFrame=Rect(0, 0 - 720, 1600), mDisplayCutout=DisplayCutout{insets=Rect(0, 58 - 0, 0) waterfall=Insets{left=0, top=0, right=0, bottom=0} boundingRect={Bounds=[Rect(0, 0 - 0, 0), Rect(298, 0 - 422, 58), Rect(0, 0 - 0, 0), Rect(0, 0 - 0, 0)]} cutoutPathParserInfo={CutoutPathParserInfo{displayWidth=720 displayHeight=1600 physicalDisplayWidth=720 physicalDisplayHeight=1600 density={1.875} cutoutSpec={M62.05,0l-2.7,0l-2.7,0l-1.4,0.1L53.95,0.2l-1.3,0.2l-1.3,0.2L49.95,0.9l-1.3,0.4l-1.3,0.5l-1.2,0.6L44.95,3 l-1.1,0.7l-1,0.8l-1,0.9l-0.9,1l-0.8,1l-0.7,1.1l-0.7,1.2l-0.6,1.2l-0.5,1.3l-0.4,1.3l-0.4,1.3l-0.5,2.3l-0.4,2.3l-0.4,2.3L34.95,23.9 l-0.6,2.3l-0.7,2.2l-0.4,1.1L32.95,30.6l-0.5,1.1L31.95,32.7c-3.5,7.2-9.3,13.1-16.6,16.6c-17.7,8.5-38.9,1.1-47.4-16.6l-0.5-1.1 l-0.5-1.1l-0.4-1.1l-0.4-1.1l-0.7-2.2l-0.6-2.3l-0.5-2.3l-0.4-2.3l-0.4-2.3l-0.5-2.3l-0.4-1.3l-0.4-1.3L-38.15,11l-0.6-1.2l-0.7-1.2 L-40.05,7.5l-0.8-1l-0.9-1l-1-0.9l-1-0.8L-44.95,3l-1.2-0.6l-1.2-0.6l-1.3-0.5l-1.3-0.4l-1.3-0.3L-52.55,0.4L-53.95,0.2L-55.25,0.1L-56.65,0L-59.35,0 L-62.05,0Z} rotation={0} scale={1.0} physicalPixelDisplaySizeRatio={1.0}}}}, mRoundedCorners=RoundedCorners{[RoundedCorner{position=TopLeft, radius=60, center=Point(60, 60)}, RoundedCorner{position=TopRight, radius=60, center=Point(660, 60)}, RoundedCorner{position=BottomRight, radius=60, center=Point(660, 1540)}, RoundedCorner{position=BottomLeft, radius=60, center=Point(60, 1540)}]}  mRoundedCornerFrame=Rect(0, 0 - 720, 1600), mPrivacyIndicatorBounds=PrivacyIndicatorBounds {static bounds=Rect(637, 0 - 720, 58) rotation=0}, mSources= { InsetsSource: {mType=ITYPE_STATUS_BAR, mFrame=[0,0][720,58], mVisible=true, mInsetsRoundedCornerFrame=false}, InsetsSource: {mType=ITYPE_NAVIGATION_BAR, mFrame=[0,1510][720,1600], mVisible=true, mInsetsRoundedCornerFrame=false}, InsetsSource: {mType=ITYPE_LEFT_GESTURES, mFrame=[0,0][0,1600], mVisible=true, mInsetsRoundedCornerFrame=false}, InsetsSource: {mType=ITYPE_RIGHT_GESTURES, mFrame=[720,0][720,1600], mVisible=true, mInsetsRoundedCornerFrame=false}, InsetsSource: {mType=ITYPE_TOP_MANDATORY_GESTURES, mFrame=[0,0][720,81], mVisible=true, mInsetsRoundedCornerFrame=false}, InsetsSource: {mType=ITYPE_BOTTOM_MANDATORY_GESTURES, mFrame=[0,1510][720,1600], mVisible=true, mInsetsRoundedCornerFrame=false}, InsetsSource: {mType=ITYPE_LEFT_DISPLAY_CUTOUT, mFrame=[0,0][-100000,1600], mVisible=true, mInsetsRoundedCornerFrame=false}, InsetsSource: {mType=ITYPE_TOP_DISPLAY_CUTOUT, mFrame=[0,0][720,58], mVisible=true, mInsetsRoundedCornerFrame=false}, InsetsSource: {mType=ITYPE_RIGHT_DISPLAY_CUTOUT, mFrame=[100000,0][720,1600], mVisible=true, mInsetsRoundedCornerFrame=false}, InsetsSource: {mType=ITYPE_BOTTOM_DISPLAY_CUTOUT, mFrame=[0,100000][720,1600], mVisible=true, mInsetsRoundedCornerFrame=false}, InsetsSource: {mType=ITYPE_TOP_TAPPABLE_ELEMENT, mFrame=[0,0][720,58], mVisible=true, mInsetsRoundedCornerFrame=false}, InsetsSource: {mType=ITYPE_BOTTOM_TAPPABLE_ELEMENT, mFrame=[0,1510][720,1600], mVisible=true, mInsetsRoundedCornerFrame=false}, InsetsSource: {mType=ITYPE_IME, mFrame=[0,0][0,0], mVisibleFrame=[0,988][720,1600], mVisible=false, mInsetsRoundedCornerFrame=false} } host=com.lagradost.cloudstream3/com.lagradost.cloudstream3.MainActivity from=android.view.ViewRootImpl.relayoutWindow:9802
04-13 16:06:36.892 31486 31486 I ViewRootImpl@a2f93a6[MainActivity]: updateBlastSurfaceIfNeeded mBlastBufferQueue=null isSameSurfaceControl=false
04-13 16:06:36.893 31486 31486 D BufferQueueConsumer: [](id:7afe0000002a,api:0,p:-1,c:31486) connect: controlledByApp=false
04-13 16:06:36.893 31486 31486 I BLASTBufferQueue: new BLASTBufferQueue, mName= ViewRootImpl@a2f93a6[MainActivity] mNativeObject= 0xb40000777f9dde00 sc.mNativeObject= 0xb400007791c24aa0 caller= android.view.ViewRootImpl.updateBlastSurfaceIfNeeded:2909 android.view.ViewRootImpl.relayoutWindow:9847 android.view.ViewRootImpl.performTraversals:3884 android.view.ViewRootImpl.doTraversal:3116 android.view.ViewRootImpl$TraversalRunnable.run:10885 android.view.Choreographer$CallbackRecord.run:1301 android.view.Choreographer$CallbackRecord.run:1309 android.view.Choreographer.doCallbacks:923 android.view.Choreographer.doFrame:852 android.view.Choreographer$FrameDisplayEventReceiver.run:1283 
04-13 16:06:36.893 31486 31486 I BLASTBufferQueue: update, w= 720 h= 1600 mName = ViewRootImpl@a2f93a6[MainActivity] mNativeObject= 0xb40000777f9dde00 sc.mNativeObject= 0xb400007791c24aa0 format= -3 caller= android.graphics.BLASTBufferQueue.<init>:84 android.view.ViewRootImpl.updateBlastSurfaceIfNeeded:2909 android.view.ViewRootImpl.relayoutWindow:9847 android.view.ViewRootImpl.performTraversals:3884 android.view.ViewRootImpl.doTraversal:3116 android.view.ViewRootImpl$TraversalRunnable.run:10885 
04-13 16:06:36.894 31486 31486 I ViewRootImpl@a2f93a6[MainActivity]: Relayout returned: old=(0,0,720,1600) new=(0,0,720,1600) req=(720,1600)0 dur=10 res=0x3 s={true 0xb4000077c35ca800} ch=true seqId=4
04-13 16:06:36.894 31486 31486 I ViewRootImpl@a2f93a6[MainActivity]: mThreadedRenderer.initialize() mSurface={isValid=true 0xb4000077c35ca800} hwInitialized=true
04-13 16:06:36.897 31486 31507 D OpenGLRenderer: eglCreateWindowSurface
04-13 16:06:36.899 31486 31486 I ViewRootImpl@a2f93a6[MainActivity]: reportNextDraw android.view.ViewRootImpl.performTraversals:4438 android.view.ViewRootImpl.doTraversal:3116 android.view.ViewRootImpl$TraversalRunnable.run:10885 android.view.Choreographer$CallbackRecord.run:1301 android.view.Choreographer$CallbackRecord.run:1309 
04-13 16:06:36.899 31486 31486 I ViewRootImpl@a2f93a6[MainActivity]: Setup new sync id=29
04-13 16:06:36.899 31486 31486 I ViewRootImpl@a2f93a6[MainActivity]: Setting syncFrameCallback
04-13 16:06:36.899 31486 31486 I ViewRootImpl@a2f93a6[MainActivity]: registerCallbacksForSync syncBuffer=false
04-13 16:06:36.925 31486 31568 I ViewRootImpl@a2f93a6[MainActivity]: Received frameDrawingCallback syncResult=0 frameNum=1.
04-13 16:06:36.925 31486 31568 I ViewRootImpl@a2f93a6[MainActivity]: Setting up sync and frameCommitCallback
04-13 16:06:36.946 31486 31507 I BLASTBufferQueue: [ViewRootImpl@a2f93a6[MainActivity]#42](f:0,a:0) onFrameAvailable the first frame is available
04-13 16:06:36.946 31486 31507 I BLASTBufferQueue: [ViewRootImpl@a2f93a6[MainActivity]#42](f:0,a:1) acquireNextBufferLocked size=720x1600 mFrameNumber=1 applyTransaction=true mTimestamp=1486316733206283(auto) mPendingTransactions.size=0 graphicBufferId=135231340282097 transform=0
04-13 16:06:36.947 31486 31507 I ViewRootImpl@a2f93a6[MainActivity]: Received frameCommittedCallback lastAttemptedDrawFrameNum=1 didProduceBuffer=true
04-13 16:06:36.947 31486 31486 I ViewRootImpl@a2f93a6[MainActivity]: onSyncComplete
04-13 16:06:36.947 31486 31486 I ViewRootImpl@a2f93a6[MainActivity]: setupSync seqId=4 mSyncId=29 fn=1 caller=android.view.ViewRootImpl$$ExternalSyntheticLambda11.accept:6 android.window.SurfaceSyncer.lambda$setupSync$1$android-window-SurfaceSyncer:128 android.window.SurfaceSyncer$$ExternalSyntheticLambda1.accept:8 android.window.SurfaceSyncer$SyncSet.checkIfSyncIsComplete:382 android.window.SurfaceSyncer$SyncSet.markSyncReady:359 android.window.SurfaceSyncer.markSyncReady:151 android.view.ViewRootImpl.performTraversals:4503 
04-13 16:06:36.948 31486 31486 I ViewRootImpl@a2f93a6[MainActivity]: reportDrawFinished seqId=4 mSyncId=-1 fn=1 mSurfaceChangedTransaction=0xb4000077c3225c00
04-13 16:06:36.969 31486 31486 I ViewRootImpl@a2f93a6[MainActivity]: MSG_WINDOW_FOCUS_CHANGED 1 0
04-13 16:06:36.969 31486 31486 I ViewRootImpl@a2f93a6[MainActivity]: mThreadedRenderer.initializeIfNeeded()#2 mSurface={isValid=true 0xb4000077c35ca800}
04-13 16:06:36.973 31486 31486 D InputMethodManager: startInputInner - Id : 0
04-13 16:06:36.973 31486 31486 I InputMethodManager: startInputInner - mService.startInputOrWindowGainedFocus
04-13 16:06:40.121 31486 31486 I ViewRootImpl@a2f93a6[MainActivity]: ViewPostIme pointer 0
04-13 16:06:40.177 31486 31486 I ViewRootImpl@a2f93a6[MainActivity]: ViewPostIme pointer 1
04-13 16:06:40.228 31486 31486 I COMPACT : showToast = Mulai proses pembaruan plugin!
04-13 16:06:40.242 31486 25071 I PluginManager: Loading plugin: PluginData(internalName=LayarKaca21, url=https://raw.githubusercontent.com/byimam2nd/oce/builds/LayarKaca21.cs3, isOnline=true, filePath=/data/user/0/com.lagradost.cloudstream3/files/Extensions/httpsraw.githubusercontent.combyimam2ndcloudstream-ekstensionrefsheadsmasterrepo.json.-1427536412/LayarKaca21.1214945928.cs3, version=10)
04-13 16:06:40.242 31486 11463 I PluginManager: Loading plugin: PluginData(internalName=Idlix, url=https://raw.githubusercontent.com/byimam2nd/oce/builds/Idlix.cs3, isOnline=true, filePath=/data/user/0/com.lagradost.cloudstream3/files/Extensions/httpsraw.githubusercontent.combyimam2ndcloudstream-ekstensionrefsheadsmasterrepo.json.-1427536412/Idlix.70503296.cs3, version=10)
04-13 16:06:40.242 31486 10018 I PluginManager: Loading plugin: PluginData(internalName=Pencurimovie, url=https://raw.githubusercontent.com/byimam2nd/oce/builds/Pencurimovie.cs3, isOnline=true, filePath=/data/user/0/com.lagradost.cloudstream3/files/Extensions/httpsraw.githubusercontent.combyimam2ndcloudstream-ekstensionrefsheadsmasterrepo.json.-1427536412/Pencurimovie.898939342.cs3, version=10)
04-13 16:06:40.242 31486 10015 I PluginManager: Loading plugin: PluginData(internalName=Animasu, url=https://raw.githubusercontent.com/byimam2nd/oce/builds/Animasu.cs3, isOnline=true, filePath=/data/user/0/com.lagradost.cloudstream3/files/Extensions/httpsraw.githubusercontent.combyimam2ndcloudstream-ekstensionrefsheadsmasterrepo.json.-1427536412/Animasu.807717554.cs3, version=1)
04-13 16:06:40.242 31486 11460 I PluginManager: Loading plugin: PluginData(internalName=Funmovieslix, url=https://raw.githubusercontent.com/byimam2nd/oce/builds/Funmovieslix.cs3, isOnline=true, filePath=/data/user/0/com.lagradost.cloudstream3/files/Extensions/httpsraw.githubusercontent.combyimam2ndcloudstream-ekstensionrefsheadsmasterrepo.json.-1427536412/Funmovieslix.1702794745.cs3, version=10)
04-13 16:06:40.242 31486 31540 I PluginManager: Loading plugin: PluginData(internalName=Anichin, url=https://raw.githubusercontent.com/byimam2nd/oce/builds/Anichin.cs3, isOnline=true, filePath=/data/user/0/com.lagradost.cloudstream3/files/Extensions/httpsraw.githubusercontent.combyimam2ndcloudstream-ekstensionrefsheadsmasterrepo.json.-1427536412/Anichin.807426054.cs3, version=10)
04-13 16:06:40.243 31486 31549 I PluginManager: Loading plugin: PluginData(internalName=Samehadaku, url=https://raw.githubusercontent.com/byimam2nd/oce/builds/Samehadaku.cs3, isOnline=true, filePath=/data/user/0/com.lagradost.cloudstream3/files/Extensions/httpsraw.githubusercontent.combyimam2ndcloudstream-ekstensionrefsheadsmasterrepo.json.-1427536412/Samehadaku.846270246.cs3, version=1)
04-13 16:06:40.244 31486 11461 I PluginManager: Loading plugin: PluginData(internalName=Donghuastream, url=https://raw.githubusercontent.com/byimam2nd/oce/builds/Donghuastream.cs3, isOnline=true, filePath=/data/user/0/com.lagradost.cloudstream3/files/Extensions/httpsraw.githubusercontent.combyimam2ndcloudstream-ekstensionrefsheadsmasterrepo.json.-1427536412/Donghuastream.-2140266928.cs3, version=10)
04-13 16:06:40.246 31486 31486 E Toast   : setGravity() shouldn't be called on text toasts, the values won't be used
04-13 16:06:40.246 31486 31486 I Toast   : setView: it's a custom toast
04-13 16:06:40.255 31486 31486 V Toast   : show: caller = com.lagradost.cloudstream3.CommonActivity.showToast:194 
04-13 16:06:40.277 31486 31486 V Toast   : HANDLE SHOW: android.widget.Toast$TN@5b42f8e mView=null mNextView=androidx.cardview.widget.CardView{a09b3af V.E..V... ......ID 0,0-0,0 #7f0a05b5 app:id/toast_layout_root}
04-13 16:06:40.278 31486 31486 V ToastPresenter: sipHeight = -90
04-13 16:06:40.283 31486 31486 V ToastPresenter: yOffset = 9
04-13 16:06:40.286 31486 31507 D NativeCustomFrequencyManager: [NativeCFMS] BpCustomFrequencyManager::BpCustomFrequencyManager()
04-13 16:06:40.293 31486 31486 D InsetsController: onStateChanged: InsetsState: {mDisplayFrame=Rect(0, 0 - 720, 1600), mDisplayCutout=DisplayCutout{insets=Rect(0, 58 - 0, 0) waterfall=Insets{left=0, top=0, right=0, bottom=0} boundingRect={Bounds=[Rect(0, 0 - 0, 0), Rect(298, 0 - 422, 58), Rect(0, 0 - 0, 0), Rect(0, 0 - 0, 0)]} cutoutPathParserInfo={CutoutPathParserInfo{displayWidth=720 displayHeight=1600 physicalDisplayWidth=720 physicalDisplayHeight=1600 density={1.875} cutoutSpec={M62.05,0l-2.7,0l-2.7,0l-1.4,0.1L53.95,0.2l-1.3,0.2l-1.3,0.2L49.95,0.9l-1.3,0.4l-1.3,0.5l-1.2,0.6L44.95,3 l-1.1,0.7l-1,0.8l-1,0.9l-0.9,1l-0.8,1l-0.7,1.1l-0.7,1.2l-0.6,1.2l-0.5,1.3l-0.4,1.3l-0.4,1.3l-0.5,2.3l-0.4,2.3l-0.4,2.3L34.95,23.9 l-0.6,2.3l-0.7,2.2l-0.4,1.1L32.95,30.6l-0.5,1.1L31.95,32.7c-3.5,7.2-9.3,13.1-16.6,16.6c-17.7,8.5-38.9,1.1-47.4-16.6l-0.5-1.1 l-0.5-1.1l-0.4-1.1l-0.4-1.1l-0.7-2.2l-0.6-2.3l-0.5-2.3l-0.4-2.3l-0.4-2.3l-0.5-2.3l-0.4-1.3l-0.4-1.3L-38.15,11l-0.6-1.2l-0.7-1.2 L-40.05,7.5l-0.8-1l-0.9-1l-1-0.9l-1-0.8L-44.95,3l-1.2-0.6l-1.2-0.6l-1.3-0.5l-1.3-0.4l-1.3-0.3L-52.55,0.4L-53.95,0.2L-55.25,0.1L-56.65,0L-59.35,0 L-62.05,0Z} rotation={0} scale={1.0} physicalPixelDisplaySizeRatio={1.0}}}}, mRoundedCorners=RoundedCorners{[RoundedCorner{position=TopLeft, radius=60, center=Point(60, 60)}, RoundedCorner{position=TopRight, radius=60, center=Point(660, 60)}, RoundedCorner{position=BottomRight, radius=60, center=Point(660, 1540)}, RoundedCorner{position=BottomLeft, radius=60, center=Point(60, 1540)}]}  mRoundedCornerFrame=Rect(0, 0 - 0, 0), mPrivacyIndicatorBounds=PrivacyIndicatorBounds {static bounds=Rect(637, 0 - 720, 58) rotation=0}, mSources= { InsetsSource: {mType=ITYPE_NAVIGATION_BAR, mFrame=[0,1510][720,1600], mVisible=true, mInsetsRoundedCornerFrame=false}, InsetsSource: {mType=ITYPE_LEFT_GESTURES, mFrame=[0,0][0,1600], mVisible=true, mInsetsRoundedCornerFrame=false}, InsetsSource: {mType=ITYPE_RIGHT_GESTURES, mFrame=[720,0][720,1600], mVisible=true, mInsetsRoundedCornerFrame=false}, InsetsSource: {mType=ITYPE_TOP_MANDATORY_GESTURES, mFrame=[0,0][720,81], mVisible=true, mInsetsRoundedCornerFrame=false}, InsetsSource: {mType=ITYPE_BOTTOM_MANDATORY_GESTURES, mFrame=[0,1510][720,1600], mVisible=true, mInsetsRoundedCornerFrame=false}, InsetsSource: {mType=ITYPE_LEFT_DISPLAY_CUTOUT, mFrame=[0,0][-100000,1600], mVisible=true, mInsetsRoundedCornerFrame=false}, InsetsSource: {mType=ITYPE_TOP_DISPLAY_CUTOUT, mFrame=[0,0][720,58], mVisible=true, mInsetsRoundedCornerFrame=false}, InsetsSource: {mType=ITYPE_RIGHT_DISPLAY_CUTOUT, mFrame=[100000,0][720,1600], mVisible=true, mInsetsRoundedCornerFrame=false}, InsetsSource: {mType=ITYPE_BOTTOM_DISPLAY_CUTOUT, mFrame=[0,100000][720,1600], mVisible=true, mInsetsRoundedCornerFrame=false}, InsetsSource: {mType=ITYPE_BOTTOM_TAPPABLE_ELEMENT, mFrame=[0,1510][720,1600], mVisible=true, mInsetsRoundedCornerFrame=false} } host=Toast from=android.view.ViewRootImpl.setView:1732
04-13 16:06:40.294 31486 31486 I ViewRootImpl@424d3ec[Toast]: setView = androidx.cardview.widget.CardView@a09b3af TM=true
04-13 16:06:40.295 31486 11461 I PluginManager: Plugin with name Donghuastream already exists
04-13 16:06:40.297 31486 11461 I PluginManager: Plugin with name Animasu already exists
04-13 16:06:40.298 31486 31486 I ViewRootImpl@424d3ec[Toast]: performTraversals params={(0,9)(wrapxwrap) gr=BOTTOM CENTER sim={adjust=resize} ty=TOAST fmt=TRANSLUCENT wanim=0x1030004 surfaceInsets=Rect(8, 8 - 8, 8)
04-13 16:06:40.298 31486 31486 I ViewRootImpl@424d3ec[Toast]:   fl=1000098
04-13 16:06:40.298 31486 31486 I ViewRootImpl@424d3ec[Toast]:   pfl=12000000
04-13 16:06:40.298 31486 31486 I ViewRootImpl@424d3ec[Toast]:   bhv=DEFAULT
04-13 16:06:40.298 31486 31486 I ViewRootImpl@424d3ec[Toast]:   fitTypes=STATUS_BARS NAVIGATION_BARS CAPTION_BAR
04-13 16:06:40.298 31486 31486 I ViewRootImpl@424d3ec[Toast]:   fitIgnoreVis naviIconColor=0}
04-13 16:06:40.298 31486 11463 I PluginManager: Plugin with name Anichin already exists
04-13 16:06:40.299 31486 31486 I ViewRootImpl@424d3ec[Toast]: performTraversals mFirst=true windowShouldResize=false viewVisibilityChanged=false mForceNextWindowRelayout=false params={(0,9)(wrapxwrap) gr=BOTTOM CENTER sim={adjust=resize} ty=TOAST fmt=TRANSLUCENT wanim=0x1030004 surfaceInsets=Rect(8, 8 - 8, 8)
04-13 16:06:40.299 31486 31486 I ViewRootImpl@424d3ec[Toast]:   fl=1000098
04-13 16:06:40.299 31486 31486 I ViewRootImpl@424d3ec[Toast]:   pfl=12000000
04-13 16:06:40.299 31486 31486 I ViewRootImpl@424d3ec[Toast]:   bhv=DEFAULT
04-13 16:06:40.299 31486 31486 I ViewRootImpl@424d3ec[Toast]:   fitTypes=STATUS_BARS NAVIGATION_BARS CAPTION_BAR
04-13 16:06:40.299 31486 31486 I ViewRootImpl@424d3ec[Toast]:   fitIgnoreVis naviIconColor=0}
04-13 16:06:40.299 31486 11463 I PluginManager: Plugin with name Pencurimovie already exists
04-13 16:06:40.300 31486 11463 I PluginManager: Plugin with name Funmovieslix already exists
04-13 16:06:40.301 31486 11463 I PluginManager: Plugin with name Idlix already exists
04-13 16:06:40.301 31486 11463 I PluginManager: Plugin with name Samehadaku already exists
04-13 16:06:40.302 31486 11463 I PluginManager: Plugin with name LayarKaca21 already exists
04-13 16:06:40.308 31486 31486 I ViewRootImpl@424d3ec[Toast]: updateBlastSurfaceIfNeeded mBlastBufferQueue=null isSameSurfaceControl=false
04-13 16:06:40.308 31486 31486 D BufferQueueConsumer: [](id:7afe0000002b,api:0,p:-1,c:31486) connect: controlledByApp=false
04-13 16:06:40.309 31486 31486 I BLASTBufferQueue: new BLASTBufferQueue, mName= ViewRootImpl@424d3ec[Toast] mNativeObject= 0xb4000077c33eae00 sc.mNativeObject= 0xb4000077d4bd91e0 caller= android.view.ViewRootImpl.updateBlastSurfaceIfNeeded:2909 android.view.ViewRootImpl.relayoutWindow:9847 android.view.ViewRootImpl.performTraversals:3884 android.view.ViewRootImpl.doTraversal:3116 android.view.ViewRootImpl$TraversalRunnable.run:10885 android.view.Choreographer$CallbackRecord.run:1301 android.view.Choreographer$CallbackRecord.run:1309 android.view.Choreographer.doCallbacks:923 android.view.Choreographer.doFrame:852 android.view.Choreographer$FrameDisplayEventReceiver.run:1283 
04-13 16:06:40.309 31486 31486 I BLASTBufferQueue: update, w= 517 h= 129 mName = ViewRootImpl@424d3ec[Toast] mNativeObject= 0xb4000077c33eae00 sc.mNativeObject= 0xb4000077d4bd91e0 format= -3 caller= android.graphics.BLASTBufferQueue.<init>:84 android.view.ViewRootImpl.updateBlastSurfaceIfNeeded:2909 android.view.ViewRootImpl.relayoutWindow:9847 android.view.ViewRootImpl.performTraversals:3884 android.view.ViewRootImpl.doTraversal:3116 android.view.ViewRootImpl$TraversalRunnable.run:10885 
04-13 16:06:40.310 31486 31486 I ViewRootImpl@424d3ec[Toast]: Relayout returned: old=(0,58,720,1510) new=(109,1388,610,1501) req=(501,113)0 dur=9 res=0x3 s={true 0xb4000077a2adc800} ch=true seqId=0
04-13 16:06:40.310 31486 31486 I ViewRootImpl@424d3ec[Toast]: mThreadedRenderer.initialize() mSurface={isValid=true 0xb4000077a2adc800} hwInitialized=true
04-13 16:06:40.311 31486 31507 D OpenGLRenderer: eglCreateWindowSurface
04-13 16:06:40.311 31486 31486 I ViewRootImpl@424d3ec[Toast]: reportNextDraw android.view.ViewRootImpl.performTraversals:4438 android.view.ViewRootImpl.doTraversal:3116 android.view.ViewRootImpl$TraversalRunnable.run:10885 android.view.Choreographer$CallbackRecord.run:1301 android.view.Choreographer$CallbackRecord.run:1309 
04-13 16:06:40.311 31486 31486 I ViewRootImpl@424d3ec[Toast]: Setup new sync id=0
04-13 16:06:40.311 31486 31486 I ViewRootImpl@424d3ec[Toast]: Setting syncFrameCallback
04-13 16:06:40.311 31486 31486 I ViewRootImpl@424d3ec[Toast]: registerCallbacksForSync syncBuffer=false
04-13 16:06:40.313 31486 31569 I ViewRootImpl@424d3ec[Toast]: Received frameDrawingCallback syncResult=0 frameNum=1.
04-13 16:06:40.313 31486 31569 I ViewRootImpl@424d3ec[Toast]: Setting up sync and frameCommitCallback
04-13 16:06:40.317 31486 31507 I BLASTBufferQueue: [ViewRootImpl@424d3ec[Toast]#43](f:0,a:0) onFrameAvailable the first frame is available
04-13 16:06:40.317 31486 31507 I BLASTBufferQueue: [ViewRootImpl@424d3ec[Toast]#43](f:0,a:1) acquireNextBufferLocked size=517x129 mFrameNumber=1 applyTransaction=true mTimestamp=1486320104564821(auto) mPendingTransactions.size=0 graphicBufferId=135231340282100 transform=0
04-13 16:06:40.318 31486 31507 I ViewRootImpl@424d3ec[Toast]: Received frameCommittedCallback lastAttemptedDrawFrameNum=1 didProduceBuffer=true
04-13 16:06:40.318 31486 31507 D OpenGLRenderer: CFMS:: SetUp Pid : 31486    Tid : 31507
04-13 16:06:40.319 31486 31507 W Parcel  : Expecting binder but got null!
04-13 16:06:40.319 31486 31486 I ViewRootImpl@424d3ec[Toast]: onSyncComplete
04-13 16:06:40.320 31486 31486 I ViewRootImpl@424d3ec[Toast]: setupSync seqId=0 mSyncId=0 fn=1 caller=android.view.ViewRootImpl$$ExternalSyntheticLambda11.accept:6 android.window.SurfaceSyncer.lambda$setupSync$1$android-window-SurfaceSyncer:128 android.window.SurfaceSyncer$$ExternalSyntheticLambda1.accept:8 android.window.SurfaceSyncer$SyncSet.checkIfSyncIsComplete:382 android.window.SurfaceSyncer$SyncSet.markSyncReady:359 android.window.SurfaceSyncer.markSyncReady:151 android.view.ViewRootImpl.performTraversals:4503 
04-13 16:06:40.320 31486 31486 I ViewRootImpl@424d3ec[Toast]: reportDrawFinished seqId=0 mSyncId=-1 fn=1 mSurfaceChangedTransaction=0xb4000078746f3d00
04-13 16:06:41.360 31486 31549 D PluginManager: Downloading plugin: https://raw.githubusercontent.com/byimam2nd/oce/builds/Donghuastream.cs3 to /data/user/0/com.lagradost.cloudstream3/files/Extensions/httpsraw.githubusercontent.combyimam2ndcloudstream-ekstensionrefsheadsmasterrepo.json.-1427536412/Donghuastream.-2140266928.cs3
04-13 16:06:41.360 31486 11461 D PluginManager: Downloading plugin: https://raw.githubusercontent.com/byimam2nd/oce/builds/Animasu.cs3 to /data/user/0/com.lagradost.cloudstream3/files/Extensions/httpsraw.githubusercontent.combyimam2ndcloudstream-ekstensionrefsheadsmasterrepo.json.-1427536412/Animasu.807717554.cs3
04-13 16:06:41.360 31486 25071 D PluginManager: Downloading plugin: https://raw.githubusercontent.com/byimam2nd/oce/builds/Anichin.cs3 to /data/user/0/com.lagradost.cloudstream3/files/Extensions/httpsraw.githubusercontent.combyimam2ndcloudstream-ekstensionrefsheadsmasterrepo.json.-1427536412/Anichin.807426054.cs3
04-13 16:06:41.360 31486 11460 D PluginManager: Downloading plugin: https://raw.githubusercontent.com/byimam2nd/oce/builds/Pencurimovie.cs3 to /data/user/0/com.lagradost.cloudstream3/files/Extensions/httpsraw.githubusercontent.combyimam2ndcloudstream-ekstensionrefsheadsmasterrepo.json.-1427536412/Pencurimovie.898939342.cs3
04-13 16:06:41.361 31486 10015 D PluginManager: Downloading plugin: https://raw.githubusercontent.com/byimam2nd/oce/builds/Funmovieslix.cs3 to /data/user/0/com.lagradost.cloudstream3/files/Extensions/httpsraw.githubusercontent.combyimam2ndcloudstream-ekstensionrefsheadsmasterrepo.json.-1427536412/Funmovieslix.1702794745.cs3
04-13 16:06:41.361 31486 11463 D PluginManager: Downloading plugin: https://raw.githubusercontent.com/byimam2nd/oce/builds/LayarKaca21.cs3 to /data/user/0/com.lagradost.cloudstream3/files/Extensions/httpsraw.githubusercontent.combyimam2ndcloudstream-ekstensionrefsheadsmasterrepo.json.-1427536412/LayarKaca21.1214945928.cs3
04-13 16:06:41.362 31486  6751 D PluginManager: Downloading plugin: https://raw.githubusercontent.com/byimam2nd/oce/builds/Idlix.cs3 to /data/user/0/com.lagradost.cloudstream3/files/Extensions/httpsraw.githubusercontent.combyimam2ndcloudstream-ekstensionrefsheadsmasterrepo.json.-1427536412/Idlix.70503296.cs3
04-13 16:06:41.362 31486  6754 D PluginManager: Downloading plugin: https://raw.githubusercontent.com/byimam2nd/oce/builds/Samehadaku.cs3 to /data/user/0/com.lagradost.cloudstream3/files/Extensions/httpsraw.githubusercontent.combyimam2ndcloudstream-ekstensionrefsheadsmasterrepo.json.-1427536412/Samehadaku.846270246.cs3
04-13 16:06:41.848 31486  6754 I PluginManager: Unloading plugin: /data/user/0/com.lagradost.cloudstream3/files/Extensions/httpsraw.githubusercontent.combyimam2ndcloudstream-ekstensionrefsheadsmasterrepo.json.-1427536412/Animasu.807717554.cs3
04-13 16:06:41.851 31486  6754 I PluginManager: Loading plugin: PluginData(internalName=Animasu, url=https://raw.githubusercontent.com/byimam2nd/oce/builds/Animasu.cs3, isOnline=true, filePath=/data/user/0/com.lagradost.cloudstream3/files/Extensions/httpsraw.githubusercontent.combyimam2ndcloudstream-ekstensionrefsheadsmasterrepo.json.-1427536412/Animasu.807717554.cs3, version=-2147483648)
04-13 16:06:41.874 31486  6754 I PluginInstance: Adding Animasu🐰 (https://v1.animasu.top) MainAPI
04-13 16:06:41.905 31486  6754 I PluginInstance: Adding Do7go (https://do7go.com) ExtractorApi
04-13 16:06:41.905 31486  6754 I PluginInstance: Adding DHC Play (https://dhcplay.com) ExtractorApi
04-13 16:06:41.905 31486  6754 I PluginInstance: Adding Hglink (https://hglink.to) ExtractorApi
04-13 16:06:41.905 31486  6754 I PluginInstance: Adding Ghbrisk (https://ghbrisk.com) ExtractorApi
04-13 16:06:41.905 31486  6754 I PluginInstance: Adding Movearnpre (https://movearnpre.com) ExtractorApi
04-13 16:06:41.905 31486  6754 I PluginInstance: Adding Minochinos (https://minochinos.com) ExtractorApi
04-13 16:06:41.905 31486  6754 I PluginInstance: Adding Mivalyo (https://mivalyo.com) ExtractorApi
04-13 16:06:41.905 31486  6754 I PluginInstance: Adding Ryderjet (https://ryderjet.com) ExtractorApi
04-13 16:06:41.905 31486  6754 I PluginInstance: Adding Bingezove (https://bingezove.com) ExtractorApi
04-13 16:06:41.905 31486  6754 I PluginInstance: Adding Dingtezuni (https://dingtezuni.com) ExtractorApi
04-13 16:06:41.905 31486  6754 I PluginInstance: Adding Dhtpre (https://dhtpre.com) ExtractorApi
04-13 16:06:41.905 31486  6754 I PluginInstance: Adding Listeamed (https://listeamed.net) ExtractorApi
04-13 16:06:41.905 31486  6754 I PluginInstance: Adding Streamcasthub (https://live.streamcasthub.store) ExtractorApi
04-13 16:06:41.905 31486  6754 I PluginInstance: Adding Dm21embed (https://dm21.embed4me.vip) ExtractorApi
04-13 16:06:41.905 31486  6754 I PluginInstance: Adding Dm21upns (https://dm21.upns.live) ExtractorApi
04-13 16:06:41.905 31486  6754 I PluginInstance: Adding Pm21p2p (https://pm21.p2pplay.pro) ExtractorApi
04-13 16:06:41.905 31486  6754 I PluginInstance: Adding Dm21 (https://dm21.embed4me.vip) ExtractorApi
04-13 16:06:41.905 31486  6754 I PluginInstance: Adding Meplayer (https://video.4meplayer.com) ExtractorApi
04-13 16:06:41.905 31486  6754 I PluginInstance: Adding Fufaupns (https://fufafilm.upns.pro) ExtractorApi
04-13 16:06:41.905 31486  6754 I PluginInstance: Adding P2pplay (https://nf21.p2pplay.pro) ExtractorApi
04-13 16:06:41.905 31486  6754 I PluginInstance: Adding Playerngefilm21 (https://player.ngefilm21.com) ExtractorApi
04-13 16:06:41.905 31486  6754 I PluginInstance: Adding Rpmvid (https://rpmvid.com) ExtractorApi
04-13 16:06:41.905 31486  6754 I PluginInstance: Adding Voe (https://voe.sx) ExtractorApi
04-13 16:06:41.905 31486  6754 I PluginInstance: Adding Veev (https://veev.to) ExtractorApi
04-13 16:06:41.905 31486  6754 I PluginInstance: Adding Dintezuvio (https://dintezuvio.com) ExtractorApi
04-13 16:06:41.905 31486  6754 I PluginInstance: Adding Hxfile (https://hxfile.co) ExtractorApi
04-13 16:06:41.906 31486  6754 I PluginInstance: Adding Odnoklassniki (https://odnoklassniki.ru) ExtractorApi
04-13 16:06:41.906 31486  6754 I PluginInstance: Adding OkRuSSL (https://ok.ru) ExtractorApi
04-13 16:06:41.906 31486  6754 I PluginInstance: Adding OkRuHTTP (http://ok.ru) ExtractorApi
04-13 16:06:41.906 31486  6754 I PluginInstance: Adding Dailymotion (https://www.dailymotion.com) ExtractorApi
04-13 16:06:41.906 31486  6754 I PluginInstance: Adding Rumble (https://rumble.com) ExtractorApi
04-13 16:06:41.906 31486  6754 I PluginInstance: Adding StreamRuby (https://rubyvidhub.com) ExtractorApi
04-13 16:06:41.906 31486  6754 I PluginInstance: Adding svanila (https://streamruby.net) ExtractorApi
04-13 16:06:41.906 31486  6754 I PluginInstance: Adding svilla (https://streamruby.com) ExtractorApi
04-13 16:06:41.906 31486  6754 I PluginInstance: Adding Vidguard (https://vidguard.to) ExtractorApi
04-13 16:06:41.906 31486  6754 I PluginInstance: Adding Vidguard (https://bembed.net) ExtractorApi
04-13 16:06:41.906 31486  6754 I PluginInstance: Adding Vidguard (https://listeamed.net) ExtractorApi
04-13 16:06:41.906 31486  6754 I PluginInstance: Adding Vidguard (https://vgfplay.com) ExtractorApi
04-13 16:06:41.906 31486  6754 I PluginInstance: Adding Archivd (https://archivd.net) ExtractorApi
04-13 16:06:41.906 31486  6754 I PluginInstance: Adding Uservideo (https://new.uservideo.xyz) ExtractorApi
04-13 16:06:41.906 31486  6754 I PluginInstance: Adding Vidhidepro (https://vidhidepro.com) ExtractorApi
04-13 16:06:41.906 31486  6754 I PluginInstance: Adding DoodStream (https://dsvplay.com) ExtractorApi
04-13 16:06:41.906 31486  6754 I PluginInstance: Adding ArchiveOrg (https://archive.org) ExtractorApi
04-13 16:06:41.906 31486  6754 I PluginInstance: Adding Megacloud (https://megacloud.blog) ExtractorApi
04-13 16:06:41.906 31486  6754 I PluginInstance: Adding Jeniusplay (https://jeniusplay.com) ExtractorApi
04-13 16:06:41.906 31486  6754 I PluginInstance: Adding Gdriveplayer.to (https://gdriveplayer.to) ExtractorApi
04-13 16:06:41.906 31486  6754 I PluginInstance: Adding GDFlix (https://gdflix.co) ExtractorApi
04-13 16:06:41.906 31486  6754 I PluginInstance: Adding Blogger (https://www.blogger.com) ExtractorApi
04-13 16:06:41.906 31486  6754 I PluginInstance: Adding PixelDrain (https://pixeldrain.com) ExtractorApi
04-13 16:06:41.906 31486  6754 I PluginInstance: Adding Upload18 (https://www.upload18.com) ExtractorApi
04-13 16:06:41.906 31486  6754 I PluginInstance: Adding Xshotcok (https://xshotcok.com) ExtractorApi
04-13 16:06:41.906 31486  6754 I PluginInstance: Adding Co4nxtrl (https://co4nxtrl.com) ExtractorApi
04-13 16:06:41.906 31486  6754 I PluginInstance: Adding Hownetwork (https://stream.hownetwork.xyz) ExtractorApi
04-13 16:06:41.906 31486  6754 I PluginInstance: Adding Hownetwork (https://cloud.hownetwork.xyz) ExtractorApi
04-13 16:06:41.906 31486  6754 I PluginInstance: Adding Furher (https://furher.in) ExtractorApi
04-13 16:06:41.906 31486  6754 I PluginInstance: Adding Furher 2 (723qrh1p.fun) ExtractorApi
04-13 16:06:41.906 31486  6754 I PluginInstance: Adding Turbovidhls (https://turbovid.xyz) ExtractorApi
04-13 16:06:41.906 31486  6754 I PluginInstance: Adding Emturbovid (https://emturbovid.com) ExtractorApi
04-13 16:06:41.906 31486  6754 I PluginInstance: Adding VidHidePro6 (https://vidhidepro.com) ExtractorApi
04-13 16:06:41.906 31486  6754 I PluginInstance: Adding Emturbovid (https://emturbovid.com) ExtractorApi
04-13 16:06:41.906 31486  6754 I PluginInstance: Adding MixDrop (https://m1xdrop.bz) ExtractorApi
04-13 16:06:41.906 31486  6754 I PluginInstance: Adding FilemoonNl (https://filemoon.nl) ExtractorApi
04-13 16:06:41.906 31486  6754 I PluginInstance: Adding Gofile (https://gofile.io) ExtractorApi
04-13 16:06:41.906 31486  6754 I PluginInstance: Adding HUBCDN (https://hubcdn.*) ExtractorApi
04-13 16:06:41.906 31486  6754 I PluginInstance: Adding Videy (https://videy.tv) ExtractorApi
04-13 16:06:41.906 31486  6754 I PluginInstance: Adding Byse (https://byse.sx) ExtractorApi
04-13 16:06:41.907 31486  6754 I PluginInstance: Adding Bysezoxexe (https://bysezoxexe.com) ExtractorApi
04-13 16:06:41.907 31486  6754 I PluginInstance: Adding VidHide (https://vidhideplus.com) ExtractorApi
04-13 16:06:41.907 31486  6754 I PluginInstance: Adding VidHide (https://f75s.com) ExtractorApi
04-13 16:06:41.908 31486  6754 I PluginInstance: Adding Emturbovid (https://turbovidhls.com) ExtractorApi
04-13 16:06:41.908 31486  6754 I PluginInstance: Adding Nunap2p (https://nunap2p.com) ExtractorApi
04-13 16:06:41.908 31486  6754 I PluginInstance: Adding Nunastrp (https://nunastrp.com) ExtractorApi
04-13 16:06:41.908 31486  6754 I PluginInstance: Adding Nunaupns (https://nunaupns.com) ExtractorApi
04-13 16:06:41.908 31486  6754 I PluginInstance: Adding Nunaxyz (https://nunaxyz.com) ExtractorApi
04-13 16:06:41.908 31486  6754 I PluginInstance: Adding BuzzServer (https://buzzserver.xyz) ExtractorApi
04-13 16:06:41.908 31486  6754 I PluginInstance: Adding PlayStreamplay (https://playstreamplay.com) ExtractorApi
04-13 16:06:41.908 31486  6754 I PluginInstance: Adding Ultrahd (https://ultrahd.to) ExtractorApi
04-13 16:06:41.908 31486  6754 I PluginInstance: Adding Vtbe (https://vtbe.com) ExtractorApi
04-13 16:06:41.908 31486  6754 I PluginInstance: Adding wishfast (https://wishfast.to) ExtractorApi
04-13 16:06:41.908 31486  6754 I PluginManager: Loaded plugin Animasu successfully
04-13 16:06:41.969 31486 10015 I PluginManager: Unloading plugin: /data/user/0/com.lagradost.cloudstream3/files/Extensions/httpsraw.githubusercontent.combyimam2ndcloudstream-ekstensionrefsheadsmasterrepo.json.-1427536412/Funmovieslix.1702794745.cs3
04-13 16:06:41.970 31486 10015 I PluginManager: Loading plugin: PluginData(internalName=Funmovieslix, url=https://raw.githubusercontent.com/byimam2nd/oce/builds/Funmovieslix.cs3, isOnline=true, filePath=/data/user/0/com.lagradost.cloudstream3/files/Extensions/httpsraw.githubusercontent.combyimam2ndcloudstream-ekstensionrefsheadsmasterrepo.json.-1427536412/Funmovieslix.1702794745.cs3, version=-2147483648)
04-13 16:06:41.977 31486  6754 I PluginManager: Unloading plugin: /data/user/0/com.lagradost.cloudstream3/files/Extensions/httpsraw.githubusercontent.combyimam2ndcloudstream-ekstensionrefsheadsmasterrepo.json.-1427536412/LayarKaca21.1214945928.cs3
04-13 16:06:41.978 31486  6754 I PluginManager: Loading plugin: PluginData(internalName=LayarKaca21, url=https://raw.githubusercontent.com/byimam2nd/oce/builds/LayarKaca21.cs3, isOnline=true, filePath=/data/user/0/com.lagradost.cloudstream3/files/Extensions/httpsraw.githubusercontent.combyimam2ndcloudstream-ekstensionrefsheadsmasterrepo.json.-1427536412/LayarKaca21.1214945928.cs3, version=-2147483648)
04-13 16:06:41.982 31486  6751 I PluginManager: Unloading plugin: /data/user/0/com.lagradost.cloudstream3/files/Extensions/httpsraw.githubusercontent.combyimam2ndcloudstream-ekstensionrefsheadsmasterrepo.json.-1427536412/Donghuastream.-2140266928.cs3
04-13 16:06:41.982 31486  6751 I PluginManager: Loading plugin: PluginData(internalName=Donghuastream, url=https://raw.githubusercontent.com/byimam2nd/oce/builds/Donghuastream.cs3, isOnline=true, filePath=/data/user/0/com.lagradost.cloudstream3/files/Extensions/httpsraw.githubusercontent.combyimam2ndcloudstream-ekstensionrefsheadsmasterrepo.json.-1427536412/Donghuastream.-2140266928.cs3, version=-2147483648)
04-13 16:06:41.984 31486 31549 I PluginManager: Unloading plugin: /data/user/0/com.lagradost.cloudstream3/files/Extensions/httpsraw.githubusercontent.combyimam2ndcloudstream-ekstensionrefsheadsmasterrepo.json.-1427536412/Anichin.807426054.cs3
04-13 16:06:41.985 31486 31549 I PluginManager: Loading plugin: PluginData(internalName=Anichin, url=https://raw.githubusercontent.com/byimam2nd/oce/builds/Anichin.cs3, isOnline=true, filePath=/data/user/0/com.lagradost.cloudstream3/files/Extensions/httpsraw.githubusercontent.combyimam2ndcloudstream-ekstensionrefsheadsmasterrepo.json.-1427536412/Anichin.807426054.cs3, version=-2147483648)
04-13 16:06:42.000 31486  6754 I PluginInstance: Adding LayarKaca (https://lk21.de) MainAPI
04-13 16:06:42.006 31486  6751 I PluginInstance: Adding Donghuastream (https://donghuastream.org) MainAPI
04-13 16:06:42.171 31486 10100 W st.cloudstream3: Verification of void com.Funmovieslix.Funmovieslix$getMainPage$1.<init>(com.Funmovieslix.Funmovieslix, kotlin.coroutines.Continuation) took 162.854ms (36.84 bytecodes/s) (0B arena alloc)
04-13 16:06:42.172 31486 31549 I PluginInstance: Adding Anichin (https://anichin.cafe) MainAPI
04-13 16:06:42.175 31486 10015 W st.cloudstream3: Verification of com.lagradost.cloudstream3.SearchQuality com.Funmovieslix.Funmovieslix.extractQuality(org.jsoup.nodes.Element) took 163.550ms (1063.89 bytecodes/s) (0B arena alloc)
04-13 16:06:42.190 31486 10015 I PluginInstance: Adding Funmovieslix (https://funmovieslix.com) MainAPI
04-13 16:06:42.198 31486  6754 I PluginInstance: Adding Do7go (https://do7go.com) ExtractorApi
04-13 16:06:42.198 31486  6754 I PluginInstance: Adding DHC Play (https://dhcplay.com) ExtractorApi
04-13 16:06:42.198 31486  6754 I PluginInstance: Adding Hglink (https://hglink.to) ExtractorApi
04-13 16:06:42.198 31486  6754 I PluginInstance: Adding Ghbrisk (https://ghbrisk.com) ExtractorApi
04-13 16:06:42.198 31486  6754 I PluginInstance: Adding Movearnpre (https://movearnpre.com) ExtractorApi
04-13 16:06:42.198 31486  6754 I PluginInstance: Adding Minochinos (https://minochinos.com) ExtractorApi
04-13 16:06:42.198 31486  6754 I PluginInstance: Adding Mivalyo (https://mivalyo.com) ExtractorApi
04-13 16:06:42.198 31486  6754 I PluginInstance: Adding Ryderjet (https://ryderjet.com) ExtractorApi
04-13 16:06:42.198 31486  6754 I PluginInstance: Adding Bingezove (https://bingezove.com) ExtractorApi
04-13 16:06:42.198 31486  6754 I PluginInstance: Adding Dingtezuni (https://dingtezuni.com) ExtractorApi
04-13 16:06:42.198 31486  6754 I PluginInstance: Adding Dhtpre (https://dhtpre.com) ExtractorApi
04-13 16:06:42.198 31486  6754 I PluginInstance: Adding Listeamed (https://listeamed.net) ExtractorApi
04-13 16:06:42.198 31486  6754 I PluginInstance: Adding Streamcasthub (https://live.streamcasthub.store) ExtractorApi
04-13 16:06:42.198 31486  6754 I PluginInstance: Adding Dm21embed (https://dm21.embed4me.vip) ExtractorApi
04-13 16:06:42.198 31486  6754 I PluginInstance: Adding Dm21upns (https://dm21.upns.live) ExtractorApi
04-13 16:06:42.198 31486  6754 I PluginInstance: Adding Pm21p2p (https://pm21.p2pplay.pro) ExtractorApi
04-13 16:06:42.198 31486  6754 I PluginInstance: Adding Dm21 (https://dm21.embed4me.vip) ExtractorApi
04-13 16:06:42.198 31486  6754 I PluginInstance: Adding Meplayer (https://video.4meplayer.com) ExtractorApi
04-13 16:06:42.198 31486  6754 I PluginInstance: Adding Fufaupns (https://fufafilm.upns.pro) ExtractorApi
04-13 16:06:42.198 31486  6754 I PluginInstance: Adding P2pplay (https://nf21.p2pplay.pro) ExtractorApi
04-13 16:06:42.198 31486  6754 I PluginInstance: Adding Playerngefilm21 (https://player.ngefilm21.com) ExtractorApi
04-13 16:06:42.198 31486  6754 I PluginInstance: Adding Rpmvid (https://rpmvid.com) ExtractorApi
04-13 16:06:42.198 31486  6754 I PluginInstance: Adding Voe (https://voe.sx) ExtractorApi
04-13 16:06:42.198 31486  6754 I PluginInstance: Adding Veev (https://veev.to) ExtractorApi
04-13 16:06:42.198 31486  6754 I PluginInstance: Adding Dintezuvio (https://dintezuvio.com) ExtractorApi
04-13 16:06:42.198 31486  6754 I PluginInstance: Adding Hxfile (https://hxfile.co) ExtractorApi
04-13 16:06:42.198 31486  6754 I PluginInstance: Adding Odnoklassniki (https://odnoklassniki.ru) ExtractorApi
04-13 16:06:42.198 31486  6754 I PluginInstance: Adding OkRuSSL (https://ok.ru) ExtractorApi
04-13 16:06:42.199 31486  6754 I PluginInstance: Adding OkRuHTTP (http://ok.ru) ExtractorApi
04-13 16:06:42.199 31486  6754 I PluginInstance: Adding Dailymotion (https://www.dailymotion.com) ExtractorApi
04-13 16:06:42.199 31486  6754 I PluginInstance: Adding Rumble (https://rumble.com) ExtractorApi
04-13 16:06:42.199 31486  6754 I PluginInstance: Adding StreamRuby (https://rubyvidhub.com) ExtractorApi
04-13 16:06:42.199 31486  6754 I PluginInstance: Adding svanila (https://streamruby.net) ExtractorApi
04-13 16:06:42.199 31486  6754 I PluginInstance: Adding svilla (https://streamruby.com) ExtractorApi
04-13 16:06:42.199 31486  6754 I PluginInstance: Adding Vidguard (https://vidguard.to) ExtractorApi
04-13 16:06:42.199 31486  6754 I PluginInstance: Adding Vidguard (https://bembed.net) ExtractorApi
04-13 16:06:42.199 31486  6754 I PluginInstance: Adding Vidguard (https://listeamed.net) ExtractorApi
04-13 16:06:42.199 31486  6754 I PluginInstance: Adding Vidguard (https://vgfplay.com) ExtractorApi
04-13 16:06:42.199 31486  6754 I PluginInstance: Adding Archivd (https://archivd.net) ExtractorApi
04-13 16:06:42.199 31486  6754 I PluginInstance: Adding Uservideo (https://new.uservideo.xyz) ExtractorApi
04-13 16:06:42.199 31486  6754 I PluginInstance: Adding Vidhidepro (https://vidhidepro.com) ExtractorApi
04-13 16:06:42.199 31486  6754 I PluginInstance: Adding DoodStream (https://dsvplay.com) ExtractorApi
04-13 16:06:42.199 31486  6754 I PluginInstance: Adding ArchiveOrg (https://archive.org) ExtractorApi
04-13 16:06:42.199 31486  6754 I PluginInstance: Adding Megacloud (https://megacloud.blog) ExtractorApi
04-13 16:06:42.199 31486  6754 I PluginInstance: Adding Jeniusplay (https://jeniusplay.com) ExtractorApi
04-13 16:06:42.199 31486  6754 I PluginInstance: Adding Gdriveplayer.to (https://gdriveplayer.to) ExtractorApi
04-13 16:06:42.199 31486  6754 I PluginInstance: Adding GDFlix (https://gdflix.co) ExtractorApi
04-13 16:06:42.199 31486  6754 I PluginInstance: Adding Blogger (https://www.blogger.com) ExtractorApi
04-13 16:06:42.199 31486  6754 I PluginInstance: Adding PixelDrain (https://pixeldrain.com) ExtractorApi
04-13 16:06:42.199 31486  6754 I PluginInstance: Adding Upload18 (https://www.upload18.com) ExtractorApi
04-13 16:06:42.199 31486  6754 I PluginInstance: Adding Xshotcok (https://xshotcok.com) ExtractorApi
04-13 16:06:42.199 31486  6754 I PluginInstance: Adding Co4nxtrl (https://co4nxtrl.com) ExtractorApi
04-13 16:06:42.199 31486  6754 I PluginInstance: Adding Hownetwork (https://stream.hownetwork.xyz) ExtractorApi
04-13 16:06:42.199 31486  6754 I PluginInstance: Adding Hownetwork (https://cloud.hownetwork.xyz) ExtractorApi
04-13 16:06:42.199 31486  6754 I PluginInstance: Adding Furher (https://furher.in) ExtractorApi
04-13 16:06:42.199 31486  6754 I PluginInstance: Adding Furher 2 (723qrh1p.fun) ExtractorApi
04-13 16:06:42.199 31486  6754 I PluginInstance: Adding Turbovidhls (https://turbovid.xyz) ExtractorApi
04-13 16:06:42.199 31486  6754 I PluginInstance: Adding Emturbovid (https://emturbovid.com) ExtractorApi
04-13 16:06:42.199 31486  6754 I PluginInstance: Adding VidHidePro6 (https://vidhidepro.com) ExtractorApi
04-13 16:06:42.199 31486  6754 I PluginInstance: Adding Emturbovid (https://emturbovid.com) ExtractorApi
04-13 16:06:42.199 31486  6754 I PluginInstance: Adding MixDrop (https://m1xdrop.bz) ExtractorApi
04-13 16:06:42.199 31486  6754 I PluginInstance: Adding FilemoonNl (https://filemoon.nl) ExtractorApi
04-13 16:06:42.199 31486  6754 I PluginInstance: Adding Gofile (https://gofile.io) ExtractorApi
04-13 16:06:42.199 31486  6754 I PluginInstance: Adding HUBCDN (https://hubcdn.*) ExtractorApi
04-13 16:06:42.199 31486  6754 I PluginInstance: Adding Videy (https://videy.tv) ExtractorApi
04-13 16:06:42.199 31486  6754 I PluginInstance: Adding Byse (https://byse.sx) ExtractorApi
04-13 16:06:42.199 31486  6754 I PluginInstance: Adding Bysezoxexe (https://bysezoxexe.com) ExtractorApi
04-13 16:06:42.199 31486  6754 I PluginInstance: Adding VidHide (https://vidhideplus.com) ExtractorApi
04-13 16:06:42.200 31486  6754 I PluginInstance: Adding VidHide (https://f75s.com) ExtractorApi
04-13 16:06:42.200 31486  6754 I PluginInstance: Adding Emturbovid (https://turbovidhls.com) ExtractorApi
04-13 16:06:42.200 31486  6754 I PluginInstance: Adding Nunap2p (https://nunap2p.com) ExtractorApi
04-13 16:06:42.200 31486  6754 I PluginInstance: Adding Nunastrp (https://nunastrp.com) ExtractorApi
04-13 16:06:42.200 31486  6754 I PluginInstance: Adding Nunaupns (https://nunaupns.com) ExtractorApi
04-13 16:06:42.200 31486  6754 I PluginInstance: Adding Nunaxyz (https://nunaxyz.com) ExtractorApi
04-13 16:06:42.200 31486  6754 I PluginInstance: Adding BuzzServer (https://buzzserver.xyz) ExtractorApi
04-13 16:06:42.200 31486  6754 I PluginInstance: Adding PlayStreamplay (https://playstreamplay.com) ExtractorApi
04-13 16:06:42.200 31486  6754 I PluginInstance: Adding Ultrahd (https://ultrahd.to) ExtractorApi
04-13 16:06:42.200 31486  6754 I PluginInstance: Adding Vtbe (https://vtbe.com) ExtractorApi
04-13 16:06:42.200 31486  6754 I PluginInstance: Adding wishfast (https://wishfast.to) ExtractorApi
04-13 16:06:42.200 31486  6754 I PluginManager: Loaded plugin LayarKaca21 successfully
04-13 16:06:42.203 31486 31549 I PluginInstance: Adding Do7go (https://do7go.com) ExtractorApi
04-13 16:06:42.203 31486 31549 I PluginInstance: Adding DHC Play (https://dhcplay.com) ExtractorApi
04-13 16:06:42.203 31486 31549 I PluginInstance: Adding Hglink (https://hglink.to) ExtractorApi
04-13 16:06:42.203 31486 31549 I PluginInstance: Adding Ghbrisk (https://ghbrisk.com) ExtractorApi
04-13 16:06:42.203 31486 31549 I PluginInstance: Adding Movearnpre (https://movearnpre.com) ExtractorApi
04-13 16:06:42.203 31486 31549 I PluginInstance: Adding Minochinos (https://minochinos.com) ExtractorApi
04-13 16:06:42.203 31486 31549 I PluginInstance: Adding Mivalyo (https://mivalyo.com) ExtractorApi
04-13 16:06:42.203 31486 31549 I PluginInstance: Adding Ryderjet (https://ryderjet.com) ExtractorApi
04-13 16:06:42.203 31486 31549 I PluginInstance: Adding Bingezove (https://bingezove.com) ExtractorApi
04-13 16:06:42.203 31486 31549 I PluginInstance: Adding Dingtezuni (https://dingtezuni.com) ExtractorApi
04-13 16:06:42.203 31486 31549 I PluginInstance: Adding Dhtpre (https://dhtpre.com) ExtractorApi
04-13 16:06:42.203 31486 31549 I PluginInstance: Adding Listeamed (https://listeamed.net) ExtractorApi
04-13 16:06:42.203 31486 31549 I PluginInstance: Adding Streamcasthub (https://live.streamcasthub.store) ExtractorApi
04-13 16:06:42.203 31486 31549 I PluginInstance: Adding Dm21embed (https://dm21.embed4me.vip) ExtractorApi
04-13 16:06:42.203 31486 31549 I PluginInstance: Adding Dm21upns (https://dm21.upns.live) ExtractorApi
04-13 16:06:42.204 31486 31549 I PluginInstance: Adding Pm21p2p (https://pm21.p2pplay.pro) ExtractorApi
04-13 16:06:42.204 31486 31549 I PluginInstance: Adding Dm21 (https://dm21.embed4me.vip) ExtractorApi
04-13 16:06:42.204 31486 31549 I PluginInstance: Adding Meplayer (https://video.4meplayer.com) ExtractorApi
04-13 16:06:42.204 31486 31549 I PluginInstance: Adding Fufaupns (https://fufafilm.upns.pro) ExtractorApi
04-13 16:06:42.204 31486 31549 I PluginInstance: Adding P2pplay (https://nf21.p2pplay.pro) ExtractorApi
04-13 16:06:42.204 31486 31549 I PluginInstance: Adding Playerngefilm21 (https://player.ngefilm21.com) ExtractorApi
04-13 16:06:42.204 31486 31549 I PluginInstance: Adding Rpmvid (https://rpmvid.com) ExtractorApi
04-13 16:06:42.204 31486 31549 I PluginInstance: Adding Voe (https://voe.sx) ExtractorApi
04-13 16:06:42.204 31486 31549 I PluginInstance: Adding Veev (https://veev.to) ExtractorApi
04-13 16:06:42.204 31486 31549 I PluginInstance: Adding Dintezuvio (https://dintezuvio.com) ExtractorApi
04-13 16:06:42.204 31486 31549 I PluginInstance: Adding Hxfile (https://hxfile.co) ExtractorApi
04-13 16:06:42.204 31486 31549 I PluginInstance: Adding Odnoklassniki (https://odnoklassniki.ru) ExtractorApi
