04-13 16:06:46.065 31486 31540 I PluginInstance: Adding Movearnpre (https://movearnpre.com) ExtractorApi
04-13 16:06:46.065 31486 31540 I PluginInstance: Adding Minochinos (https://minochinos.com) ExtractorApi
04-13 16:06:46.065 31486 31540 I PluginInstance: Adding Mivalyo (https://mivalyo.com) ExtractorApi
04-13 16:06:46.065 31486 31540 I PluginInstance: Adding Ryderjet (https://ryderjet.com) ExtractorApi
04-13 16:06:46.065 31486 31540 I PluginInstance: Adding Bingezove (https://bingezove.com) ExtractorApi
04-13 16:06:46.065 31486 31540 I PluginInstance: Adding Dingtezuni (https://dingtezuni.com) ExtractorApi
04-13 16:06:46.065 31486 31540 I PluginInstance: Adding Dhtpre (https://dhtpre.com) ExtractorApi
04-13 16:06:46.065 31486 31540 I PluginInstance: Adding Listeamed (https://listeamed.net) ExtractorApi
04-13 16:06:46.065 31486 31540 I PluginInstance: Adding Streamcasthub (https://live.streamcasthub.store) ExtractorApi
04-13 16:06:46.065 31486 31540 I PluginInstance: Adding Dm21embed (https://dm21.embed4me.vip) ExtractorApi
04-13 16:06:46.065 31486 31540 I PluginInstance: Adding Dm21upns (https://dm21.upns.live) ExtractorApi
04-13 16:06:46.065 31486 31540 I PluginInstance: Adding Pm21p2p (https://pm21.p2pplay.pro) ExtractorApi
04-13 16:06:46.065 31486 31540 I PluginInstance: Adding Dm21 (https://dm21.embed4me.vip) ExtractorApi
04-13 16:06:46.065 31486 31540 I PluginInstance: Adding Meplayer (https://video.4meplayer.com) ExtractorApi
04-13 16:06:46.065 31486 31540 I PluginInstance: Adding Fufaupns (https://fufafilm.upns.pro) ExtractorApi
04-13 16:06:46.065 31486 31540 I PluginInstance: Adding P2pplay (https://nf21.p2pplay.pro) ExtractorApi
04-13 16:06:46.065 31486 31540 I PluginInstance: Adding Playerngefilm21 (https://player.ngefilm21.com) ExtractorApi
04-13 16:06:46.065 31486 31540 I PluginInstance: Adding Rpmvid (https://rpmvid.com) ExtractorApi
04-13 16:06:46.065 31486 31540 I PluginInstance: Adding Voe (https://voe.sx) ExtractorApi
04-13 16:06:46.065 31486 31540 I PluginInstance: Adding Veev (https://veev.to) ExtractorApi
04-13 16:06:46.065 31486 31540 I PluginInstance: Adding Dintezuvio (https://dintezuvio.com) ExtractorApi
04-13 16:06:46.065 31486 31540 I PluginInstance: Adding Hxfile (https://hxfile.co) ExtractorApi
04-13 16:06:46.065 31486 31540 I PluginInstance: Adding Odnoklassniki (https://odnoklassniki.ru) ExtractorApi
04-13 16:06:46.065 31486 31540 I PluginInstance: Adding OkRuSSL (https://ok.ru) ExtractorApi
04-13 16:06:46.066 31486 31540 I PluginInstance: Adding OkRuHTTP (http://ok.ru) ExtractorApi
04-13 16:06:46.066 31486 31540 I PluginInstance: Adding Dailymotion (https://www.dailymotion.com) ExtractorApi
04-13 16:06:46.066 31486 31540 I PluginInstance: Adding Rumble (https://rumble.com) ExtractorApi
04-13 16:06:46.066 31486 31540 I PluginInstance: Adding StreamRuby (https://rubyvidhub.com) ExtractorApi
04-13 16:06:46.066 31486 31540 I PluginInstance: Adding svanila (https://streamruby.net) ExtractorApi
04-13 16:06:46.066 31486 31540 I PluginInstance: Adding svilla (https://streamruby.com) ExtractorApi
04-13 16:06:46.066 31486 31540 I PluginInstance: Adding Vidguard (https://vidguard.to) ExtractorApi
04-13 16:06:46.066 31486 31540 I PluginInstance: Adding Vidguard (https://bembed.net) ExtractorApi
04-13 16:06:46.066 31486 31540 I PluginInstance: Adding Vidguard (https://listeamed.net) ExtractorApi
04-13 16:06:46.066 31486 31540 I PluginInstance: Adding Vidguard (https://vgfplay.com) ExtractorApi
04-13 16:06:46.066 31486 31540 I PluginInstance: Adding Archivd (https://archivd.net) ExtractorApi
04-13 16:06:46.066 31486 31540 I PluginInstance: Adding Uservideo (https://new.uservideo.xyz) ExtractorApi
04-13 16:06:46.066 31486 31540 I PluginInstance: Adding Vidhidepro (https://vidhidepro.com) ExtractorApi
04-13 16:06:46.066 31486 31540 I PluginInstance: Adding DoodStream (https://dsvplay.com) ExtractorApi
04-13 16:06:46.066 31486 31540 I PluginInstance: Adding ArchiveOrg (https://archive.org) ExtractorApi
04-13 16:06:46.066 31486 31540 I PluginInstance: Adding Megacloud (https://megacloud.blog) ExtractorApi
04-13 16:06:46.066 31486 31540 I PluginInstance: Adding Jeniusplay (https://jeniusplay.com) ExtractorApi
04-13 16:06:46.066 31486 31540 I PluginInstance: Adding Gdriveplayer.to (https://gdriveplayer.to) ExtractorApi
04-13 16:06:46.066 31486 31540 I PluginInstance: Adding GDFlix (https://gdflix.co) ExtractorApi
04-13 16:06:46.066 31486 31540 I PluginInstance: Adding Blogger (https://www.blogger.com) ExtractorApi
04-13 16:06:46.066 31486 31540 I PluginInstance: Adding PixelDrain (https://pixeldrain.com) ExtractorApi
04-13 16:06:46.066 31486 31540 I PluginInstance: Adding Upload18 (https://www.upload18.com) ExtractorApi
04-13 16:06:46.066 31486 31540 I PluginInstance: Adding Xshotcok (https://xshotcok.com) ExtractorApi
04-13 16:06:46.066 31486 31540 I PluginInstance: Adding Co4nxtrl (https://co4nxtrl.com) ExtractorApi
04-13 16:06:46.066 31486 31540 I PluginInstance: Adding Hownetwork (https://stream.hownetwork.xyz) ExtractorApi
04-13 16:06:46.066 31486 31540 I PluginInstance: Adding Hownetwork (https://cloud.hownetwork.xyz) ExtractorApi
04-13 16:06:46.066 31486 31540 I PluginInstance: Adding Furher (https://furher.in) ExtractorApi
04-13 16:06:46.066 31486 31540 I PluginInstance: Adding Furher 2 (723qrh1p.fun) ExtractorApi
04-13 16:06:46.066 31486 31540 I PluginInstance: Adding Turbovidhls (https://turbovid.xyz) ExtractorApi
04-13 16:06:46.066 31486 31540 I PluginInstance: Adding Emturbovid (https://emturbovid.com) ExtractorApi
04-13 16:06:46.066 31486 31540 I PluginInstance: Adding VidHidePro6 (https://vidhidepro.com) ExtractorApi
04-13 16:06:46.066 31486 31540 I PluginInstance: Adding Emturbovid (https://emturbovid.com) ExtractorApi
04-13 16:06:46.066 31486 31540 I PluginInstance: Adding MixDrop (https://m1xdrop.bz) ExtractorApi
04-13 16:06:46.066 31486 31540 I PluginInstance: Adding FilemoonNl (https://filemoon.nl) ExtractorApi
04-13 16:06:46.066 31486 31540 I PluginInstance: Adding Gofile (https://gofile.io) ExtractorApi
04-13 16:06:46.066 31486 31540 I PluginInstance: Adding HUBCDN (https://hubcdn.*) ExtractorApi
04-13 16:06:46.066 31486 31540 I PluginInstance: Adding Videy (https://videy.tv) ExtractorApi
04-13 16:06:46.066 31486 31540 I PluginInstance: Adding Byse (https://byse.sx) ExtractorApi
04-13 16:06:46.066 31486 31540 I PluginInstance: Adding Bysezoxexe (https://bysezoxexe.com) ExtractorApi
04-13 16:06:46.066 31486 31540 I PluginInstance: Adding VidHide (https://vidhideplus.com) ExtractorApi
04-13 16:06:46.066 31486 31540 I PluginInstance: Adding VidHide (https://f75s.com) ExtractorApi
04-13 16:06:46.066 31486 31540 I PluginInstance: Adding Emturbovid (https://turbovidhls.com) ExtractorApi
04-13 16:06:46.066 31486 31540 I PluginInstance: Adding Nunap2p (https://nunap2p.com) ExtractorApi
04-13 16:06:46.066 31486 31540 I PluginInstance: Adding Nunastrp (https://nunastrp.com) ExtractorApi
04-13 16:06:46.066 31486 31540 I PluginInstance: Adding Nunaupns (https://nunaupns.com) ExtractorApi
04-13 16:06:46.066 31486 31540 I PluginInstance: Adding Nunaxyz (https://nunaxyz.com) ExtractorApi
04-13 16:06:46.067 31486 31540 I PluginInstance: Adding BuzzServer (https://buzzserver.xyz) ExtractorApi
04-13 16:06:46.067 31486 31540 I PluginInstance: Adding PlayStreamplay (https://playstreamplay.com) ExtractorApi
04-13 16:06:46.067 31486 31540 I PluginInstance: Adding Ultrahd (https://ultrahd.to) ExtractorApi
04-13 16:06:46.067 31486 31540 I PluginInstance: Adding Vtbe (https://vtbe.com) ExtractorApi
04-13 16:06:46.067 31486 31540 I PluginInstance: Adding wishfast (https://wishfast.to) ExtractorApi
04-13 16:06:46.067 31486 31540 I PluginManager: Loaded plugin Idlix successfully
04-13 16:06:46.075 31486 11460 I PluginManager: Unloading plugin: /data/user/0/com.lagradost.cloudstream3/files/Extensions/httpsraw.githubusercontent.combyimam2ndcloudstream-ekstensionrefsheadsmasterrepo.json.-1427536412/Animasu.807717554.cs3
04-13 16:06:46.075 31486 11460 I PluginManager: Loading plugin: PluginData(internalName=Animasu, url=https://raw.githubusercontent.com/byimam2nd/oce/builds/Animasu.cs3, isOnline=true, filePath=/data/user/0/com.lagradost.cloudstream3/files/Extensions/httpsraw.githubusercontent.combyimam2ndcloudstream-ekstensionrefsheadsmasterrepo.json.-1427536412/Animasu.807717554.cs3, version=-2147483648)
04-13 16:06:46.077 31486  6750 I PluginManager: Unloading plugin: /data/user/0/com.lagradost.cloudstream3/files/Extensions/httpsraw.githubusercontent.combyimam2ndcloudstream-ekstensionrefsheadsmasterrepo.json.-1427536412/Pencurimovie.898939342.cs3
04-13 16:06:46.077 31486  6750 I PluginManager: Loading plugin: PluginData(internalName=Pencurimovie, url=https://raw.githubusercontent.com/byimam2nd/oce/builds/Pencurimovie.cs3, isOnline=true, filePath=/data/user/0/com.lagradost.cloudstream3/files/Extensions/httpsraw.githubusercontent.combyimam2ndcloudstream-ekstensionrefsheadsmasterrepo.json.-1427536412/Pencurimovie.898939342.cs3, version=-2147483648)
04-13 16:06:46.087 31486 11460 I PluginInstance: Adding Animasu🐰 (https://v1.animasu.top) MainAPI
04-13 16:06:46.089 31486  6750 I PluginInstance: Adding Pencurimovie (https://ww73.pencurimovie.bond) MainAPI
04-13 16:06:46.092 31486 11460 I PluginInstance: Adding Do7go (https://do7go.com) ExtractorApi
04-13 16:06:46.092 31486 11460 I PluginInstance: Adding DHC Play (https://dhcplay.com) ExtractorApi
04-13 16:06:46.092 31486 11460 I PluginInstance: Adding Hglink (https://hglink.to) ExtractorApi
04-13 16:06:46.092 31486 11460 I PluginInstance: Adding Ghbrisk (https://ghbrisk.com) ExtractorApi
04-13 16:06:46.092 31486 11460 I PluginInstance: Adding Movearnpre (https://movearnpre.com) ExtractorApi
04-13 16:06:46.092 31486 11460 I PluginInstance: Adding Minochinos (https://minochinos.com) ExtractorApi
04-13 16:06:46.092 31486 11460 I PluginInstance: Adding Mivalyo (https://mivalyo.com) ExtractorApi
04-13 16:06:46.092 31486 11460 I PluginInstance: Adding Ryderjet (https://ryderjet.com) ExtractorApi
04-13 16:06:46.092 31486 11460 I PluginInstance: Adding Bingezove (https://bingezove.com) ExtractorApi
04-13 16:06:46.092 31486 11460 I PluginInstance: Adding Dingtezuni (https://dingtezuni.com) ExtractorApi
04-13 16:06:46.092 31486 11460 I PluginInstance: Adding Dhtpre (https://dhtpre.com) ExtractorApi
04-13 16:06:46.092 31486 11460 I PluginInstance: Adding Listeamed (https://listeamed.net) ExtractorApi
04-13 16:06:46.092 31486 11460 I PluginInstance: Adding Streamcasthub (https://live.streamcasthub.store) ExtractorApi
04-13 16:06:46.092 31486 11460 I PluginInstance: Adding Dm21embed (https://dm21.embed4me.vip) ExtractorApi
04-13 16:06:46.092 31486 11460 I PluginInstance: Adding Dm21upns (https://dm21.upns.live) ExtractorApi
04-13 16:06:46.092 31486 11460 I PluginInstance: Adding Pm21p2p (https://pm21.p2pplay.pro) ExtractorApi
04-13 16:06:46.092 31486 11460 I PluginInstance: Adding Dm21 (https://dm21.embed4me.vip) ExtractorApi
04-13 16:06:46.092 31486 11460 I PluginInstance: Adding Meplayer (https://video.4meplayer.com) ExtractorApi
04-13 16:06:46.093 31486 11460 I PluginInstance: Adding Fufaupns (https://fufafilm.upns.pro) ExtractorApi
04-13 16:06:46.093 31486 11460 I PluginInstance: Adding P2pplay (https://nf21.p2pplay.pro) ExtractorApi
04-13 16:06:46.093 31486 11460 I PluginInstance: Adding Playerngefilm21 (https://player.ngefilm21.com) ExtractorApi
04-13 16:06:46.093 31486 11460 I PluginInstance: Adding Rpmvid (https://rpmvid.com) ExtractorApi
04-13 16:06:46.093 31486 11460 I PluginInstance: Adding Voe (https://voe.sx) ExtractorApi
04-13 16:06:46.093 31486 11460 I PluginInstance: Adding Veev (https://veev.to) ExtractorApi
04-13 16:06:46.093 31486 11460 I PluginInstance: Adding Dintezuvio (https://dintezuvio.com) ExtractorApi
04-13 16:06:46.093 31486 11460 I PluginInstance: Adding Hxfile (https://hxfile.co) ExtractorApi
04-13 16:06:46.093 31486 11460 I PluginInstance: Adding Odnoklassniki (https://odnoklassniki.ru) ExtractorApi
04-13 16:06:46.093 31486 11460 I PluginInstance: Adding OkRuSSL (https://ok.ru) ExtractorApi
04-13 16:06:46.093 31486 11460 I PluginInstance: Adding OkRuHTTP (http://ok.ru) ExtractorApi
04-13 16:06:46.093 31486 11460 I PluginInstance: Adding Dailymotion (https://www.dailymotion.com) ExtractorApi
04-13 16:06:46.093 31486 11460 I PluginInstance: Adding Rumble (https://rumble.com) ExtractorApi
04-13 16:06:46.093 31486 11460 I PluginInstance: Adding StreamRuby (https://rubyvidhub.com) ExtractorApi
04-13 16:06:46.093 31486 11460 I PluginInstance: Adding svanila (https://streamruby.net) ExtractorApi
04-13 16:06:46.093 31486 11460 I PluginInstance: Adding svilla (https://streamruby.com) ExtractorApi
04-13 16:06:46.093 31486 11460 I PluginInstance: Adding Vidguard (https://vidguard.to) ExtractorApi
04-13 16:06:46.093 31486 11460 I PluginInstance: Adding Vidguard (https://bembed.net) ExtractorApi
04-13 16:06:46.093 31486 11460 I PluginInstance: Adding Vidguard (https://listeamed.net) ExtractorApi
04-13 16:06:46.093 31486 11460 I PluginInstance: Adding Vidguard (https://vgfplay.com) ExtractorApi
04-13 16:06:46.093 31486 11460 I PluginInstance: Adding Archivd (https://archivd.net) ExtractorApi
04-13 16:06:46.093 31486 11460 I PluginInstance: Adding Uservideo (https://new.uservideo.xyz) ExtractorApi
04-13 16:06:46.093 31486 11460 I PluginInstance: Adding Vidhidepro (https://vidhidepro.com) ExtractorApi
04-13 16:06:46.093 31486 11460 I PluginInstance: Adding DoodStream (https://dsvplay.com) ExtractorApi
04-13 16:06:46.093 31486 11460 I PluginInstance: Adding ArchiveOrg (https://archive.org) ExtractorApi
04-13 16:06:46.093 31486 11460 I PluginInstance: Adding Megacloud (https://megacloud.blog) ExtractorApi
04-13 16:06:46.093 31486 11460 I PluginInstance: Adding Jeniusplay (https://jeniusplay.com) ExtractorApi
04-13 16:06:46.093 31486 11460 I PluginInstance: Adding Gdriveplayer.to (https://gdriveplayer.to) ExtractorApi
04-13 16:06:46.093 31486 11460 I PluginInstance: Adding GDFlix (https://gdflix.co) ExtractorApi
04-13 16:06:46.093 31486 11460 I PluginInstance: Adding Blogger (https://www.blogger.com) ExtractorApi
04-13 16:06:46.093 31486 11460 I PluginInstance: Adding PixelDrain (https://pixeldrain.com) ExtractorApi
04-13 16:06:46.093 31486 11460 I PluginInstance: Adding Upload18 (https://www.upload18.com) ExtractorApi
04-13 16:06:46.093 31486 11460 I PluginInstance: Adding Xshotcok (https://xshotcok.com) ExtractorApi
04-13 16:06:46.093 31486 11460 I PluginInstance: Adding Co4nxtrl (https://co4nxtrl.com) ExtractorApi
04-13 16:06:46.093 31486 11460 I PluginInstance: Adding Hownetwork (https://stream.hownetwork.xyz) ExtractorApi
04-13 16:06:46.093 31486 11460 I PluginInstance: Adding Hownetwork (https://cloud.hownetwork.xyz) ExtractorApi
04-13 16:06:46.093 31486 11460 I PluginInstance: Adding Furher (https://furher.in) ExtractorApi
04-13 16:06:46.093 31486 11460 I PluginInstance: Adding Furher 2 (723qrh1p.fun) ExtractorApi
04-13 16:06:46.093 31486 11460 I PluginInstance: Adding Turbovidhls (https://turbovid.xyz) ExtractorApi
04-13 16:06:46.093 31486 11460 I PluginInstance: Adding Emturbovid (https://emturbovid.com) ExtractorApi
04-13 16:06:46.093 31486 11460 I PluginInstance: Adding VidHidePro6 (https://vidhidepro.com) ExtractorApi
04-13 16:06:46.093 31486 11460 I PluginInstance: Adding Emturbovid (https://emturbovid.com) ExtractorApi
04-13 16:06:46.093 31486 11460 I PluginInstance: Adding MixDrop (https://m1xdrop.bz) ExtractorApi
04-13 16:06:46.093 31486 11460 I PluginInstance: Adding FilemoonNl (https://filemoon.nl) ExtractorApi
04-13 16:06:46.093 31486 11460 I PluginInstance: Adding Gofile (https://gofile.io) ExtractorApi
04-13 16:06:46.093 31486 11460 I PluginInstance: Adding HUBCDN (https://hubcdn.*) ExtractorApi
04-13 16:06:46.093 31486 11460 I PluginInstance: Adding Videy (https://videy.tv) ExtractorApi
04-13 16:06:46.093 31486 11460 I PluginInstance: Adding Byse (https://byse.sx) ExtractorApi
04-13 16:06:46.093 31486 11460 I PluginInstance: Adding Bysezoxexe (https://bysezoxexe.com) ExtractorApi
04-13 16:06:46.094 31486 11460 I PluginInstance: Adding VidHide (https://vidhideplus.com) ExtractorApi
04-13 16:06:46.094 31486 11460 I PluginInstance: Adding VidHide (https://f75s.com) ExtractorApi
04-13 16:06:46.094 31486 11460 I PluginInstance: Adding Emturbovid (https://turbovidhls.com) ExtractorApi
04-13 16:06:46.094 31486 11460 I PluginInstance: Adding Nunap2p (https://nunap2p.com) ExtractorApi
04-13 16:06:46.094 31486 11460 I PluginInstance: Adding Nunastrp (https://nunastrp.com) ExtractorApi
04-13 16:06:46.094 31486 11460 I PluginInstance: Adding Nunaupns (https://nunaupns.com) ExtractorApi
04-13 16:06:46.094 31486 11460 I PluginInstance: Adding Nunaxyz (https://nunaxyz.com) ExtractorApi
04-13 16:06:46.094 31486 11460 I PluginInstance: Adding BuzzServer (https://buzzserver.xyz) ExtractorApi
04-13 16:06:46.094 31486 11460 I PluginInstance: Adding PlayStreamplay (https://playstreamplay.com) ExtractorApi
04-13 16:06:46.094 31486 11460 I PluginInstance: Adding Ultrahd (https://ultrahd.to) ExtractorApi
04-13 16:06:46.094 31486 11460 I PluginInstance: Adding Vtbe (https://vtbe.com) ExtractorApi
04-13 16:06:46.094 31486 11460 I PluginInstance: Adding wishfast (https://wishfast.to) ExtractorApi
04-13 16:06:46.094 31486 11460 I PluginManager: Loaded plugin Animasu successfully
04-13 16:06:46.095 31486  6750 I PluginInstance: Adding Do7go (https://do7go.com) ExtractorApi
04-13 16:06:46.095 31486  6750 I PluginInstance: Adding DHC Play (https://dhcplay.com) ExtractorApi
04-13 16:06:46.095 31486  6750 I PluginInstance: Adding Hglink (https://hglink.to) ExtractorApi
04-13 16:06:46.095 31486  6750 I PluginInstance: Adding Ghbrisk (https://ghbrisk.com) ExtractorApi
04-13 16:06:46.095 31486  6750 I PluginInstance: Adding Movearnpre (https://movearnpre.com) ExtractorApi
04-13 16:06:46.095 31486  6750 I PluginInstance: Adding Minochinos (https://minochinos.com) ExtractorApi
04-13 16:06:46.095 31486  6750 I PluginInstance: Adding Mivalyo (https://mivalyo.com) ExtractorApi
04-13 16:06:46.095 31486  6750 I PluginInstance: Adding Ryderjet (https://ryderjet.com) ExtractorApi
04-13 16:06:46.095 31486  6750 I PluginInstance: Adding Bingezove (https://bingezove.com) ExtractorApi
04-13 16:06:46.095 31486  6750 I PluginInstance: Adding Dingtezuni (https://dingtezuni.com) ExtractorApi
04-13 16:06:46.095 31486  6750 I PluginInstance: Adding Dhtpre (https://dhtpre.com) ExtractorApi
04-13 16:06:46.095 31486  6750 I PluginInstance: Adding Listeamed (https://listeamed.net) ExtractorApi
04-13 16:06:46.095 31486  6750 I PluginInstance: Adding Streamcasthub (https://live.streamcasthub.store) ExtractorApi
04-13 16:06:46.095 31486  6750 I PluginInstance: Adding Dm21embed (https://dm21.embed4me.vip) ExtractorApi
04-13 16:06:46.095 31486  6750 I PluginInstance: Adding Dm21upns (https://dm21.upns.live) ExtractorApi
04-13 16:06:46.095 31486  6750 I PluginInstance: Adding Pm21p2p (https://pm21.p2pplay.pro) ExtractorApi
04-13 16:06:46.095 31486  6750 I PluginInstance: Adding Dm21 (https://dm21.embed4me.vip) ExtractorApi
04-13 16:06:46.095 31486  6750 I PluginInstance: Adding Meplayer (https://video.4meplayer.com) ExtractorApi
04-13 16:06:46.095 31486  6750 I PluginInstance: Adding Fufaupns (https://fufafilm.upns.pro) ExtractorApi
04-13 16:06:46.095 31486  6750 I PluginInstance: Adding P2pplay (https://nf21.p2pplay.pro) ExtractorApi
04-13 16:06:46.095 31486  6750 I PluginInstance: Adding Playerngefilm21 (https://player.ngefilm21.com) ExtractorApi
04-13 16:06:46.095 31486  6750 I PluginInstance: Adding Rpmvid (https://rpmvid.com) ExtractorApi
04-13 16:06:46.095 31486  6750 I PluginInstance: Adding Voe (https://voe.sx) ExtractorApi
04-13 16:06:46.095 31486  6750 I PluginInstance: Adding Veev (https://veev.to) ExtractorApi
04-13 16:06:46.095 31486  6750 I PluginInstance: Adding Dintezuvio (https://dintezuvio.com) ExtractorApi
04-13 16:06:46.095 31486  6750 I PluginInstance: Adding Hxfile (https://hxfile.co) ExtractorApi
04-13 16:06:46.095 31486  6750 I PluginInstance: Adding Odnoklassniki (https://odnoklassniki.ru) ExtractorApi
04-13 16:06:46.095 31486  6750 I PluginInstance: Adding OkRuSSL (https://ok.ru) ExtractorApi
04-13 16:06:46.095 31486  6750 I PluginInstance: Adding OkRuHTTP (http://ok.ru) ExtractorApi
04-13 16:06:46.095 31486  6750 I PluginInstance: Adding Dailymotion (https://www.dailymotion.com) ExtractorApi
04-13 16:06:46.095 31486  6750 I PluginInstance: Adding Rumble (https://rumble.com) ExtractorApi
04-13 16:06:46.095 31486  6750 I PluginInstance: Adding StreamRuby (https://rubyvidhub.com) ExtractorApi
04-13 16:06:46.095 31486  6750 I PluginInstance: Adding svanila (https://streamruby.net) ExtractorApi
04-13 16:06:46.095 31486  6750 I PluginInstance: Adding svilla (https://streamruby.com) ExtractorApi
04-13 16:06:46.095 31486  6750 I PluginInstance: Adding Vidguard (https://vidguard.to) ExtractorApi
04-13 16:06:46.095 31486  6750 I PluginInstance: Adding Vidguard (https://bembed.net) ExtractorApi
04-13 16:06:46.096 31486  6750 I PluginInstance: Adding Vidguard (https://listeamed.net) ExtractorApi
04-13 16:06:46.096 31486  6750 I PluginInstance: Adding Vidguard (https://vgfplay.com) ExtractorApi
04-13 16:06:46.096 31486  6750 I PluginInstance: Adding Archivd (https://archivd.net) ExtractorApi
04-13 16:06:46.096 31486  6750 I PluginInstance: Adding Uservideo (https://new.uservideo.xyz) ExtractorApi
04-13 16:06:46.096 31486  6750 I PluginInstance: Adding Vidhidepro (https://vidhidepro.com) ExtractorApi
04-13 16:06:46.096 31486  6750 I PluginInstance: Adding DoodStream (https://dsvplay.com) ExtractorApi
04-13 16:06:46.096 31486  6750 I PluginInstance: Adding ArchiveOrg (https://archive.org) ExtractorApi
04-13 16:06:46.096 31486  6750 I PluginInstance: Adding Megacloud (https://megacloud.blog) ExtractorApi
04-13 16:06:46.096 31486  6750 I PluginInstance: Adding Jeniusplay (https://jeniusplay.com) ExtractorApi
04-13 16:06:46.096 31486  6750 I PluginInstance: Adding Gdriveplayer.to (https://gdriveplayer.to) ExtractorApi
04-13 16:06:46.096 31486  6750 I PluginInstance: Adding GDFlix (https://gdflix.co) ExtractorApi
04-13 16:06:46.096 31486  6750 I PluginInstance: Adding Blogger (https://www.blogger.com) ExtractorApi
04-13 16:06:46.096 31486  6750 I PluginInstance: Adding PixelDrain (https://pixeldrain.com) ExtractorApi
04-13 16:06:46.096 31486  6750 I PluginInstance: Adding Upload18 (https://www.upload18.com) ExtractorApi
04-13 16:06:46.096 31486  6750 I PluginInstance: Adding Xshotcok (https://xshotcok.com) ExtractorApi
04-13 16:06:46.096 31486  6750 I PluginInstance: Adding Co4nxtrl (https://co4nxtrl.com) ExtractorApi
04-13 16:06:46.096 31486  6750 I PluginInstance: Adding Hownetwork (https://stream.hownetwork.xyz) ExtractorApi
04-13 16:06:46.096 31486  6750 I PluginInstance: Adding Hownetwork (https://cloud.hownetwork.xyz) ExtractorApi
04-13 16:06:46.096 31486  6750 I PluginInstance: Adding Furher (https://furher.in) ExtractorApi
04-13 16:06:46.096 31486  6750 I PluginInstance: Adding Furher 2 (723qrh1p.fun) ExtractorApi
04-13 16:06:46.096 31486  6750 I PluginInstance: Adding Turbovidhls (https://turbovid.xyz) ExtractorApi
04-13 16:06:46.096 31486  6750 I PluginInstance: Adding Emturbovid (https://emturbovid.com) ExtractorApi
04-13 16:06:46.096 31486  6750 I PluginInstance: Adding VidHidePro6 (https://vidhidepro.com) ExtractorApi
04-13 16:06:46.096 31486  6750 I PluginInstance: Adding Emturbovid (https://emturbovid.com) ExtractorApi
04-13 16:06:46.096 31486  6750 I PluginInstance: Adding MixDrop (https://m1xdrop.bz) ExtractorApi
04-13 16:06:46.096 31486  6750 I PluginInstance: Adding FilemoonNl (https://filemoon.nl) ExtractorApi
04-13 16:06:46.096 31486  6750 I PluginInstance: Adding Gofile (https://gofile.io) ExtractorApi
04-13 16:06:46.096 31486  6750 I PluginInstance: Adding HUBCDN (https://hubcdn.*) ExtractorApi
04-13 16:06:46.096 31486  6750 I PluginInstance: Adding Videy (https://videy.tv) ExtractorApi
04-13 16:06:46.096 31486  6750 I PluginInstance: Adding Byse (https://byse.sx) ExtractorApi
04-13 16:06:46.096 31486  6750 I PluginInstance: Adding Bysezoxexe (https://bysezoxexe.com) ExtractorApi
04-13 16:06:46.096 31486  6750 I PluginInstance: Adding VidHide (https://vidhideplus.com) ExtractorApi
04-13 16:06:46.096 31486  6750 I PluginInstance: Adding VidHide (https://f75s.com) ExtractorApi
04-13 16:06:46.096 31486  6750 I PluginInstance: Adding Emturbovid (https://turbovidhls.com) ExtractorApi
04-13 16:06:46.096 31486  6750 I PluginInstance: Adding Nunap2p (https://nunap2p.com) ExtractorApi
04-13 16:06:46.096 31486  6750 I PluginInstance: Adding Nunastrp (https://nunastrp.com) ExtractorApi
04-13 16:06:46.096 31486  6750 I PluginInstance: Adding Nunaupns (https://nunaupns.com) ExtractorApi
04-13 16:06:46.096 31486  6750 I PluginInstance: Adding Nunaxyz (https://nunaxyz.com) ExtractorApi
04-13 16:06:46.096 31486  6750 I PluginInstance: Adding BuzzServer (https://buzzserver.xyz) ExtractorApi
04-13 16:06:46.096 31486  6750 I PluginInstance: Adding PlayStreamplay (https://playstreamplay.com) ExtractorApi
04-13 16:06:46.096 31486  6750 I PluginInstance: Adding Ultrahd (https://ultrahd.to) ExtractorApi
04-13 16:06:46.096 31486  6750 I PluginInstance: Adding Vtbe (https://vtbe.com) ExtractorApi
04-13 16:06:46.096 31486  6750 I PluginInstance: Adding wishfast (https://wishfast.to) ExtractorApi
04-13 16:06:46.096 31486  6750 I PluginManager: Loaded plugin Pencurimovie successfully
04-13 16:06:46.097 31486 31486 I COMPACT : showToast = Berhasil memperbarui 8 plugin!
04-13 16:06:46.097 31486  6750 I PluginManager: Plugin update done!
04-13 16:06:46.098 31486 31486 E Toast   : setGravity() shouldn't be called on text toasts, the values won't be used
04-13 16:06:46.098 31486 31486 I Toast   : setView: it's a custom toast
04-13 16:06:46.100 31486 31486 V Toast   : show: caller = com.lagradost.cloudstream3.CommonActivity.showToast:194 
04-13 16:06:46.106 31486 31507 D OpenGLRenderer: setSurface called with nullptr
04-13 16:06:46.106 31486 31507 D OpenGLRenderer: setSurface() destroyed EGLSurface
04-13 16:06:46.106 31486 31507 D OpenGLRenderer: destroyEglSurface
04-13 16:06:46.108 31486 31486 I ViewRootImpl@6527453[Toast]: dispatchDetachedFromWindow
04-13 16:06:46.108 31486 31486 I BLASTBufferQueue: [ViewRootImpl@6527453[Toast]#47](f:0,a:1) destructor()
04-13 16:06:46.108 31486 31486 D BufferQueueConsumer: [ViewRootImpl@6527453[Toast]#47(BLAST Consumer)47](id:7afe0000002f,api:0,p:-1,c:31486) disconnect
04-13 16:06:46.114 31486 31486 D InputTransport: Input channel destroyed: '6b7cb5 ', fd=201
04-13 16:06:46.118 31486 31486 V Toast   : HANDLE SHOW: android.widget.Toast$TN@71e1a98 mView=null mNextView=androidx.cardview.widget.CardView{d7bd2f1 V.E..V... ......ID 0,0-0,0 #7f0a05b5 app:id/toast_layout_root}
04-13 16:06:46.118 31486 31486 V ToastPresenter: sipHeight = -90
04-13 16:06:46.118 31486 31486 V ToastPresenter: yOffset = 9
04-13 16:06:46.120 31486 31507 D NativeCustomFrequencyManager: [NativeCFMS] BpCustomFrequencyManager::BpCustomFrequencyManager()
04-13 16:06:46.125 31486 31486 D InsetsController: onStateChanged: InsetsState: {mDisplayFrame=Rect(0, 0 - 720, 1600), mDisplayCutout=DisplayCutout{insets=Rect(0, 58 - 0, 0) waterfall=Insets{left=0, top=0, right=0, bottom=0} boundingRect={Bounds=[Rect(0, 0 - 0, 0), Rect(298, 0 - 422, 58), Rect(0, 0 - 0, 0), Rect(0, 0 - 0, 0)]} cutoutPathParserInfo={CutoutPathParserInfo{displayWidth=720 displayHeight=1600 physicalDisplayWidth=720 physicalDisplayHeight=1600 density={1.875} cutoutSpec={M62.05,0l-2.7,0l-2.7,0l-1.4,0.1L53.95,0.2l-1.3,0.2l-1.3,0.2L49.95,0.9l-1.3,0.4l-1.3,0.5l-1.2,0.6L44.95,3 l-1.1,0.7l-1,0.8l-1,0.9l-0.9,1l-0.8,1l-0.7,1.1l-0.7,1.2l-0.6,1.2l-0.5,1.3l-0.4,1.3l-0.4,1.3l-0.5,2.3l-0.4,2.3l-0.4,2.3L34.95,23.9 l-0.6,2.3l-0.7,2.2l-0.4,1.1L32.95,30.6l-0.5,1.1L31.95,32.7c-3.5,7.2-9.3,13.1-16.6,16.6c-17.7,8.5-38.9,1.1-47.4-16.6l-0.5-1.1 l-0.5-1.1l-0.4-1.1l-0.4-1.1l-0.7-2.2l-0.6-2.3l-0.5-2.3l-0.4-2.3l-0.4-2.3l-0.5-2.3l-0.4-1.3l-0.4-1.3L-38.15,11l-0.6-1.2l-0.7-1.2 L-40.05,7.5l-0.8-1l-0.9-1l-1-0.9l-1-0.8L-44.95,3l-1.2-0.6l-1.2-0.6l-1.3-0.5l-1.3-0.4l-1.3-0.3L-52.55,0.4L-53.95,0.2L-55.25,0.1L-56.65,0L-59.35,0 L-62.05,0Z} rotation={0} scale={1.0} physicalPixelDisplaySizeRatio={1.0}}}}, mRoundedCorners=RoundedCorners{[RoundedCorner{position=TopLeft, radius=60, center=Point(60, 60)}, RoundedCorner{position=TopRight, radius=60, center=Point(660, 60)}, RoundedCorner{position=BottomRight, radius=60, center=Point(660, 1540)}, RoundedCorner{position=BottomLeft, radius=60, center=Point(60, 1540)}]}  mRoundedCornerFrame=Rect(0, 0 - 0, 0), mPrivacyIndicatorBounds=PrivacyIndicatorBounds {static bounds=Rect(637, 0 - 720, 58) rotation=0}, mSources= { InsetsSource: {mType=ITYPE_NAVIGATION_BAR, mFrame=[0,1510][720,1600], mVisible=true, mInsetsRoundedCornerFrame=false}, InsetsSource: {mType=ITYPE_LEFT_GESTURES, mFrame=[0,0][0,1600], mVisible=true, mInsetsRoundedCornerFrame=false}, InsetsSource: {mType=ITYPE_RIGHT_GESTURES, mFrame=[720,0][720,1600], mVisible=true, mInsetsRoundedCornerFrame=false}, InsetsSource: {mType=ITYPE_TOP_MANDATORY_GESTURES, mFrame=[0,0][720,81], mVisible=true, mInsetsRoundedCornerFrame=false}, InsetsSource: {mType=ITYPE_BOTTOM_MANDATORY_GESTURES, mFrame=[0,1510][720,1600], mVisible=true, mInsetsRoundedCornerFrame=false}, InsetsSource: {mType=ITYPE_LEFT_DISPLAY_CUTOUT, mFrame=[0,0][-100000,1600], mVisible=true, mInsetsRoundedCornerFrame=false}, InsetsSource: {mType=ITYPE_TOP_DISPLAY_CUTOUT, mFrame=[0,0][720,58], mVisible=true, mInsetsRoundedCornerFrame=false}, InsetsSource: {mType=ITYPE_RIGHT_DISPLAY_CUTOUT, mFrame=[100000,0][720,1600], mVisible=true, mInsetsRoundedCornerFrame=false}, InsetsSource: {mType=ITYPE_BOTTOM_DISPLAY_CUTOUT, mFrame=[0,100000][720,1600], mVisible=true, mInsetsRoundedCornerFrame=false}, InsetsSource: {mType=ITYPE_BOTTOM_TAPPABLE_ELEMENT, mFrame=[0,1510][720,1600], mVisible=true, mInsetsRoundedCornerFrame=false} } host=Toast from=android.view.ViewRootImpl.setView:1732
04-13 16:06:46.126 31486 31486 I ViewRootImpl@f646ed6[Toast]: setView = androidx.cardview.widget.CardView@d7bd2f1 TM=true
04-13 16:06:46.130 31486 31486 I ViewRootImpl@f646ed6[Toast]: performTraversals params={(0,9)(wrapxwrap) gr=BOTTOM CENTER sim={adjust=resize} ty=TOAST fmt=TRANSLUCENT wanim=0x1030004 surfaceInsets=Rect(8, 8 - 8, 8)
04-13 16:06:46.130 31486 31486 I ViewRootImpl@f646ed6[Toast]:   fl=1000098
04-13 16:06:46.130 31486 31486 I ViewRootImpl@f646ed6[Toast]:   pfl=12000000
04-13 16:06:46.130 31486 31486 I ViewRootImpl@f646ed6[Toast]:   bhv=DEFAULT
04-13 16:06:46.130 31486 31486 I ViewRootImpl@f646ed6[Toast]:   fitTypes=STATUS_BARS NAVIGATION_BARS CAPTION_BAR
04-13 16:06:46.130 31486 31486 I ViewRootImpl@f646ed6[Toast]:   fitIgnoreVis naviIconColor=0}
04-13 16:06:46.131 31486 31486 I ViewRootImpl@f646ed6[Toast]: performTraversals mFirst=true windowShouldResize=false viewVisibilityChanged=false mForceNextWindowRelayout=false params={(0,9)(wrapxwrap) gr=BOTTOM CENTER sim={adjust=resize} ty=TOAST fmt=TRANSLUCENT wanim=0x1030004 surfaceInsets=Rect(8, 8 - 8, 8)
04-13 16:06:46.131 31486 31486 I ViewRootImpl@f646ed6[Toast]:   fl=1000098
04-13 16:06:46.131 31486 31486 I ViewRootImpl@f646ed6[Toast]:   pfl=12000000
04-13 16:06:46.131 31486 31486 I ViewRootImpl@f646ed6[Toast]:   bhv=DEFAULT
04-13 16:06:46.131 31486 31486 I ViewRootImpl@f646ed6[Toast]:   fitTypes=STATUS_BARS NAVIGATION_BARS CAPTION_BAR
04-13 16:06:46.131 31486 31486 I ViewRootImpl@f646ed6[Toast]:   fitIgnoreVis naviIconColor=0}
04-13 16:06:46.136 31486 31486 I ViewRootImpl@f646ed6[Toast]: updateBlastSurfaceIfNeeded mBlastBufferQueue=null isSameSurfaceControl=false
04-13 16:06:46.136 31486 31486 D BufferQueueConsumer: [](id:7afe00000030,api:0,p:-1,c:31486) connect: controlledByApp=false
04-13 16:06:46.137 31486 31486 I BLASTBufferQueue: new BLASTBufferQueue, mName= ViewRootImpl@f646ed6[Toast] mNativeObject= 0xb4000077c33eae00 sc.mNativeObject= 0xb4000077d4bd95a0 caller= android.view.ViewRootImpl.updateBlastSurfaceIfNeeded:2909 android.view.ViewRootImpl.relayoutWindow:9847 android.view.ViewRootImpl.performTraversals:3884 android.view.ViewRootImpl.doTraversal:3116 android.view.ViewRootImpl$TraversalRunnable.run:10885 android.view.Choreographer$CallbackRecord.run:1301 android.view.Choreographer$CallbackRecord.run:1309 android.view.Choreographer.doCallbacks:923 android.view.Choreographer.doFrame:852 android.view.Choreographer$FrameDisplayEventReceiver.run:1283 
04-13 16:06:46.137 31486 31486 I BLASTBufferQueue: update, w= 509 h= 129 mName = ViewRootImpl@f646ed6[Toast] mNativeObject= 0xb4000077c33eae00 sc.mNativeObject= 0xb4000077d4bd95a0 format= -3 caller= android.graphics.BLASTBufferQueue.<init>:84 android.view.ViewRootImpl.updateBlastSurfaceIfNeeded:2909 android.view.ViewRootImpl.relayoutWindow:9847 android.view.ViewRootImpl.performTraversals:3884 android.view.ViewRootImpl.doTraversal:3116 android.view.ViewRootImpl$TraversalRunnable.run:10885 
04-13 16:06:46.137 31486 31486 I ViewRootImpl@f646ed6[Toast]: Relayout returned: old=(0,58,720,1510) new=(113,1388,606,1501) req=(493,113)0 dur=5 res=0x3 s={true 0xb4000077a2adc800} ch=true seqId=0
04-13 16:06:46.138 31486 31486 I ViewRootImpl@f646ed6[Toast]: mThreadedRenderer.initialize() mSurface={isValid=true 0xb4000077a2adc800} hwInitialized=true
04-13 16:06:46.138 31486 31507 D OpenGLRenderer: eglCreateWindowSurface
04-13 16:06:46.139 31486 31486 I ViewRootImpl@f646ed6[Toast]: reportNextDraw android.view.ViewRootImpl.performTraversals:4438 android.view.ViewRootImpl.doTraversal:3116 android.view.ViewRootImpl$TraversalRunnable.run:10885 android.view.Choreographer$CallbackRecord.run:1301 android.view.Choreographer$CallbackRecord.run:1309 
04-13 16:06:46.139 31486 31486 I ViewRootImpl@f646ed6[Toast]: Setup new sync id=0
04-13 16:06:46.139 31486 31486 I ViewRootImpl@f646ed6[Toast]: Setting syncFrameCallback
04-13 16:06:46.139 31486 31486 I ViewRootImpl@f646ed6[Toast]: registerCallbacksForSync syncBuffer=false
04-13 16:06:46.140 31486 31568 I ViewRootImpl@f646ed6[Toast]: Received frameDrawingCallback syncResult=0 frameNum=1.
04-13 16:06:46.140 31486 31568 I ViewRootImpl@f646ed6[Toast]: Setting up sync and frameCommitCallback
04-13 16:06:46.144 31486 31507 I BLASTBufferQueue: [ViewRootImpl@f646ed6[Toast]#48](f:0,a:0) onFrameAvailable the first frame is available
04-13 16:06:46.144 31486 31507 I BLASTBufferQueue: [ViewRootImpl@f646ed6[Toast]#48](f:0,a:1) acquireNextBufferLocked size=509x129 mFrameNumber=1 applyTransaction=true mTimestamp=1486325931296437(auto) mPendingTransactions.size=0 graphicBufferId=135231340282115 transform=0
04-13 16:06:46.145 31486 31507 I ViewRootImpl@f646ed6[Toast]: Received frameCommittedCallback lastAttemptedDrawFrameNum=1 didProduceBuffer=true
04-13 16:06:46.145 31486 31507 D OpenGLRenderer: CFMS:: SetUp Pid : 31486    Tid : 31507
04-13 16:06:46.146 31486 31507 W Parcel  : Expecting binder but got null!
04-13 16:06:46.146 31486 31486 I ViewRootImpl@f646ed6[Toast]: onSyncComplete
04-13 16:06:46.146 31486 31486 I ViewRootImpl@f646ed6[Toast]: setupSync seqId=0 mSyncId=0 fn=1 caller=android.view.ViewRootImpl$$ExternalSyntheticLambda11.accept:6 android.window.SurfaceSyncer.lambda$setupSync$1$android-window-SurfaceSyncer:128 android.window.SurfaceSyncer$$ExternalSyntheticLambda1.accept:8 android.window.SurfaceSyncer$SyncSet.checkIfSyncIsComplete:382 android.window.SurfaceSyncer$SyncSet.markSyncReady:359 android.window.SurfaceSyncer.markSyncReady:151 android.view.ViewRootImpl.performTraversals:4503 
04-13 16:06:46.146 31486 31486 I ViewRootImpl@f646ed6[Toast]: reportDrawFinished seqId=0 mSyncId=-1 fn=1 mSurfaceChangedTransaction=0xb4000077a9514900
04-13 16:06:47.540 31486 31486 I ViewRootImpl@a2f93a6[MainActivity]: ViewPostIme pointer 0
04-13 16:06:47.596 31486 31486 I ViewRootImpl@a2f93a6[MainActivity]: ViewPostIme pointer 1
04-13 16:06:47.611 31486 31486 I IMM_LC  : hsifw() - flag : 0
04-13 16:06:47.611 31486 31486 I IMM_LC  : hsifw() - mService.hideSoftInput
04-13 16:06:48.387 31486 31486 I ViewRootImpl@a2f93a6[MainActivity]: ViewPostIme pointer 0
04-13 16:06:48.445 31486 31486 I ViewRootImpl@a2f93a6[MainActivity]: ViewPostIme pointer 1
04-13 16:06:49.620 31486 31507 D OpenGLRenderer: setSurface called with nullptr
04-13 16:06:49.620 31486 31507 D OpenGLRenderer: setSurface() destroyed EGLSurface
04-13 16:06:49.620 31486 31507 D OpenGLRenderer: destroyEglSurface
04-13 16:06:49.624 31486 31486 I ViewRootImpl@f646ed6[Toast]: dispatchDetachedFromWindow
04-13 16:06:49.624 31486 31486 I BLASTBufferQueue: [ViewRootImpl@f646ed6[Toast]#48](f:0,a:1) destructor()
04-13 16:06:49.625 31486 31486 D BufferQueueConsumer: [ViewRootImpl@f646ed6[Toast]#48(BLAST Consumer)48](id:7afe00000030,api:0,p:-1,c:31486) disconnect
04-13 16:06:49.636 31486 31486 D InputTransport: Input channel destroyed: '6332cab', fd=201
04-13 16:06:49.639 31486 31486 I ViewRootImpl@a2f93a6[MainActivity]: ViewPostIme pointer 0
04-13 16:06:49.721 31486 31486 I ViewRootImpl@a2f93a6[MainActivity]: ViewPostIme pointer 1
04-13 16:06:49.728 31486 31486 I Dialog  : mIsDeviceDefault = false, mIsSamsungBasicInteraction = false, isMetaDataInActivity = false
04-13 16:06:49.774 31486 31486 I DecorView: [INFO] isPopOver=false config=false
04-13 16:06:49.774 31486 31486 I DecorView: updateCaptionType: isFloating=false isApplication=true hasWindowDecorCaption=false this=DecorView@4768551[]
04-13 16:06:49.774 31486 31486 D DecorView: setCaptionType = 0, this = DecorView@4768551[]
04-13 16:06:49.775 31486 31486 I DecorView: getCurrentDensityDpi: from app context. densityDpi=300 msg=resources_loaded
04-13 16:06:49.775 31486 31486 I DecorView: setWindowBackground: isPopOver=false color=0 d=android.graphics.drawable.ColorDrawable@3ed7eb7
04-13 16:06:49.786 31486 31507 D NativeCustomFrequencyManager: [NativeCFMS] BpCustomFrequencyManager::BpCustomFrequencyManager()
04-13 16:06:49.787 31486 31486 I DecorView: notifyKeepScreenOnChanged: keepScreenOn=false
04-13 16:06:49.798 31486 31486 D InsetsController: onStateChanged: InsetsState: {mDisplayFrame=Rect(0, 0 - 720, 1600), mDisplayCutout=DisplayCutout{insets=Rect(0, 58 - 0, 0) waterfall=Insets{left=0, top=0, right=0, bottom=0} boundingRect={Bounds=[Rect(0, 0 - 0, 0), Rect(298, 0 - 422, 58), Rect(0, 0 - 0, 0), Rect(0, 0 - 0, 0)]} cutoutPathParserInfo={CutoutPathParserInfo{displayWidth=720 displayHeight=1600 physicalDisplayWidth=720 physicalDisplayHeight=1600 density={1.875} cutoutSpec={M62.05,0l-2.7,0l-2.7,0l-1.4,0.1L53.95,0.2l-1.3,0.2l-1.3,0.2L49.95,0.9l-1.3,0.4l-1.3,0.5l-1.2,0.6L44.95,3 l-1.1,0.7l-1,0.8l-1,0.9l-0.9,1l-0.8,1l-0.7,1.1l-0.7,1.2l-0.6,1.2l-0.5,1.3l-0.4,1.3l-0.4,1.3l-0.5,2.3l-0.4,2.3l-0.4,2.3L34.95,23.9 l-0.6,2.3l-0.7,2.2l-0.4,1.1L32.95,30.6l-0.5,1.1L31.95,32.7c-3.5,7.2-9.3,13.1-16.6,16.6c-17.7,8.5-38.9,1.1-47.4-16.6l-0.5-1.1 l-0.5-1.1l-0.4-1.1l-0.4-1.1l-0.7-2.2l-0.6-2.3l-0.5-2.3l-0.4-2.3l-0.4-2.3l-0.5-2.3l-0.4-1.3l-0.4-1.3L-38.15,11l-0.6-1.2l-0.7-1.2 L-40.05,7.5l-0.8-1l-0.9-1l-1-0.9l-1-0.8L-44.95,3l-1.2-0.6l-1.2-0.6l-1.3-0.5l-1.3-0.4l-1.3-0.3L-52.55,0.4L-53.95,0.2L-55.25,0.1L-56.65,0L-59.35,0 L-62.05,0Z} rotation={0} scale={1.0} physicalPixelDisplaySizeRatio={1.0}}}}, mRoundedCorners=RoundedCorners{[RoundedCorner{position=TopLeft, radius=60, center=Point(60, 60)}, RoundedCorner{position=TopRight, radius=60, center=Point(660, 60)}, RoundedCorner{position=BottomRight, radius=60, center=Point(660, 1540)}, RoundedCorner{position=BottomLeft, radius=60, center=Point(60, 1540)}]}  mRoundedCornerFrame=Rect(0, 0 - 720, 1600), mPrivacyIndicatorBounds=PrivacyIndicatorBounds {static bounds=Rect(637, 0 - 720, 58) rotation=0}, mSources= { InsetsSource: {mType=ITYPE_STATUS_BAR, mFrame=[0,0][720,58], mVisible=true, mInsetsRoundedCornerFrame=false}, InsetsSource: {mType=ITYPE_NAVIGATION_BAR, mFrame=[0,1510][720,1600], mVisible=true, mInsetsRoundedCornerFrame=false}, InsetsSource: {mType=ITYPE_LEFT_GESTURES, mFrame=[0,0][0,1600], mVisible=true, mInsetsRoundedCornerFrame=false}, InsetsSource: {mType=ITYPE_RIGHT_GESTURES, mFrame=[720,0][720,1600], mVisible=true, mInsetsRoundedCornerFrame=false}, InsetsSource: {mType=ITYPE_TOP_MANDATORY_GESTURES, mFrame=[0,0][720,81], mVisible=true, mInsetsRoundedCornerFrame=false}, InsetsSource: {mType=ITYPE_BOTTOM_MANDATORY_GESTURES, mFrame=[0,1510][720,1600], mVisible=true, mInsetsRoundedCornerFrame=false}, InsetsSource: {mType=ITYPE_LEFT_DISPLAY_CUTOUT, mFrame=[0,0][-100000,1600], mVisible=true, mInsetsRoundedCornerFrame=false}, InsetsSource: {mType=ITYPE_TOP_DISPLAY_CUTOUT, mFrame=[0,0][720,58], mVisible=true, mInsetsRoundedCornerFrame=false}, InsetsSource: {mType=ITYPE_RIGHT_DISPLAY_CUTOUT, mFrame=[100000,0][720,1600], mVisible=true, mInsetsRoundedCornerFrame=false}, InsetsSource: {mType=ITYPE_BOTTOM_DISPLAY_CUTOUT, mFrame=[0,100000][720,1600], mVisible=true, mInsetsRoundedCornerFrame=false}, InsetsSource: {mType=ITYPE_TOP_TAPPABLE_ELEMENT, mFrame=[0,0][720,58], mVisible=true, mInsetsRoundedCornerFrame=false}, InsetsSource: {mType=ITYPE_BOTTOM_TAPPABLE_ELEMENT, mFrame=[0,1510][720,1600], mVisible=true, mInsetsRoundedCornerFrame=false}, InsetsSource: {mType=ITYPE_IME, mFrame=[0,0][0,0], mVisibleFrame=[0,988][720,1600], mVisible=false, mInsetsRoundedCornerFrame=false} } host=com.lagradost.cloudstream3/com.lagradost.cloudstream3.MainActivity from=android.view.ViewRootImpl.setView:1732
04-13 16:06:49.799 31486 31486 I ViewRootImpl@85955cb[MainActivity]: setView = com.android.internal.policy.DecorView@4768551 TM=true
04-13 16:06:49.832 31486 31486 W OnBackInvokedCallback: OnBackInvokedCallback is not enabled for the application.
04-13 16:06:49.832 31486 31486 W OnBackInvokedCallback: Set 'android:enableOnBackInvokedCallback="true"' in the application manifest.
04-13 16:06:49.846 31486 31486 I ViewRootImpl@85955cb[MainActivity]: performTraversals params={(0,0)(fillxfill) gr=CENTER sim={adjust=resize forwardNavigation} ty=APPLICATION fmt=TRANSPARENT wanim=0x7f15000b
04-13 16:06:49.846 31486 31486 I ViewRootImpl@85955cb[MainActivity]:   fl=85810100
04-13 16:06:49.846 31486 31486 I ViewRootImpl@85955cb[MainActivity]:   pfl=12020040
04-13 16:06:49.846 31486 31486 I ViewRootImpl@85955cb[MainActivity]:   vsysui=500
04-13 16:06:49.846 31486 31486 I ViewRootImpl@85955cb[MainActivity]:   bhv=DEFAULT
04-13 16:06:49.846 31486 31486 I ViewRootImpl@85955cb[MainActivity]:   fitSides= naviIconColor=0}
04-13 16:06:49.846 31486 31486 I ViewRootImpl@85955cb[MainActivity]: performTraversals mFirst=true windowShouldResize=true viewVisibilityChanged=false mForceNextWindowRelayout=false params={(0,0)(fillxfill) gr=CENTER sim={adjust=resize forwardNavigation} ty=APPLICATION fmt=TRANSPARENT wanim=0x7f15000b
04-13 16:06:49.846 31486 31486 I ViewRootImpl@85955cb[MainActivity]:   fl=85810100
04-13 16:06:49.846 31486 31486 I ViewRootImpl@85955cb[MainActivity]:   pfl=12020040
04-13 16:06:49.846 31486 31486 I ViewRootImpl@85955cb[MainActivity]:   vsysui=500
04-13 16:06:49.846 31486 31486 I ViewRootImpl@85955cb[MainActivity]:   bhv=DEFAULT
04-13 16:06:49.846 31486 31486 I ViewRootImpl@85955cb[MainActivity]:   fitSides= naviIconColor=0}
04-13 16:06:49.853 31486 31486 I ViewRootImpl@85955cb[MainActivity]: updateBlastSurfaceIfNeeded mBlastBufferQueue=null isSameSurfaceControl=false
04-13 16:06:49.853 31486 31486 D BufferQueueConsumer: [](id:7afe00000031,api:0,p:-1,c:31486) connect: controlledByApp=false
04-13 16:06:49.854 31486 31486 I BLASTBufferQueue: new BLASTBufferQueue, mName= ViewRootImpl@85955cb[MainActivity] mNativeObject= 0xb40000777f1d6d80 sc.mNativeObject= 0xb40000777ee3c280 caller= android.view.ViewRootImpl.updateBlastSurfaceIfNeeded:2909 android.view.ViewRootImpl.relayoutWindow:9847 android.view.ViewRootImpl.performTraversals:3884 android.view.ViewRootImpl.doTraversal:3116 android.view.ViewRootImpl$TraversalRunnable.run:10885 android.view.Choreographer$CallbackRecord.run:1301 android.view.Choreographer$CallbackRecord.run:1309 android.view.Choreographer.doCallbacks:923 android.view.Choreographer.doFrame:852 android.view.Choreographer$FrameDisplayEventReceiver.run:1283 
04-13 16:06:49.854 31486 31486 I BLASTBufferQueue: update, w= 720 h= 1600 mName = ViewRootImpl@85955cb[MainActivity] mNativeObject= 0xb40000777f1d6d80 sc.mNativeObject= 0xb40000777ee3c280 format= -2 caller= android.graphics.BLASTBufferQueue.<init>:84 android.view.ViewRootImpl.updateBlastSurfaceIfNeeded:2909 android.view.ViewRootImpl.relayoutWindow:9847 android.view.ViewRootImpl.performTraversals:3884 android.view.ViewRootImpl.doTraversal:3116 android.view.ViewRootImpl$TraversalRunnable.run:10885 
04-13 16:06:49.854 31486 31486 I ViewRootImpl@85955cb[MainActivity]: Relayout returned: old=(0,0,720,1600) new=(0,0,720,1600) req=(720,1600)0 dur=7 res=0x3 s={true 0xb4000077a2adc800} ch=true seqId=0
04-13 16:06:49.855 31486 31486 I ViewRootImpl@85955cb[MainActivity]: mThreadedRenderer.initialize() mSurface={isValid=true 0xb4000077a2adc800} hwInitialized=true
04-13 16:06:49.855 31486 31507 D OpenGLRenderer: eglCreateWindowSurface
04-13 16:06:49.885 31486 31486 D AbsListView:  in onLayout changed 
04-13 16:06:49.888 31486 31486 I ViewRootImpl@85955cb[MainActivity]: reportNextDraw android.view.ViewRootImpl.performTraversals:4438 android.view.ViewRootImpl.doTraversal:3116 android.view.ViewRootImpl$TraversalRunnable.run:10885 android.view.Choreographer$CallbackRecord.run:1301 android.view.Choreographer$CallbackRecord.run:1309 
04-13 16:06:49.888 31486 31486 I ViewRootImpl@85955cb[MainActivity]: Setup new sync id=0
04-13 16:06:49.888 31486 31486 I ViewRootImpl@85955cb[MainActivity]: Setting syncFrameCallback
04-13 16:06:49.888 31486 31486 I ViewRootImpl@85955cb[MainActivity]: registerCallbacksForSync syncBuffer=false
04-13 16:06:49.895 31486 31569 I ViewRootImpl@85955cb[MainActivity]: Received frameDrawingCallback syncResult=0 frameNum=1.
04-13 16:06:49.895 31486 31569 I ViewRootImpl@85955cb[MainActivity]: Setting up sync and frameCommitCallback
04-13 16:06:49.909 31486 31507 I BLASTBufferQueue: [ViewRootImpl@85955cb[MainActivity]#49](f:0,a:0) onFrameAvailable the first frame is available
04-13 16:06:49.909 31486 31507 I BLASTBufferQueue: [ViewRootImpl@85955cb[MainActivity]#49](f:0,a:1) acquireNextBufferLocked size=720x1600 mFrameNumber=1 applyTransaction=true mTimestamp=1486329696100822(auto) mPendingTransactions.size=0 graphicBufferId=135231340282120 transform=0
04-13 16:06:49.909 31486 31507 I ViewRootImpl@85955cb[MainActivity]: Received frameCommittedCallback lastAttemptedDrawFrameNum=1 didProduceBuffer=true
04-13 16:06:49.910 31486 31507 D OpenGLRenderer: CFMS:: SetUp Pid : 31486    Tid : 31507
04-13 16:06:49.910 31486 31507 W Parcel  : Expecting binder but got null!
04-13 16:06:49.910 31486 31486 I ViewRootImpl@85955cb[MainActivity]: onSyncComplete
04-13 16:06:49.911 31486 31486 I ViewRootImpl@85955cb[MainActivity]: setupSync seqId=0 mSyncId=0 fn=1 caller=android.view.ViewRootImpl$$ExternalSyntheticLambda11.accept:6 android.window.SurfaceSyncer.lambda$setupSync$1$android-window-SurfaceSyncer:128 android.window.SurfaceSyncer$$ExternalSyntheticLambda1.accept:8 android.window.SurfaceSyncer$SyncSet.checkIfSyncIsComplete:382 android.window.SurfaceSyncer$SyncSet.markSyncReady:359 android.window.SurfaceSyncer.markSyncReady:151 android.view.ViewRootImpl.performTraversals:4503 
04-13 16:06:49.912 31486 31486 I ViewRootImpl@85955cb[MainActivity]: reportDrawFinished seqId=0 mSyncId=-1 fn=1 mSurfaceChangedTransaction=0xb4000077d3953a00
04-13 16:06:49.927 31486 31486 I ViewRootImpl@a2f93a6[MainActivity]: MSG_WINDOW_FOCUS_CHANGED 0 0
04-13 16:06:49.959 31486 31486 I ViewRootImpl@85955cb[MainActivity]: MSG_WINDOW_FOCUS_CHANGED 1 0
04-13 16:06:49.959 31486 31486 I ViewRootImpl@85955cb[MainActivity]: mThreadedRenderer.initializeIfNeeded()#2 mSurface={isValid=true 0xb4000077a2adc800}
04-13 16:06:49.960 31486 31486 D InputMethodManager: startInputInner - Id : 0
04-13 16:06:49.960 31486 31486 I InputMethodManager: startInputInner - mService.startInputOrWindowGainedFocus
04-13 16:06:51.268 31486 31486 I ViewRootImpl@85955cb[MainActivity]: ViewPostIme pointer 0
04-13 16:06:51.433 31486 31486 I ViewRootImpl@85955cb[MainActivity]: ViewPostIme pointer 1
04-13 16:06:51.434 31486 31486 D AbsListView: onTouchUp() mTouchMode : 1
04-13 16:06:51.500 31486 31486 I MSHandlerLifeCycle: removeMultiSplitHandler: no exist. decor=DecorView@4768551[MainActivity]
04-13 16:06:51.501 31486 31507 D OpenGLRenderer: setSurface called with nullptr
04-13 16:06:51.501 31486 31507 D OpenGLRenderer: setSurface() destroyed EGLSurface
04-13 16:06:51.501 31486 31507 D OpenGLRenderer: destroyEglSurface
04-13 16:06:51.505 31486 31507 D OpenGLRenderer: endAllActiveAnimators on 0xb40000777f1e4f00 (MaterialTextView) with handle 0xb4000078747c5ae0
04-13 16:06:51.505 31486 31486 I ViewRootImpl@85955cb[MainActivity]: dispatchDetachedFromWindow
04-13 16:06:51.505 31486 31486 I BLASTBufferQueue: [ViewRootImpl@85955cb[MainActivity]#49](f:0,a:1) destructor()
04-13 16:06:51.505 31486 31486 D BufferQueueConsumer: [ViewRootImpl@85955cb[MainActivity]#49(BLAST Consumer)49](id:7afe00000031,api:0,p:-1,c:31486) disconnect
04-13 16:06:51.519 31486 31486 D InputTransport: Input channel destroyed: '3823667', fd=522
