04-05 12:03:59.649 30040 30040 I ViewRootImpl@96a8cf7[MainActivity]: applyTransactionOnDraw: mRemoved = false isHardwareEnabled = true t = 0xb4000077a0611a00android.view.SurfaceView.applyTransactionOnVriDraw:2048 android.view.SurfaceView.performSurfaceTransaction:959 android.view.SurfaceView.updateSurface:1105 android.view.SurfaceView.lambda$new$0$android-view-SurfaceView:200 android.view.SurfaceView$$ExternalSyntheticLambda5.onPreDraw:2 
04-05 12:03:59.649 30040 30040 I SurfaceView@3415ff3: updateSurface: mVisible = true mSurface.isValid() = true
04-05 12:03:59.649 30040 30040 I SurfaceView@3415ff3: updateSurface: mSurfaceCreated = true surfaceChanged = false visibleChanged = false
04-05 12:03:59.649 30040 30040 V SurfaceView@3415ff3: Layout: x=0 y=-419 w=720 h=375, frame=Rect(0, 0 - 720, 375)
04-05 12:03:59.651 30040 30132 D SurfaceView@3415ff3: updateSurfacePosition RenderWorker, frameNr = 892, position = [0, -419, 720, -44] surfaceSize = 720x375
04-05 12:03:59.651 30040 30132 I SurfaceView@3415ff3: uSP: rtp = Rect(0, -419 - 720, -44) rtsw = 720 rtsh = 375
04-05 12:03:59.651 30040 30132 I SurfaceView@3415ff3: onSSPAndSRT: pl = 0 pt = -419 sx = 1.0 sy = 1.0
04-05 12:03:59.651 30040 30132 I SurfaceView@3415ff3: aOrMT: ViewRootImpl@96a8cf7[MainActivity] t = android.view.SurfaceControl$Transaction@fc6f4d6 fN = 892 android.view.SurfaceView.-$$Nest$mapplyOrMergeTransaction:0 android.view.SurfaceView$SurfaceViewPositionUpdateListener.positionChanged:1537 android.graphics.RenderNode$CompositePositionUpdateListener.positionChanged:373 
04-05 12:03:59.651 30040 30132 I ViewRootImpl@96a8cf7[MainActivity]: mWNT: t=0xb4000077a057ba00 mBlastBufferQueue=0xb4000077c5424700 fn= 892 caller= android.view.SurfaceView.applyOrMergeTransaction:1455 android.view.SurfaceView.-$$Nest$mapplyOrMergeTransaction:0 android.view.SurfaceView$SurfaceViewPositionUpdateListener.positionChanged:1537 
04-05 12:03:59.651 30040 30131 I ViewRootImpl@96a8cf7[MainActivity]: mWNT: t=0xb4000077a0611a00 mBlastBufferQueue=0xb4000077c5424700 fn= 892 caller= android.view.ViewRootImpl.lambda$applyTransactionOnDraw$11$android-view-ViewRootImpl:12865 android.view.ViewRootImpl$$ExternalSyntheticLambda1.onFrameDraw:4 android.graphics.HardwareRenderer$FrameDrawingCallback.onFrameDraw:924 
04-05 12:03:59.665 30040 30040 I SurfaceView@3415ff3: Changes: creating=false format=false size=false visible=false alpha=false hint=false mUseAlpha=false visible=false left=false top=true
04-05 12:03:59.665 30040 30040 I SurfaceView@3415ff3: 54616051 Cur surface: Surface(name=null)/@0x26bda7b
04-05 12:03:59.665 30040 30040 I SurfaceView@3415ff3: applyTransactionOnVriDraw: vri = ViewRootImpl@96a8cf7[MainActivity] fRS = false t = 0xb4000077a0611b00 android.view.SurfaceView.performSurfaceTransaction:959 android.view.SurfaceView.updateSurface:1105 android.view.SurfaceView.lambda$new$0$android-view-SurfaceView:200 
04-05 12:03:59.665 30040 30040 I ViewRootImpl@96a8cf7[MainActivity]: applyTransactionOnDraw: mRemoved = false isHardwareEnabled = true t = 0xb4000077a0611b00android.view.SurfaceView.applyTransactionOnVriDraw:2048 android.view.SurfaceView.performSurfaceTransaction:959 android.view.SurfaceView.updateSurface:1105 android.view.SurfaceView.lambda$new$0$android-view-SurfaceView:200 android.view.SurfaceView$$ExternalSyntheticLambda5.onPreDraw:2 
04-05 12:03:59.666 30040 30040 I SurfaceView@3415ff3: updateSurface: mVisible = true mSurface.isValid() = true
04-05 12:03:59.666 30040 30040 I SurfaceView@3415ff3: updateSurface: mSurfaceCreated = true surfaceChanged = false visibleChanged = false
04-05 12:03:59.666 30040 30040 V SurfaceView@3415ff3: Layout: x=0 y=-415 w=720 h=375, frame=Rect(0, 0 - 720, 375)
04-05 12:03:59.667 30040 30132 D SurfaceView@3415ff3: updateSurfacePosition RenderWorker, frameNr = 893, position = [0, -415, 720, -40] surfaceSize = 720x375
04-05 12:03:59.667 30040 30132 I SurfaceView@3415ff3: uSP: rtp = Rect(0, -415 - 720, -40) rtsw = 720 rtsh = 375
04-05 12:03:59.667 30040 30132 I SurfaceView@3415ff3: onSSPAndSRT: pl = 0 pt = -415 sx = 1.0 sy = 1.0
04-05 12:03:59.667 30040 30132 I SurfaceView@3415ff3: aOrMT: ViewRootImpl@96a8cf7[MainActivity] t = android.view.SurfaceControl$Transaction@fc6f4d6 fN = 893 android.view.SurfaceView.-$$Nest$mapplyOrMergeTransaction:0 android.view.SurfaceView$SurfaceViewPositionUpdateListener.positionChanged:1537 android.graphics.RenderNode$CompositePositionUpdateListener.positionChanged:373 
04-05 12:03:59.667 30040 30132 I ViewRootImpl@96a8cf7[MainActivity]: mWNT: t=0xb4000077a057ba00 mBlastBufferQueue=0xb4000077c5424700 fn= 893 caller= android.view.SurfaceView.applyOrMergeTransaction:1455 android.view.SurfaceView.-$$Nest$mapplyOrMergeTransaction:0 android.view.SurfaceView$SurfaceViewPositionUpdateListener.positionChanged:1537 
04-05 12:03:59.668 30040 30132 I ViewRootImpl@96a8cf7[MainActivity]: mWNT: t=0xb4000077a0611b00 mBlastBufferQueue=0xb4000077c5424700 fn= 893 caller= android.view.ViewRootImpl.lambda$applyTransactionOnDraw$11$android-view-ViewRootImpl:12865 android.view.ViewRootImpl$$ExternalSyntheticLambda1.onFrameDraw:4 android.graphics.HardwareRenderer$FrameDrawingCallback.onFrameDraw:924 
04-05 12:03:59.681 30040 30040 I SurfaceView@3415ff3: Changes: creating=false format=false size=false visible=false alpha=false hint=false mUseAlpha=false visible=false left=false top=true
04-05 12:03:59.682 30040 30040 I SurfaceView@3415ff3: 54616051 Cur surface: Surface(name=null)/@0x26bda7b
04-05 12:03:59.682 30040 30040 I SurfaceView@3415ff3: applyTransactionOnVriDraw: vri = ViewRootImpl@96a8cf7[MainActivity] fRS = false t = 0xb4000077a0611c00 android.view.SurfaceView.performSurfaceTransaction:959 android.view.SurfaceView.updateSurface:1105 android.view.SurfaceView.lambda$new$0$android-view-SurfaceView:200 
04-05 12:03:59.682 30040 30040 I ViewRootImpl@96a8cf7[MainActivity]: applyTransactionOnDraw: mRemoved = false isHardwareEnabled = true t = 0xb4000077a0611c00android.view.SurfaceView.applyTransactionOnVriDraw:2048 android.view.SurfaceView.performSurfaceTransaction:959 android.view.SurfaceView.updateSurface:1105 android.view.SurfaceView.lambda$new$0$android-view-SurfaceView:200 android.view.SurfaceView$$ExternalSyntheticLambda5.onPreDraw:2 
04-05 12:03:59.682 30040 30040 I SurfaceView@3415ff3: updateSurface: mVisible = true mSurface.isValid() = true
04-05 12:03:59.682 30040 30040 I SurfaceView@3415ff3: updateSurface: mSurfaceCreated = true surfaceChanged = false visibleChanged = false
04-05 12:03:59.682 30040 30040 V SurfaceView@3415ff3: Layout: x=0 y=-412 w=720 h=375, frame=Rect(0, 0 - 720, 375)
04-05 12:03:59.683 30040 30131 D SurfaceView@3415ff3: updateSurfacePosition RenderWorker, frameNr = 894, position = [0, -412, 720, -37] surfaceSize = 720x375
04-05 12:03:59.683 30040 30131 I SurfaceView@3415ff3: uSP: rtp = Rect(0, -412 - 720, -37) rtsw = 720 rtsh = 375
04-05 12:03:59.683 30040 30131 I SurfaceView@3415ff3: onSSPAndSRT: pl = 0 pt = -412 sx = 1.0 sy = 1.0
04-05 12:03:59.683 30040 30131 I SurfaceView@3415ff3: aOrMT: ViewRootImpl@96a8cf7[MainActivity] t = android.view.SurfaceControl$Transaction@fc6f4d6 fN = 894 android.view.SurfaceView.-$$Nest$mapplyOrMergeTransaction:0 android.view.SurfaceView$SurfaceViewPositionUpdateListener.positionChanged:1537 android.graphics.RenderNode$CompositePositionUpdateListener.positionChanged:373 
04-05 12:03:59.684 30040 30131 I ViewRootImpl@96a8cf7[MainActivity]: mWNT: t=0xb4000077a057ba00 mBlastBufferQueue=0xb4000077c5424700 fn= 894 caller= android.view.SurfaceView.applyOrMergeTransaction:1455 android.view.SurfaceView.-$$Nest$mapplyOrMergeTransaction:0 android.view.SurfaceView$SurfaceViewPositionUpdateListener.positionChanged:1537 
04-05 12:03:59.684 30040 30131 I ViewRootImpl@96a8cf7[MainActivity]: mWNT: t=0xb4000077a0611c00 mBlastBufferQueue=0xb4000077c5424700 fn= 894 caller= android.view.ViewRootImpl.lambda$applyTransactionOnDraw$11$android-view-ViewRootImpl:12865 android.view.ViewRootImpl$$ExternalSyntheticLambda1.onFrameDraw:4 android.graphics.HardwareRenderer$FrameDrawingCallback.onFrameDraw:924 
04-05 12:03:59.715 30040 30040 I SurfaceView@3415ff3: Changes: creating=false format=false size=false visible=false alpha=false hint=false mUseAlpha=false visible=false left=false top=true
04-05 12:03:59.715 30040 30040 I SurfaceView@3415ff3: 54616051 Cur surface: Surface(name=null)/@0x26bda7b
04-05 12:03:59.715 30040 30040 I SurfaceView@3415ff3: applyTransactionOnVriDraw: vri = ViewRootImpl@96a8cf7[MainActivity] fRS = false t = 0xb4000077a0611d00 android.view.SurfaceView.performSurfaceTransaction:959 android.view.SurfaceView.updateSurface:1105 android.view.SurfaceView.lambda$new$0$android-view-SurfaceView:200 
04-05 12:03:59.716 30040 30040 I ViewRootImpl@96a8cf7[MainActivity]: applyTransactionOnDraw: mRemoved = false isHardwareEnabled = true t = 0xb4000077a0611d00android.view.SurfaceView.applyTransactionOnVriDraw:2048 android.view.SurfaceView.performSurfaceTransaction:959 android.view.SurfaceView.updateSurface:1105 android.view.SurfaceView.lambda$new$0$android-view-SurfaceView:200 android.view.SurfaceView$$ExternalSyntheticLambda5.onPreDraw:2 
04-05 12:03:59.716 30040 30040 I SurfaceView@3415ff3: updateSurface: mVisible = true mSurface.isValid() = true
04-05 12:03:59.716 30040 30040 I SurfaceView@3415ff3: updateSurface: mSurfaceCreated = true surfaceChanged = false visibleChanged = false
04-05 12:03:59.716 30040 30040 V SurfaceView@3415ff3: Layout: x=0 y=-413 w=720 h=375, frame=Rect(0, 0 - 720, 375)
04-05 12:03:59.717 30040 30132 D SurfaceView@3415ff3: updateSurfacePosition RenderWorker, frameNr = 896, position = [0, -413, 720, -38] surfaceSize = 720x375
04-05 12:03:59.717 30040 30132 I SurfaceView@3415ff3: uSP: rtp = Rect(0, -413 - 720, -38) rtsw = 720 rtsh = 375
04-05 12:03:59.717 30040 30132 I SurfaceView@3415ff3: onSSPAndSRT: pl = 0 pt = -413 sx = 1.0 sy = 1.0
04-05 12:03:59.717 30040 30132 I SurfaceView@3415ff3: aOrMT: ViewRootImpl@96a8cf7[MainActivity] t = android.view.SurfaceControl$Transaction@fc6f4d6 fN = 896 android.view.SurfaceView.-$$Nest$mapplyOrMergeTransaction:0 android.view.SurfaceView$SurfaceViewPositionUpdateListener.positionChanged:1537 android.graphics.RenderNode$CompositePositionUpdateListener.positionChanged:373 
04-05 12:03:59.717 30040 30132 I ViewRootImpl@96a8cf7[MainActivity]: mWNT: t=0xb4000077a057ba00 mBlastBufferQueue=0xb4000077c5424700 fn= 896 caller= android.view.SurfaceView.applyOrMergeTransaction:1455 android.view.SurfaceView.-$$Nest$mapplyOrMergeTransaction:0 android.view.SurfaceView$SurfaceViewPositionUpdateListener.positionChanged:1537 
04-05 12:03:59.717 30040 30132 I ViewRootImpl@96a8cf7[MainActivity]: mWNT: t=0xb4000077a0611d00 mBlastBufferQueue=0xb4000077c5424700 fn= 896 caller= android.view.ViewRootImpl.lambda$applyTransactionOnDraw$11$android-view-ViewRootImpl:12865 android.view.ViewRootImpl$$ExternalSyntheticLambda1.onFrameDraw:4 android.graphics.HardwareRenderer$FrameDrawingCallback.onFrameDraw:924 
04-05 12:03:59.731 30040 30040 I SurfaceView@3415ff3: Changes: creating=false format=false size=false visible=false alpha=false hint=false mUseAlpha=false visible=false left=false top=true
04-05 12:03:59.731 30040 30040 I SurfaceView@3415ff3: 54616051 Cur surface: Surface(name=null)/@0x26bda7b
04-05 12:03:59.732 30040 30040 I SurfaceView@3415ff3: applyTransactionOnVriDraw: vri = ViewRootImpl@96a8cf7[MainActivity] fRS = false t = 0xb4000077a0611e00 android.view.SurfaceView.performSurfaceTransaction:959 android.view.SurfaceView.updateSurface:1105 android.view.SurfaceView.lambda$new$0$android-view-SurfaceView:200 
04-05 12:03:59.732 30040 30040 I ViewRootImpl@96a8cf7[MainActivity]: applyTransactionOnDraw: mRemoved = false isHardwareEnabled = true t = 0xb4000077a0611e00android.view.SurfaceView.applyTransactionOnVriDraw:2048 android.view.SurfaceView.performSurfaceTransaction:959 android.view.SurfaceView.updateSurface:1105 android.view.SurfaceView.lambda$new$0$android-view-SurfaceView:200 android.view.SurfaceView$$ExternalSyntheticLambda5.onPreDraw:2 
04-05 12:03:59.732 30040 30040 I SurfaceView@3415ff3: updateSurface: mVisible = true mSurface.isValid() = true
04-05 12:03:59.732 30040 30040 I SurfaceView@3415ff3: updateSurface: mSurfaceCreated = true surfaceChanged = false visibleChanged = false
04-05 12:03:59.732 30040 30040 V SurfaceView@3415ff3: Layout: x=0 y=-425 w=720 h=375, frame=Rect(0, 0 - 720, 375)
04-05 12:03:59.734 30040 30131 D SurfaceView@3415ff3: updateSurfacePosition RenderWorker, frameNr = 897, position = [0, -425, 720, -50] surfaceSize = 720x375
04-05 12:03:59.734 30040 30131 I SurfaceView@3415ff3: uSP: rtp = Rect(0, -425 - 720, -50) rtsw = 720 rtsh = 375
04-05 12:03:59.734 30040 30131 I SurfaceView@3415ff3: onSSPAndSRT: pl = 0 pt = -425 sx = 1.0 sy = 1.0
04-05 12:03:59.734 30040 30131 I SurfaceView@3415ff3: aOrMT: ViewRootImpl@96a8cf7[MainActivity] t = android.view.SurfaceControl$Transaction@fc6f4d6 fN = 897 android.view.SurfaceView.-$$Nest$mapplyOrMergeTransaction:0 android.view.SurfaceView$SurfaceViewPositionUpdateListener.positionChanged:1537 android.graphics.RenderNode$CompositePositionUpdateListener.positionChanged:373 
04-05 12:03:59.734 30040 30131 I ViewRootImpl@96a8cf7[MainActivity]: mWNT: t=0xb4000077a057ba00 mBlastBufferQueue=0xb4000077c5424700 fn= 897 caller= android.view.SurfaceView.applyOrMergeTransaction:1455 android.view.SurfaceView.-$$Nest$mapplyOrMergeTransaction:0 android.view.SurfaceView$SurfaceViewPositionUpdateListener.positionChanged:1537 
04-05 12:03:59.735 30040 30132 I ViewRootImpl@96a8cf7[MainActivity]: mWNT: t=0xb4000077a0611e00 mBlastBufferQueue=0xb4000077c5424700 fn= 897 caller= android.view.ViewRootImpl.lambda$applyTransactionOnDraw$11$android-view-ViewRootImpl:12865 android.view.ViewRootImpl$$ExternalSyntheticLambda1.onFrameDraw:4 android.graphics.HardwareRenderer$FrameDrawingCallback.onFrameDraw:924 
04-05 12:03:59.748 30040 30040 I SurfaceView@3415ff3: Changes: creating=false format=false size=false visible=false alpha=false hint=false mUseAlpha=false visible=false left=false top=true
04-05 12:03:59.748 30040 30040 I SurfaceView@3415ff3: 54616051 Cur surface: Surface(name=null)/@0x26bda7b
04-05 12:03:59.748 30040 30040 I SurfaceView@3415ff3: applyTransactionOnVriDraw: vri = ViewRootImpl@96a8cf7[MainActivity] fRS = false t = 0xb4000077a0611f00 android.view.SurfaceView.performSurfaceTransaction:959 android.view.SurfaceView.updateSurface:1105 android.view.SurfaceView.lambda$new$0$android-view-SurfaceView:200 
04-05 12:03:59.749 30040 30040 I ViewRootImpl@96a8cf7[MainActivity]: applyTransactionOnDraw: mRemoved = false isHardwareEnabled = true t = 0xb4000077a0611f00android.view.SurfaceView.applyTransactionOnVriDraw:2048 android.view.SurfaceView.performSurfaceTransaction:959 android.view.SurfaceView.updateSurface:1105 android.view.SurfaceView.lambda$new$0$android-view-SurfaceView:200 android.view.SurfaceView$$ExternalSyntheticLambda5.onPreDraw:2 
04-05 12:03:59.749 30040 30040 I SurfaceView@3415ff3: updateSurface: mVisible = true mSurface.isValid() = true
04-05 12:03:59.749 30040 30040 I SurfaceView@3415ff3: updateSurface: mSurfaceCreated = true surfaceChanged = false visibleChanged = false
04-05 12:03:59.749 30040 30040 V SurfaceView@3415ff3: Layout: x=0 y=-449 w=720 h=375, frame=Rect(0, 0 - 720, 375)
04-05 12:03:59.750 30040 30131 D SurfaceView@3415ff3: updateSurfacePosition RenderWorker, frameNr = 898, position = [0, -449, 720, -74] surfaceSize = 720x375
04-05 12:03:59.750 30040 30131 I SurfaceView@3415ff3: uSP: rtp = Rect(0, -449 - 720, -74) rtsw = 720 rtsh = 375
04-05 12:03:59.750 30040 30131 I SurfaceView@3415ff3: onSSPAndSRT: pl = 0 pt = -449 sx = 1.0 sy = 1.0
04-05 12:03:59.750 30040 30131 I SurfaceView@3415ff3: aOrMT: ViewRootImpl@96a8cf7[MainActivity] t = android.view.SurfaceControl$Transaction@fc6f4d6 fN = 898 android.view.SurfaceView.-$$Nest$mapplyOrMergeTransaction:0 android.view.SurfaceView$SurfaceViewPositionUpdateListener.positionChanged:1537 android.graphics.RenderNode$CompositePositionUpdateListener.positionChanged:373 
04-05 12:03:59.750 30040 30131 I ViewRootImpl@96a8cf7[MainActivity]: mWNT: t=0xb4000077a057ba00 mBlastBufferQueue=0xb4000077c5424700 fn= 898 caller= android.view.SurfaceView.applyOrMergeTransaction:1455 android.view.SurfaceView.-$$Nest$mapplyOrMergeTransaction:0 android.view.SurfaceView$SurfaceViewPositionUpdateListener.positionChanged:1537 
04-05 12:03:59.751 30040 30132 I ViewRootImpl@96a8cf7[MainActivity]: mWNT: t=0xb4000077a0611f00 mBlastBufferQueue=0xb4000077c5424700 fn= 898 caller= android.view.ViewRootImpl.lambda$applyTransactionOnDraw$11$android-view-ViewRootImpl:12865 android.view.ViewRootImpl$$ExternalSyntheticLambda1.onFrameDraw:4 android.graphics.HardwareRenderer$FrameDrawingCallback.onFrameDraw:924 
04-05 12:03:59.765 30040 30040 I SurfaceView@3415ff3: Changes: creating=false format=false size=false visible=false alpha=false hint=false mUseAlpha=false visible=false left=false top=true
04-05 12:03:59.765 30040 30040 I SurfaceView@3415ff3: 54616051 Cur surface: Surface(name=null)/@0x26bda7b
04-05 12:03:59.765 30040 30040 I SurfaceView@3415ff3: applyTransactionOnVriDraw: vri = ViewRootImpl@96a8cf7[MainActivity] fRS = false t = 0xb40000779f48f000 android.view.SurfaceView.performSurfaceTransaction:959 android.view.SurfaceView.updateSurface:1105 android.view.SurfaceView.lambda$new$0$android-view-SurfaceView:200 
04-05 12:03:59.765 30040 30040 I ViewRootImpl@96a8cf7[MainActivity]: applyTransactionOnDraw: mRemoved = false isHardwareEnabled = true t = 0xb40000779f48f000android.view.SurfaceView.applyTransactionOnVriDraw:2048 android.view.SurfaceView.performSurfaceTransaction:959 android.view.SurfaceView.updateSurface:1105 android.view.SurfaceView.lambda$new$0$android-view-SurfaceView:200 android.view.SurfaceView$$ExternalSyntheticLambda5.onPreDraw:2 
04-05 12:03:59.765 30040 30040 I SurfaceView@3415ff3: updateSurface: mVisible = true mSurface.isValid() = true
04-05 12:03:59.765 30040 30040 I SurfaceView@3415ff3: updateSurface: mSurfaceCreated = true surfaceChanged = false visibleChanged = false
04-05 12:03:59.765 30040 30040 V SurfaceView@3415ff3: Layout: x=0 y=-480 w=720 h=375, frame=Rect(0, 0 - 720, 375)
04-05 12:03:59.767 30040 30131 D SurfaceView@3415ff3: updateSurfacePosition RenderWorker, frameNr = 899, position = [0, -480, 720, -105] surfaceSize = 720x375
04-05 12:03:59.767 30040 30131 I SurfaceView@3415ff3: uSP: rtp = Rect(0, -480 - 720, -105) rtsw = 720 rtsh = 375
04-05 12:03:59.767 30040 30131 I SurfaceView@3415ff3: onSSPAndSRT: pl = 0 pt = -480 sx = 1.0 sy = 1.0
04-05 12:03:59.767 30040 30131 I SurfaceView@3415ff3: aOrMT: ViewRootImpl@96a8cf7[MainActivity] t = android.view.SurfaceControl$Transaction@fc6f4d6 fN = 899 android.view.SurfaceView.-$$Nest$mapplyOrMergeTransaction:0 android.view.SurfaceView$SurfaceViewPositionUpdateListener.positionChanged:1537 android.graphics.RenderNode$CompositePositionUpdateListener.positionChanged:373 
04-05 12:03:59.767 30040 30131 I ViewRootImpl@96a8cf7[MainActivity]: mWNT: t=0xb4000077a057ba00 mBlastBufferQueue=0xb4000077c5424700 fn= 899 caller= android.view.SurfaceView.applyOrMergeTransaction:1455 android.view.SurfaceView.-$$Nest$mapplyOrMergeTransaction:0 android.view.SurfaceView$SurfaceViewPositionUpdateListener.positionChanged:1537 
04-05 12:03:59.768 30040 30132 I ViewRootImpl@96a8cf7[MainActivity]: mWNT: t=0xb40000779f48f000 mBlastBufferQueue=0xb4000077c5424700 fn= 899 caller= android.view.ViewRootImpl.lambda$applyTransactionOnDraw$11$android-view-ViewRootImpl:12865 android.view.ViewRootImpl$$ExternalSyntheticLambda1.onFrameDraw:4 android.graphics.HardwareRenderer$FrameDrawingCallback.onFrameDraw:924 
04-05 12:03:59.781 30040 30040 I SurfaceView@3415ff3: Changes: creating=false format=false size=false visible=false alpha=false hint=false mUseAlpha=false visible=false left=false top=true
04-05 12:03:59.781 30040 30040 I SurfaceView@3415ff3: 54616051 Cur surface: Surface(name=null)/@0x26bda7b
04-05 12:03:59.782 30040 30040 I SurfaceView@3415ff3: applyTransactionOnVriDraw: vri = ViewRootImpl@96a8cf7[MainActivity] fRS = false t = 0xb40000779f48f100 android.view.SurfaceView.performSurfaceTransaction:959 android.view.SurfaceView.updateSurface:1105 android.view.SurfaceView.lambda$new$0$android-view-SurfaceView:200 
04-05 12:03:59.782 30040 30040 I ViewRootImpl@96a8cf7[MainActivity]: applyTransactionOnDraw: mRemoved = false isHardwareEnabled = true t = 0xb40000779f48f100android.view.SurfaceView.applyTransactionOnVriDraw:2048 android.view.SurfaceView.performSurfaceTransaction:959 android.view.SurfaceView.updateSurface:1105 android.view.SurfaceView.lambda$new$0$android-view-SurfaceView:200 android.view.SurfaceView$$ExternalSyntheticLambda5.onPreDraw:2 
04-05 12:03:59.782 30040 30040 I SurfaceView@3415ff3: updateSurface: mVisible = true mSurface.isValid() = true
04-05 12:03:59.782 30040 30040 I SurfaceView@3415ff3: updateSurface: mSurfaceCreated = true surfaceChanged = false visibleChanged = false
04-05 12:03:59.782 30040 30040 V SurfaceView@3415ff3: Layout: x=0 y=-511 w=720 h=375, frame=Rect(0, 0 - 720, 375)
04-05 12:03:59.783 30040 30131 D SurfaceView@3415ff3: updateSurfacePosition RenderWorker, frameNr = 900, position = [0, -511, 720, -136] surfaceSize = 720x375
04-05 12:03:59.783 30040 30131 I SurfaceView@3415ff3: uSP: rtp = Rect(0, -511 - 720, -136) rtsw = 720 rtsh = 375
04-05 12:03:59.783 30040 30131 I SurfaceView@3415ff3: onSSPAndSRT: pl = 0 pt = -511 sx = 1.0 sy = 1.0
04-05 12:03:59.783 30040 30131 I SurfaceView@3415ff3: aOrMT: ViewRootImpl@96a8cf7[MainActivity] t = android.view.SurfaceControl$Transaction@fc6f4d6 fN = 900 android.view.SurfaceView.-$$Nest$mapplyOrMergeTransaction:0 android.view.SurfaceView$SurfaceViewPositionUpdateListener.positionChanged:1537 android.graphics.RenderNode$CompositePositionUpdateListener.positionChanged:373 
04-05 12:03:59.783 30040 30131 I ViewRootImpl@96a8cf7[MainActivity]: mWNT: t=0xb4000077a057ba00 mBlastBufferQueue=0xb4000077c5424700 fn= 900 caller= android.view.SurfaceView.applyOrMergeTransaction:1455 android.view.SurfaceView.-$$Nest$mapplyOrMergeTransaction:0 android.view.SurfaceView$SurfaceViewPositionUpdateListener.positionChanged:1537 
04-05 12:03:59.784 30040 30131 I ViewRootImpl@96a8cf7[MainActivity]: mWNT: t=0xb40000779f48f100 mBlastBufferQueue=0xb4000077c5424700 fn= 900 caller= android.view.ViewRootImpl.lambda$applyTransactionOnDraw$11$android-view-ViewRootImpl:12865 android.view.ViewRootImpl$$ExternalSyntheticLambda1.onFrameDraw:4 android.graphics.HardwareRenderer$FrameDrawingCallback.onFrameDraw:924 
04-05 12:03:59.798 30040 30040 I SurfaceView@3415ff3: Changes: creating=false format=false size=false visible=false alpha=false hint=false mUseAlpha=false visible=false left=false top=true
04-05 12:03:59.798 30040 30040 I SurfaceView@3415ff3: 54616051 Cur surface: Surface(name=null)/@0x26bda7b
04-05 12:03:59.798 30040 30040 I SurfaceView@3415ff3: applyTransactionOnVriDraw: vri = ViewRootImpl@96a8cf7[MainActivity] fRS = false t = 0xb40000779f48f200 android.view.SurfaceView.performSurfaceTransaction:959 android.view.SurfaceView.updateSurface:1105 android.view.SurfaceView.lambda$new$0$android-view-SurfaceView:200 
04-05 12:03:59.798 30040 30040 I ViewRootImpl@96a8cf7[MainActivity]: applyTransactionOnDraw: mRemoved = false isHardwareEnabled = true t = 0xb40000779f48f200android.view.SurfaceView.applyTransactionOnVriDraw:2048 android.view.SurfaceView.performSurfaceTransaction:959 android.view.SurfaceView.updateSurface:1105 android.view.SurfaceView.lambda$new$0$android-view-SurfaceView:200 android.view.SurfaceView$$ExternalSyntheticLambda5.onPreDraw:2 
04-05 12:03:59.798 30040 30040 I SurfaceView@3415ff3: updateSurface: mVisible = true mSurface.isValid() = true
04-05 12:03:59.798 30040 30040 I SurfaceView@3415ff3: updateSurface: mSurfaceCreated = true surfaceChanged = false visibleChanged = false
04-05 12:03:59.798 30040 30040 V SurfaceView@3415ff3: Layout: x=0 y=-536 w=720 h=375, frame=Rect(0, 0 - 720, 375)
04-05 12:03:59.800 30040 30132 D SurfaceView@3415ff3: updateSurfacePosition RenderWorker, frameNr = 901, position = [0, -536, 720, -161] surfaceSize = 720x375
04-05 12:03:59.800 30040 30132 I SurfaceView@3415ff3: uSP: rtp = Rect(0, -536 - 720, -161) rtsw = 720 rtsh = 375
04-05 12:03:59.800 30040 30132 I SurfaceView@3415ff3: onSSPAndSRT: pl = 0 pt = -536 sx = 1.0 sy = 1.0
04-05 12:03:59.800 30040 30132 I SurfaceView@3415ff3: aOrMT: ViewRootImpl@96a8cf7[MainActivity] t = android.view.SurfaceControl$Transaction@fc6f4d6 fN = 901 android.view.SurfaceView.-$$Nest$mapplyOrMergeTransaction:0 android.view.SurfaceView$SurfaceViewPositionUpdateListener.positionChanged:1537 android.graphics.RenderNode$CompositePositionUpdateListener.positionChanged:373 
04-05 12:03:59.800 30040 30132 I ViewRootImpl@96a8cf7[MainActivity]: mWNT: t=0xb4000077a057ba00 mBlastBufferQueue=0xb4000077c5424700 fn= 901 caller= android.view.SurfaceView.applyOrMergeTransaction:1455 android.view.SurfaceView.-$$Nest$mapplyOrMergeTransaction:0 android.view.SurfaceView$SurfaceViewPositionUpdateListener.positionChanged:1537 
04-05 12:03:59.801 30040 30132 I ViewRootImpl@96a8cf7[MainActivity]: mWNT: t=0xb40000779f48f200 mBlastBufferQueue=0xb4000077c5424700 fn= 901 caller= android.view.ViewRootImpl.lambda$applyTransactionOnDraw$11$android-view-ViewRootImpl:12865 android.view.ViewRootImpl$$ExternalSyntheticLambda1.onFrameDraw:4 android.graphics.HardwareRenderer$FrameDrawingCallback.onFrameDraw:924 
04-05 12:03:59.814 30040 30040 I SurfaceView@3415ff3: Changes: creating=false format=false size=false visible=false alpha=false hint=false mUseAlpha=false visible=false left=false top=true
04-05 12:03:59.814 30040 30040 I SurfaceView@3415ff3: 54616051 Cur surface: Surface(name=null)/@0x26bda7b
04-05 12:03:59.815 30040 30040 I SurfaceView@3415ff3: applyTransactionOnVriDraw: vri = ViewRootImpl@96a8cf7[MainActivity] fRS = false t = 0xb40000779f48f300 android.view.SurfaceView.performSurfaceTransaction:959 android.view.SurfaceView.updateSurface:1105 android.view.SurfaceView.lambda$new$0$android-view-SurfaceView:200 
04-05 12:03:59.815 30040 30040 I ViewRootImpl@96a8cf7[MainActivity]: applyTransactionOnDraw: mRemoved = false isHardwareEnabled = true t = 0xb40000779f48f300android.view.SurfaceView.applyTransactionOnVriDraw:2048 android.view.SurfaceView.performSurfaceTransaction:959 android.view.SurfaceView.updateSurface:1105 android.view.SurfaceView.lambda$new$0$android-view-SurfaceView:200 android.view.SurfaceView$$ExternalSyntheticLambda5.onPreDraw:2 
04-05 12:03:59.815 30040 30040 I SurfaceView@3415ff3: updateSurface: mVisible = true mSurface.isValid() = true
04-05 12:03:59.815 30040 30040 I SurfaceView@3415ff3: updateSurface: mSurfaceCreated = true surfaceChanged = false visibleChanged = false
04-05 12:03:59.815 30040 30040 V SurfaceView@3415ff3: Layout: x=0 y=-557 w=720 h=375, frame=Rect(0, 0 - 720, 375)
04-05 12:03:59.816 30040 30131 D SurfaceView@3415ff3: updateSurfacePosition RenderWorker, frameNr = 902, position = [0, -557, 720, -182] surfaceSize = 720x375
04-05 12:03:59.816 30040 30131 I SurfaceView@3415ff3: uSP: rtp = Rect(0, -557 - 720, -182) rtsw = 720 rtsh = 375
04-05 12:03:59.816 30040 30131 I SurfaceView@3415ff3: onSSPAndSRT: pl = 0 pt = -557 sx = 1.0 sy = 1.0
04-05 12:03:59.816 30040 30131 I SurfaceView@3415ff3: aOrMT: ViewRootImpl@96a8cf7[MainActivity] t = android.view.SurfaceControl$Transaction@fc6f4d6 fN = 902 android.view.SurfaceView.-$$Nest$mapplyOrMergeTransaction:0 android.view.SurfaceView$SurfaceViewPositionUpdateListener.positionChanged:1537 android.graphics.RenderNode$CompositePositionUpdateListener.positionChanged:373 
04-05 12:03:59.817 30040 30131 I ViewRootImpl@96a8cf7[MainActivity]: mWNT: t=0xb4000077a057ba00 mBlastBufferQueue=0xb4000077c5424700 fn= 902 caller= android.view.SurfaceView.applyOrMergeTransaction:1455 android.view.SurfaceView.-$$Nest$mapplyOrMergeTransaction:0 android.view.SurfaceView$SurfaceViewPositionUpdateListener.positionChanged:1537 
04-05 12:03:59.817 30040 30131 I ViewRootImpl@96a8cf7[MainActivity]: mWNT: t=0xb40000779f48f300 mBlastBufferQueue=0xb4000077c5424700 fn= 902 caller= android.view.ViewRootImpl.lambda$applyTransactionOnDraw$11$android-view-ViewRootImpl:12865 android.view.ViewRootImpl$$ExternalSyntheticLambda1.onFrameDraw:4 android.graphics.HardwareRenderer$FrameDrawingCallback.onFrameDraw:924 
04-05 12:03:59.831 30040 30040 I SurfaceView@3415ff3: Changes: creating=false format=false size=false visible=false alpha=false hint=false mUseAlpha=false visible=false left=false top=true
04-05 12:03:59.831 30040 30040 I SurfaceView@3415ff3: 54616051 Cur surface: Surface(name=null)/@0x26bda7b
04-05 12:03:59.831 30040 30040 I SurfaceView@3415ff3: applyTransactionOnVriDraw: vri = ViewRootImpl@96a8cf7[MainActivity] fRS = false t = 0xb40000779f48f400 android.view.SurfaceView.performSurfaceTransaction:959 android.view.SurfaceView.updateSurface:1105 android.view.SurfaceView.lambda$new$0$android-view-SurfaceView:200 
04-05 12:03:59.832 30040 30040 I ViewRootImpl@96a8cf7[MainActivity]: applyTransactionOnDraw: mRemoved = false isHardwareEnabled = true t = 0xb40000779f48f400android.view.SurfaceView.applyTransactionOnVriDraw:2048 android.view.SurfaceView.performSurfaceTransaction:959 android.view.SurfaceView.updateSurface:1105 android.view.SurfaceView.lambda$new$0$android-view-SurfaceView:200 android.view.SurfaceView$$ExternalSyntheticLambda5.onPreDraw:2 
04-05 12:03:59.832 30040 30040 I SurfaceView@3415ff3: updateSurface: mVisible = true mSurface.isValid() = true
04-05 12:03:59.832 30040 30040 I SurfaceView@3415ff3: updateSurface: mSurfaceCreated = true surfaceChanged = false visibleChanged = false
04-05 12:03:59.832 30040 30040 V SurfaceView@3415ff3: Layout: x=0 y=-574 w=720 h=375, frame=Rect(0, 0 - 720, 375)
04-05 12:03:59.833 30040 30132 D SurfaceView@3415ff3: updateSurfacePosition RenderWorker, frameNr = 903, position = [0, -574, 720, -199] surfaceSize = 720x375
04-05 12:03:59.833 30040 30132 I SurfaceView@3415ff3: uSP: rtp = Rect(0, -574 - 720, -199) rtsw = 720 rtsh = 375
04-05 12:03:59.833 30040 30132 I SurfaceView@3415ff3: onSSPAndSRT: pl = 0 pt = -574 sx = 1.0 sy = 1.0
04-05 12:03:59.833 30040 30132 I SurfaceView@3415ff3: aOrMT: ViewRootImpl@96a8cf7[MainActivity] t = android.view.SurfaceControl$Transaction@fc6f4d6 fN = 903 android.view.SurfaceView.-$$Nest$mapplyOrMergeTransaction:0 android.view.SurfaceView$SurfaceViewPositionUpdateListener.positionChanged:1537 android.graphics.RenderNode$CompositePositionUpdateListener.positionChanged:373 
04-05 12:03:59.833 30040 30132 I ViewRootImpl@96a8cf7[MainActivity]: mWNT: t=0xb4000077a057ba00 mBlastBufferQueue=0xb4000077c5424700 fn= 903 caller= android.view.SurfaceView.applyOrMergeTransaction:1455 android.view.SurfaceView.-$$Nest$mapplyOrMergeTransaction:0 android.view.SurfaceView$SurfaceViewPositionUpdateListener.positionChanged:1537 
04-05 12:03:59.833 30040 30132 I ViewRootImpl@96a8cf7[MainActivity]: mWNT: t=0xb40000779f48f400 mBlastBufferQueue=0xb4000077c5424700 fn= 903 caller= android.view.ViewRootImpl.lambda$applyTransactionOnDraw$11$android-view-ViewRootImpl:12865 android.view.ViewRootImpl$$ExternalSyntheticLambda1.onFrameDraw:4 android.graphics.HardwareRenderer$FrameDrawingCallback.onFrameDraw:924 
04-05 12:03:59.848 30040 30040 I SurfaceView@3415ff3: Changes: creating=false format=false size=false visible=false alpha=false hint=false mUseAlpha=false visible=false left=false top=true
04-05 12:03:59.848 30040 30040 I SurfaceView@3415ff3: 54616051 Cur surface: Surface(name=null)/@0x26bda7b
04-05 12:03:59.848 30040 30040 I SurfaceView@3415ff3: applyTransactionOnVriDraw: vri = ViewRootImpl@96a8cf7[MainActivity] fRS = false t = 0xb40000779f48f500 android.view.SurfaceView.performSurfaceTransaction:959 android.view.SurfaceView.updateSurface:1105 android.view.SurfaceView.lambda$new$0$android-view-SurfaceView:200 
04-05 12:03:59.848 30040 30040 I ViewRootImpl@96a8cf7[MainActivity]: applyTransactionOnDraw: mRemoved = false isHardwareEnabled = true t = 0xb40000779f48f500android.view.SurfaceView.applyTransactionOnVriDraw:2048 android.view.SurfaceView.performSurfaceTransaction:959 android.view.SurfaceView.updateSurface:1105 android.view.SurfaceView.lambda$new$0$android-view-SurfaceView:200 android.view.SurfaceView$$ExternalSyntheticLambda5.onPreDraw:2 
04-05 12:03:59.848 30040 30040 I SurfaceView@3415ff3: updateSurface: mVisible = true mSurface.isValid() = true
04-05 12:03:59.848 30040 30040 I SurfaceView@3415ff3: updateSurface: mSurfaceCreated = true surfaceChanged = false visibleChanged = false
04-05 12:03:59.848 30040 30040 V SurfaceView@3415ff3: Layout: x=0 y=-589 w=720 h=375, frame=Rect(0, 0 - 720, 375)
04-05 12:03:59.850 30040 30131 D SurfaceView@3415ff3: updateSurfacePosition RenderWorker, frameNr = 904, position = [0, -589, 720, -214] surfaceSize = 720x375
04-05 12:03:59.850 30040 30131 I SurfaceView@3415ff3: uSP: rtp = Rect(0, -589 - 720, -214) rtsw = 720 rtsh = 375
04-05 12:03:59.850 30040 30131 I SurfaceView@3415ff3: onSSPAndSRT: pl = 0 pt = -589 sx = 1.0 sy = 1.0
04-05 12:03:59.850 30040 30131 I SurfaceView@3415ff3: aOrMT: ViewRootImpl@96a8cf7[MainActivity] t = android.view.SurfaceControl$Transaction@fc6f4d6 fN = 904 android.view.SurfaceView.-$$Nest$mapplyOrMergeTransaction:0 android.view.SurfaceView$SurfaceViewPositionUpdateListener.positionChanged:1537 android.graphics.RenderNode$CompositePositionUpdateListener.positionChanged:373 
04-05 12:03:59.850 30040 30131 I ViewRootImpl@96a8cf7[MainActivity]: mWNT: t=0xb4000077a057ba00 mBlastBufferQueue=0xb4000077c5424700 fn= 904 caller= android.view.SurfaceView.applyOrMergeTransaction:1455 android.view.SurfaceView.-$$Nest$mapplyOrMergeTransaction:0 android.view.SurfaceView$SurfaceViewPositionUpdateListener.positionChanged:1537 
04-05 12:03:59.850 30040 30131 I ViewRootImpl@96a8cf7[MainActivity]: mWNT: t=0xb40000779f48f500 mBlastBufferQueue=0xb4000077c5424700 fn= 904 caller= android.view.ViewRootImpl.lambda$applyTransactionOnDraw$11$android-view-ViewRootImpl:12865 android.view.ViewRootImpl$$ExternalSyntheticLambda1.onFrameDraw:4 android.graphics.HardwareRenderer$FrameDrawingCallback.onFrameDraw:924 
04-05 12:03:59.864 30040 30040 I SurfaceView@3415ff3: Changes: creating=false format=false size=false visible=false alpha=false hint=false mUseAlpha=false visible=false left=false top=true
04-05 12:03:59.864 30040 30040 I SurfaceView@3415ff3: 54616051 Cur surface: Surface(name=null)/@0x26bda7b
04-05 12:03:59.865 30040 30040 I SurfaceView@3415ff3: applyTransactionOnVriDraw: vri = ViewRootImpl@96a8cf7[MainActivity] fRS = false t = 0xb4000077d28f8900 android.view.SurfaceView.performSurfaceTransaction:959 android.view.SurfaceView.updateSurface:1105 android.view.SurfaceView.lambda$new$0$android-view-SurfaceView:200 
04-05 12:03:59.865 30040 30040 I ViewRootImpl@96a8cf7[MainActivity]: applyTransactionOnDraw: mRemoved = false isHardwareEnabled = true t = 0xb4000077d28f8900android.view.SurfaceView.applyTransactionOnVriDraw:2048 android.view.SurfaceView.performSurfaceTransaction:959 android.view.SurfaceView.updateSurface:1105 android.view.SurfaceView.lambda$new$0$android-view-SurfaceView:200 android.view.SurfaceView$$ExternalSyntheticLambda5.onPreDraw:2 
04-05 12:03:59.865 30040 30040 I SurfaceView@3415ff3: updateSurface: mVisible = true mSurface.isValid() = true
04-05 12:03:59.865 30040 30040 I SurfaceView@3415ff3: updateSurface: mSurfaceCreated = true surfaceChanged = false visibleChanged = false
04-05 12:03:59.865 30040 30040 V SurfaceView@3415ff3: Layout: x=0 y=-603 w=720 h=375, frame=Rect(0, 0 - 720, 375)
04-05 12:03:59.866 30040 30132 D SurfaceView@3415ff3: updateSurfacePosition RenderWorker, frameNr = 905, position = [0, -603, 720, -228] surfaceSize = 720x375
04-05 12:03:59.866 30040 30132 I SurfaceView@3415ff3: uSP: rtp = Rect(0, -603 - 720, -228) rtsw = 720 rtsh = 375
04-05 12:03:59.866 30040 30132 I SurfaceView@3415ff3: onSSPAndSRT: pl = 0 pt = -603 sx = 1.0 sy = 1.0
04-05 12:03:59.866 30040 30132 I SurfaceView@3415ff3: aOrMT: ViewRootImpl@96a8cf7[MainActivity] t = android.view.SurfaceControl$Transaction@fc6f4d6 fN = 905 android.view.SurfaceView.-$$Nest$mapplyOrMergeTransaction:0 android.view.SurfaceView$SurfaceViewPositionUpdateListener.positionChanged:1537 android.graphics.RenderNode$CompositePositionUpdateListener.positionChanged:373 
04-05 12:03:59.866 30040 30132 I ViewRootImpl@96a8cf7[MainActivity]: mWNT: t=0xb4000077a057ba00 mBlastBufferQueue=0xb4000077c5424700 fn= 905 caller= android.view.SurfaceView.applyOrMergeTransaction:1455 android.view.SurfaceView.-$$Nest$mapplyOrMergeTransaction:0 android.view.SurfaceView$SurfaceViewPositionUpdateListener.positionChanged:1537 
04-05 12:03:59.867 30040 30132 I ViewRootImpl@96a8cf7[MainActivity]: mWNT: t=0xb4000077d28f8900 mBlastBufferQueue=0xb4000077c5424700 fn= 905 caller= android.view.ViewRootImpl.lambda$applyTransactionOnDraw$11$android-view-ViewRootImpl:12865 android.view.ViewRootImpl$$ExternalSyntheticLambda1.onFrameDraw:4 android.graphics.HardwareRenderer$FrameDrawingCallback.onFrameDraw:924 
04-05 12:03:59.881 30040 30040 I SurfaceView@3415ff3: Changes: creating=false format=false size=false visible=false alpha=false hint=false mUseAlpha=false visible=false left=false top=true
04-05 12:03:59.881 30040 30040 I SurfaceView@3415ff3: 54616051 Cur surface: Surface(name=null)/@0x26bda7b
04-05 12:03:59.881 30040 30040 I SurfaceView@3415ff3: applyTransactionOnVriDraw: vri = ViewRootImpl@96a8cf7[MainActivity] fRS = false t = 0xb40000779f48f600 android.view.SurfaceView.performSurfaceTransaction:959 android.view.SurfaceView.updateSurface:1105 android.view.SurfaceView.lambda$new$0$android-view-SurfaceView:200 
04-05 12:03:59.881 30040 30040 I ViewRootImpl@96a8cf7[MainActivity]: applyTransactionOnDraw: mRemoved = false isHardwareEnabled = true t = 0xb40000779f48f600android.view.SurfaceView.applyTransactionOnVriDraw:2048 android.view.SurfaceView.performSurfaceTransaction:959 android.view.SurfaceView.updateSurface:1105 android.view.SurfaceView.lambda$new$0$android-view-SurfaceView:200 android.view.SurfaceView$$ExternalSyntheticLambda5.onPreDraw:2 
04-05 12:03:59.882 30040 30040 I SurfaceView@3415ff3: updateSurface: mVisible = true mSurface.isValid() = true
04-05 12:03:59.882 30040 30040 I SurfaceView@3415ff3: updateSurface: mSurfaceCreated = true surfaceChanged = false visibleChanged = false
04-05 12:03:59.882 30040 30040 V SurfaceView@3415ff3: Layout: x=0 y=-620 w=720 h=375, frame=Rect(0, 0 - 720, 375)
04-05 12:03:59.883 30040 30131 D SurfaceView@3415ff3: updateSurfacePosition RenderWorker, frameNr = 906, position = [0, -620, 720, -245] surfaceSize = 720x375
04-05 12:03:59.883 30040 30131 I SurfaceView@3415ff3: uSP: rtp = Rect(0, -620 - 720, -245) rtsw = 720 rtsh = 375
04-05 12:03:59.883 30040 30131 I SurfaceView@3415ff3: onSSPAndSRT: pl = 0 pt = -620 sx = 1.0 sy = 1.0
04-05 12:03:59.883 30040 30131 I SurfaceView@3415ff3: aOrMT: ViewRootImpl@96a8cf7[MainActivity] t = android.view.SurfaceControl$Transaction@fc6f4d6 fN = 906 android.view.SurfaceView.-$$Nest$mapplyOrMergeTransaction:0 android.view.SurfaceView$SurfaceViewPositionUpdateListener.positionChanged:1537 android.graphics.RenderNode$CompositePositionUpdateListener.positionChanged:373 
04-05 12:03:59.883 30040 30131 I ViewRootImpl@96a8cf7[MainActivity]: mWNT: t=0xb4000077a057ba00 mBlastBufferQueue=0xb4000077c5424700 fn= 906 caller= android.view.SurfaceView.applyOrMergeTransaction:1455 android.view.SurfaceView.-$$Nest$mapplyOrMergeTransaction:0 android.view.SurfaceView$SurfaceViewPositionUpdateListener.positionChanged:1537 
04-05 12:03:59.883 30040 30131 I ViewRootImpl@96a8cf7[MainActivity]: mWNT: t=0xb40000779f48f600 mBlastBufferQueue=0xb4000077c5424700 fn= 906 caller= android.view.ViewRootImpl.lambda$applyTransactionOnDraw$11$android-view-ViewRootImpl:12865 android.view.ViewRootImpl$$ExternalSyntheticLambda1.onFrameDraw:4 android.graphics.HardwareRenderer$FrameDrawingCallback.onFrameDraw:924 
04-05 12:03:59.897 30040 30040 I SurfaceView@3415ff3: Changes: creating=false format=false size=false visible=false alpha=false hint=false mUseAlpha=false visible=false left=false top=true
04-05 12:03:59.898 30040 30040 I SurfaceView@3415ff3: 54616051 Cur surface: Surface(name=null)/@0x26bda7b
04-05 12:03:59.898 30040 30040 I SurfaceView@3415ff3: applyTransactionOnVriDraw: vri = ViewRootImpl@96a8cf7[MainActivity] fRS = false t = 0xb40000779f48f700 android.view.SurfaceView.performSurfaceTransaction:959 android.view.SurfaceView.updateSurface:1105 android.view.SurfaceView.lambda$new$0$android-view-SurfaceView:200 
04-05 12:03:59.898 30040 30040 I ViewRootImpl@96a8cf7[MainActivity]: applyTransactionOnDraw: mRemoved = false isHardwareEnabled = true t = 0xb40000779f48f700android.view.SurfaceView.applyTransactionOnVriDraw:2048 android.view.SurfaceView.performSurfaceTransaction:959 android.view.SurfaceView.updateSurface:1105 android.view.SurfaceView.lambda$new$0$android-view-SurfaceView:200 android.view.SurfaceView$$ExternalSyntheticLambda5.onPreDraw:2 
04-05 12:03:59.898 30040 30040 I SurfaceView@3415ff3: updateSurface: mVisible = true mSurface.isValid() = true
04-05 12:03:59.898 30040 30040 I SurfaceView@3415ff3: updateSurface: mSurfaceCreated = true surfaceChanged = false visibleChanged = false
04-05 12:03:59.898 30040 30040 V SurfaceView@3415ff3: Layout: x=0 y=-637 w=720 h=375, frame=Rect(0, 0 - 720, 375)
04-05 12:03:59.899 30040 30132 D SurfaceView@3415ff3: updateSurfacePosition RenderWorker, frameNr = 907, position = [0, -637, 720, -262] surfaceSize = 720x375
04-05 12:03:59.900 30040 30132 I SurfaceView@3415ff3: uSP: rtp = Rect(0, -637 - 720, -262) rtsw = 720 rtsh = 375
04-05 12:03:59.900 30040 30132 I SurfaceView@3415ff3: onSSPAndSRT: pl = 0 pt = -637 sx = 1.0 sy = 1.0
04-05 12:03:59.900 30040 30132 I SurfaceView@3415ff3: aOrMT: ViewRootImpl@96a8cf7[MainActivity] t = android.view.SurfaceControl$Transaction@fc6f4d6 fN = 907 android.view.SurfaceView.-$$Nest$mapplyOrMergeTransaction:0 android.view.SurfaceView$SurfaceViewPositionUpdateListener.positionChanged:1537 android.graphics.RenderNode$CompositePositionUpdateListener.positionChanged:373 
04-05 12:03:59.900 30040 30132 I ViewRootImpl@96a8cf7[MainActivity]: mWNT: t=0xb4000077a057ba00 mBlastBufferQueue=0xb4000077c5424700 fn= 907 caller= android.view.SurfaceView.applyOrMergeTransaction:1455 android.view.SurfaceView.-$$Nest$mapplyOrMergeTransaction:0 android.view.SurfaceView$SurfaceViewPositionUpdateListener.positionChanged:1537 
04-05 12:03:59.901 30040 30131 I ViewRootImpl@96a8cf7[MainActivity]: mWNT: t=0xb40000779f48f700 mBlastBufferQueue=0xb4000077c5424700 fn= 907 caller= android.view.ViewRootImpl.lambda$applyTransactionOnDraw$11$android-view-ViewRootImpl:12865 android.view.ViewRootImpl$$ExternalSyntheticLambda1.onFrameDraw:4 android.graphics.HardwareRenderer$FrameDrawingCallback.onFrameDraw:924 
04-05 12:03:59.914 30040 30040 I SurfaceView@3415ff3: Changes: creating=false format=false size=false visible=false alpha=false hint=false mUseAlpha=false visible=false left=false top=true
04-05 12:03:59.914 30040 30040 I SurfaceView@3415ff3: 54616051 Cur surface: Surface(name=null)/@0x26bda7b
04-05 12:03:59.915 30040 30040 I SurfaceView@3415ff3: applyTransactionOnVriDraw: vri = ViewRootImpl@96a8cf7[MainActivity] fRS = false t = 0xb40000779f48f800 android.view.SurfaceView.performSurfaceTransaction:959 android.view.SurfaceView.updateSurface:1105 android.view.SurfaceView.lambda$new$0$android-view-SurfaceView:200 
04-05 12:03:59.915 30040 30040 I ViewRootImpl@96a8cf7[MainActivity]: applyTransactionOnDraw: mRemoved = false isHardwareEnabled = true t = 0xb40000779f48f800android.view.SurfaceView.applyTransactionOnVriDraw:2048 android.view.SurfaceView.performSurfaceTransaction:959 android.view.SurfaceView.updateSurface:1105 android.view.SurfaceView.lambda$new$0$android-view-SurfaceView:200 android.view.SurfaceView$$ExternalSyntheticLambda5.onPreDraw:2 
04-05 12:03:59.915 30040 30040 I SurfaceView@3415ff3: updateSurface: mVisible = true mSurface.isValid() = true
04-05 12:03:59.915 30040 30040 I SurfaceView@3415ff3: updateSurface: mSurfaceCreated = true surfaceChanged = false visibleChanged = false
04-05 12:03:59.915 30040 30040 V SurfaceView@3415ff3: Layout: x=0 y=-653 w=720 h=375, frame=Rect(0, 0 - 720, 375)
04-05 12:03:59.916 30040 30132 D SurfaceView@3415ff3: updateSurfacePosition RenderWorker, frameNr = 908, position = [0, -653, 720, -278] surfaceSize = 720x375
04-05 12:03:59.916 30040 30132 I SurfaceView@3415ff3: uSP: rtp = Rect(0, -653 - 720, -278) rtsw = 720 rtsh = 375
04-05 12:03:59.916 30040 30132 I SurfaceView@3415ff3: onSSPAndSRT: pl = 0 pt = -653 sx = 1.0 sy = 1.0
04-05 12:03:59.916 30040 30132 I SurfaceView@3415ff3: aOrMT: ViewRootImpl@96a8cf7[MainActivity] t = android.view.SurfaceControl$Transaction@fc6f4d6 fN = 908 android.view.SurfaceView.-$$Nest$mapplyOrMergeTransaction:0 android.view.SurfaceView$SurfaceViewPositionUpdateListener.positionChanged:1537 android.graphics.RenderNode$CompositePositionUpdateListener.positionChanged:373 
04-05 12:03:59.917 30040 30132 I ViewRootImpl@96a8cf7[MainActivity]: mWNT: t=0xb4000077a057ba00 mBlastBufferQueue=0xb4000077c5424700 fn= 908 caller= android.view.SurfaceView.applyOrMergeTransaction:1455 android.view.SurfaceView.-$$Nest$mapplyOrMergeTransaction:0 android.view.SurfaceView$SurfaceViewPositionUpdateListener.positionChanged:1537 
04-05 12:03:59.917 30040 30132 I ViewRootImpl@96a8cf7[MainActivity]: mWNT: t=0xb40000779f48f800 mBlastBufferQueue=0xb4000077c5424700 fn= 908 caller= android.view.ViewRootImpl.lambda$applyTransactionOnDraw$11$android-view-ViewRootImpl:12865 android.view.ViewRootImpl$$ExternalSyntheticLambda1.onFrameDraw:4 android.graphics.HardwareRenderer$FrameDrawingCallback.onFrameDraw:924 
04-05 12:03:59.931 30040 30040 I SurfaceView@3415ff3: Changes: creating=false format=false size=false visible=false alpha=false hint=false mUseAlpha=false visible=false left=false top=true
04-05 12:03:59.931 30040 30040 I SurfaceView@3415ff3: 54616051 Cur surface: Surface(name=null)/@0x26bda7b
04-05 12:03:59.931 30040 30040 I SurfaceView@3415ff3: applyTransactionOnVriDraw: vri = ViewRootImpl@96a8cf7[MainActivity] fRS = false t = 0xb40000779f48f900 android.view.SurfaceView.performSurfaceTransaction:959 android.view.SurfaceView.updateSurface:1105 android.view.SurfaceView.lambda$new$0$android-view-SurfaceView:200 
04-05 12:03:59.931 30040 30040 I ViewRootImpl@96a8cf7[MainActivity]: applyTransactionOnDraw: mRemoved = false isHardwareEnabled = true t = 0xb40000779f48f900android.view.SurfaceView.applyTransactionOnVriDraw:2048 android.view.SurfaceView.performSurfaceTransaction:959 android.view.SurfaceView.updateSurface:1105 android.view.SurfaceView.lambda$new$0$android-view-SurfaceView:200 android.view.SurfaceView$$ExternalSyntheticLambda5.onPreDraw:2 
04-05 12:03:59.931 30040 30040 I SurfaceView@3415ff3: updateSurface: mVisible = true mSurface.isValid() = true
04-05 12:03:59.931 30040 30040 I SurfaceView@3415ff3: updateSurface: mSurfaceCreated = true surfaceChanged = false visibleChanged = false
04-05 12:03:59.931 30040 30040 V SurfaceView@3415ff3: Layout: x=0 y=-670 w=720 h=375, frame=Rect(0, 0 - 720, 375)
04-05 12:03:59.932 30040 30131 D SurfaceView@3415ff3: updateSurfacePosition RenderWorker, frameNr = 909, position = [0, -670, 720, -295] surfaceSize = 720x375
04-05 12:03:59.933 30040 30131 I SurfaceView@3415ff3: uSP: rtp = Rect(0, -670 - 720, -295) rtsw = 720 rtsh = 375
04-05 12:03:59.933 30040 30131 I SurfaceView@3415ff3: onSSPAndSRT: pl = 0 pt = -670 sx = 1.0 sy = 1.0
04-05 12:03:59.933 30040 30131 I SurfaceView@3415ff3: aOrMT: ViewRootImpl@96a8cf7[MainActivity] t = android.view.SurfaceControl$Transaction@fc6f4d6 fN = 909 android.view.SurfaceView.-$$Nest$mapplyOrMergeTransaction:0 android.view.SurfaceView$SurfaceViewPositionUpdateListener.positionChanged:1537 android.graphics.RenderNode$CompositePositionUpdateListener.positionChanged:373 
04-05 12:03:59.933 30040 30131 I ViewRootImpl@96a8cf7[MainActivity]: mWNT: t=0xb4000077a057ba00 mBlastBufferQueue=0xb4000077c5424700 fn= 909 caller= android.view.SurfaceView.applyOrMergeTransaction:1455 android.view.SurfaceView.-$$Nest$mapplyOrMergeTransaction:0 android.view.SurfaceView$SurfaceViewPositionUpdateListener.positionChanged:1537 
04-05 12:03:59.934 30040 30132 I ViewRootImpl@96a8cf7[MainActivity]: mWNT: t=0xb40000779f48f900 mBlastBufferQueue=0xb4000077c5424700 fn= 909 caller= android.view.ViewRootImpl.lambda$applyTransactionOnDraw$11$android-view-ViewRootImpl:12865 android.view.ViewRootImpl$$ExternalSyntheticLambda1.onFrameDraw:4 android.graphics.HardwareRenderer$FrameDrawingCallback.onFrameDraw:924 
04-05 12:03:59.947 30040 30040 I SurfaceView@3415ff3: Changes: creating=false format=false size=false visible=false alpha=false hint=false mUseAlpha=false visible=false left=false top=true
04-05 12:03:59.947 30040 30040 I SurfaceView@3415ff3: 54616051 Cur surface: Surface(name=null)/@0x26bda7b
04-05 12:03:59.948 30040 30040 I SurfaceView@3415ff3: applyTransactionOnVriDraw: vri = ViewRootImpl@96a8cf7[MainActivity] fRS = false t = 0xb40000779f48fa00 android.view.SurfaceView.performSurfaceTransaction:959 android.view.SurfaceView.updateSurface:1105 android.view.SurfaceView.lambda$new$0$android-view-SurfaceView:200 
04-05 12:03:59.948 30040 30040 I ViewRootImpl@96a8cf7[MainActivity]: applyTransactionOnDraw: mRemoved = false isHardwareEnabled = true t = 0xb40000779f48fa00android.view.SurfaceView.applyTransactionOnVriDraw:2048 android.view.SurfaceView.performSurfaceTransaction:959 android.view.SurfaceView.updateSurface:1105 android.view.SurfaceView.lambda$new$0$android-view-SurfaceView:200 android.view.SurfaceView$$ExternalSyntheticLambda5.onPreDraw:2 
04-05 12:03:59.948 30040 30040 I SurfaceView@3415ff3: updateSurface: mVisible = true mSurface.isValid() = true
04-05 12:03:59.948 30040 30040 I SurfaceView@3415ff3: updateSurface: mSurfaceCreated = true surfaceChanged = false visibleChanged = false
