04-05 11:36:58.198  3948  3997 I PluginInstance: Adding Voe (https://voe.sx) ExtractorApi
04-05 11:36:58.198  3948  3997 I PluginInstance: Adding Veev (https://veev.to) ExtractorApi
04-05 11:36:58.198  3948  3997 I PluginInstance: Adding Dintezuvio (https://dintezuvio.com) ExtractorApi
04-05 11:36:58.198  3948  3997 I PluginInstance: Adding Hxfile (https://hxfile.co) ExtractorApi
04-05 11:36:58.198  3948  3997 I PluginInstance: Adding Odnoklassniki (https://odnoklassniki.ru) ExtractorApi
04-05 11:36:58.198  3948  3997 I PluginInstance: Adding OkRuSSL (https://ok.ru) ExtractorApi
04-05 11:36:58.198  3948  3997 I PluginInstance: Adding OkRuHTTP (http://ok.ru) ExtractorApi
04-05 11:36:58.198  3948  3997 I PluginInstance: Adding Dailymotion (https://www.dailymotion.com) ExtractorApi
04-05 11:36:58.198  3948  3997 I PluginInstance: Adding Rumble (https://rumble.com) ExtractorApi
04-05 11:36:58.198  3948  3997 I PluginInstance: Adding StreamRuby (https://rubyvidhub.com) ExtractorApi
04-05 11:36:58.198  3948  3997 I PluginInstance: Adding svanila (https://streamruby.net) ExtractorApi
04-05 11:36:58.198  3948  3997 I PluginInstance: Adding svilla (https://streamruby.com) ExtractorApi
04-05 11:36:58.198  3948  3997 I PluginInstance: Adding Vidguard (https://vidguard.to) ExtractorApi
04-05 11:36:58.198  3948  3997 I PluginInstance: Adding Vidguard (https://bembed.net) ExtractorApi
04-05 11:36:58.198  3948  3997 I PluginInstance: Adding Vidguard (https://listeamed.net) ExtractorApi
04-05 11:36:58.198  3948  3997 I PluginInstance: Adding Vidguard (https://vgfplay.com) ExtractorApi
04-05 11:36:58.198  3948  3997 I PluginInstance: Adding Archivd (https://archivd.net) ExtractorApi
04-05 11:36:58.198  3948  3997 I PluginInstance: Adding Uservideo (https://new.uservideo.xyz) ExtractorApi
04-05 11:36:58.198  3948  3997 I PluginInstance: Adding Vidhidepro (https://vidhidepro.com) ExtractorApi
04-05 11:36:58.198  3948  3997 I PluginInstance: Adding DoodStream (https://dsvplay.com) ExtractorApi
04-05 11:36:58.198  3948  3997 I PluginInstance: Adding ArchiveOrg (https://archive.org) ExtractorApi
04-05 11:36:58.198  3948  3997 I PluginInstance: Adding Megacloud (https://megacloud.blog) ExtractorApi
04-05 11:36:58.198  3948  3997 I PluginInstance: Adding Jeniusplay (https://jeniusplay.com) ExtractorApi
04-05 11:36:58.198  3948  3997 I PluginInstance: Adding Gdriveplayer.to (https://gdriveplayer.to) ExtractorApi
04-05 11:36:58.198  3948  3997 I PluginInstance: Adding GDFlix (https://gdflix.co) ExtractorApi
04-05 11:36:58.198  3948  3997 I PluginInstance: Adding Blogger (https://www.blogger.com) ExtractorApi
04-05 11:36:58.198  3948  3997 I PluginInstance: Adding PixelDrain (https://pixeldrain.com) ExtractorApi
04-05 11:36:58.198  3948  3997 I PluginInstance: Adding Upload18 (https://www.upload18.com) ExtractorApi
04-05 11:36:58.198  3948  3997 I PluginInstance: Adding Xshotcok (https://xshotcok.com) ExtractorApi
04-05 11:36:58.198  3948  3997 I PluginInstance: Adding Co4nxtrl (https://co4nxtrl.com) ExtractorApi
04-05 11:36:58.198  3948  3997 I PluginInstance: Adding Hownetwork (https://stream.hownetwork.xyz) ExtractorApi
04-05 11:36:58.198  3948  3997 I PluginInstance: Adding Hownetwork (https://cloud.hownetwork.xyz) ExtractorApi
04-05 11:36:58.198  3948  3997 I PluginInstance: Adding Furher (https://furher.in) ExtractorApi
04-05 11:36:58.199  3948  3997 I PluginInstance: Adding Furher 2 (723qrh1p.fun) ExtractorApi
04-05 11:36:58.199  3948  3997 I PluginInstance: Adding Turbovidhls (https://turbovid.xyz) ExtractorApi
04-05 11:36:58.199  3948  3997 I PluginInstance: Adding Emturbovid (https://emturbovid.com) ExtractorApi
04-05 11:36:58.199  3948  3997 I PluginInstance: Adding VidHidePro6 (https://vidhidepro.com) ExtractorApi
04-05 11:36:58.199  3948  3997 I PluginManager: Loaded plugin Donghuastream successfully
04-05 11:36:58.244  3948  3997 I PluginManager: Unloading plugin: /data/user/0/com.lagradost.cloudstream3/files/Extensions/httpsraw.githubusercontent.combyimam2ndcloudstream-ekstensionrefsheadsmasterrepo.json.-1427536412/Funmovieslix.1702794745.cs3
04-05 11:36:58.244  3948  3997 I PluginManager: Loading plugin: PluginData(internalName=Funmovieslix, url=https://raw.githubusercontent.com/byimam2nd/oce/builds/Funmovieslix.cs3, isOnline=true, filePath=/data/user/0/com.lagradost.cloudstream3/files/Extensions/httpsraw.githubusercontent.combyimam2ndcloudstream-ekstensionrefsheadsmasterrepo.json.-1427536412/Funmovieslix.1702794745.cs3, version=-2147483648)
04-05 11:36:58.245  3948 11602 I PluginManager: Unloading plugin: /data/user/0/com.lagradost.cloudstream3/files/Extensions/httpsraw.githubusercontent.combyimam2ndcloudstream-ekstensionrefsheadsmasterrepo.json.-1427536412/Samehadaku.846270246.cs3
04-05 11:36:58.245  3948 11602 I PluginManager: Loading plugin: PluginData(internalName=Samehadaku, url=https://raw.githubusercontent.com/byimam2nd/oce/builds/Samehadaku.cs3, isOnline=true, filePath=/data/user/0/com.lagradost.cloudstream3/files/Extensions/httpsraw.githubusercontent.combyimam2ndcloudstream-ekstensionrefsheadsmasterrepo.json.-1427536412/Samehadaku.846270246.cs3, version=-2147483648)
04-05 11:36:58.258  3948  3997 I PluginInstance: Adding Funmovieslix (https://funmovieslix.com) MainAPI
04-05 11:36:58.259  3948 11602 I PluginInstance: Adding Samehadaku⛩️ (https://v1.samehadaku.how) MainAPI
04-05 11:36:58.263  3948  3997 I PluginInstance: Adding Do7go (https://do7go.com) ExtractorApi
04-05 11:36:58.263  3948  3997 I PluginInstance: Adding DHC Play (https://dhcplay.com) ExtractorApi
04-05 11:36:58.263  3948  3997 I PluginInstance: Adding Hglink (https://hglink.to) ExtractorApi
04-05 11:36:58.263  3948  3997 I PluginInstance: Adding Ghbrisk (https://ghbrisk.com) ExtractorApi
04-05 11:36:58.263  3948  3997 I PluginInstance: Adding Movearnpre (https://movearnpre.com) ExtractorApi
04-05 11:36:58.263  3948  3997 I PluginInstance: Adding Minochinos (https://minochinos.com) ExtractorApi
04-05 11:36:58.263  3948  3997 I PluginInstance: Adding Mivalyo (https://mivalyo.com) ExtractorApi
04-05 11:36:58.263  3948  3997 I PluginInstance: Adding Ryderjet (https://ryderjet.com) ExtractorApi
04-05 11:36:58.263  3948  3997 I PluginInstance: Adding Bingezove (https://bingezove.com) ExtractorApi
04-05 11:36:58.263  3948  3997 I PluginInstance: Adding Dingtezuni (https://dingtezuni.com) ExtractorApi
04-05 11:36:58.264  3948  3997 I PluginInstance: Adding Dhtpre (https://dhtpre.com) ExtractorApi
04-05 11:36:58.264  3948  3997 I PluginInstance: Adding Listeamed (https://listeamed.net) ExtractorApi
04-05 11:36:58.264  3948  3997 I PluginInstance: Adding Streamcasthub (https://live.streamcasthub.store) ExtractorApi
04-05 11:36:58.264  3948  3997 I PluginInstance: Adding Dm21embed (https://dm21.embed4me.vip) ExtractorApi
04-05 11:36:58.264  3948  3997 I PluginInstance: Adding Dm21upns (https://dm21.upns.live) ExtractorApi
04-05 11:36:58.264  3948  3997 I PluginInstance: Adding Pm21p2p (https://pm21.p2pplay.pro) ExtractorApi
04-05 11:36:58.264  3948  3997 I PluginInstance: Adding Dm21 (https://dm21.embed4me.vip) ExtractorApi
04-05 11:36:58.264  3948  3997 I PluginInstance: Adding Meplayer (https://video.4meplayer.com) ExtractorApi
04-05 11:36:58.264  3948  3997 I PluginInstance: Adding Fufaupns (https://fufafilm.upns.pro) ExtractorApi
04-05 11:36:58.264  3948  3997 I PluginInstance: Adding P2pplay (https://nf21.p2pplay.pro) ExtractorApi
04-05 11:36:58.264  3948 11602 I PluginInstance: Adding Do7go (https://do7go.com) ExtractorApi
04-05 11:36:58.264  3948  3997 I PluginInstance: Adding Playerngefilm21 (https://player.ngefilm21.com) ExtractorApi
04-05 11:36:58.264  3948 11602 I PluginInstance: Adding DHC Play (https://dhcplay.com) ExtractorApi
04-05 11:36:58.264  3948  3997 I PluginInstance: Adding Rpmvid (https://rpmvid.com) ExtractorApi
04-05 11:36:58.264  3948 11602 I PluginInstance: Adding Hglink (https://hglink.to) ExtractorApi
04-05 11:36:58.264  3948  3997 I PluginInstance: Adding Voe (https://voe.sx) ExtractorApi
04-05 11:36:58.264  3948 11602 I PluginInstance: Adding Ghbrisk (https://ghbrisk.com) ExtractorApi
04-05 11:36:58.264  3948  3997 I PluginInstance: Adding Veev (https://veev.to) ExtractorApi
04-05 11:36:58.264  3948 11602 I PluginInstance: Adding Movearnpre (https://movearnpre.com) ExtractorApi
04-05 11:36:58.264  3948  3997 I PluginInstance: Adding Dintezuvio (https://dintezuvio.com) ExtractorApi
04-05 11:36:58.264  3948 11602 I PluginInstance: Adding Minochinos (https://minochinos.com) ExtractorApi
04-05 11:36:58.264  3948  3997 I PluginInstance: Adding Hxfile (https://hxfile.co) ExtractorApi
04-05 11:36:58.264  3948 11602 I PluginInstance: Adding Mivalyo (https://mivalyo.com) ExtractorApi
04-05 11:36:58.264  3948  3997 I PluginInstance: Adding Odnoklassniki (https://odnoklassniki.ru) ExtractorApi
04-05 11:36:58.264  3948  3997 I PluginInstance: Adding OkRuSSL (https://ok.ru) ExtractorApi
04-05 11:36:58.264  3948 11602 I PluginInstance: Adding Ryderjet (https://ryderjet.com) ExtractorApi
04-05 11:36:58.264  3948  3997 I PluginInstance: Adding OkRuHTTP (http://ok.ru) ExtractorApi
04-05 11:36:58.265  3948 11602 I PluginInstance: Adding Bingezove (https://bingezove.com) ExtractorApi
04-05 11:36:58.265  3948  3997 I PluginInstance: Adding Dailymotion (https://www.dailymotion.com) ExtractorApi
04-05 11:36:58.265  3948 11602 I PluginInstance: Adding Dingtezuni (https://dingtezuni.com) ExtractorApi
04-05 11:36:58.265  3948  3997 I PluginInstance: Adding Rumble (https://rumble.com) ExtractorApi
04-05 11:36:58.265  3948 11602 I PluginInstance: Adding Dhtpre (https://dhtpre.com) ExtractorApi
04-05 11:36:58.265  3948  3997 I PluginInstance: Adding StreamRuby (https://rubyvidhub.com) ExtractorApi
04-05 11:36:58.265  3948  3997 I PluginInstance: Adding svanila (https://streamruby.net) ExtractorApi
04-05 11:36:58.265  3948 11602 I PluginInstance: Adding Listeamed (https://listeamed.net) ExtractorApi
04-05 11:36:58.265  3948  3997 I PluginInstance: Adding svilla (https://streamruby.com) ExtractorApi
04-05 11:36:58.265  3948 11602 I PluginInstance: Adding Streamcasthub (https://live.streamcasthub.store) ExtractorApi
04-05 11:36:58.265  3948  3997 I PluginInstance: Adding Vidguard (https://vidguard.to) ExtractorApi
04-05 11:36:58.265  3948 11602 I PluginInstance: Adding Dm21embed (https://dm21.embed4me.vip) ExtractorApi
04-05 11:36:58.265  3948  3997 I PluginInstance: Adding Vidguard (https://bembed.net) ExtractorApi
04-05 11:36:58.265  3948 11602 I PluginInstance: Adding Dm21upns (https://dm21.upns.live) ExtractorApi
04-05 11:36:58.265  3948  3997 I PluginInstance: Adding Vidguard (https://listeamed.net) ExtractorApi
04-05 11:36:58.265  3948 11602 I PluginInstance: Adding Pm21p2p (https://pm21.p2pplay.pro) ExtractorApi
04-05 11:36:58.265  3948  3997 I PluginInstance: Adding Vidguard (https://vgfplay.com) ExtractorApi
04-05 11:36:58.265  3948 11602 I PluginInstance: Adding Dm21 (https://dm21.embed4me.vip) ExtractorApi
04-05 11:36:58.265  3948  3997 I PluginInstance: Adding Archivd (https://archivd.net) ExtractorApi
04-05 11:36:58.265  3948 11602 I PluginInstance: Adding Meplayer (https://video.4meplayer.com) ExtractorApi
04-05 11:36:58.265  3948  3997 I PluginInstance: Adding Uservideo (https://new.uservideo.xyz) ExtractorApi
04-05 11:36:58.265  3948 11602 I PluginInstance: Adding Fufaupns (https://fufafilm.upns.pro) ExtractorApi
04-05 11:36:58.265  3948  3997 I PluginInstance: Adding Vidhidepro (https://vidhidepro.com) ExtractorApi
04-05 11:36:58.265  3948 11602 I PluginInstance: Adding P2pplay (https://nf21.p2pplay.pro) ExtractorApi
04-05 11:36:58.265  3948 11602 I PluginInstance: Adding Playerngefilm21 (https://player.ngefilm21.com) ExtractorApi
04-05 11:36:58.266  3948  3997 I PluginInstance: Adding DoodStream (https://dsvplay.com) ExtractorApi
04-05 11:36:58.266  3948 11602 I PluginInstance: Adding Rpmvid (https://rpmvid.com) ExtractorApi
04-05 11:36:58.266  3948  3997 I PluginInstance: Adding ArchiveOrg (https://archive.org) ExtractorApi
04-05 11:36:58.266  3948 11602 I PluginInstance: Adding Voe (https://voe.sx) ExtractorApi
04-05 11:36:58.266  3948  3997 I PluginInstance: Adding Megacloud (https://megacloud.blog) ExtractorApi
04-05 11:36:58.266  3948 11602 I PluginInstance: Adding Veev (https://veev.to) ExtractorApi
04-05 11:36:58.266  3948  3997 I PluginInstance: Adding Jeniusplay (https://jeniusplay.com) ExtractorApi
04-05 11:36:58.266  3948 11602 I PluginInstance: Adding Dintezuvio (https://dintezuvio.com) ExtractorApi
04-05 11:36:58.266  3948 11602 I PluginInstance: Adding Hxfile (https://hxfile.co) ExtractorApi
04-05 11:36:58.266  3948  3997 I PluginInstance: Adding Gdriveplayer.to (https://gdriveplayer.to) ExtractorApi
04-05 11:36:58.266  3948 11602 I PluginInstance: Adding Odnoklassniki (https://odnoklassniki.ru) ExtractorApi
04-05 11:36:58.266  3948  3997 I PluginInstance: Adding GDFlix (https://gdflix.co) ExtractorApi
04-05 11:36:58.266  3948 11602 I PluginInstance: Adding OkRuSSL (https://ok.ru) ExtractorApi
04-05 11:36:58.266  3948  3997 I PluginInstance: Adding Blogger (https://www.blogger.com) ExtractorApi
04-05 11:36:58.266  3948 11602 I PluginInstance: Adding OkRuHTTP (http://ok.ru) ExtractorApi
04-05 11:36:58.266  3948  3997 I PluginInstance: Adding PixelDrain (https://pixeldrain.com) ExtractorApi
04-05 11:36:58.266  3948  3997 I PluginInstance: Adding Upload18 (https://www.upload18.com) ExtractorApi
04-05 11:36:58.266  3948 11602 I PluginInstance: Adding Dailymotion (https://www.dailymotion.com) ExtractorApi
04-05 11:36:58.266  3948  3997 I PluginInstance: Adding Xshotcok (https://xshotcok.com) ExtractorApi
04-05 11:36:58.266  3948 11602 I PluginInstance: Adding Rumble (https://rumble.com) ExtractorApi
04-05 11:36:58.266  3948  3997 I PluginInstance: Adding Co4nxtrl (https://co4nxtrl.com) ExtractorApi
04-05 11:36:58.266  3948 11602 I PluginInstance: Adding StreamRuby (https://rubyvidhub.com) ExtractorApi
04-05 11:36:58.266  3948  3997 I PluginInstance: Adding Hownetwork (https://stream.hownetwork.xyz) ExtractorApi
04-05 11:36:58.266  3948 11602 I PluginInstance: Adding svanila (https://streamruby.net) ExtractorApi
04-05 11:36:58.267  3948  3997 I PluginInstance: Adding Hownetwork (https://cloud.hownetwork.xyz) ExtractorApi
04-05 11:36:58.267  3948  3997 I PluginInstance: Adding Furher (https://furher.in) ExtractorApi
04-05 11:36:58.267  3948 11602 I PluginInstance: Adding svilla (https://streamruby.com) ExtractorApi
04-05 11:36:58.267  3948  3997 I PluginInstance: Adding Furher 2 (723qrh1p.fun) ExtractorApi
04-05 11:36:58.267  3948 11602 I PluginInstance: Adding Vidguard (https://vidguard.to) ExtractorApi
04-05 11:36:58.267  3948  3997 I PluginInstance: Adding Turbovidhls (https://turbovid.xyz) ExtractorApi
04-05 11:36:58.267  3948 11602 I PluginInstance: Adding Vidguard (https://bembed.net) ExtractorApi
04-05 11:36:58.267  3948  3997 I PluginInstance: Adding Emturbovid (https://emturbovid.com) ExtractorApi
04-05 11:36:58.267  3948 11602 I PluginInstance: Adding Vidguard (https://listeamed.net) ExtractorApi
04-05 11:36:58.267  3948  3997 I PluginInstance: Adding VidHidePro6 (https://vidhidepro.com) ExtractorApi
04-05 11:36:58.267  3948  3997 I PluginManager: Loaded plugin Funmovieslix successfully
04-05 11:36:58.267  3948 11602 I PluginInstance: Adding Vidguard (https://vgfplay.com) ExtractorApi
04-05 11:36:58.267  3948 11602 I PluginInstance: Adding Archivd (https://archivd.net) ExtractorApi
04-05 11:36:58.267  3948 11602 I PluginInstance: Adding Uservideo (https://new.uservideo.xyz) ExtractorApi
04-05 11:36:58.267  3948 11602 I PluginInstance: Adding Vidhidepro (https://vidhidepro.com) ExtractorApi
04-05 11:36:58.267  3948 11602 I PluginInstance: Adding DoodStream (https://dsvplay.com) ExtractorApi
04-05 11:36:58.267  3948 11602 I PluginInstance: Adding ArchiveOrg (https://archive.org) ExtractorApi
04-05 11:36:58.267  3948 11602 I PluginInstance: Adding Megacloud (https://megacloud.blog) ExtractorApi
04-05 11:36:58.267  3948 11602 I PluginInstance: Adding Jeniusplay (https://jeniusplay.com) ExtractorApi
04-05 11:36:58.267  3948 11602 I PluginInstance: Adding Gdriveplayer.to (https://gdriveplayer.to) ExtractorApi
04-05 11:36:58.267  3948 11602 I PluginInstance: Adding GDFlix (https://gdflix.co) ExtractorApi
04-05 11:36:58.267  3948 11602 I PluginInstance: Adding Blogger (https://www.blogger.com) ExtractorApi
04-05 11:36:58.267  3948 11602 I PluginInstance: Adding PixelDrain (https://pixeldrain.com) ExtractorApi
04-05 11:36:58.267  3948 11602 I PluginInstance: Adding Upload18 (https://www.upload18.com) ExtractorApi
04-05 11:36:58.267  3948 11602 I PluginInstance: Adding Xshotcok (https://xshotcok.com) ExtractorApi
04-05 11:36:58.267  3948 11602 I PluginInstance: Adding Co4nxtrl (https://co4nxtrl.com) ExtractorApi
04-05 11:36:58.267  3948 11602 I PluginInstance: Adding Hownetwork (https://stream.hownetwork.xyz) ExtractorApi
04-05 11:36:58.267  3948 11602 I PluginInstance: Adding Hownetwork (https://cloud.hownetwork.xyz) ExtractorApi
04-05 11:36:58.267  3948 11602 I PluginInstance: Adding Furher (https://furher.in) ExtractorApi
04-05 11:36:58.267  3948 11602 I PluginInstance: Adding Furher 2 (723qrh1p.fun) ExtractorApi
04-05 11:36:58.267  3948 11602 I PluginInstance: Adding Turbovidhls (https://turbovid.xyz) ExtractorApi
04-05 11:36:58.267  3948 11602 I PluginInstance: Adding Emturbovid (https://emturbovid.com) ExtractorApi
04-05 11:36:58.268  3948 11602 I PluginInstance: Adding VidHidePro6 (https://vidhidepro.com) ExtractorApi
04-05 11:36:58.268  3948 11602 I PluginManager: Loaded plugin Samehadaku successfully
04-05 11:36:58.268  3948  3948 I COMPACT : showToast = Berhasil memperbarui 7 plugin!
04-05 11:36:58.268  3948 11602 I PluginManager: Plugin update done!
04-05 11:36:58.270  3948  3948 E Toast   : setGravity() shouldn't be called on text toasts, the values won't be used
04-05 11:36:58.270  3948  3948 I Toast   : setView: it's a custom toast
04-05 11:36:58.272  3948  3948 V Toast   : show: caller = com.lagradost.cloudstream3.CommonActivity.showToast:194 
04-05 11:36:58.278  3948  3970 D OpenGLRenderer: setSurface called with nullptr
04-05 11:36:58.278  3948  3970 D OpenGLRenderer: setSurface() destroyed EGLSurface
04-05 11:36:58.278  3948  3970 D OpenGLRenderer: destroyEglSurface
04-05 11:36:58.280  3948  3948 I ViewRootImpl@9f04eef[Toast]: dispatchDetachedFromWindow
04-05 11:36:58.280  3948  3948 I BLASTBufferQueue: [ViewRootImpl@9f04eef[Toast]#67](f:0,a:1) destructor()
04-05 11:36:58.280  3948  3948 D BufferQueueConsumer: [ViewRootImpl@9f04eef[Toast]#67(BLAST Consumer)67](id:f6c0000004b,api:0,p:-1,c:3948) disconnect
04-05 11:36:58.287  3948  3948 D InputTransport: Input channel destroyed: '37a203c', fd=180
04-05 11:36:58.291  3948  3948 V Toast   : HANDLE SHOW: android.widget.Toast$TN@74c9b4c mView=null mNextView=androidx.cardview.widget.CardView{bb77795 V.E..V... ......ID 0,0-0,0 #7f0a05b5 app:id/toast_layout_root}
04-05 11:36:58.292  3948  3948 V ToastPresenter: sipHeight = -90
04-05 11:36:58.293  3948  3948 V ToastPresenter: yOffset = 9
04-05 11:36:58.294  3948  3970 D NativeCustomFrequencyManager: [NativeCFMS] BpCustomFrequencyManager::BpCustomFrequencyManager()
04-05 11:36:58.300  3948  3948 D InsetsController: onStateChanged: InsetsState: {mDisplayFrame=Rect(0, 0 - 720, 1600), mDisplayCutout=DisplayCutout{insets=Rect(0, 58 - 0, 0) waterfall=Insets{left=0, top=0, right=0, bottom=0} boundingRect={Bounds=[Rect(0, 0 - 0, 0), Rect(298, 0 - 422, 58), Rect(0, 0 - 0, 0), Rect(0, 0 - 0, 0)]} cutoutPathParserInfo={CutoutPathParserInfo{displayWidth=720 displayHeight=1600 physicalDisplayWidth=720 physicalDisplayHeight=1600 density={1.875} cutoutSpec={M62.05,0l-2.7,0l-2.7,0l-1.4,0.1L53.95,0.2l-1.3,0.2l-1.3,0.2L49.95,0.9l-1.3,0.4l-1.3,0.5l-1.2,0.6L44.95,3 l-1.1,0.7l-1,0.8l-1,0.9l-0.9,1l-0.8,1l-0.7,1.1l-0.7,1.2l-0.6,1.2l-0.5,1.3l-0.4,1.3l-0.4,1.3l-0.5,2.3l-0.4,2.3l-0.4,2.3L34.95,23.9 l-0.6,2.3l-0.7,2.2l-0.4,1.1L32.95,30.6l-0.5,1.1L31.95,32.7c-3.5,7.2-9.3,13.1-16.6,16.6c-17.7,8.5-38.9,1.1-47.4-16.6l-0.5-1.1 l-0.5-1.1l-0.4-1.1l-0.4-1.1l-0.7-2.2l-0.6-2.3l-0.5-2.3l-0.4-2.3l-0.4-2.3l-0.5-2.3l-0.4-1.3l-0.4-1.3L-38.15,11l-0.6-1.2l-0.7-1.2 L-40.05,7.5l-0.8-1l-0.9-1l-1-0.9l-1-0.8L-44.95,3l-1.2-0.6l-1.2-0.6l-1.3-0.5l-1.3-0.4l-1.3-0.3L-52.55,0.4L-53.95,0.2L-55.25,0.1L-56.65,0L-59.35,0 L-62.05,0Z} rotation={0} scale={1.0} physicalPixelDisplaySizeRatio={1.0}}}}, mRoundedCorners=RoundedCorners{[RoundedCorner{position=TopLeft, radius=60, center=Point(60, 60)}, RoundedCorner{position=TopRight, radius=60, center=Point(660, 60)}, RoundedCorner{position=BottomRight, radius=60, center=Point(660, 1540)}, RoundedCorner{position=BottomLeft, radius=60, center=Point(60, 1540)}]}  mRoundedCornerFrame=Rect(0, 0 - 0, 0), mPrivacyIndicatorBounds=PrivacyIndicatorBounds {static bounds=Rect(637, 0 - 720, 58) rotation=0}, mSources= { InsetsSource: {mType=ITYPE_NAVIGATION_BAR, mFrame=[0,1510][720,1600], mVisible=true, mInsetsRoundedCornerFrame=false}, InsetsSource: {mType=ITYPE_LEFT_GESTURES, mFrame=[0,0][0,1600], mVisible=true, mInsetsRoundedCornerFrame=false}, InsetsSource: {mType=ITYPE_RIGHT_GESTURES, mFrame=[720,0][720,1600], mVisible=true, mInsetsRoundedCornerFrame=false}, InsetsSource: {mType=ITYPE_TOP_MANDATORY_GESTURES, mFrame=[0,0][720,81], mVisible=true, mInsetsRoundedCornerFrame=false}, InsetsSource: {mType=ITYPE_BOTTOM_MANDATORY_GESTURES, mFrame=[0,1510][720,1600], mVisible=true, mInsetsRoundedCornerFrame=false}, InsetsSource: {mType=ITYPE_LEFT_DISPLAY_CUTOUT, mFrame=[0,0][-100000,1600], mVisible=true, mInsetsRoundedCornerFrame=false}, InsetsSource: {mType=ITYPE_TOP_DISPLAY_CUTOUT, mFrame=[0,0][720,58], mVisible=true, mInsetsRoundedCornerFrame=false}, InsetsSource: {mType=ITYPE_RIGHT_DISPLAY_CUTOUT, mFrame=[100000,0][720,1600], mVisible=true, mInsetsRoundedCornerFrame=false}, InsetsSource: {mType=ITYPE_BOTTOM_DISPLAY_CUTOUT, mFrame=[0,100000][720,1600], mVisible=true, mInsetsRoundedCornerFrame=false}, InsetsSource: {mType=ITYPE_BOTTOM_TAPPABLE_ELEMENT, mFrame=[0,1510][720,1600], mVisible=true, mInsetsRoundedCornerFrame=false} } host=Toast from=android.view.ViewRootImpl.setView:1732
04-05 11:36:58.301  3948  3948 I ViewRootImpl@5cb80aa[Toast]: setView = androidx.cardview.widget.CardView@bb77795 TM=true
04-05 11:36:58.313  3948  3948 I ViewRootImpl@5cb80aa[Toast]: performTraversals params={(0,9)(wrapxwrap) gr=BOTTOM CENTER sim={adjust=resize} ty=TOAST fmt=TRANSLUCENT wanim=0x1030004 surfaceInsets=Rect(8, 8 - 8, 8)
04-05 11:36:58.313  3948  3948 I ViewRootImpl@5cb80aa[Toast]:   fl=1000098
04-05 11:36:58.313  3948  3948 I ViewRootImpl@5cb80aa[Toast]:   pfl=12000000
04-05 11:36:58.313  3948  3948 I ViewRootImpl@5cb80aa[Toast]:   bhv=DEFAULT
04-05 11:36:58.313  3948  3948 I ViewRootImpl@5cb80aa[Toast]:   fitTypes=STATUS_BARS NAVIGATION_BARS CAPTION_BAR
04-05 11:36:58.313  3948  3948 I ViewRootImpl@5cb80aa[Toast]:   fitIgnoreVis naviIconColor=0}
04-05 11:36:58.314  3948  3948 I ViewRootImpl@5cb80aa[Toast]: performTraversals mFirst=true windowShouldResize=false viewVisibilityChanged=false mForceNextWindowRelayout=false params={(0,9)(wrapxwrap) gr=BOTTOM CENTER sim={adjust=resize} ty=TOAST fmt=TRANSLUCENT wanim=0x1030004 surfaceInsets=Rect(8, 8 - 8, 8)
04-05 11:36:58.314  3948  3948 I ViewRootImpl@5cb80aa[Toast]:   fl=1000098
04-05 11:36:58.314  3948  3948 I ViewRootImpl@5cb80aa[Toast]:   pfl=12000000
04-05 11:36:58.314  3948  3948 I ViewRootImpl@5cb80aa[Toast]:   bhv=DEFAULT
04-05 11:36:58.314  3948  3948 I ViewRootImpl@5cb80aa[Toast]:   fitTypes=STATUS_BARS NAVIGATION_BARS CAPTION_BAR
04-05 11:36:58.314  3948  3948 I ViewRootImpl@5cb80aa[Toast]:   fitIgnoreVis naviIconColor=0}
04-05 11:36:58.322  3948  3948 I ViewRootImpl@5cb80aa[Toast]: updateBlastSurfaceIfNeeded mBlastBufferQueue=null isSameSurfaceControl=false
04-05 11:36:58.322  3948  3948 D BufferQueueConsumer: [](id:f6c0000004c,api:0,p:-1,c:3948) connect: controlledByApp=false
04-05 11:36:58.322  3948  3948 I BLASTBufferQueue: new BLASTBufferQueue, mName= ViewRootImpl@5cb80aa[Toast] mNativeObject= 0xb4000077d7f8d780 sc.mNativeObject= 0xb40000776fa3a900 caller= android.view.ViewRootImpl.updateBlastSurfaceIfNeeded:2909 android.view.ViewRootImpl.relayoutWindow:9847 android.view.ViewRootImpl.performTraversals:3884 android.view.ViewRootImpl.doTraversal:3116 android.view.ViewRootImpl$TraversalRunnable.run:10885 android.view.Choreographer$CallbackRecord.run:1301 android.view.Choreographer$CallbackRecord.run:1309 android.view.Choreographer.doCallbacks:923 android.view.Choreographer.doFrame:852 android.view.Choreographer$FrameDisplayEventReceiver.run:1283 
04-05 11:36:58.323  3948  3948 I BLASTBufferQueue: update, w= 508 h= 129 mName = ViewRootImpl@5cb80aa[Toast] mNativeObject= 0xb4000077d7f8d780 sc.mNativeObject= 0xb40000776fa3a900 format= -3 caller= android.graphics.BLASTBufferQueue.<init>:84 android.view.ViewRootImpl.updateBlastSurfaceIfNeeded:2909 android.view.ViewRootImpl.relayoutWindow:9847 android.view.ViewRootImpl.performTraversals:3884 android.view.ViewRootImpl.doTraversal:3116 android.view.ViewRootImpl$TraversalRunnable.run:10885 
04-05 11:36:58.323  3948  3948 I ViewRootImpl@5cb80aa[Toast]: Relayout returned: old=(0,58,720,1510) new=(114,1388,606,1501) req=(492,113)0 dur=8 res=0x3 s={true 0xb40000776c21e800} ch=true seqId=0
04-05 11:36:58.324  3948  3948 I ViewRootImpl@5cb80aa[Toast]: mThreadedRenderer.initialize() mSurface={isValid=true 0xb40000776c21e800} hwInitialized=true
04-05 11:36:58.324  3948  3970 D OpenGLRenderer: eglCreateWindowSurface
04-05 11:36:58.324  3948  3948 I ViewRootImpl@5cb80aa[Toast]: reportNextDraw android.view.ViewRootImpl.performTraversals:4438 android.view.ViewRootImpl.doTraversal:3116 android.view.ViewRootImpl$TraversalRunnable.run:10885 android.view.Choreographer$CallbackRecord.run:1301 android.view.Choreographer$CallbackRecord.run:1309 
04-05 11:36:58.324  3948  3948 I ViewRootImpl@5cb80aa[Toast]: Setup new sync id=0
04-05 11:36:58.324  3948  3948 I ViewRootImpl@5cb80aa[Toast]: Setting syncFrameCallback
04-05 11:36:58.325  3948  3948 I ViewRootImpl@5cb80aa[Toast]: registerCallbacksForSync syncBuffer=false
04-05 11:36:58.325  3948  4040 I ViewRootImpl@5cb80aa[Toast]: Received frameDrawingCallback syncResult=0 frameNum=1.
04-05 11:36:58.325  3948  4040 I ViewRootImpl@5cb80aa[Toast]: Setting up sync and frameCommitCallback
04-05 11:36:58.330  3948  3970 I BLASTBufferQueue: [ViewRootImpl@5cb80aa[Toast]#68](f:0,a:0) onFrameAvailable the first frame is available
04-05 11:36:58.331  3948  3970 I BLASTBufferQueue: [ViewRootImpl@5cb80aa[Toast]#68](f:0,a:1) acquireNextBufferLocked size=508x129 mFrameNumber=1 applyTransaction=true mTimestamp=1090984874650719(auto) mPendingTransactions.size=0 graphicBufferId=16956530885555 transform=0
04-05 11:36:58.331  3948  3970 I ViewRootImpl@5cb80aa[Toast]: Received frameCommittedCallback lastAttemptedDrawFrameNum=1 didProduceBuffer=true
04-05 11:36:58.332  3948  3970 D OpenGLRenderer: CFMS:: SetUp Pid : 3948    Tid : 3970
04-05 11:36:58.332  3948  3970 W Parcel  : Expecting binder but got null!
04-05 11:36:58.332  3948  3948 I ViewRootImpl@5cb80aa[Toast]: onSyncComplete
04-05 11:36:58.332  3948  3948 I ViewRootImpl@5cb80aa[Toast]: setupSync seqId=0 mSyncId=0 fn=1 caller=android.view.ViewRootImpl$$ExternalSyntheticLambda11.accept:6 android.window.SurfaceSyncer.lambda$setupSync$1$android-window-SurfaceSyncer:128 android.window.SurfaceSyncer$$ExternalSyntheticLambda1.accept:8 android.window.SurfaceSyncer$SyncSet.checkIfSyncIsComplete:382 android.window.SurfaceSyncer$SyncSet.markSyncReady:359 android.window.SurfaceSyncer.markSyncReady:151 android.view.ViewRootImpl.performTraversals:4503 
04-05 11:36:58.332  3948  3948 I ViewRootImpl@5cb80aa[Toast]: reportDrawFinished seqId=0 mSyncId=-1 fn=1 mSurfaceChangedTransaction=0xb40000776cfea200
04-05 11:36:58.719  3948  3948 I ViewRootImpl@ae38c1e[MainActivity]: ViewPostIme pointer 0
04-05 11:36:58.792  3948  3948 I ViewRootImpl@ae38c1e[MainActivity]: ViewPostIme pointer 1
04-05 11:36:58.796  3948  3948 I IMM_LC  : hsifw() - flag : 0
04-05 11:36:58.797  3948  3948 I IMM_LC  : hsifw() - mService.hideSoftInput
04-05 11:36:59.357  3948  3948 I ViewRootImpl@ae38c1e[MainActivity]: ViewPostIme pointer 0
04-05 11:36:59.424  3948  3948 I ViewRootImpl@ae38c1e[MainActivity]: ViewPostIme pointer 1
04-05 11:36:59.428  3948  3948 I IMM_LC  : hsifw() - flag : 0
04-05 11:36:59.428  3948  3948 I IMM_LC  : hsifw() - mService.hideSoftInput
04-05 11:36:59.837  3948  3948 I ViewRootImpl@ae38c1e[MainActivity]: ViewPostIme pointer 0
04-05 11:36:59.936  3948  3948 I ViewRootImpl@ae38c1e[MainActivity]: ViewPostIme pointer 1
04-05 11:36:59.944  3948  3948 I IMM_LC  : hsifw() - flag : 0
04-05 11:36:59.944  3948  3948 I IMM_LC  : hsifw() - mService.hideSoftInput
04-05 11:37:00.439  3948  3948 I ViewRootImpl@ae38c1e[MainActivity]: ViewPostIme key 0
--------- beginning of system
04-05 11:37:00.439  3948  3948 D Activity: onKeyDown(KEYCODE_BACK)
04-05 11:37:00.504  3948  3948 I ViewRootImpl@ae38c1e[MainActivity]: ViewPostIme key 1
04-05 11:37:00.504  3948  3948 D Activity: onKeyUp(KEYCODE_BACK) isTracking()=true isCanceled()=false hasCallback=false
04-05 11:37:00.505  3948  3948 I IMM_LC  : hsifw() - flag : 0
04-05 11:37:00.505  3948  3948 I IMM_LC  : hsifw() - mService.hideSoftInput
04-05 11:37:00.508  3948  3948 D ScrollView: initGoToTop
04-05 11:37:00.529  3948  3948 D ScrollView:  onsize change changed 
04-05 11:37:01.795  3948  3970 D OpenGLRenderer: setSurface called with nullptr
04-05 11:37:01.795  3948  3970 D OpenGLRenderer: setSurface() destroyed EGLSurface
04-05 11:37:01.795  3948  3970 D OpenGLRenderer: destroyEglSurface
04-05 11:37:01.799  3948  3948 I ViewRootImpl@5cb80aa[Toast]: dispatchDetachedFromWindow
04-05 11:37:01.799  3948  3948 I BLASTBufferQueue: [ViewRootImpl@5cb80aa[Toast]#68](f:0,a:1) destructor()
04-05 11:37:01.800  3948  3948 D BufferQueueConsumer: [ViewRootImpl@5cb80aa[Toast]#68(BLAST Consumer)68](id:f6c0000004c,api:0,p:-1,c:3948) disconnect
04-05 11:37:01.807  3948  3948 D InputTransport: Input channel destroyed: 'dcf143b', fd=197
04-05 11:37:02.894  3948  3948 I ViewRootImpl@ae38c1e[MainActivity]: ViewPostIme pointer 0
04-05 11:37:03.007  3948  3948 I ViewRootImpl@ae38c1e[MainActivity]: ViewPostIme pointer 1
04-05 11:37:03.008  3948  3948 I NavComponent: Navigating to fragment: 2131361881
04-05 11:37:03.008  3948  3948 I IMM_LC  : hsifw() - flag : 0
04-05 11:37:03.008  3948  3948 I IMM_LC  : hsifw() - mService.hideSoftInput
04-05 11:37:03.813  3948  3948 I ViewRootImpl@ae38c1e[MainActivity]: ViewPostIme pointer 0
04-05 11:37:03.886  3948  3948 I ViewRootImpl@ae38c1e[MainActivity]: ViewPostIme pointer 1
04-05 11:37:03.896  3948  3948 I IMM_LC  : hsifw() - flag : 0
04-05 11:37:03.896  3948  3948 I IMM_LC  : hsifw() - mService.hideSoftInput
04-05 11:37:03.944  3948  3948 I PLG     : updatePluginList = https://raw.githubusercontent.com/byimam2nd/cloudstream-ekstension/refs/heads/master/repo.json
04-05 11:37:03.944  3948  3948 I PLG     : getPlugins = https://raw.githubusercontent.com/byimam2nd/cloudstream-ekstension/refs/heads/master/repo.json
04-05 11:37:04.095  3948  3948 E CoilImgLoader: Error loading image: coil3.network.HttpException: HTTP 404
04-05 11:37:04.685  3948  3948 I ViewRootImpl@ae38c1e[MainActivity]: ViewPostIme pointer 0
04-05 11:37:04.775  3948  3948 I ViewRootImpl@ae38c1e[MainActivity]: ViewPostIme pointer 1
04-05 11:37:04.778  3948 11605 I PLG     : handlePluginAction = https://raw.githubusercontent.com/byimam2nd/cloudstream-ekstension/refs/heads/master/repo.json, (https://raw.githubusercontent.com/byimam2nd/cloudstream-ekstension/refs/heads/master/repo.json, SitePlugin(url=https://raw.githubusercontent.com/byimam2nd/oce/builds/Anichin.cs3, status=1, version=10, apiVersion=1, name=Anichin, internalName=Anichin, authors=[Imam2nd], description=🎬 Anichin - Streaming Anime China Subtitle Indonesia dengan kualitas tinggi dan update tercepat!, repositoryUrl=https://github.com/byimam2nd/oce, tvTypes=[Anime], language=id, iconUrl=https://blogger.googleusercontent.com/img/b/R29vZ2xl/AVvXsEjD5KTf3taknWZ6YLFfkHAvDCoeC79LCjfh1T5VsBajkI0hFV4afH6WBwDeiHrGtkYKaRMX4pAWa_M2kG8LXefpk8g6Ug35PnJyXpiro5lPw8tcXMPA_6RFcRw3dYQkoZgXDdjiMdHde2k8ZfwTlazvlVerXAhdrLDNAeo5NysoU-CScOAcVmsosVl_cA/s1600/NewLogo.png, fileSize=185342)), false
04-05 11:37:04.780  3948 11605 I PluginManager: Unloading plugin: /data/user/0/com.lagradost.cloudstream3/files/Extensions/httpsraw.githubusercontent.combyimam2ndcloudstream-ekstensionrefsheadsmasterrepo.json.-1427536412/Anichin.807426054.cs3
04-05 11:37:04.782  3948 11605 I PLG     : getPlugins = https://raw.githubusercontent.com/byimam2nd/cloudstream-ekstension/refs/heads/master/repo.json
04-05 11:37:04.782  3948  3948 I COMPACT : showToast = Plugin terhapus
04-05 11:37:04.784  3948  3948 E Toast   : setGravity() shouldn't be called on text toasts, the values won't be used
04-05 11:37:04.784  3948  3948 I Toast   : setView: it's a custom toast
04-05 11:37:04.787  3948  3948 V Toast   : show: caller = com.lagradost.cloudstream3.CommonActivity.showToast:194 
04-05 11:37:04.791  3948  3948 V Toast   : HANDLE SHOW: android.widget.Toast$TN@25262e8 mView=null mNextView=androidx.cardview.widget.CardView{ea6fd01 V.E..V... ......ID 0,0-0,0 #7f0a05b5 app:id/toast_layout_root}
04-05 11:37:04.792  3948  3948 V ToastPresenter: sipHeight = -90
04-05 11:37:04.792  3948  3948 V ToastPresenter: yOffset = 9
04-05 11:37:04.794  3948  3970 D NativeCustomFrequencyManager: [NativeCFMS] BpCustomFrequencyManager::BpCustomFrequencyManager()
04-05 11:37:04.799  3948  3948 D InsetsController: onStateChanged: InsetsState: {mDisplayFrame=Rect(0, 0 - 720, 1600), mDisplayCutout=DisplayCutout{insets=Rect(0, 58 - 0, 0) waterfall=Insets{left=0, top=0, right=0, bottom=0} boundingRect={Bounds=[Rect(0, 0 - 0, 0), Rect(298, 0 - 422, 58), Rect(0, 0 - 0, 0), Rect(0, 0 - 0, 0)]} cutoutPathParserInfo={CutoutPathParserInfo{displayWidth=720 displayHeight=1600 physicalDisplayWidth=720 physicalDisplayHeight=1600 density={1.875} cutoutSpec={M62.05,0l-2.7,0l-2.7,0l-1.4,0.1L53.95,0.2l-1.3,0.2l-1.3,0.2L49.95,0.9l-1.3,0.4l-1.3,0.5l-1.2,0.6L44.95,3 l-1.1,0.7l-1,0.8l-1,0.9l-0.9,1l-0.8,1l-0.7,1.1l-0.7,1.2l-0.6,1.2l-0.5,1.3l-0.4,1.3l-0.4,1.3l-0.5,2.3l-0.4,2.3l-0.4,2.3L34.95,23.9 l-0.6,2.3l-0.7,2.2l-0.4,1.1L32.95,30.6l-0.5,1.1L31.95,32.7c-3.5,7.2-9.3,13.1-16.6,16.6c-17.7,8.5-38.9,1.1-47.4-16.6l-0.5-1.1 l-0.5-1.1l-0.4-1.1l-0.4-1.1l-0.7-2.2l-0.6-2.3l-0.5-2.3l-0.4-2.3l-0.4-2.3l-0.5-2.3l-0.4-1.3l-0.4-1.3L-38.15,11l-0.6-1.2l-0.7-1.2 L-40.05,7.5l-0.8-1l-0.9-1l-1-0.9l-1-0.8L-44.95,3l-1.2-0.6l-1.2-0.6l-1.3-0.5l-1.3-0.4l-1.3-0.3L-52.55,0.4L-53.95,0.2L-55.25,0.1L-56.65,0L-59.35,0 L-62.05,0Z} rotation={0} scale={1.0} physicalPixelDisplaySizeRatio={1.0}}}}, mRoundedCorners=RoundedCorners{[RoundedCorner{position=TopLeft, radius=60, center=Point(60, 60)}, RoundedCorner{position=TopRight, radius=60, center=Point(660, 60)}, RoundedCorner{position=BottomRight, radius=60, center=Point(660, 1540)}, RoundedCorner{position=BottomLeft, radius=60, center=Point(60, 1540)}]}  mRoundedCornerFrame=Rect(0, 0 - 0, 0), mPrivacyIndicatorBounds=PrivacyIndicatorBounds {static bounds=Rect(637, 0 - 720, 58) rotation=0}, mSources= { InsetsSource: {mType=ITYPE_NAVIGATION_BAR, mFrame=[0,1510][720,1600], mVisible=true, mInsetsRoundedCornerFrame=false}, InsetsSource: {mType=ITYPE_LEFT_GESTURES, mFrame=[0,0][0,1600], mVisible=true, mInsetsRoundedCornerFrame=false}, InsetsSource: {mType=ITYPE_RIGHT_GESTURES, mFrame=[720,0][720,1600], mVisible=true, mInsetsRoundedCornerFrame=false}, InsetsSource: {mType=ITYPE_TOP_MANDATORY_GESTURES, mFrame=[0,0][720,81], mVisible=true, mInsetsRoundedCornerFrame=false}, InsetsSource: {mType=ITYPE_BOTTOM_MANDATORY_GESTURES, mFrame=[0,1510][720,1600], mVisible=true, mInsetsRoundedCornerFrame=false}, InsetsSource: {mType=ITYPE_LEFT_DISPLAY_CUTOUT, mFrame=[0,0][-100000,1600], mVisible=true, mInsetsRoundedCornerFrame=false}, InsetsSource: {mType=ITYPE_TOP_DISPLAY_CUTOUT, mFrame=[0,0][720,58], mVisible=true, mInsetsRoundedCornerFrame=false}, InsetsSource: {mType=ITYPE_RIGHT_DISPLAY_CUTOUT, mFrame=[100000,0][720,1600], mVisible=true, mInsetsRoundedCornerFrame=false}, InsetsSource: {mType=ITYPE_BOTTOM_DISPLAY_CUTOUT, mFrame=[0,100000][720,1600], mVisible=true, mInsetsRoundedCornerFrame=false}, InsetsSource: {mType=ITYPE_BOTTOM_TAPPABLE_ELEMENT, mFrame=[0,1510][720,1600], mVisible=true, mInsetsRoundedCornerFrame=false} } host=Toast from=android.view.ViewRootImpl.setView:1732
04-05 11:37:04.800  3948  3948 I ViewRootImpl@df637a6[Toast]: setView = androidx.cardview.widget.CardView@ea6fd01 TM=true
04-05 11:37:04.804  3948  3948 I ViewRootImpl@df637a6[Toast]: performTraversals params={(0,9)(wrapxwrap) gr=BOTTOM CENTER sim={adjust=resize} ty=TOAST fmt=TRANSLUCENT wanim=0x1030004 surfaceInsets=Rect(8, 8 - 8, 8)
04-05 11:37:04.804  3948  3948 I ViewRootImpl@df637a6[Toast]:   fl=1000098
04-05 11:37:04.804  3948  3948 I ViewRootImpl@df637a6[Toast]:   pfl=12000000
04-05 11:37:04.804  3948  3948 I ViewRootImpl@df637a6[Toast]:   bhv=DEFAULT
04-05 11:37:04.804  3948  3948 I ViewRootImpl@df637a6[Toast]:   fitTypes=STATUS_BARS NAVIGATION_BARS CAPTION_BAR
04-05 11:37:04.804  3948  3948 I ViewRootImpl@df637a6[Toast]:   fitIgnoreVis naviIconColor=0}
04-05 11:37:04.804  3948  3948 I ViewRootImpl@df637a6[Toast]: performTraversals mFirst=true windowShouldResize=false viewVisibilityChanged=false mForceNextWindowRelayout=false params={(0,9)(wrapxwrap) gr=BOTTOM CENTER sim={adjust=resize} ty=TOAST fmt=TRANSLUCENT wanim=0x1030004 surfaceInsets=Rect(8, 8 - 8, 8)
04-05 11:37:04.804  3948  3948 I ViewRootImpl@df637a6[Toast]:   fl=1000098
04-05 11:37:04.804  3948  3948 I ViewRootImpl@df637a6[Toast]:   pfl=12000000
04-05 11:37:04.804  3948  3948 I ViewRootImpl@df637a6[Toast]:   bhv=DEFAULT
04-05 11:37:04.804  3948  3948 I ViewRootImpl@df637a6[Toast]:   fitTypes=STATUS_BARS NAVIGATION_BARS CAPTION_BAR
04-05 11:37:04.804  3948  3948 I ViewRootImpl@df637a6[Toast]:   fitIgnoreVis naviIconColor=0}
04-05 11:37:04.810  3948  3948 I ViewRootImpl@df637a6[Toast]: updateBlastSurfaceIfNeeded mBlastBufferQueue=null isSameSurfaceControl=false
04-05 11:37:04.810  3948  3948 D BufferQueueConsumer: [](id:f6c0000004d,api:0,p:-1,c:3948) connect: controlledByApp=false
04-05 11:37:04.811  3948  3948 I BLASTBufferQueue: new BLASTBufferQueue, mName= ViewRootImpl@df637a6[Toast] mNativeObject= 0xb4000077390d0480 sc.mNativeObject= 0xb40000776fa3a360 caller= android.view.ViewRootImpl.updateBlastSurfaceIfNeeded:2909 android.view.ViewRootImpl.relayoutWindow:9847 android.view.ViewRootImpl.performTraversals:3884 android.view.ViewRootImpl.doTraversal:3116 android.view.ViewRootImpl$TraversalRunnable.run:10885 android.view.Choreographer$CallbackRecord.run:1301 android.view.Choreographer$CallbackRecord.run:1309 android.view.Choreographer.doCallbacks:923 android.view.Choreographer.doFrame:852 android.view.Choreographer$FrameDisplayEventReceiver.run:1283 
04-05 11:37:04.811  3948  3948 I BLASTBufferQueue: update, w= 302 h= 129 mName = ViewRootImpl@df637a6[Toast] mNativeObject= 0xb4000077390d0480 sc.mNativeObject= 0xb40000776fa3a360 format= -3 caller= android.graphics.BLASTBufferQueue.<init>:84 android.view.ViewRootImpl.updateBlastSurfaceIfNeeded:2909 android.view.ViewRootImpl.relayoutWindow:9847 android.view.ViewRootImpl.performTraversals:3884 android.view.ViewRootImpl.doTraversal:3116 android.view.ViewRootImpl$TraversalRunnable.run:10885 
04-05 11:37:04.811  3948  3948 I ViewRootImpl@df637a6[Toast]: Relayout returned: old=(0,58,720,1510) new=(217,1388,503,1501) req=(286,113)0 dur=6 res=0x3 s={true 0xb4000077d8073000} ch=true seqId=0
04-05 11:37:04.812  3948  3948 I ViewRootImpl@df637a6[Toast]: mThreadedRenderer.initialize() mSurface={isValid=true 0xb4000077d8073000} hwInitialized=true
04-05 11:37:04.813  3948  3970 D OpenGLRenderer: eglCreateWindowSurface
04-05 11:37:04.813  3948  3948 I ViewRootImpl@df637a6[Toast]: reportNextDraw android.view.ViewRootImpl.performTraversals:4438 android.view.ViewRootImpl.doTraversal:3116 android.view.ViewRootImpl$TraversalRunnable.run:10885 android.view.Choreographer$CallbackRecord.run:1301 android.view.Choreographer$CallbackRecord.run:1309 
04-05 11:37:04.813  3948  3948 I ViewRootImpl@df637a6[Toast]: Setup new sync id=0
04-05 11:37:04.813  3948  3948 I ViewRootImpl@df637a6[Toast]: Setting syncFrameCallback
04-05 11:37:04.813  3948  3948 I ViewRootImpl@df637a6[Toast]: registerCallbacksForSync syncBuffer=false
04-05 11:37:04.814  3948  4041 I ViewRootImpl@df637a6[Toast]: Received frameDrawingCallback syncResult=0 frameNum=1.
04-05 11:37:04.814  3948  4041 I ViewRootImpl@df637a6[Toast]: Setting up sync and frameCommitCallback
04-05 11:37:04.818  3948  3970 I BLASTBufferQueue: [ViewRootImpl@df637a6[Toast]#69](f:0,a:0) onFrameAvailable the first frame is available
04-05 11:37:04.818  3948  3970 I BLASTBufferQueue: [ViewRootImpl@df637a6[Toast]#69](f:0,a:1) acquireNextBufferLocked size=302x129 mFrameNumber=1 applyTransaction=true mTimestamp=1090991362218335(auto) mPendingTransactions.size=0 graphicBufferId=16956530885558 transform=0
04-05 11:37:04.818  3948  3970 I ViewRootImpl@df637a6[Toast]: Received frameCommittedCallback lastAttemptedDrawFrameNum=1 didProduceBuffer=true
04-05 11:37:04.819  3948  3970 D OpenGLRenderer: CFMS:: SetUp Pid : 3948    Tid : 3970
04-05 11:37:04.819  3948  3970 W Parcel  : Expecting binder but got null!
04-05 11:37:04.819  3948  3948 I ViewRootImpl@df637a6[Toast]: onSyncComplete
04-05 11:37:04.820  3948  3948 I ViewRootImpl@df637a6[Toast]: setupSync seqId=0 mSyncId=0 fn=1 caller=android.view.ViewRootImpl$$ExternalSyntheticLambda11.accept:6 android.window.SurfaceSyncer.lambda$setupSync$1$android-window-SurfaceSyncer:128 android.window.SurfaceSyncer$$ExternalSyntheticLambda1.accept:8 android.window.SurfaceSyncer$SyncSet.checkIfSyncIsComplete:382 android.window.SurfaceSyncer$SyncSet.markSyncReady:359 android.window.SurfaceSyncer.markSyncReady:151 android.view.ViewRootImpl.performTraversals:4503 
04-05 11:37:04.829  3948  3948 I ViewRootImpl@df637a6[Toast]: reportDrawFinished seqId=0 mSyncId=-1 fn=1 mSurfaceChangedTransaction=0xb400007739d93c00
04-05 11:37:05.156  3948  3948 I ViewRootImpl@ae38c1e[MainActivity]: ViewPostIme pointer 0
04-05 11:37:05.247  3948  3948 I ViewRootImpl@ae38c1e[MainActivity]: ViewPostIme pointer 1
04-05 11:37:05.260  3948 11605 I PLG     : handlePluginAction = https://raw.githubusercontent.com/byimam2nd/cloudstream-ekstension/refs/heads/master/repo.json, (https://raw.githubusercontent.com/byimam2nd/cloudstream-ekstension/refs/heads/master/repo.json, SitePlugin(url=https://raw.githubusercontent.com/byimam2nd/oce/builds/Animasu.cs3, status=1, version=1, apiVersion=1, name=Animasu, internalName=Animasu, authors=[Hexated, Imam2nd], description=🐰 Animasu - Streaming Anime Subtitle Indonesia dengan kualitas tinggi dan update tercepat!, repositoryUrl=https://github.com/byimam2nd/oce, tvTypes=[Anime, AnimeMovie, OVA], language=id, iconUrl=https://t2.gstatic.com/faviconV2?client=SOCIAL&type=FAVICON&fallback_opts=TYPE,SIZE,URL&url=https://v1.animasu.top&size=%size%, fileSize=181373)), false
04-05 11:37:05.261  3948 11605 I PluginManager: Unloading plugin: /data/user/0/com.lagradost.cloudstream3/files/Extensions/httpsraw.githubusercontent.combyimam2ndcloudstream-ekstensionrefsheadsmasterrepo.json.-1427536412/Animasu.807717554.cs3
04-05 11:37:05.263  3948  3948 I COMPACT : showToast = Plugin terhapus
04-05 11:37:05.263  3948 11605 I PLG     : getPlugins = https://raw.githubusercontent.com/byimam2nd/cloudstream-ekstension/refs/heads/master/repo.json
04-05 11:37:05.265  3948  3948 E Toast   : setGravity() shouldn't be called on text toasts, the values won't be used
04-05 11:37:05.265  3948  3948 I Toast   : setView: it's a custom toast
04-05 11:37:05.266  3948  3948 V Toast   : show: caller = com.lagradost.cloudstream3.CommonActivity.showToast:194 
04-05 11:37:05.272  3948  3970 D OpenGLRenderer: setSurface called with nullptr
04-05 11:37:05.272  3948  3970 D OpenGLRenderer: setSurface() destroyed EGLSurface
04-05 11:37:05.272  3948  3970 D OpenGLRenderer: destroyEglSurface
04-05 11:37:05.274  3948  3948 I ViewRootImpl@df637a6[Toast]: dispatchDetachedFromWindow
04-05 11:37:05.274  3948  3948 I BLASTBufferQueue: [ViewRootImpl@df637a6[Toast]#69](f:0,a:1) destructor()
04-05 11:37:05.274  3948  3948 D BufferQueueConsumer: [ViewRootImpl@df637a6[Toast]#69(BLAST Consumer)69](id:f6c0000004d,api:0,p:-1,c:3948) disconnect
04-05 11:37:05.279  3948  3948 D InputTransport: Input channel destroyed: '76e51c4', fd=230
04-05 11:37:05.285  3948  3948 V Toast   : HANDLE SHOW: android.widget.Toast$TN@d682871 mView=null mNextView=androidx.cardview.widget.CardView{a11d656 V.E..V... ......ID 0,0-0,0 #7f0a05b5 app:id/toast_layout_root}
04-05 11:37:05.286  3948  3948 V ToastPresenter: sipHeight = -90
04-05 11:37:05.286  3948  3948 V ToastPresenter: yOffset = 9
04-05 11:37:05.288  3948  3970 D NativeCustomFrequencyManager: [NativeCFMS] BpCustomFrequencyManager::BpCustomFrequencyManager()
04-05 11:37:05.293  3948  3948 D InsetsController: onStateChanged: InsetsState: {mDisplayFrame=Rect(0, 0 - 720, 1600), mDisplayCutout=DisplayCutout{insets=Rect(0, 58 - 0, 0) waterfall=Insets{left=0, top=0, right=0, bottom=0} boundingRect={Bounds=[Rect(0, 0 - 0, 0), Rect(298, 0 - 422, 58), Rect(0, 0 - 0, 0), Rect(0, 0 - 0, 0)]} cutoutPathParserInfo={CutoutPathParserInfo{displayWidth=720 displayHeight=1600 physicalDisplayWidth=720 physicalDisplayHeight=1600 density={1.875} cutoutSpec={M62.05,0l-2.7,0l-2.7,0l-1.4,0.1L53.95,0.2l-1.3,0.2l-1.3,0.2L49.95,0.9l-1.3,0.4l-1.3,0.5l-1.2,0.6L44.95,3 l-1.1,0.7l-1,0.8l-1,0.9l-0.9,1l-0.8,1l-0.7,1.1l-0.7,1.2l-0.6,1.2l-0.5,1.3l-0.4,1.3l-0.4,1.3l-0.5,2.3l-0.4,2.3l-0.4,2.3L34.95,23.9 l-0.6,2.3l-0.7,2.2l-0.4,1.1L32.95,30.6l-0.5,1.1L31.95,32.7c-3.5,7.2-9.3,13.1-16.6,16.6c-17.7,8.5-38.9,1.1-47.4-16.6l-0.5-1.1 l-0.5-1.1l-0.4-1.1l-0.4-1.1l-0.7-2.2l-0.6-2.3l-0.5-2.3l-0.4-2.3l-0.4-2.3l-0.5-2.3l-0.4-1.3l-0.4-1.3L-38.15,11l-0.6-1.2l-0.7-1.2 L-40.05,7.5l-0.8-1l-0.9-1l-1-0.9l-1-0.8L-44.95,3l-1.2-0.6l-1.2-0.6l-1.3-0.5l-1.3-0.4l-1.3-0.3L-52.55,0.4L-53.95,0.2L-55.25,0.1L-56.65,0L-59.35,0 L-62.05,0Z} rotation={0} scale={1.0} physicalPixelDisplaySizeRatio={1.0}}}}, mRoundedCorners=RoundedCorners{[RoundedCorner{position=TopLeft, radius=60, center=Point(60, 60)}, RoundedCorner{position=TopRight, radius=60, center=Point(660, 60)}, RoundedCorner{position=BottomRight, radius=60, center=Point(660, 1540)}, RoundedCorner{position=BottomLeft, radius=60, center=Point(60, 1540)}]}  mRoundedCornerFrame=Rect(0, 0 - 0, 0), mPrivacyIndicatorBounds=PrivacyIndicatorBounds {static bounds=Rect(637, 0 - 720, 58) rotation=0}, mSources= { InsetsSource: {mType=ITYPE_NAVIGATION_BAR, mFrame=[0,1510][720,1600], mVisible=true, mInsetsRoundedCornerFrame=false}, InsetsSource: {mType=ITYPE_LEFT_GESTURES, mFrame=[0,0][0,1600], mVisible=true, mInsetsRoundedCornerFrame=false}, InsetsSource: {mType=ITYPE_RIGHT_GESTURES, mFrame=[720,0][720,1600], mVisible=true, mInsetsRoundedCornerFrame=false}, InsetsSource: {mType=ITYPE_TOP_MANDATORY_GESTURES, mFrame=[0,0][720,81], mVisible=true, mInsetsRoundedCornerFrame=false}, InsetsSource: {mType=ITYPE_BOTTOM_MANDATORY_GESTURES, mFrame=[0,1510][720,1600], mVisible=true, mInsetsRoundedCornerFrame=false}, InsetsSource: {mType=ITYPE_LEFT_DISPLAY_CUTOUT, mFrame=[0,0][-100000,1600], mVisible=true, mInsetsRoundedCornerFrame=false}, InsetsSource: {mType=ITYPE_TOP_DISPLAY_CUTOUT, mFrame=[0,0][720,58], mVisible=true, mInsetsRoundedCornerFrame=false}, InsetsSource: {mType=ITYPE_RIGHT_DISPLAY_CUTOUT, mFrame=[100000,0][720,1600], mVisible=true, mInsetsRoundedCornerFrame=false}, InsetsSource: {mType=ITYPE_BOTTOM_DISPLAY_CUTOUT, mFrame=[0,100000][720,1600], mVisible=true, mInsetsRoundedCornerFrame=false}, InsetsSource: {mType=ITYPE_BOTTOM_TAPPABLE_ELEMENT, mFrame=[0,1510][720,1600], mVisible=true, mInsetsRoundedCornerFrame=false} } host=Toast from=android.view.ViewRootImpl.setView:1732
04-05 11:37:05.294  3948  3948 I ViewRootImpl@56aa6d7[Toast]: setView = androidx.cardview.widget.CardView@a11d656 TM=true
04-05 11:37:05.301  3948  3948 I ViewRootImpl@56aa6d7[Toast]: performTraversals params={(0,9)(wrapxwrap) gr=BOTTOM CENTER sim={adjust=resize} ty=TOAST fmt=TRANSLUCENT wanim=0x1030004 surfaceInsets=Rect(8, 8 - 8, 8)
04-05 11:37:05.301  3948  3948 I ViewRootImpl@56aa6d7[Toast]:   fl=1000098
04-05 11:37:05.301  3948  3948 I ViewRootImpl@56aa6d7[Toast]:   pfl=12000000
04-05 11:37:05.301  3948  3948 I ViewRootImpl@56aa6d7[Toast]:   bhv=DEFAULT
04-05 11:37:05.301  3948  3948 I ViewRootImpl@56aa6d7[Toast]:   fitTypes=STATUS_BARS NAVIGATION_BARS CAPTION_BAR
04-05 11:37:05.301  3948  3948 I ViewRootImpl@56aa6d7[Toast]:   fitIgnoreVis naviIconColor=0}
04-05 11:37:05.301  3948  3948 I ViewRootImpl@56aa6d7[Toast]: performTraversals mFirst=true windowShouldResize=false viewVisibilityChanged=false mForceNextWindowRelayout=false params={(0,9)(wrapxwrap) gr=BOTTOM CENTER sim={adjust=resize} ty=TOAST fmt=TRANSLUCENT wanim=0x1030004 surfaceInsets=Rect(8, 8 - 8, 8)
04-05 11:37:05.301  3948  3948 I ViewRootImpl@56aa6d7[Toast]:   fl=1000098
04-05 11:37:05.301  3948  3948 I ViewRootImpl@56aa6d7[Toast]:   pfl=12000000
04-05 11:37:05.301  3948  3948 I ViewRootImpl@56aa6d7[Toast]:   bhv=DEFAULT
04-05 11:37:05.301  3948  3948 I ViewRootImpl@56aa6d7[Toast]:   fitTypes=STATUS_BARS NAVIGATION_BARS CAPTION_BAR
04-05 11:37:05.301  3948  3948 I ViewRootImpl@56aa6d7[Toast]:   fitIgnoreVis naviIconColor=0}
04-05 11:37:05.308  3948  3948 I ViewRootImpl@56aa6d7[Toast]: updateBlastSurfaceIfNeeded mBlastBufferQueue=null isSameSurfaceControl=false
04-05 11:37:05.308  3948  3948 D BufferQueueConsumer: [](id:f6c0000004e,api:0,p:-1,c:3948) connect: controlledByApp=false
