04-05 12:33:41.848 13149 13149 V SurfaceView@53f3f55: Layout: x=0 y=-707 w=720 h=375, frame=Rect(0, 0 - 720, 375)
04-05 12:33:41.849 13149 13238 D SurfaceView@53f3f55: updateSurfacePosition RenderWorker, frameNr = 445, position = [0, -707, 720, -332] surfaceSize = 720x375
04-05 12:33:41.849 13149 13238 I SurfaceView@53f3f55: uSP: rtp = Rect(0, -707 - 720, -332) rtsw = 720 rtsh = 375
04-05 12:33:41.849 13149 13238 I SurfaceView@53f3f55: onSSPAndSRT: pl = 0 pt = -707 sx = 1.0 sy = 1.0
04-05 12:33:41.850 13149 13238 I SurfaceView@53f3f55: aOrMT: ViewRootImpl@f8b7859[MainActivity] t = android.view.SurfaceControl$Transaction@ecfd5c2 fN = 445 android.view.SurfaceView.-$$Nest$mapplyOrMergeTransaction:0 android.view.SurfaceView$SurfaceViewPositionUpdateListener.positionChanged:1537 android.graphics.RenderNode$CompositePositionUpdateListener.positionChanged:373 
04-05 12:33:41.850 13149 13238 I ViewRootImpl@f8b7859[MainActivity]: mWNT: t=0xb4000077a019d800 mBlastBufferQueue=0xb4000077c7d0c600 fn= 445 caller= android.view.SurfaceView.applyOrMergeTransaction:1455 android.view.SurfaceView.-$$Nest$mapplyOrMergeTransaction:0 android.view.SurfaceView$SurfaceViewPositionUpdateListener.positionChanged:1537 
04-05 12:33:41.850 13149 13238 I ViewRootImpl@f8b7859[MainActivity]: mWNT: t=0xb4000077c799d000 mBlastBufferQueue=0xb4000077c7d0c600 fn= 445 caller= android.view.ViewRootImpl.lambda$applyTransactionOnDraw$11$android-view-ViewRootImpl:12865 android.view.ViewRootImpl$$ExternalSyntheticLambda1.onFrameDraw:4 android.graphics.HardwareRenderer$FrameDrawingCallback.onFrameDraw:924 
04-05 12:33:41.865 13149 13149 I SurfaceView@53f3f55: Changes: creating=false format=false size=false visible=false alpha=false hint=false mUseAlpha=false visible=false left=false top=true
04-05 12:33:41.865 13149 13149 I SurfaceView@53f3f55: 88031061 Cur surface: Surface(name=null)/@0xbd07737
04-05 12:33:41.865 13149 13149 I SurfaceView@53f3f55: applyTransactionOnVriDraw: vri = ViewRootImpl@f8b7859[MainActivity] fRS = false t = 0xb4000077c799d100 android.view.SurfaceView.performSurfaceTransaction:959 android.view.SurfaceView.updateSurface:1105 android.view.SurfaceView.lambda$new$0$android-view-SurfaceView:200 
04-05 12:33:41.865 13149 13149 I ViewRootImpl@f8b7859[MainActivity]: applyTransactionOnDraw: mRemoved = false isHardwareEnabled = true t = 0xb4000077c799d100android.view.SurfaceView.applyTransactionOnVriDraw:2048 android.view.SurfaceView.performSurfaceTransaction:959 android.view.SurfaceView.updateSurface:1105 android.view.SurfaceView.lambda$new$0$android-view-SurfaceView:200 android.view.SurfaceView$$ExternalSyntheticLambda5.onPreDraw:2 
04-05 12:33:41.865 13149 13149 I SurfaceView@53f3f55: updateSurface: mVisible = true mSurface.isValid() = true
04-05 12:33:41.865 13149 13149 I SurfaceView@53f3f55: updateSurface: mSurfaceCreated = true surfaceChanged = false visibleChanged = false
04-05 12:33:41.865 13149 13149 V SurfaceView@53f3f55: Layout: x=0 y=-738 w=720 h=375, frame=Rect(0, 0 - 720, 375)
04-05 12:33:41.866 13149 13239 D SurfaceView@53f3f55: updateSurfacePosition RenderWorker, frameNr = 446, position = [0, -738, 720, -363] surfaceSize = 720x375
04-05 12:33:41.866 13149 13239 I SurfaceView@53f3f55: uSP: rtp = Rect(0, -738 - 720, -363) rtsw = 720 rtsh = 375
04-05 12:33:41.866 13149 13239 I SurfaceView@53f3f55: onSSPAndSRT: pl = 0 pt = -738 sx = 1.0 sy = 1.0
04-05 12:33:41.866 13149 13239 I SurfaceView@53f3f55: aOrMT: ViewRootImpl@f8b7859[MainActivity] t = android.view.SurfaceControl$Transaction@ecfd5c2 fN = 446 android.view.SurfaceView.-$$Nest$mapplyOrMergeTransaction:0 android.view.SurfaceView$SurfaceViewPositionUpdateListener.positionChanged:1537 android.graphics.RenderNode$CompositePositionUpdateListener.positionChanged:373 
04-05 12:33:41.866 13149 13239 I ViewRootImpl@f8b7859[MainActivity]: mWNT: t=0xb4000077a019d800 mBlastBufferQueue=0xb4000077c7d0c600 fn= 446 caller= android.view.SurfaceView.applyOrMergeTransaction:1455 android.view.SurfaceView.-$$Nest$mapplyOrMergeTransaction:0 android.view.SurfaceView$SurfaceViewPositionUpdateListener.positionChanged:1537 
04-05 12:33:41.867 13149 13239 I ViewRootImpl@f8b7859[MainActivity]: mWNT: t=0xb4000077c799d100 mBlastBufferQueue=0xb4000077c7d0c600 fn= 446 caller= android.view.ViewRootImpl.lambda$applyTransactionOnDraw$11$android-view-ViewRootImpl:12865 android.view.ViewRootImpl$$ExternalSyntheticLambda1.onFrameDraw:4 android.graphics.HardwareRenderer$FrameDrawingCallback.onFrameDraw:924 
04-05 12:33:41.881 13149 13149 I SurfaceView@53f3f55: Changes: creating=false format=false size=false visible=false alpha=false hint=false mUseAlpha=false visible=false left=false top=true
04-05 12:33:41.881 13149 13149 I SurfaceView@53f3f55: 88031061 Cur surface: Surface(name=null)/@0xbd07737
04-05 12:33:41.882 13149 13149 I SurfaceView@53f3f55: applyTransactionOnVriDraw: vri = ViewRootImpl@f8b7859[MainActivity] fRS = false t = 0xb4000077c799d200 android.view.SurfaceView.performSurfaceTransaction:959 android.view.SurfaceView.updateSurface:1105 android.view.SurfaceView.lambda$new$0$android-view-SurfaceView:200 
04-05 12:33:41.882 13149 13149 I ViewRootImpl@f8b7859[MainActivity]: applyTransactionOnDraw: mRemoved = false isHardwareEnabled = true t = 0xb4000077c799d200android.view.SurfaceView.applyTransactionOnVriDraw:2048 android.view.SurfaceView.performSurfaceTransaction:959 android.view.SurfaceView.updateSurface:1105 android.view.SurfaceView.lambda$new$0$android-view-SurfaceView:200 android.view.SurfaceView$$ExternalSyntheticLambda5.onPreDraw:2 
04-05 12:33:41.882 13149 13149 I SurfaceView@53f3f55: updateSurface: mVisible = true mSurface.isValid() = true
04-05 12:33:41.882 13149 13149 I SurfaceView@53f3f55: updateSurface: mSurfaceCreated = true surfaceChanged = false visibleChanged = false
04-05 12:33:41.882 13149 13149 V SurfaceView@53f3f55: Layout: x=0 y=-766 w=720 h=375, frame=Rect(0, 0 - 720, 375)
04-05 12:33:41.883 13149 13238 D SurfaceView@53f3f55: updateSurfacePosition RenderWorker, frameNr = 447, position = [0, -766, 720, -391] surfaceSize = 720x375
04-05 12:33:41.883 13149 13238 I SurfaceView@53f3f55: uSP: rtp = Rect(0, -766 - 720, -391) rtsw = 720 rtsh = 375
04-05 12:33:41.883 13149 13238 I SurfaceView@53f3f55: onSSPAndSRT: pl = 0 pt = -766 sx = 1.0 sy = 1.0
04-05 12:33:41.883 13149 13238 I SurfaceView@53f3f55: aOrMT: ViewRootImpl@f8b7859[MainActivity] t = android.view.SurfaceControl$Transaction@ecfd5c2 fN = 447 android.view.SurfaceView.-$$Nest$mapplyOrMergeTransaction:0 android.view.SurfaceView$SurfaceViewPositionUpdateListener.positionChanged:1537 android.graphics.RenderNode$CompositePositionUpdateListener.positionChanged:373 
04-05 12:33:41.883 13149 13238 I ViewRootImpl@f8b7859[MainActivity]: mWNT: t=0xb4000077a019d800 mBlastBufferQueue=0xb4000077c7d0c600 fn= 447 caller= android.view.SurfaceView.applyOrMergeTransaction:1455 android.view.SurfaceView.-$$Nest$mapplyOrMergeTransaction:0 android.view.SurfaceView$SurfaceViewPositionUpdateListener.positionChanged:1537 
04-05 12:33:41.883 13149 13238 I ViewRootImpl@f8b7859[MainActivity]: mWNT: t=0xb4000077c799d200 mBlastBufferQueue=0xb4000077c7d0c600 fn= 447 caller= android.view.ViewRootImpl.lambda$applyTransactionOnDraw$11$android-view-ViewRootImpl:12865 android.view.ViewRootImpl$$ExternalSyntheticLambda1.onFrameDraw:4 android.graphics.HardwareRenderer$FrameDrawingCallback.onFrameDraw:924 
04-05 12:33:41.898 13149 13149 I SurfaceView@53f3f55: Changes: creating=false format=false size=false visible=false alpha=false hint=false mUseAlpha=false visible=false left=false top=true
04-05 12:33:41.898 13149 13149 I SurfaceView@53f3f55: 88031061 Cur surface: Surface(name=null)/@0xbd07737
04-05 12:33:41.898 13149 13149 I SurfaceView@53f3f55: applyTransactionOnVriDraw: vri = ViewRootImpl@f8b7859[MainActivity] fRS = false t = 0xb4000077c799d300 android.view.SurfaceView.performSurfaceTransaction:959 android.view.SurfaceView.updateSurface:1105 android.view.SurfaceView.lambda$new$0$android-view-SurfaceView:200 
04-05 12:33:41.898 13149 13149 I ViewRootImpl@f8b7859[MainActivity]: applyTransactionOnDraw: mRemoved = false isHardwareEnabled = true t = 0xb4000077c799d300android.view.SurfaceView.applyTransactionOnVriDraw:2048 android.view.SurfaceView.performSurfaceTransaction:959 android.view.SurfaceView.updateSurface:1105 android.view.SurfaceView.lambda$new$0$android-view-SurfaceView:200 android.view.SurfaceView$$ExternalSyntheticLambda5.onPreDraw:2 
04-05 12:33:41.899 13149 13149 I SurfaceView@53f3f55: updateSurface: mVisible = true mSurface.isValid() = true
04-05 12:33:41.899 13149 13149 I SurfaceView@53f3f55: updateSurface: mSurfaceCreated = true surfaceChanged = false visibleChanged = false
04-05 12:33:41.899 13149 13149 V SurfaceView@53f3f55: Layout: x=0 y=-792 w=720 h=375, frame=Rect(0, 0 - 720, 375)
04-05 12:33:41.901 13149 13239 D SurfaceView@53f3f55: updateSurfacePosition RenderWorker, frameNr = 448, position = [0, -792, 720, -417] surfaceSize = 720x375
04-05 12:33:41.901 13149 13239 I SurfaceView@53f3f55: uSP: rtp = Rect(0, -792 - 720, -417) rtsw = 720 rtsh = 375
04-05 12:33:41.901 13149 13239 I SurfaceView@53f3f55: onSSPAndSRT: pl = 0 pt = -792 sx = 1.0 sy = 1.0
04-05 12:33:41.901 13149 13239 I SurfaceView@53f3f55: aOrMT: ViewRootImpl@f8b7859[MainActivity] t = android.view.SurfaceControl$Transaction@ecfd5c2 fN = 448 android.view.SurfaceView.-$$Nest$mapplyOrMergeTransaction:0 android.view.SurfaceView$SurfaceViewPositionUpdateListener.positionChanged:1537 android.graphics.RenderNode$CompositePositionUpdateListener.positionChanged:373 
04-05 12:33:41.901 13149 13239 I ViewRootImpl@f8b7859[MainActivity]: mWNT: t=0xb4000077a019d800 mBlastBufferQueue=0xb4000077c7d0c600 fn= 448 caller= android.view.SurfaceView.applyOrMergeTransaction:1455 android.view.SurfaceView.-$$Nest$mapplyOrMergeTransaction:0 android.view.SurfaceView$SurfaceViewPositionUpdateListener.positionChanged:1537 
04-05 12:33:41.901 13149 13239 I ViewRootImpl@f8b7859[MainActivity]: mWNT: t=0xb4000077c799d300 mBlastBufferQueue=0xb4000077c7d0c600 fn= 448 caller= android.view.ViewRootImpl.lambda$applyTransactionOnDraw$11$android-view-ViewRootImpl:12865 android.view.ViewRootImpl$$ExternalSyntheticLambda1.onFrameDraw:4 android.graphics.HardwareRenderer$FrameDrawingCallback.onFrameDraw:924 
04-05 12:33:41.915 13149 13149 I SurfaceView@53f3f55: Changes: creating=false format=false size=false visible=false alpha=false hint=false mUseAlpha=false visible=false left=false top=true
04-05 12:33:41.915 13149 13149 I SurfaceView@53f3f55: 88031061 Cur surface: Surface(name=null)/@0xbd07737
04-05 12:33:41.916 13149 13149 I SurfaceView@53f3f55: applyTransactionOnVriDraw: vri = ViewRootImpl@f8b7859[MainActivity] fRS = false t = 0xb4000077c799d400 android.view.SurfaceView.performSurfaceTransaction:959 android.view.SurfaceView.updateSurface:1105 android.view.SurfaceView.lambda$new$0$android-view-SurfaceView:200 
04-05 12:33:41.916 13149 13149 I ViewRootImpl@f8b7859[MainActivity]: applyTransactionOnDraw: mRemoved = false isHardwareEnabled = true t = 0xb4000077c799d400android.view.SurfaceView.applyTransactionOnVriDraw:2048 android.view.SurfaceView.performSurfaceTransaction:959 android.view.SurfaceView.updateSurface:1105 android.view.SurfaceView.lambda$new$0$android-view-SurfaceView:200 android.view.SurfaceView$$ExternalSyntheticLambda5.onPreDraw:2 
04-05 12:33:41.916 13149 13149 I SurfaceView@53f3f55: updateSurface: mVisible = true mSurface.isValid() = true
04-05 12:33:41.916 13149 13149 I SurfaceView@53f3f55: updateSurface: mSurfaceCreated = true surfaceChanged = false visibleChanged = false
04-05 12:33:41.916 13149 13149 V SurfaceView@53f3f55: Layout: x=0 y=-820 w=720 h=375, frame=Rect(0, 0 - 720, 375)
04-05 12:33:41.917 13149 13238 D SurfaceView@53f3f55: updateSurfacePosition RenderWorker, frameNr = 449, position = [0, -820, 720, -445] surfaceSize = 720x375
04-05 12:33:41.917 13149 13238 I SurfaceView@53f3f55: uSP: rtp = Rect(0, -820 - 720, -445) rtsw = 720 rtsh = 375
04-05 12:33:41.917 13149 13238 I SurfaceView@53f3f55: onSSPAndSRT: pl = 0 pt = -820 sx = 1.0 sy = 1.0
04-05 12:33:41.917 13149 13238 I SurfaceView@53f3f55: aOrMT: ViewRootImpl@f8b7859[MainActivity] t = android.view.SurfaceControl$Transaction@ecfd5c2 fN = 449 android.view.SurfaceView.-$$Nest$mapplyOrMergeTransaction:0 android.view.SurfaceView$SurfaceViewPositionUpdateListener.positionChanged:1537 android.graphics.RenderNode$CompositePositionUpdateListener.positionChanged:373 
04-05 12:33:41.917 13149 13238 I ViewRootImpl@f8b7859[MainActivity]: mWNT: t=0xb4000077a019d800 mBlastBufferQueue=0xb4000077c7d0c600 fn= 449 caller= android.view.SurfaceView.applyOrMergeTransaction:1455 android.view.SurfaceView.-$$Nest$mapplyOrMergeTransaction:0 android.view.SurfaceView$SurfaceViewPositionUpdateListener.positionChanged:1537 
04-05 12:33:41.918 13149 13239 I ViewRootImpl@f8b7859[MainActivity]: mWNT: t=0xb4000077c799d400 mBlastBufferQueue=0xb4000077c7d0c600 fn= 449 caller= android.view.ViewRootImpl.lambda$applyTransactionOnDraw$11$android-view-ViewRootImpl:12865 android.view.ViewRootImpl$$ExternalSyntheticLambda1.onFrameDraw:4 android.graphics.HardwareRenderer$FrameDrawingCallback.onFrameDraw:924 
04-05 12:33:41.931 13149 13149 I SurfaceView@53f3f55: Changes: creating=false format=false size=false visible=false alpha=false hint=false mUseAlpha=false visible=false left=false top=true
04-05 12:33:41.931 13149 13149 I SurfaceView@53f3f55: 88031061 Cur surface: Surface(name=null)/@0xbd07737
04-05 12:33:41.932 13149 13149 I SurfaceView@53f3f55: applyTransactionOnVriDraw: vri = ViewRootImpl@f8b7859[MainActivity] fRS = false t = 0xb4000077c799d500 android.view.SurfaceView.performSurfaceTransaction:959 android.view.SurfaceView.updateSurface:1105 android.view.SurfaceView.lambda$new$0$android-view-SurfaceView:200 
04-05 12:33:41.932 13149 13149 I ViewRootImpl@f8b7859[MainActivity]: applyTransactionOnDraw: mRemoved = false isHardwareEnabled = true t = 0xb4000077c799d500android.view.SurfaceView.applyTransactionOnVriDraw:2048 android.view.SurfaceView.performSurfaceTransaction:959 android.view.SurfaceView.updateSurface:1105 android.view.SurfaceView.lambda$new$0$android-view-SurfaceView:200 android.view.SurfaceView$$ExternalSyntheticLambda5.onPreDraw:2 
04-05 12:33:41.932 13149 13149 I SurfaceView@53f3f55: updateSurface: mVisible = true mSurface.isValid() = true
04-05 12:33:41.932 13149 13149 I SurfaceView@53f3f55: updateSurface: mSurfaceCreated = true surfaceChanged = false visibleChanged = false
04-05 12:33:41.932 13149 13149 V SurfaceView@53f3f55: Layout: x=0 y=-849 w=720 h=375, frame=Rect(0, 0 - 720, 375)
04-05 12:33:41.933 13149 13238 D SurfaceView@53f3f55: updateSurfacePosition RenderWorker, frameNr = 450, position = [0, -849, 720, -474] surfaceSize = 720x375
04-05 12:33:41.933 13149 13238 I SurfaceView@53f3f55: uSP: rtp = Rect(0, -849 - 720, -474) rtsw = 720 rtsh = 375
04-05 12:33:41.933 13149 13238 I SurfaceView@53f3f55: onSSPAndSRT: pl = 0 pt = -849 sx = 1.0 sy = 1.0
04-05 12:33:41.933 13149 13238 I SurfaceView@53f3f55: aOrMT: ViewRootImpl@f8b7859[MainActivity] t = android.view.SurfaceControl$Transaction@ecfd5c2 fN = 450 android.view.SurfaceView.-$$Nest$mapplyOrMergeTransaction:0 android.view.SurfaceView$SurfaceViewPositionUpdateListener.positionChanged:1537 android.graphics.RenderNode$CompositePositionUpdateListener.positionChanged:373 
04-05 12:33:41.933 13149 13238 I ViewRootImpl@f8b7859[MainActivity]: mWNT: t=0xb4000077a019d800 mBlastBufferQueue=0xb4000077c7d0c600 fn= 450 caller= android.view.SurfaceView.applyOrMergeTransaction:1455 android.view.SurfaceView.-$$Nest$mapplyOrMergeTransaction:0 android.view.SurfaceView$SurfaceViewPositionUpdateListener.positionChanged:1537 
04-05 12:33:41.933 13149 13238 I ViewRootImpl@f8b7859[MainActivity]: mWNT: t=0xb4000077c799d500 mBlastBufferQueue=0xb4000077c7d0c600 fn= 450 caller= android.view.ViewRootImpl.lambda$applyTransactionOnDraw$11$android-view-ViewRootImpl:12865 android.view.ViewRootImpl$$ExternalSyntheticLambda1.onFrameDraw:4 android.graphics.HardwareRenderer$FrameDrawingCallback.onFrameDraw:924 
04-05 12:33:41.948 13149 13149 I SurfaceView@53f3f55: Changes: creating=false format=false size=false visible=false alpha=false hint=false mUseAlpha=false visible=false left=false top=true
04-05 12:33:41.948 13149 13149 I SurfaceView@53f3f55: 88031061 Cur surface: Surface(name=null)/@0xbd07737
04-05 12:33:41.948 13149 13149 I SurfaceView@53f3f55: applyTransactionOnVriDraw: vri = ViewRootImpl@f8b7859[MainActivity] fRS = false t = 0xb4000077c799d800 android.view.SurfaceView.performSurfaceTransaction:959 android.view.SurfaceView.updateSurface:1105 android.view.SurfaceView.lambda$new$0$android-view-SurfaceView:200 
04-05 12:33:41.948 13149 13149 I ViewRootImpl@f8b7859[MainActivity]: applyTransactionOnDraw: mRemoved = false isHardwareEnabled = true t = 0xb4000077c799d800android.view.SurfaceView.applyTransactionOnVriDraw:2048 android.view.SurfaceView.performSurfaceTransaction:959 android.view.SurfaceView.updateSurface:1105 android.view.SurfaceView.lambda$new$0$android-view-SurfaceView:200 android.view.SurfaceView$$ExternalSyntheticLambda5.onPreDraw:2 
04-05 12:33:41.948 13149 13149 I SurfaceView@53f3f55: updateSurface: mVisible = true mSurface.isValid() = true
04-05 12:33:41.948 13149 13149 I SurfaceView@53f3f55: updateSurface: mSurfaceCreated = true surfaceChanged = false visibleChanged = false
04-05 12:33:41.949 13149 13149 V SurfaceView@53f3f55: Layout: x=0 y=-878 w=720 h=375, frame=Rect(0, 0 - 720, 375)
04-05 12:33:41.949 13149 13239 D SurfaceView@53f3f55: updateSurfacePosition RenderWorker, frameNr = 451, position = [0, -878, 720, -503] surfaceSize = 720x375
04-05 12:33:41.949 13149 13239 I SurfaceView@53f3f55: uSP: rtp = Rect(0, -878 - 720, -503) rtsw = 720 rtsh = 375
04-05 12:33:41.949 13149 13239 I SurfaceView@53f3f55: onSSPAndSRT: pl = 0 pt = -878 sx = 1.0 sy = 1.0
04-05 12:33:41.950 13149 13239 I SurfaceView@53f3f55: aOrMT: ViewRootImpl@f8b7859[MainActivity] t = android.view.SurfaceControl$Transaction@ecfd5c2 fN = 451 android.view.SurfaceView.-$$Nest$mapplyOrMergeTransaction:0 android.view.SurfaceView$SurfaceViewPositionUpdateListener.positionChanged:1537 android.graphics.RenderNode$CompositePositionUpdateListener.positionChanged:373 
04-05 12:33:41.950 13149 13239 I ViewRootImpl@f8b7859[MainActivity]: mWNT: t=0xb4000077a019d800 mBlastBufferQueue=0xb4000077c7d0c600 fn= 451 caller= android.view.SurfaceView.applyOrMergeTransaction:1455 android.view.SurfaceView.-$$Nest$mapplyOrMergeTransaction:0 android.view.SurfaceView$SurfaceViewPositionUpdateListener.positionChanged:1537 
04-05 12:33:41.950 13149 13239 I ViewRootImpl@f8b7859[MainActivity]: mWNT: t=0xb4000077c799d800 mBlastBufferQueue=0xb4000077c7d0c600 fn= 451 caller= android.view.ViewRootImpl.lambda$applyTransactionOnDraw$11$android-view-ViewRootImpl:12865 android.view.ViewRootImpl$$ExternalSyntheticLambda1.onFrameDraw:4 android.graphics.HardwareRenderer$FrameDrawingCallback.onFrameDraw:924 
04-05 12:33:41.965 13149 13149 I SurfaceView@53f3f55: Changes: creating=false format=false size=false visible=false alpha=false hint=false mUseAlpha=false visible=false left=false top=true
04-05 12:33:41.965 13149 13149 I SurfaceView@53f3f55: 88031061 Cur surface: Surface(name=null)/@0xbd07737
04-05 12:33:41.965 13149 13149 I SurfaceView@53f3f55: applyTransactionOnVriDraw: vri = ViewRootImpl@f8b7859[MainActivity] fRS = false t = 0xb4000077c799df00 android.view.SurfaceView.performSurfaceTransaction:959 android.view.SurfaceView.updateSurface:1105 android.view.SurfaceView.lambda$new$0$android-view-SurfaceView:200 
04-05 12:33:41.965 13149 13149 I ViewRootImpl@f8b7859[MainActivity]: applyTransactionOnDraw: mRemoved = false isHardwareEnabled = true t = 0xb4000077c799df00android.view.SurfaceView.applyTransactionOnVriDraw:2048 android.view.SurfaceView.performSurfaceTransaction:959 android.view.SurfaceView.updateSurface:1105 android.view.SurfaceView.lambda$new$0$android-view-SurfaceView:200 android.view.SurfaceView$$ExternalSyntheticLambda5.onPreDraw:2 
04-05 12:33:41.965 13149 13149 I SurfaceView@53f3f55: updateSurface: mVisible = true mSurface.isValid() = true
04-05 12:33:41.965 13149 13149 I SurfaceView@53f3f55: updateSurface: mSurfaceCreated = true surfaceChanged = false visibleChanged = false
04-05 12:33:41.965 13149 13149 V SurfaceView@53f3f55: Layout: x=0 y=-905 w=720 h=375, frame=Rect(0, 0 - 720, 375)
04-05 12:33:41.966 13149 13238 D SurfaceView@53f3f55: updateSurfacePosition RenderWorker, frameNr = 452, position = [0, -905, 720, -530] surfaceSize = 720x375
04-05 12:33:41.966 13149 13238 I SurfaceView@53f3f55: uSP: rtp = Rect(0, -905 - 720, -530) rtsw = 720 rtsh = 375
04-05 12:33:41.966 13149 13238 I SurfaceView@53f3f55: onSSPAndSRT: pl = 0 pt = -905 sx = 1.0 sy = 1.0
04-05 12:33:41.966 13149 13238 I SurfaceView@53f3f55: aOrMT: ViewRootImpl@f8b7859[MainActivity] t = android.view.SurfaceControl$Transaction@ecfd5c2 fN = 452 android.view.SurfaceView.-$$Nest$mapplyOrMergeTransaction:0 android.view.SurfaceView$SurfaceViewPositionUpdateListener.positionChanged:1537 android.graphics.RenderNode$CompositePositionUpdateListener.positionChanged:373 
04-05 12:33:41.966 13149 13238 I ViewRootImpl@f8b7859[MainActivity]: mWNT: t=0xb4000077a019d800 mBlastBufferQueue=0xb4000077c7d0c600 fn= 452 caller= android.view.SurfaceView.applyOrMergeTransaction:1455 android.view.SurfaceView.-$$Nest$mapplyOrMergeTransaction:0 android.view.SurfaceView$SurfaceViewPositionUpdateListener.positionChanged:1537 
04-05 12:33:41.967 13149 13238 I ViewRootImpl@f8b7859[MainActivity]: mWNT: t=0xb4000077c799df00 mBlastBufferQueue=0xb4000077c7d0c600 fn= 452 caller= android.view.ViewRootImpl.lambda$applyTransactionOnDraw$11$android-view-ViewRootImpl:12865 android.view.ViewRootImpl$$ExternalSyntheticLambda1.onFrameDraw:4 android.graphics.HardwareRenderer$FrameDrawingCallback.onFrameDraw:924 
04-05 12:33:41.981 13149 13149 I SurfaceView@53f3f55: Changes: creating=false format=false size=false visible=false alpha=false hint=false mUseAlpha=false visible=false left=false top=true
04-05 12:33:41.982 13149 13149 I SurfaceView@53f3f55: 88031061 Cur surface: Surface(name=null)/@0xbd07737
04-05 12:33:41.982 13149 13149 I SurfaceView@53f3f55: applyTransactionOnVriDraw: vri = ViewRootImpl@f8b7859[MainActivity] fRS = false t = 0xb4000077c7a7f400 android.view.SurfaceView.performSurfaceTransaction:959 android.view.SurfaceView.updateSurface:1105 android.view.SurfaceView.lambda$new$0$android-view-SurfaceView:200 
04-05 12:33:41.982 13149 13149 I ViewRootImpl@f8b7859[MainActivity]: applyTransactionOnDraw: mRemoved = false isHardwareEnabled = true t = 0xb4000077c7a7f400android.view.SurfaceView.applyTransactionOnVriDraw:2048 android.view.SurfaceView.performSurfaceTransaction:959 android.view.SurfaceView.updateSurface:1105 android.view.SurfaceView.lambda$new$0$android-view-SurfaceView:200 android.view.SurfaceView$$ExternalSyntheticLambda5.onPreDraw:2 
04-05 12:33:41.982 13149 13149 I SurfaceView@53f3f55: updateSurface: mVisible = true mSurface.isValid() = true
04-05 12:33:41.983 13149 13149 I SurfaceView@53f3f55: updateSurface: mSurfaceCreated = true surfaceChanged = false visibleChanged = false
04-05 12:33:41.983 13149 13149 V SurfaceView@53f3f55: Layout: x=0 y=-932 w=720 h=375, frame=Rect(0, 0 - 720, 375)
04-05 12:33:41.983 13149 13239 D SurfaceView@53f3f55: updateSurfacePosition RenderWorker, frameNr = 453, position = [0, -932, 720, -557] surfaceSize = 720x375
04-05 12:33:41.984 13149 13239 I SurfaceView@53f3f55: uSP: rtp = Rect(0, -932 - 720, -557) rtsw = 720 rtsh = 375
04-05 12:33:41.984 13149 13239 I SurfaceView@53f3f55: onSSPAndSRT: pl = 0 pt = -932 sx = 1.0 sy = 1.0
04-05 12:33:41.984 13149 13239 I SurfaceView@53f3f55: aOrMT: ViewRootImpl@f8b7859[MainActivity] t = android.view.SurfaceControl$Transaction@ecfd5c2 fN = 453 android.view.SurfaceView.-$$Nest$mapplyOrMergeTransaction:0 android.view.SurfaceView$SurfaceViewPositionUpdateListener.positionChanged:1537 android.graphics.RenderNode$CompositePositionUpdateListener.positionChanged:373 
04-05 12:33:41.984 13149 13239 I ViewRootImpl@f8b7859[MainActivity]: mWNT: t=0xb4000077a019d800 mBlastBufferQueue=0xb4000077c7d0c600 fn= 453 caller= android.view.SurfaceView.applyOrMergeTransaction:1455 android.view.SurfaceView.-$$Nest$mapplyOrMergeTransaction:0 android.view.SurfaceView$SurfaceViewPositionUpdateListener.positionChanged:1537 
04-05 12:33:41.985 13149 13239 I ViewRootImpl@f8b7859[MainActivity]: mWNT: t=0xb4000077c7a7f400 mBlastBufferQueue=0xb4000077c7d0c600 fn= 453 caller= android.view.ViewRootImpl.lambda$applyTransactionOnDraw$11$android-view-ViewRootImpl:12865 android.view.ViewRootImpl$$ExternalSyntheticLambda1.onFrameDraw:4 android.graphics.HardwareRenderer$FrameDrawingCallback.onFrameDraw:924 
04-05 12:33:41.998 13149 13149 I SurfaceView@53f3f55: Changes: creating=false format=false size=false visible=false alpha=false hint=false mUseAlpha=false visible=false left=false top=true
04-05 12:33:41.998 13149 13149 I SurfaceView@53f3f55: 88031061 Cur surface: Surface(name=null)/@0xbd07737
04-05 12:33:41.999 13149 13149 I SurfaceView@53f3f55: applyTransactionOnVriDraw: vri = ViewRootImpl@f8b7859[MainActivity] fRS = false t = 0xb4000077c7a98100 android.view.SurfaceView.performSurfaceTransaction:959 android.view.SurfaceView.updateSurface:1105 android.view.SurfaceView.lambda$new$0$android-view-SurfaceView:200 
04-05 12:33:41.999 13149 13149 I ViewRootImpl@f8b7859[MainActivity]: applyTransactionOnDraw: mRemoved = false isHardwareEnabled = true t = 0xb4000077c7a98100android.view.SurfaceView.applyTransactionOnVriDraw:2048 android.view.SurfaceView.performSurfaceTransaction:959 android.view.SurfaceView.updateSurface:1105 android.view.SurfaceView.lambda$new$0$android-view-SurfaceView:200 android.view.SurfaceView$$ExternalSyntheticLambda5.onPreDraw:2 
04-05 12:33:41.999 13149 13149 I SurfaceView@53f3f55: updateSurface: mVisible = true mSurface.isValid() = true
04-05 12:33:41.999 13149 13149 I SurfaceView@53f3f55: updateSurface: mSurfaceCreated = true surfaceChanged = false visibleChanged = false
04-05 12:33:41.999 13149 13149 V SurfaceView@53f3f55: Layout: x=0 y=-957 w=720 h=375, frame=Rect(0, 0 - 720, 375)
04-05 12:33:42.000 13149 13238 D SurfaceView@53f3f55: updateSurfacePosition RenderWorker, frameNr = 454, position = [0, -957, 720, -582] surfaceSize = 720x375
04-05 12:33:42.000 13149 13238 I SurfaceView@53f3f55: uSP: rtp = Rect(0, -957 - 720, -582) rtsw = 720 rtsh = 375
04-05 12:33:42.000 13149 13238 I SurfaceView@53f3f55: onSSPAndSRT: pl = 0 pt = -957 sx = 1.0 sy = 1.0
04-05 12:33:42.001 13149 13238 I SurfaceView@53f3f55: aOrMT: ViewRootImpl@f8b7859[MainActivity] t = android.view.SurfaceControl$Transaction@ecfd5c2 fN = 454 android.view.SurfaceView.-$$Nest$mapplyOrMergeTransaction:0 android.view.SurfaceView$SurfaceViewPositionUpdateListener.positionChanged:1537 android.graphics.RenderNode$CompositePositionUpdateListener.positionChanged:373 
04-05 12:33:42.001 13149 13238 I ViewRootImpl@f8b7859[MainActivity]: mWNT: t=0xb4000077a019d800 mBlastBufferQueue=0xb4000077c7d0c600 fn= 454 caller= android.view.SurfaceView.applyOrMergeTransaction:1455 android.view.SurfaceView.-$$Nest$mapplyOrMergeTransaction:0 android.view.SurfaceView$SurfaceViewPositionUpdateListener.positionChanged:1537 
04-05 12:33:42.001 13149 13238 I ViewRootImpl@f8b7859[MainActivity]: mWNT: t=0xb4000077c7a98100 mBlastBufferQueue=0xb4000077c7d0c600 fn= 454 caller= android.view.ViewRootImpl.lambda$applyTransactionOnDraw$11$android-view-ViewRootImpl:12865 android.view.ViewRootImpl$$ExternalSyntheticLambda1.onFrameDraw:4 android.graphics.HardwareRenderer$FrameDrawingCallback.onFrameDraw:924 
04-05 12:33:42.014 13149 13149 I SurfaceView@53f3f55: Changes: creating=false format=false size=false visible=false alpha=false hint=false mUseAlpha=false visible=false left=false top=true
04-05 12:33:42.014 13149 13149 I SurfaceView@53f3f55: 88031061 Cur surface: Surface(name=null)/@0xbd07737
04-05 12:33:42.015 13149 13149 I SurfaceView@53f3f55: applyTransactionOnVriDraw: vri = ViewRootImpl@f8b7859[MainActivity] fRS = false t = 0xb4000077c7a98800 android.view.SurfaceView.performSurfaceTransaction:959 android.view.SurfaceView.updateSurface:1105 android.view.SurfaceView.lambda$new$0$android-view-SurfaceView:200 
04-05 12:33:42.015 13149 13149 I ViewRootImpl@f8b7859[MainActivity]: applyTransactionOnDraw: mRemoved = false isHardwareEnabled = true t = 0xb4000077c7a98800android.view.SurfaceView.applyTransactionOnVriDraw:2048 android.view.SurfaceView.performSurfaceTransaction:959 android.view.SurfaceView.updateSurface:1105 android.view.SurfaceView.lambda$new$0$android-view-SurfaceView:200 android.view.SurfaceView$$ExternalSyntheticLambda5.onPreDraw:2 
04-05 12:33:42.015 13149 13149 I SurfaceView@53f3f55: updateSurface: mVisible = true mSurface.isValid() = true
04-05 12:33:42.015 13149 13149 I SurfaceView@53f3f55: updateSurface: mSurfaceCreated = true surfaceChanged = false visibleChanged = false
04-05 12:33:42.015 13149 13149 V SurfaceView@53f3f55: Layout: x=0 y=-983 w=720 h=375, frame=Rect(0, 0 - 720, 375)
04-05 12:33:42.015 13149 13239 D SurfaceView@53f3f55: updateSurfacePosition RenderWorker, frameNr = 455, position = [0, -983, 720, -608] surfaceSize = 720x375
04-05 12:33:42.016 13149 13239 I SurfaceView@53f3f55: uSP: rtp = Rect(0, -983 - 720, -608) rtsw = 720 rtsh = 375
04-05 12:33:42.016 13149 13239 I SurfaceView@53f3f55: onSSPAndSRT: pl = 0 pt = -983 sx = 1.0 sy = 1.0
04-05 12:33:42.016 13149 13239 I SurfaceView@53f3f55: aOrMT: ViewRootImpl@f8b7859[MainActivity] t = android.view.SurfaceControl$Transaction@ecfd5c2 fN = 455 android.view.SurfaceView.-$$Nest$mapplyOrMergeTransaction:0 android.view.SurfaceView$SurfaceViewPositionUpdateListener.positionChanged:1537 android.graphics.RenderNode$CompositePositionUpdateListener.positionChanged:373 
04-05 12:33:42.016 13149 13239 I ViewRootImpl@f8b7859[MainActivity]: mWNT: t=0xb4000077a019d800 mBlastBufferQueue=0xb4000077c7d0c600 fn= 455 caller= android.view.SurfaceView.applyOrMergeTransaction:1455 android.view.SurfaceView.-$$Nest$mapplyOrMergeTransaction:0 android.view.SurfaceView$SurfaceViewPositionUpdateListener.positionChanged:1537 
04-05 12:33:42.016 13149 13239 I ViewRootImpl@f8b7859[MainActivity]: mWNT: t=0xb4000077c7a98800 mBlastBufferQueue=0xb4000077c7d0c600 fn= 455 caller= android.view.ViewRootImpl.lambda$applyTransactionOnDraw$11$android-view-ViewRootImpl:12865 android.view.ViewRootImpl$$ExternalSyntheticLambda1.onFrameDraw:4 android.graphics.HardwareRenderer$FrameDrawingCallback.onFrameDraw:924 
04-05 12:33:42.031 13149 13149 I SurfaceView@53f3f55: Changes: creating=false format=false size=false visible=false alpha=false hint=false mUseAlpha=false visible=false left=false top=true
04-05 12:33:42.031 13149 13149 I SurfaceView@53f3f55: 88031061 Cur surface: Surface(name=null)/@0xbd07737
04-05 12:33:42.031 13149 13149 I SurfaceView@53f3f55: applyTransactionOnVriDraw: vri = ViewRootImpl@f8b7859[MainActivity] fRS = false t = 0xb4000077c7b10000 android.view.SurfaceView.performSurfaceTransaction:959 android.view.SurfaceView.updateSurface:1105 android.view.SurfaceView.lambda$new$0$android-view-SurfaceView:200 
04-05 12:33:42.032 13149 13149 I ViewRootImpl@f8b7859[MainActivity]: applyTransactionOnDraw: mRemoved = false isHardwareEnabled = true t = 0xb4000077c7b10000android.view.SurfaceView.applyTransactionOnVriDraw:2048 android.view.SurfaceView.performSurfaceTransaction:959 android.view.SurfaceView.updateSurface:1105 android.view.SurfaceView.lambda$new$0$android-view-SurfaceView:200 android.view.SurfaceView$$ExternalSyntheticLambda5.onPreDraw:2 
04-05 12:33:42.032 13149 13149 I SurfaceView@53f3f55: updateSurface: mVisible = true mSurface.isValid() = true
04-05 12:33:42.032 13149 13149 I SurfaceView@53f3f55: updateSurface: mSurfaceCreated = true surfaceChanged = false visibleChanged = false
04-05 12:33:42.032 13149 13149 V SurfaceView@53f3f55: Layout: x=0 y=-1002 w=720 h=375, frame=Rect(0, 0 - 720, 375)
04-05 12:33:42.033 13149 13238 D SurfaceView@53f3f55: updateSurfacePosition RenderWorker, frameNr = 456, position = [0, -1002, 720, -627] surfaceSize = 720x375
04-05 12:33:42.033 13149 13238 I SurfaceView@53f3f55: uSP: rtp = Rect(0, -1002 - 720, -627) rtsw = 720 rtsh = 375
04-05 12:33:42.033 13149 13238 I SurfaceView@53f3f55: onSSPAndSRT: pl = 0 pt = -1002 sx = 1.0 sy = 1.0
04-05 12:33:42.033 13149 13238 I SurfaceView@53f3f55: aOrMT: ViewRootImpl@f8b7859[MainActivity] t = android.view.SurfaceControl$Transaction@ecfd5c2 fN = 456 android.view.SurfaceView.-$$Nest$mapplyOrMergeTransaction:0 android.view.SurfaceView$SurfaceViewPositionUpdateListener.positionChanged:1537 android.graphics.RenderNode$CompositePositionUpdateListener.positionChanged:373 
04-05 12:33:42.033 13149 13238 I ViewRootImpl@f8b7859[MainActivity]: mWNT: t=0xb4000077a019d800 mBlastBufferQueue=0xb4000077c7d0c600 fn= 456 caller= android.view.SurfaceView.applyOrMergeTransaction:1455 android.view.SurfaceView.-$$Nest$mapplyOrMergeTransaction:0 android.view.SurfaceView$SurfaceViewPositionUpdateListener.positionChanged:1537 
04-05 12:33:42.033 13149 13238 I ViewRootImpl@f8b7859[MainActivity]: mWNT: t=0xb4000077c7b10000 mBlastBufferQueue=0xb4000077c7d0c600 fn= 456 caller= android.view.ViewRootImpl.lambda$applyTransactionOnDraw$11$android-view-ViewRootImpl:12865 android.view.ViewRootImpl$$ExternalSyntheticLambda1.onFrameDraw:4 android.graphics.HardwareRenderer$FrameDrawingCallback.onFrameDraw:924 
04-05 12:33:42.036 13149 13149 I ViewRootImpl@f8b7859[MainActivity]: ViewPostIme pointer 1
04-05 12:33:42.048 13149 13239 D SurfaceView@53f3f55: updateSurfacePosition RenderWorker, frameNr = 457, position = [0, -1016, 720, -641] surfaceSize = 720x375
04-05 12:33:42.048 13149 13239 I SurfaceView@53f3f55: uSP: rtp = Rect(0, -1016 - 720, -641) rtsw = 720 rtsh = 375
04-05 12:33:42.048 13149 13239 I SurfaceView@53f3f55: onSSPAndSRT: pl = 0 pt = -1016 sx = 1.0 sy = 1.0
04-05 12:33:42.048 13149 13239 I SurfaceView@53f3f55: aOrMT: ViewRootImpl@f8b7859[MainActivity] t = android.view.SurfaceControl$Transaction@ecfd5c2 fN = 457 android.view.SurfaceView.-$$Nest$mapplyOrMergeTransaction:0 android.view.SurfaceView$SurfaceViewPositionUpdateListener.positionChanged:1537 android.graphics.RenderNode$CompositePositionUpdateListener.positionChanged:373 
04-05 12:33:42.049 13149 13239 I ViewRootImpl@f8b7859[MainActivity]: mWNT: t=0xb4000077a019d800 mBlastBufferQueue=0xb4000077c7d0c600 fn= 457 caller= android.view.SurfaceView.applyOrMergeTransaction:1455 android.view.SurfaceView.-$$Nest$mapplyOrMergeTransaction:0 android.view.SurfaceView$SurfaceViewPositionUpdateListener.positionChanged:1537 
04-05 12:33:42.064 13149 13149 I SurfaceView@53f3f55: Changes: creating=false format=false size=false visible=false alpha=false hint=false mUseAlpha=false visible=false left=false top=true
04-05 12:33:42.064 13149 13149 I SurfaceView@53f3f55: 88031061 Cur surface: Surface(name=null)/@0xbd07737
04-05 12:33:42.065 13149 13149 I SurfaceView@53f3f55: applyTransactionOnVriDraw: vri = ViewRootImpl@f8b7859[MainActivity] fRS = false t = 0xb4000077c7b38100 android.view.SurfaceView.performSurfaceTransaction:959 android.view.SurfaceView.updateSurface:1105 android.view.SurfaceView.lambda$new$0$android-view-SurfaceView:200 
04-05 12:33:42.065 13149 13149 I ViewRootImpl@f8b7859[MainActivity]: applyTransactionOnDraw: mRemoved = false isHardwareEnabled = true t = 0xb4000077c7b38100android.view.SurfaceView.applyTransactionOnVriDraw:2048 android.view.SurfaceView.performSurfaceTransaction:959 android.view.SurfaceView.updateSurface:1105 android.view.SurfaceView.lambda$new$0$android-view-SurfaceView:200 android.view.SurfaceView$$ExternalSyntheticLambda5.onPreDraw:2 
04-05 12:33:42.065 13149 13149 I SurfaceView@53f3f55: updateSurface: mVisible = true mSurface.isValid() = true
04-05 12:33:42.065 13149 13149 I SurfaceView@53f3f55: updateSurface: mSurfaceCreated = true surfaceChanged = false visibleChanged = false
04-05 12:33:42.065 13149 13149 V SurfaceView@53f3f55: Layout: x=0 y=-1016 w=720 h=375, frame=Rect(0, 0 - 720, 375)
04-05 12:33:42.065 13149 13238 D SurfaceView@53f3f55: updateSurfacePosition RenderWorker, frameNr = 458, position = [0, -1028, 720, -653] surfaceSize = 720x375
04-05 12:33:42.065 13149 13238 I SurfaceView@53f3f55: uSP: rtp = Rect(0, -1028 - 720, -653) rtsw = 720 rtsh = 375
04-05 12:33:42.065 13149 13238 I SurfaceView@53f3f55: onSSPAndSRT: pl = 0 pt = -1028 sx = 1.0 sy = 1.0
04-05 12:33:42.066 13149 13238 I SurfaceView@53f3f55: aOrMT: ViewRootImpl@f8b7859[MainActivity] t = android.view.SurfaceControl$Transaction@ecfd5c2 fN = 458 android.view.SurfaceView.-$$Nest$mapplyOrMergeTransaction:0 android.view.SurfaceView$SurfaceViewPositionUpdateListener.positionChanged:1537 android.graphics.RenderNode$CompositePositionUpdateListener.positionChanged:373 
04-05 12:33:42.066 13149 13238 I ViewRootImpl@f8b7859[MainActivity]: mWNT: t=0xb4000077a019d800 mBlastBufferQueue=0xb4000077c7d0c600 fn= 458 caller= android.view.SurfaceView.applyOrMergeTransaction:1455 android.view.SurfaceView.-$$Nest$mapplyOrMergeTransaction:0 android.view.SurfaceView$SurfaceViewPositionUpdateListener.positionChanged:1537 
04-05 12:33:42.066 13149 13238 I ViewRootImpl@f8b7859[MainActivity]: mWNT: t=0xb4000077c7b38100 mBlastBufferQueue=0xb4000077c7d0c600 fn= 458 caller= android.view.ViewRootImpl.lambda$applyTransactionOnDraw$11$android-view-ViewRootImpl:12865 android.view.ViewRootImpl$$ExternalSyntheticLambda1.onFrameDraw:4 android.graphics.HardwareRenderer$FrameDrawingCallback.onFrameDraw:924 
04-05 12:33:42.081 13149 13149 I SurfaceView@53f3f55: Changes: creating=false format=false size=false visible=false alpha=false hint=false mUseAlpha=false visible=false left=false top=true
04-05 12:33:42.081 13149 13149 I SurfaceView@53f3f55: 88031061 Cur surface: Surface(name=null)/@0xbd07737
04-05 12:33:42.081 13149 13149 I SurfaceView@53f3f55: applyTransactionOnVriDraw: vri = ViewRootImpl@f8b7859[MainActivity] fRS = false t = 0xb4000077c7b72c00 android.view.SurfaceView.performSurfaceTransaction:959 android.view.SurfaceView.updateSurface:1105 android.view.SurfaceView.lambda$new$0$android-view-SurfaceView:200 
04-05 12:33:42.081 13149 13149 I ViewRootImpl@f8b7859[MainActivity]: applyTransactionOnDraw: mRemoved = false isHardwareEnabled = true t = 0xb4000077c7b72c00android.view.SurfaceView.applyTransactionOnVriDraw:2048 android.view.SurfaceView.performSurfaceTransaction:959 android.view.SurfaceView.updateSurface:1105 android.view.SurfaceView.lambda$new$0$android-view-SurfaceView:200 android.view.SurfaceView$$ExternalSyntheticLambda5.onPreDraw:2 
04-05 12:33:42.081 13149 13149 I SurfaceView@53f3f55: updateSurface: mVisible = true mSurface.isValid() = true
04-05 12:33:42.081 13149 13149 I SurfaceView@53f3f55: updateSurface: mSurfaceCreated = true surfaceChanged = false visibleChanged = false
04-05 12:33:42.081 13149 13149 V SurfaceView@53f3f55: Layout: x=0 y=-1028 w=720 h=375, frame=Rect(0, 0 - 720, 375)
04-05 12:33:42.082 13149 13239 D SurfaceView@53f3f55: updateSurfacePosition RenderWorker, frameNr = 459, position = [0, -1046, 720, -671] surfaceSize = 720x375
04-05 12:33:42.082 13149 13239 I SurfaceView@53f3f55: uSP: rtp = Rect(0, -1046 - 720, -671) rtsw = 720 rtsh = 375
04-05 12:33:42.082 13149 13239 I SurfaceView@53f3f55: onSSPAndSRT: pl = 0 pt = -1046 sx = 1.0 sy = 1.0
04-05 12:33:42.082 13149 13239 I SurfaceView@53f3f55: aOrMT: ViewRootImpl@f8b7859[MainActivity] t = android.view.SurfaceControl$Transaction@ecfd5c2 fN = 459 android.view.SurfaceView.-$$Nest$mapplyOrMergeTransaction:0 android.view.SurfaceView$SurfaceViewPositionUpdateListener.positionChanged:1537 android.graphics.RenderNode$CompositePositionUpdateListener.positionChanged:373 
04-05 12:33:42.082 13149 13239 I ViewRootImpl@f8b7859[MainActivity]: mWNT: t=0xb4000077a019d800 mBlastBufferQueue=0xb4000077c7d0c600 fn= 459 caller= android.view.SurfaceView.applyOrMergeTransaction:1455 android.view.SurfaceView.-$$Nest$mapplyOrMergeTransaction:0 android.view.SurfaceView$SurfaceViewPositionUpdateListener.positionChanged:1537 
04-05 12:33:42.083 13149 13238 I ViewRootImpl@f8b7859[MainActivity]: mWNT: t=0xb4000077c7b72c00 mBlastBufferQueue=0xb4000077c7d0c600 fn= 459 caller= android.view.ViewRootImpl.lambda$applyTransactionOnDraw$11$android-view-ViewRootImpl:12865 android.view.ViewRootImpl$$ExternalSyntheticLambda1.onFrameDraw:4 android.graphics.HardwareRenderer$FrameDrawingCallback.onFrameDraw:924 
04-05 12:33:42.097 13149 13149 I SurfaceView@53f3f55: Changes: creating=false format=false size=false visible=false alpha=false hint=false mUseAlpha=false visible=false left=false top=true
04-05 12:33:42.098 13149 13149 I SurfaceView@53f3f55: 88031061 Cur surface: Surface(name=null)/@0xbd07737
04-05 12:33:42.098 13149 13149 I SurfaceView@53f3f55: applyTransactionOnVriDraw: vri = ViewRootImpl@f8b7859[MainActivity] fRS = false t = 0xb4000077c7b72e00 android.view.SurfaceView.performSurfaceTransaction:959 android.view.SurfaceView.updateSurface:1105 android.view.SurfaceView.lambda$new$0$android-view-SurfaceView:200 
04-05 12:33:42.098 13149 13149 I ViewRootImpl@f8b7859[MainActivity]: applyTransactionOnDraw: mRemoved = false isHardwareEnabled = true t = 0xb4000077c7b72e00android.view.SurfaceView.applyTransactionOnVriDraw:2048 android.view.SurfaceView.performSurfaceTransaction:959 android.view.SurfaceView.updateSurface:1105 android.view.SurfaceView.lambda$new$0$android-view-SurfaceView:200 android.view.SurfaceView$$ExternalSyntheticLambda5.onPreDraw:2 
04-05 12:33:42.098 13149 13149 I SurfaceView@53f3f55: updateSurface: mVisible = true mSurface.isValid() = true
04-05 12:33:42.098 13149 13149 I SurfaceView@53f3f55: updateSurface: mSurfaceCreated = true surfaceChanged = false visibleChanged = false
04-05 12:33:42.098 13149 13149 V SurfaceView@53f3f55: Layout: x=0 y=-1046 w=720 h=375, frame=Rect(0, 0 - 720, 375)
04-05 12:33:42.099 13149 13239 D SurfaceView@53f3f55: updateSurfacePosition RenderWorker, frameNr = 460, position = [0, -1065, 720, -690] surfaceSize = 720x375
04-05 12:33:42.099 13149 13239 I SurfaceView@53f3f55: uSP: rtp = Rect(0, -1065 - 720, -690) rtsw = 720 rtsh = 375
04-05 12:33:42.099 13149 13239 I SurfaceView@53f3f55: onSSPAndSRT: pl = 0 pt = -1065 sx = 1.0 sy = 1.0
04-05 12:33:42.099 13149 13239 I SurfaceView@53f3f55: aOrMT: ViewRootImpl@f8b7859[MainActivity] t = android.view.SurfaceControl$Transaction@ecfd5c2 fN = 460 android.view.SurfaceView.-$$Nest$mapplyOrMergeTransaction:0 android.view.SurfaceView$SurfaceViewPositionUpdateListener.positionChanged:1537 android.graphics.RenderNode$CompositePositionUpdateListener.positionChanged:373 
04-05 12:33:42.099 13149 13239 I ViewRootImpl@f8b7859[MainActivity]: mWNT: t=0xb4000077a019d800 mBlastBufferQueue=0xb4000077c7d0c600 fn= 460 caller= android.view.SurfaceView.applyOrMergeTransaction:1455 android.view.SurfaceView.-$$Nest$mapplyOrMergeTransaction:0 android.view.SurfaceView$SurfaceViewPositionUpdateListener.positionChanged:1537 
04-05 12:33:42.100 13149 13238 I ViewRootImpl@f8b7859[MainActivity]: mWNT: t=0xb4000077c7b72e00 mBlastBufferQueue=0xb4000077c7d0c600 fn= 460 caller= android.view.ViewRootImpl.lambda$applyTransactionOnDraw$11$android-view-ViewRootImpl:12865 android.view.ViewRootImpl$$ExternalSyntheticLambda1.onFrameDraw:4 android.graphics.HardwareRenderer$FrameDrawingCallback.onFrameDraw:924 
04-05 12:33:42.114 13149 13149 I SurfaceView@53f3f55: Changes: creating=false format=false size=false visible=false alpha=false hint=false mUseAlpha=false visible=false left=false top=true
04-05 12:33:42.114 13149 13149 I SurfaceView@53f3f55: 88031061 Cur surface: Surface(name=null)/@0xbd07737
04-05 12:33:42.114 13149 13149 I SurfaceView@53f3f55: applyTransactionOnVriDraw: vri = ViewRootImpl@f8b7859[MainActivity] fRS = false t = 0xb4000077c7ce0a00 android.view.SurfaceView.performSurfaceTransaction:959 android.view.SurfaceView.updateSurface:1105 android.view.SurfaceView.lambda$new$0$android-view-SurfaceView:200 
04-05 12:33:42.115 13149 13149 I ViewRootImpl@f8b7859[MainActivity]: applyTransactionOnDraw: mRemoved = false isHardwareEnabled = true t = 0xb4000077c7ce0a00android.view.SurfaceView.applyTransactionOnVriDraw:2048 android.view.SurfaceView.performSurfaceTransaction:959 android.view.SurfaceView.updateSurface:1105 android.view.SurfaceView.lambda$new$0$android-view-SurfaceView:200 android.view.SurfaceView$$ExternalSyntheticLambda5.onPreDraw:2 
04-05 12:33:42.115 13149 13149 I SurfaceView@53f3f55: updateSurface: mVisible = true mSurface.isValid() = true
04-05 12:33:42.115 13149 13149 I SurfaceView@53f3f55: updateSurface: mSurfaceCreated = true surfaceChanged = false visibleChanged = false
04-05 12:33:42.115 13149 13149 V SurfaceView@53f3f55: Layout: x=0 y=-1065 w=720 h=375, frame=Rect(0, 0 - 720, 375)
04-05 12:33:42.115 13149 13239 D SurfaceView@53f3f55: updateSurfacePosition RenderWorker, frameNr = 461, position = [0, -1086, 720, -711] surfaceSize = 720x375
04-05 12:33:42.116 13149 13239 I SurfaceView@53f3f55: uSP: rtp = Rect(0, -1086 - 720, -711) rtsw = 720 rtsh = 375
04-05 12:33:42.116 13149 13239 I SurfaceView@53f3f55: onSSPAndSRT: pl = 0 pt = -1086 sx = 1.0 sy = 1.0
04-05 12:33:42.116 13149 13239 I SurfaceView@53f3f55: aOrMT: ViewRootImpl@f8b7859[MainActivity] t = android.view.SurfaceControl$Transaction@ecfd5c2 fN = 461 android.view.SurfaceView.-$$Nest$mapplyOrMergeTransaction:0 android.view.SurfaceView$SurfaceViewPositionUpdateListener.positionChanged:1537 android.graphics.RenderNode$CompositePositionUpdateListener.positionChanged:373 
04-05 12:33:42.116 13149 13239 I ViewRootImpl@f8b7859[MainActivity]: mWNT: t=0xb4000077a019d800 mBlastBufferQueue=0xb4000077c7d0c600 fn= 461 caller= android.view.SurfaceView.applyOrMergeTransaction:1455 android.view.SurfaceView.-$$Nest$mapplyOrMergeTransaction:0 android.view.SurfaceView$SurfaceViewPositionUpdateListener.positionChanged:1537 
04-05 12:33:42.116 13149 13239 I ViewRootImpl@f8b7859[MainActivity]: mWNT: t=0xb4000077c7ce0a00 mBlastBufferQueue=0xb4000077c7d0c600 fn= 461 caller= android.view.ViewRootImpl.lambda$applyTransactionOnDraw$11$android-view-ViewRootImpl:12865 android.view.ViewRootImpl$$ExternalSyntheticLambda1.onFrameDraw:4 android.graphics.HardwareRenderer$FrameDrawingCallback.onFrameDraw:924 
04-05 12:33:42.132 13149 13149 I SurfaceView@53f3f55: Changes: creating=false format=false size=false visible=false alpha=false hint=false mUseAlpha=false visible=false left=false top=true
04-05 12:33:42.132 13149 13149 I SurfaceView@53f3f55: 88031061 Cur surface: Surface(name=null)/@0xbd07737
04-05 12:33:42.133 13149 13149 I SurfaceView@53f3f55: applyTransactionOnVriDraw: vri = ViewRootImpl@f8b7859[MainActivity] fRS = false t = 0xb4000077ab4d8700 android.view.SurfaceView.performSurfaceTransaction:959 android.view.SurfaceView.updateSurface:1105 android.view.SurfaceView.lambda$new$0$android-view-SurfaceView:200 
04-05 12:33:42.133 13149 13149 I ViewRootImpl@f8b7859[MainActivity]: applyTransactionOnDraw: mRemoved = false isHardwareEnabled = true t = 0xb4000077ab4d8700android.view.SurfaceView.applyTransactionOnVriDraw:2048 android.view.SurfaceView.performSurfaceTransaction:959 android.view.SurfaceView.updateSurface:1105 android.view.SurfaceView.lambda$new$0$android-view-SurfaceView:200 android.view.SurfaceView$$ExternalSyntheticLambda5.onPreDraw:2 
04-05 12:33:42.133 13149 13149 I SurfaceView@53f3f55: updateSurface: mVisible = true mSurface.isValid() = true
04-05 12:33:42.133 13149 13149 I SurfaceView@53f3f55: updateSurface: mSurfaceCreated = true surfaceChanged = false visibleChanged = false
04-05 12:33:42.133 13149 13149 V SurfaceView@53f3f55: Layout: x=0 y=-1086 w=720 h=375, frame=Rect(0, 0 - 720, 375)
04-05 12:33:42.134 13149 13238 D SurfaceView@53f3f55: updateSurfacePosition RenderWorker, frameNr = 462, position = [0, -1107, 720, -732] surfaceSize = 720x375
04-05 12:33:42.134 13149 13238 I SurfaceView@53f3f55: uSP: rtp = Rect(0, -1107 - 720, -732) rtsw = 720 rtsh = 375
04-05 12:33:42.134 13149 13238 I SurfaceView@53f3f55: onSSPAndSRT: pl = 0 pt = -1107 sx = 1.0 sy = 1.0
04-05 12:33:42.134 13149 13238 I SurfaceView@53f3f55: aOrMT: ViewRootImpl@f8b7859[MainActivity] t = android.view.SurfaceControl$Transaction@ecfd5c2 fN = 462 android.view.SurfaceView.-$$Nest$mapplyOrMergeTransaction:0 android.view.SurfaceView$SurfaceViewPositionUpdateListener.positionChanged:1537 android.graphics.RenderNode$CompositePositionUpdateListener.positionChanged:373 
04-05 12:33:42.135 13149 13238 I ViewRootImpl@f8b7859[MainActivity]: mWNT: t=0xb4000077a019d800 mBlastBufferQueue=0xb4000077c7d0c600 fn= 462 caller= android.view.SurfaceView.applyOrMergeTransaction:1455 android.view.SurfaceView.-$$Nest$mapplyOrMergeTransaction:0 android.view.SurfaceView$SurfaceViewPositionUpdateListener.positionChanged:1537 
04-05 12:33:42.135 13149 13238 I ViewRootImpl@f8b7859[MainActivity]: mWNT: t=0xb4000077ab4d8700 mBlastBufferQueue=0xb4000077c7d0c600 fn= 462 caller= android.view.ViewRootImpl.lambda$applyTransactionOnDraw$11$android-view-ViewRootImpl:12865 android.view.ViewRootImpl$$ExternalSyntheticLambda1.onFrameDraw:4 android.graphics.HardwareRenderer$FrameDrawingCallback.onFrameDraw:924 
04-05 12:33:42.147 13149 13149 I SurfaceView@53f3f55: Changes: creating=false format=false size=false visible=false alpha=false hint=false mUseAlpha=false visible=false left=false top=true
04-05 12:33:42.147 13149 13149 I SurfaceView@53f3f55: 88031061 Cur surface: Surface(name=null)/@0xbd07737
04-05 12:33:42.148 13149 13149 I SurfaceView@53f3f55: applyTransactionOnVriDraw: vri = ViewRootImpl@f8b7859[MainActivity] fRS = false t = 0xb4000077ab71a900 android.view.SurfaceView.performSurfaceTransaction:959 android.view.SurfaceView.updateSurface:1105 android.view.SurfaceView.lambda$new$0$android-view-SurfaceView:200 
