04-05 12:33:40.091 13149 13149 I ViewRootImpl@f8b7859[MainActivity]: performTraversals mFirst=false windowShouldResize=false viewVisibilityChanged=false mForceNextWindowRelayout=false params={(0,0)(fillxfill) sim={state=always_hidden adjust=resize} ty=BASE_APPLICATION fmt=TRANSLUCENT wanim=0x1030309
04-05 12:33:40.091 13149 13149 I ViewRootImpl@f8b7859[MainActivity]:   fl=85810100
04-05 12:33:40.091 13149 13149 I ViewRootImpl@f8b7859[MainActivity]:   pfl=12020040
04-05 12:33:40.091 13149 13149 I ViewRootImpl@f8b7859[MainActivity]:   vsysui=1500
04-05 12:33:40.091 13149 13149 I ViewRootImpl@f8b7859[MainActivity]:   bhv=SHOW_TRANSIENT_BARS_BY_SWIPE
04-05 12:33:40.091 13149 13149 I ViewRootImpl@f8b7859[MainActivity]:   fitSides= naviIconColor=0}
04-05 12:33:40.098 13149 13149 I ViewRootImpl@f8b7859[MainActivity]: updateBlastSurfaceIfNeeded mBlastBufferQueue=0xb4000077c7d0c600 isSameSurfaceControl=true
04-05 12:33:40.098 13149 13149 I BLASTBufferQueue: update, w= 720 h= 1600 mName = ViewRootImpl@f8b7859[MainActivity] mNativeObject= 0xb4000077c7d0c600 sc.mNativeObject= 0xb400007792368a60 format= -3 caller= android.view.ViewRootImpl.updateBlastSurfaceIfNeeded:2898 android.view.ViewRootImpl.relayoutWindow:9847 android.view.ViewRootImpl.performTraversals:3884 android.view.ViewRootImpl.doTraversal:3116 android.view.ViewRootImpl$TraversalRunnable.run:10885 android.view.Choreographer$CallbackRecord.run:1301 
04-05 12:33:40.098 13149 13149 I ViewRootImpl@f8b7859[MainActivity]: Relayout returned: old=(0,0,720,1600) new=(0,0,720,1600) req=(720,1600)0 dur=7 res=0x0 s={true 0xb4000077ab567000} ch=false seqId=3
04-05 12:33:40.099 13149 13149 I ViewRootImpl@f8b7859[MainActivity]: updateBoundsLayer: t = android.view.SurfaceControl$Transaction@fc3822f sc = Surface(name=Bounds for - com.lagradost.cloudstream3/com.lagradost.cloudstream3.MainActivity@2)/@0xf8c5432 frame = 394
04-05 12:33:40.099 13149 13149 I ViewRootImpl@f8b7859[MainActivity]: mWNT: t=0xb4000077c7ad1f00 mBlastBufferQueue=0xb4000077c7d0c600 fn= 394 caller= android.view.ViewRootImpl.prepareSurfaces:2985 android.view.ViewRootImpl.performTraversals:4233 android.view.ViewRootImpl.doTraversal:3116 
04-05 12:33:40.100 13149 13156 W System  : A resource failed to call close. 
04-05 12:33:40.100 13149 13149 W View    : requestLayout() improperly called by android.widget.FrameLayout{e159982 I.E..V... ......I. 0,0-0,0 #7f0a053e app:id/start_panel} during layout: running second layout pass
04-05 12:33:40.100 13149 13149 W View    : requestLayout() improperly called by android.widget.FrameLayout{842893 I.E..V... ......ID 720,0-720,1358 #7f0a0184 app:id/end_panel} during layout: running second layout pass
04-05 12:33:40.101 13149 13149 D SurfaceView@53f3f55: updateSurface: has no frame
04-05 12:33:40.105 13149 13239 I ViewRootImpl@f8b7859[MainActivity]: mWNT: t=0xb400007796b13b00 mBlastBufferQueue=0xb4000077c7d0c600 fn= 394 caller= android.view.ViewRootImpl.lambda$applyTransactionOnDraw$11$android-view-ViewRootImpl:12865 android.view.ViewRootImpl$$ExternalSyntheticLambda1.onFrameDraw:4 android.graphics.HardwareRenderer$FrameDrawingCallback.onFrameDraw:924 
04-05 12:33:40.109 13149 28866 I SYNCVM  : addFromUrl = https://anichin.cafe/seri/shrouding-the-heavens/
04-05 12:33:40.109 13149 28866 I SYNCUTIL: getIdsFromUrl https://anichin.cafe/seri/shrouding-the-heavens/
04-05 12:33:40.114 13149 13156 W System  : A resource failed to call close. 
04-05 12:33:40.115 13149 13156 W System  : A resource failed to call close. 
04-05 12:33:40.117 13149 13156 W System  : A resource failed to call close. 
04-05 12:33:40.117 13149 13156 W System  : A resource failed to call close. 
04-05 12:33:40.117 13149 13156 W System  : A resource failed to call close. 
04-05 12:33:40.117 13149 13156 W System  : A resource failed to call close. 
04-05 12:33:40.117 13149 13156 W System  : A resource failed to call close. 
04-05 12:33:40.118 13149 13156 W System  : A resource failed to call close. 
04-05 12:33:40.118 13149 13156 W System  : A resource failed to call close. 
04-05 12:33:40.119 13149 13156 W System  : A resource failed to call close. 
04-05 12:33:40.119 13149 13156 W System  : A resource failed to call close. 
04-05 12:33:40.119 13149 13156 W System  : A resource failed to call close. 
04-05 12:33:40.119 13149 13156 W System  : A resource failed to call close. 
04-05 12:33:40.119 13149 13156 W System  : A resource failed to call close. 
04-05 12:33:40.119 13149 13156 W System  : A resource failed to call close. 
04-05 12:33:40.339 13149 13149 D SurfaceView@53f3f55: updateSurface: has no frame
04-05 12:33:40.341 13149 13149 I SurfaceView@53f3f55: Changes: creating=true format=true size=true visible=true alpha=false hint=false mUseAlpha=false visible=true left=true top=true
04-05 12:33:40.344 13149 13149 D BufferQueueConsumer: [](id:335d00000021,api:0,p:-1,c:13149) connect: controlledByApp=false
04-05 12:33:40.345 13149 13149 I BLASTBufferQueue: update, w= 720 h= 375 mName = null mNativeObject= 0xb400007874627400 sc.mNativeObject= 0xb40000777d8b4100 format= 4 caller= android.view.SurfaceView.createBlastSurfaceControls:1383 android.view.SurfaceView.updateSurface:1079 android.view.SurfaceView.lambda$new$0$android-view-SurfaceView:200 android.view.SurfaceView$$ExternalSyntheticLambda5.onPreDraw:2 android.view.ViewTreeObserver.dispatchOnPreDraw:1121 android.view.ViewRootImpl.performTraversals:4442 
04-05 12:33:40.345 13149 13149 I SurfaceView@53f3f55: 88031061 Cur surface: Surface(name=null)/@0xbd07737
04-05 12:33:40.345 13149 13149 I SurfaceView@53f3f55: pST: sr = Rect(0, 152 - 720, 527) sw = 720 sh = 375
04-05 12:33:40.345 13149 13149 D SurfaceView@53f3f55: performSurfaceTransaction RenderWorker position = [0, 152, 720, 527] surfaceSize = 720x375
04-05 12:33:40.346 13149 13149 I SurfaceView@53f3f55: applyTransactionOnVriDraw: vri = ViewRootImpl@f8b7859[MainActivity] fRS = false t = 0xb4000077a019d600 android.view.SurfaceView.performSurfaceTransaction:959 android.view.SurfaceView.updateSurface:1105 android.view.SurfaceView.lambda$new$0$android-view-SurfaceView:200 
04-05 12:33:40.346 13149 13149 I ViewRootImpl@f8b7859[MainActivity]: applyTransactionOnDraw: mRemoved = false isHardwareEnabled = true t = 0xb4000077a019d600android.view.SurfaceView.applyTransactionOnVriDraw:2048 android.view.SurfaceView.performSurfaceTransaction:959 android.view.SurfaceView.updateSurface:1105 android.view.SurfaceView.lambda$new$0$android-view-SurfaceView:200 android.view.SurfaceView$$ExternalSyntheticLambda5.onPreDraw:2 
04-05 12:33:40.346 13149 13149 I SurfaceView@53f3f55: updateSurface: mVisible = true mSurface.isValid() = true
04-05 12:33:40.346 13149 13149 I SurfaceView@53f3f55: updateSurface: mSurfaceCreated = false surfaceChanged = true visibleChanged = true
04-05 12:33:40.346 13149 13149 I SurfaceView@53f3f55: visibleChanged -- surfaceCreated
04-05 12:33:40.346 13149 13149 I SurfaceView@53f3f55: surfaceCreated 0 #8 android.view.SurfaceView{53f3f55 V.E..V... ......ID 0,0-720,375}
04-05 12:33:40.346 13149 13149 I SurfaceView@53f3f55: surfaceChanged -- format=4 w=720 h=375
04-05 12:33:40.346 13149 13149 I SurfaceView@53f3f55: surfaceChanged (720,375) 0 #8 android.view.SurfaceView{53f3f55 V.E..V... ......ID 0,0-720,375}
04-05 12:33:40.346 13149 13149 I SurfaceView@53f3f55: surfaceRedrawNeeded
04-05 12:33:40.347 13149 13149 V SurfaceView@53f3f55: Layout: x=0 y=152 w=720 h=375, frame=Rect(0, 0 - 720, 375)
04-05 12:33:40.363 13149 13238 D SurfaceView@53f3f55: updateSurfacePosition RenderWorker, frameNr = 395, position = [36, 216, 684, 555] surfaceSize = 720x375
04-05 12:33:40.363 13149 13238 I SurfaceView@53f3f55: uSP: rtp = Rect(36, 216 - 684, 555) rtsw = 720 rtsh = 375
04-05 12:33:40.363 13149 13238 I SurfaceView@53f3f55: onSSPAndSRT: pl = 36 pt = 216 sx = 0.9 sy = 0.904
04-05 12:33:40.363 13149 13238 I SurfaceView@53f3f55: aOrMT: ViewRootImpl@f8b7859[MainActivity] t = android.view.SurfaceControl$Transaction@ecfd5c2 fN = 395 android.view.SurfaceView.-$$Nest$mapplyOrMergeTransaction:0 android.view.SurfaceView$SurfaceViewPositionUpdateListener.positionChanged:1537 android.graphics.RenderNode$CompositePositionUpdateListener.positionChanged:373 
04-05 12:33:40.364 13149 13238 I ViewRootImpl@f8b7859[MainActivity]: mWNT: t=0xb4000077a019d800 mBlastBufferQueue=0xb4000077c7d0c600 fn= 395 caller= android.view.SurfaceView.applyOrMergeTransaction:1455 android.view.SurfaceView.-$$Nest$mapplyOrMergeTransaction:0 android.view.SurfaceView$SurfaceViewPositionUpdateListener.positionChanged:1537 
04-05 12:33:40.365 13149 13239 I ViewRootImpl@f8b7859[MainActivity]: mWNT: t=0xb4000077a019d600 mBlastBufferQueue=0xb4000077c7d0c600 fn= 395 caller= android.view.ViewRootImpl.lambda$applyTransactionOnDraw$11$android-view-ViewRootImpl:12865 android.view.ViewRootImpl$$ExternalSyntheticLambda1.onFrameDraw:4 android.graphics.HardwareRenderer$FrameDrawingCallback.onFrameDraw:924 
04-05 12:33:40.375 13149 13239 D SurfaceView@53f3f55: updateSurfacePosition RenderWorker, frameNr = 396, position = [34, 214, 686, 554] surfaceSize = 720x375
04-05 12:33:40.375 13149 13239 I SurfaceView@53f3f55: uSP: rtp = Rect(34, 214 - 686, 554) rtsw = 720 rtsh = 375
04-05 12:33:40.376 13149 13239 I SurfaceView@53f3f55: onSSPAndSRT: pl = 34 pt = 214 sx = 0.90555555 sy = 0.9066667
04-05 12:33:40.376 13149 13239 I SurfaceView@53f3f55: aOrMT: ViewRootImpl@f8b7859[MainActivity] t = android.view.SurfaceControl$Transaction@ecfd5c2 fN = 396 android.view.SurfaceView.-$$Nest$mapplyOrMergeTransaction:0 android.view.SurfaceView$SurfaceViewPositionUpdateListener.positionChanged:1537 android.graphics.RenderNode$CompositePositionUpdateListener.positionChanged:373 
04-05 12:33:40.376 13149 13239 I ViewRootImpl@f8b7859[MainActivity]: mWNT: t=0xb4000077a019d800 mBlastBufferQueue=0xb4000077c7d0c600 fn= 396 caller= android.view.SurfaceView.applyOrMergeTransaction:1455 android.view.SurfaceView.-$$Nest$mapplyOrMergeTransaction:0 android.view.SurfaceView$SurfaceViewPositionUpdateListener.positionChanged:1537 
04-05 12:33:40.388 13149 13149 I SurfaceView@53f3f55: finishedDrawing
04-05 12:33:40.407 13149 13238 D SurfaceView@53f3f55: updateSurfacePosition RenderWorker, frameNr = 397, position = [0, 152, 720, 527] surfaceSize = 720x375
04-05 12:33:40.408 13149 13238 I SurfaceView@53f3f55: uSP: rtp = Rect(0, 152 - 720, 527) rtsw = 720 rtsh = 375
04-05 12:33:40.408 13149 13238 I SurfaceView@53f3f55: onSSPAndSRT: pl = 0 pt = 152 sx = 1.0 sy = 1.0
04-05 12:33:40.408 13149 13238 I SurfaceView@53f3f55: aOrMT: ViewRootImpl@f8b7859[MainActivity] t = android.view.SurfaceControl$Transaction@ecfd5c2 fN = 397 android.view.SurfaceView.-$$Nest$mapplyOrMergeTransaction:0 android.view.SurfaceView$SurfaceViewPositionUpdateListener.positionChanged:1537 android.graphics.RenderNode$CompositePositionUpdateListener.positionChanged:373 
04-05 12:33:40.408 13149 13238 I ViewRootImpl@f8b7859[MainActivity]: mWNT: t=0xb4000077a019d800 mBlastBufferQueue=0xb4000077c7d0c600 fn= 397 caller= android.view.SurfaceView.applyOrMergeTransaction:1455 android.view.SurfaceView.-$$Nest$mapplyOrMergeTransaction:0 android.view.SurfaceView$SurfaceViewPositionUpdateListener.positionChanged:1537 
04-05 12:33:40.948 13149 13154 I st.cloudstream3: Background concurrent copying GC freed 12MB AllocSpace bytes, 143(8556KB) LOS objects, 31% free, 51MB/75MB, paused 137us,75us total 651.514ms
04-05 12:33:40.968 13149 13156 W System  : A resource failed to call ZipFile.close. 
04-05 12:33:40.969 13149 13156 W System  : A resource failed to call ZipFile.close. 
04-05 12:33:40.969 13149 13156 W System  : A resource failed to call ZipFile.close. 
04-05 12:33:40.971 13149 13156 W System  : A resource failed to call ZipFile.close. 
04-05 12:33:40.972 13149 13156 W System  : A resource failed to call ZipFile.close. 
04-05 12:33:40.972 13149 13156 W System  : A resource failed to call ZipFile.close. 
04-05 12:33:40.979 13149 13156 W System  : A resource failed to call ZipFile.close. 
04-05 12:33:40.980 13149 13156 W System  : A resource failed to call ZipFile.close. 
04-05 12:33:40.981 13149 13156 W System  : A resource failed to call ZipFile.close. 
04-05 12:33:40.981 13149 13156 W System  : A resource failed to call ZipFile.close. 
04-05 12:33:40.990 13149 13156 V MediaMetadataRetriever: destructor
04-05 12:33:40.990 13149 13156 V MediaMetadataRetriever: disconnect
04-05 12:33:41.306 13149 13149 I ViewRootImpl@f8b7859[MainActivity]: ViewPostIme pointer 0
04-05 12:33:41.350 13149 13149 I SurfaceView@53f3f55: Changes: creating=false format=false size=false visible=false alpha=false hint=false mUseAlpha=false visible=false left=false top=true
04-05 12:33:41.350 13149 13149 I SurfaceView@53f3f55: 88031061 Cur surface: Surface(name=null)/@0xbd07737
04-05 12:33:41.350 13149 13149 I SurfaceView@53f3f55: applyTransactionOnVriDraw: vri = ViewRootImpl@f8b7859[MainActivity] fRS = false t = 0xb4000077a019de00 android.view.SurfaceView.performSurfaceTransaction:959 android.view.SurfaceView.updateSurface:1105 android.view.SurfaceView.lambda$new$0$android-view-SurfaceView:200 
04-05 12:33:41.350 13149 13149 I ViewRootImpl@f8b7859[MainActivity]: applyTransactionOnDraw: mRemoved = false isHardwareEnabled = true t = 0xb4000077a019de00android.view.SurfaceView.applyTransactionOnVriDraw:2048 android.view.SurfaceView.performSurfaceTransaction:959 android.view.SurfaceView.updateSurface:1105 android.view.SurfaceView.lambda$new$0$android-view-SurfaceView:200 android.view.SurfaceView$$ExternalSyntheticLambda5.onPreDraw:2 
04-05 12:33:41.350 13149 13149 I SurfaceView@53f3f55: updateSurface: mVisible = true mSurface.isValid() = true
04-05 12:33:41.350 13149 13149 I SurfaceView@53f3f55: updateSurface: mSurfaceCreated = true surfaceChanged = false visibleChanged = false
04-05 12:33:41.350 13149 13149 V SurfaceView@53f3f55: Layout: x=0 y=126 w=720 h=375, frame=Rect(0, 0 - 720, 375)
04-05 12:33:41.352 13149 13239 D SurfaceView@53f3f55: updateSurfacePosition RenderWorker, frameNr = 415, position = [0, 126, 720, 501] surfaceSize = 720x375
04-05 12:33:41.352 13149 13239 I SurfaceView@53f3f55: uSP: rtp = Rect(0, 126 - 720, 501) rtsw = 720 rtsh = 375
04-05 12:33:41.352 13149 13239 I SurfaceView@53f3f55: onSSPAndSRT: pl = 0 pt = 126 sx = 1.0 sy = 1.0
04-05 12:33:41.352 13149 13239 I SurfaceView@53f3f55: aOrMT: ViewRootImpl@f8b7859[MainActivity] t = android.view.SurfaceControl$Transaction@ecfd5c2 fN = 415 android.view.SurfaceView.-$$Nest$mapplyOrMergeTransaction:0 android.view.SurfaceView$SurfaceViewPositionUpdateListener.positionChanged:1537 android.graphics.RenderNode$CompositePositionUpdateListener.positionChanged:373 
04-05 12:33:41.352 13149 13239 I ViewRootImpl@f8b7859[MainActivity]: mWNT: t=0xb4000077a019d800 mBlastBufferQueue=0xb4000077c7d0c600 fn= 415 caller= android.view.SurfaceView.applyOrMergeTransaction:1455 android.view.SurfaceView.-$$Nest$mapplyOrMergeTransaction:0 android.view.SurfaceView$SurfaceViewPositionUpdateListener.positionChanged:1537 
04-05 12:33:41.353 13149 13238 I ViewRootImpl@f8b7859[MainActivity]: mWNT: t=0xb4000077a019de00 mBlastBufferQueue=0xb4000077c7d0c600 fn= 415 caller= android.view.ViewRootImpl.lambda$applyTransactionOnDraw$11$android-view-ViewRootImpl:12865 android.view.ViewRootImpl$$ExternalSyntheticLambda1.onFrameDraw:4 android.graphics.HardwareRenderer$FrameDrawingCallback.onFrameDraw:924 
04-05 12:33:41.367 13149 13149 I SurfaceView@53f3f55: Changes: creating=false format=false size=false visible=false alpha=false hint=false mUseAlpha=false visible=false left=false top=true
04-05 12:33:41.367 13149 13149 I SurfaceView@53f3f55: 88031061 Cur surface: Surface(name=null)/@0xbd07737
04-05 12:33:41.368 13149 13149 I SurfaceView@53f3f55: applyTransactionOnVriDraw: vri = ViewRootImpl@f8b7859[MainActivity] fRS = false t = 0xb4000077a01a1100 android.view.SurfaceView.performSurfaceTransaction:959 android.view.SurfaceView.updateSurface:1105 android.view.SurfaceView.lambda$new$0$android-view-SurfaceView:200 
04-05 12:33:41.368 13149 13149 I ViewRootImpl@f8b7859[MainActivity]: applyTransactionOnDraw: mRemoved = false isHardwareEnabled = true t = 0xb4000077a01a1100android.view.SurfaceView.applyTransactionOnVriDraw:2048 android.view.SurfaceView.performSurfaceTransaction:959 android.view.SurfaceView.updateSurface:1105 android.view.SurfaceView.lambda$new$0$android-view-SurfaceView:200 android.view.SurfaceView$$ExternalSyntheticLambda5.onPreDraw:2 
04-05 12:33:41.368 13149 13149 I SurfaceView@53f3f55: updateSurface: mVisible = true mSurface.isValid() = true
04-05 12:33:41.368 13149 13149 I SurfaceView@53f3f55: updateSurface: mSurfaceCreated = true surfaceChanged = false visibleChanged = false
04-05 12:33:41.368 13149 13149 V SurfaceView@53f3f55: Layout: x=0 y=88 w=720 h=375, frame=Rect(0, 0 - 720, 375)
04-05 12:33:41.369 13149 13239 D SurfaceView@53f3f55: updateSurfacePosition RenderWorker, frameNr = 416, position = [0, 88, 720, 463] surfaceSize = 720x375
04-05 12:33:41.369 13149 13239 I SurfaceView@53f3f55: uSP: rtp = Rect(0, 88 - 720, 463) rtsw = 720 rtsh = 375
04-05 12:33:41.369 13149 13239 I SurfaceView@53f3f55: onSSPAndSRT: pl = 0 pt = 88 sx = 1.0 sy = 1.0
04-05 12:33:41.370 13149 13239 I SurfaceView@53f3f55: aOrMT: ViewRootImpl@f8b7859[MainActivity] t = android.view.SurfaceControl$Transaction@ecfd5c2 fN = 416 android.view.SurfaceView.-$$Nest$mapplyOrMergeTransaction:0 android.view.SurfaceView$SurfaceViewPositionUpdateListener.positionChanged:1537 android.graphics.RenderNode$CompositePositionUpdateListener.positionChanged:373 
04-05 12:33:41.370 13149 13239 I ViewRootImpl@f8b7859[MainActivity]: mWNT: t=0xb4000077a019d800 mBlastBufferQueue=0xb4000077c7d0c600 fn= 416 caller= android.view.SurfaceView.applyOrMergeTransaction:1455 android.view.SurfaceView.-$$Nest$mapplyOrMergeTransaction:0 android.view.SurfaceView$SurfaceViewPositionUpdateListener.positionChanged:1537 
04-05 12:33:41.370 13149 13238 I ViewRootImpl@f8b7859[MainActivity]: mWNT: t=0xb4000077a01a1100 mBlastBufferQueue=0xb4000077c7d0c600 fn= 416 caller= android.view.ViewRootImpl.lambda$applyTransactionOnDraw$11$android-view-ViewRootImpl:12865 android.view.ViewRootImpl$$ExternalSyntheticLambda1.onFrameDraw:4 android.graphics.HardwareRenderer$FrameDrawingCallback.onFrameDraw:924 
04-05 12:33:41.382 13149 13149 I SurfaceView@53f3f55: Changes: creating=false format=false size=false visible=false alpha=false hint=false mUseAlpha=false visible=false left=false top=true
04-05 12:33:41.382 13149 13149 I SurfaceView@53f3f55: 88031061 Cur surface: Surface(name=null)/@0xbd07737
04-05 12:33:41.383 13149 13149 I SurfaceView@53f3f55: applyTransactionOnVriDraw: vri = ViewRootImpl@f8b7859[MainActivity] fRS = false t = 0xb4000077a01a1300 android.view.SurfaceView.performSurfaceTransaction:959 android.view.SurfaceView.updateSurface:1105 android.view.SurfaceView.lambda$new$0$android-view-SurfaceView:200 
04-05 12:33:41.383 13149 13149 I ViewRootImpl@f8b7859[MainActivity]: applyTransactionOnDraw: mRemoved = false isHardwareEnabled = true t = 0xb4000077a01a1300android.view.SurfaceView.applyTransactionOnVriDraw:2048 android.view.SurfaceView.performSurfaceTransaction:959 android.view.SurfaceView.updateSurface:1105 android.view.SurfaceView.lambda$new$0$android-view-SurfaceView:200 android.view.SurfaceView$$ExternalSyntheticLambda5.onPreDraw:2 
04-05 12:33:41.383 13149 13149 I SurfaceView@53f3f55: updateSurface: mVisible = true mSurface.isValid() = true
04-05 12:33:41.383 13149 13149 I SurfaceView@53f3f55: updateSurface: mSurfaceCreated = true surfaceChanged = false visibleChanged = false
04-05 12:33:41.383 13149 13149 V SurfaceView@53f3f55: Layout: x=0 y=52 w=720 h=375, frame=Rect(0, 0 - 720, 375)
04-05 12:33:41.384 13149 13239 D SurfaceView@53f3f55: updateSurfacePosition RenderWorker, frameNr = 417, position = [0, 52, 720, 427] surfaceSize = 720x375
04-05 12:33:41.384 13149 13239 I SurfaceView@53f3f55: uSP: rtp = Rect(0, 52 - 720, 427) rtsw = 720 rtsh = 375
04-05 12:33:41.384 13149 13239 I SurfaceView@53f3f55: onSSPAndSRT: pl = 0 pt = 52 sx = 1.0 sy = 1.0
04-05 12:33:41.384 13149 13239 I SurfaceView@53f3f55: aOrMT: ViewRootImpl@f8b7859[MainActivity] t = android.view.SurfaceControl$Transaction@ecfd5c2 fN = 417 android.view.SurfaceView.-$$Nest$mapplyOrMergeTransaction:0 android.view.SurfaceView$SurfaceViewPositionUpdateListener.positionChanged:1537 android.graphics.RenderNode$CompositePositionUpdateListener.positionChanged:373 
04-05 12:33:41.385 13149 13239 I ViewRootImpl@f8b7859[MainActivity]: mWNT: t=0xb4000077a019d800 mBlastBufferQueue=0xb4000077c7d0c600 fn= 417 caller= android.view.SurfaceView.applyOrMergeTransaction:1455 android.view.SurfaceView.-$$Nest$mapplyOrMergeTransaction:0 android.view.SurfaceView$SurfaceViewPositionUpdateListener.positionChanged:1537 
04-05 12:33:41.385 13149 13239 I ViewRootImpl@f8b7859[MainActivity]: mWNT: t=0xb4000077a01a1300 mBlastBufferQueue=0xb4000077c7d0c600 fn= 417 caller= android.view.ViewRootImpl.lambda$applyTransactionOnDraw$11$android-view-ViewRootImpl:12865 android.view.ViewRootImpl$$ExternalSyntheticLambda1.onFrameDraw:4 android.graphics.HardwareRenderer$FrameDrawingCallback.onFrameDraw:924 
04-05 12:33:41.399 13149 13149 I SurfaceView@53f3f55: Changes: creating=false format=false size=false visible=false alpha=false hint=false mUseAlpha=false visible=false left=false top=true
04-05 12:33:41.399 13149 13149 I SurfaceView@53f3f55: 88031061 Cur surface: Surface(name=null)/@0xbd07737
04-05 12:33:41.400 13149 13149 I SurfaceView@53f3f55: applyTransactionOnVriDraw: vri = ViewRootImpl@f8b7859[MainActivity] fRS = false t = 0xb4000078746a3d00 android.view.SurfaceView.performSurfaceTransaction:959 android.view.SurfaceView.updateSurface:1105 android.view.SurfaceView.lambda$new$0$android-view-SurfaceView:200 
04-05 12:33:41.400 13149 13149 I ViewRootImpl@f8b7859[MainActivity]: applyTransactionOnDraw: mRemoved = false isHardwareEnabled = true t = 0xb4000078746a3d00android.view.SurfaceView.applyTransactionOnVriDraw:2048 android.view.SurfaceView.performSurfaceTransaction:959 android.view.SurfaceView.updateSurface:1105 android.view.SurfaceView.lambda$new$0$android-view-SurfaceView:200 android.view.SurfaceView$$ExternalSyntheticLambda5.onPreDraw:2 
04-05 12:33:41.400 13149 13149 I SurfaceView@53f3f55: updateSurface: mVisible = true mSurface.isValid() = true
04-05 12:33:41.400 13149 13149 I SurfaceView@53f3f55: updateSurface: mSurfaceCreated = true surfaceChanged = false visibleChanged = false
04-05 12:33:41.400 13149 13149 V SurfaceView@53f3f55: Layout: x=0 y=13 w=720 h=375, frame=Rect(0, 0 - 720, 375)
04-05 12:33:41.401 13149 13238 D SurfaceView@53f3f55: updateSurfacePosition RenderWorker, frameNr = 418, position = [0, 13, 720, 388] surfaceSize = 720x375
04-05 12:33:41.401 13149 13238 I SurfaceView@53f3f55: uSP: rtp = Rect(0, 13 - 720, 388) rtsw = 720 rtsh = 375
04-05 12:33:41.401 13149 13238 I SurfaceView@53f3f55: onSSPAndSRT: pl = 0 pt = 13 sx = 1.0 sy = 1.0
04-05 12:33:41.401 13149 13238 I SurfaceView@53f3f55: aOrMT: ViewRootImpl@f8b7859[MainActivity] t = android.view.SurfaceControl$Transaction@ecfd5c2 fN = 418 android.view.SurfaceView.-$$Nest$mapplyOrMergeTransaction:0 android.view.SurfaceView$SurfaceViewPositionUpdateListener.positionChanged:1537 android.graphics.RenderNode$CompositePositionUpdateListener.positionChanged:373 
04-05 12:33:41.401 13149 13238 I ViewRootImpl@f8b7859[MainActivity]: mWNT: t=0xb4000077a019d800 mBlastBufferQueue=0xb4000077c7d0c600 fn= 418 caller= android.view.SurfaceView.applyOrMergeTransaction:1455 android.view.SurfaceView.-$$Nest$mapplyOrMergeTransaction:0 android.view.SurfaceView$SurfaceViewPositionUpdateListener.positionChanged:1537 
04-05 12:33:41.402 13149 13239 I ViewRootImpl@f8b7859[MainActivity]: mWNT: t=0xb4000078746a3d00 mBlastBufferQueue=0xb4000077c7d0c600 fn= 418 caller= android.view.ViewRootImpl.lambda$applyTransactionOnDraw$11$android-view-ViewRootImpl:12865 android.view.ViewRootImpl$$ExternalSyntheticLambda1.onFrameDraw:4 android.graphics.HardwareRenderer$FrameDrawingCallback.onFrameDraw:924 
04-05 12:33:41.416 13149 13149 I SurfaceView@53f3f55: Changes: creating=false format=false size=false visible=false alpha=false hint=false mUseAlpha=false visible=false left=false top=true
04-05 12:33:41.416 13149 13149 I SurfaceView@53f3f55: 88031061 Cur surface: Surface(name=null)/@0xbd07737
04-05 12:33:41.416 13149 13149 I SurfaceView@53f3f55: applyTransactionOnVriDraw: vri = ViewRootImpl@f8b7859[MainActivity] fRS = false t = 0xb400007854ff1100 android.view.SurfaceView.performSurfaceTransaction:959 android.view.SurfaceView.updateSurface:1105 android.view.SurfaceView.lambda$new$0$android-view-SurfaceView:200 
04-05 12:33:41.416 13149 13149 I ViewRootImpl@f8b7859[MainActivity]: applyTransactionOnDraw: mRemoved = false isHardwareEnabled = true t = 0xb400007854ff1100android.view.SurfaceView.applyTransactionOnVriDraw:2048 android.view.SurfaceView.performSurfaceTransaction:959 android.view.SurfaceView.updateSurface:1105 android.view.SurfaceView.lambda$new$0$android-view-SurfaceView:200 android.view.SurfaceView$$ExternalSyntheticLambda5.onPreDraw:2 
04-05 12:33:41.416 13149 13149 I SurfaceView@53f3f55: updateSurface: mVisible = true mSurface.isValid() = true
04-05 12:33:41.416 13149 13149 I SurfaceView@53f3f55: updateSurface: mSurfaceCreated = true surfaceChanged = false visibleChanged = false
04-05 12:33:41.416 13149 13149 V SurfaceView@53f3f55: Layout: x=0 y=-29 w=720 h=375, frame=Rect(0, 0 - 720, 375)
04-05 12:33:41.418 13149 13238 D SurfaceView@53f3f55: updateSurfacePosition RenderWorker, frameNr = 419, position = [0, -29, 720, 346] surfaceSize = 720x375
04-05 12:33:41.418 13149 13238 I SurfaceView@53f3f55: uSP: rtp = Rect(0, -29 - 720, 346) rtsw = 720 rtsh = 375
04-05 12:33:41.418 13149 13238 I SurfaceView@53f3f55: onSSPAndSRT: pl = 0 pt = -29 sx = 1.0 sy = 1.0
04-05 12:33:41.418 13149 13238 I SurfaceView@53f3f55: aOrMT: ViewRootImpl@f8b7859[MainActivity] t = android.view.SurfaceControl$Transaction@ecfd5c2 fN = 419 android.view.SurfaceView.-$$Nest$mapplyOrMergeTransaction:0 android.view.SurfaceView$SurfaceViewPositionUpdateListener.positionChanged:1537 android.graphics.RenderNode$CompositePositionUpdateListener.positionChanged:373 
04-05 12:33:41.418 13149 13238 I ViewRootImpl@f8b7859[MainActivity]: mWNT: t=0xb4000077a019d800 mBlastBufferQueue=0xb4000077c7d0c600 fn= 419 caller= android.view.SurfaceView.applyOrMergeTransaction:1455 android.view.SurfaceView.-$$Nest$mapplyOrMergeTransaction:0 android.view.SurfaceView$SurfaceViewPositionUpdateListener.positionChanged:1537 
04-05 12:33:41.418 13149 13238 I ViewRootImpl@f8b7859[MainActivity]: mWNT: t=0xb400007854ff1100 mBlastBufferQueue=0xb4000077c7d0c600 fn= 419 caller= android.view.ViewRootImpl.lambda$applyTransactionOnDraw$11$android-view-ViewRootImpl:12865 android.view.ViewRootImpl$$ExternalSyntheticLambda1.onFrameDraw:4 android.graphics.HardwareRenderer$FrameDrawingCallback.onFrameDraw:924 
04-05 12:33:41.422 13149 13149 I ViewRootImpl@f8b7859[MainActivity]: ViewPostIme pointer 1
04-05 12:33:41.433 13149 13149 I SurfaceView@53f3f55: Changes: creating=false format=false size=false visible=false alpha=false hint=false mUseAlpha=false visible=false left=false top=true
04-05 12:33:41.433 13149 13149 I SurfaceView@53f3f55: 88031061 Cur surface: Surface(name=null)/@0xbd07737
04-05 12:33:41.434 13149 13149 I SurfaceView@53f3f55: applyTransactionOnVriDraw: vri = ViewRootImpl@f8b7859[MainActivity] fRS = false t = 0xb400007854ff1400 android.view.SurfaceView.performSurfaceTransaction:959 android.view.SurfaceView.updateSurface:1105 android.view.SurfaceView.lambda$new$0$android-view-SurfaceView:200 
04-05 12:33:41.434 13149 13149 I ViewRootImpl@f8b7859[MainActivity]: applyTransactionOnDraw: mRemoved = false isHardwareEnabled = true t = 0xb400007854ff1400android.view.SurfaceView.applyTransactionOnVriDraw:2048 android.view.SurfaceView.performSurfaceTransaction:959 android.view.SurfaceView.updateSurface:1105 android.view.SurfaceView.lambda$new$0$android-view-SurfaceView:200 android.view.SurfaceView$$ExternalSyntheticLambda5.onPreDraw:2 
04-05 12:33:41.434 13149 13149 I SurfaceView@53f3f55: updateSurface: mVisible = true mSurface.isValid() = true
04-05 12:33:41.434 13149 13149 I SurfaceView@53f3f55: updateSurface: mSurfaceCreated = true surfaceChanged = false visibleChanged = false
04-05 12:33:41.434 13149 13149 V SurfaceView@53f3f55: Layout: x=0 y=-39 w=720 h=375, frame=Rect(0, 0 - 720, 375)
04-05 12:33:41.436 13149 13239 D SurfaceView@53f3f55: updateSurfacePosition RenderWorker, frameNr = 420, position = [0, -60, 720, 315] surfaceSize = 720x375
04-05 12:33:41.436 13149 13239 I SurfaceView@53f3f55: uSP: rtp = Rect(0, -60 - 720, 315) rtsw = 720 rtsh = 375
04-05 12:33:41.436 13149 13239 I SurfaceView@53f3f55: onSSPAndSRT: pl = 0 pt = -60 sx = 1.0 sy = 1.0
04-05 12:33:41.436 13149 13239 I SurfaceView@53f3f55: aOrMT: ViewRootImpl@f8b7859[MainActivity] t = android.view.SurfaceControl$Transaction@ecfd5c2 fN = 420 android.view.SurfaceView.-$$Nest$mapplyOrMergeTransaction:0 android.view.SurfaceView$SurfaceViewPositionUpdateListener.positionChanged:1537 android.graphics.RenderNode$CompositePositionUpdateListener.positionChanged:373 
04-05 12:33:41.437 13149 13239 I ViewRootImpl@f8b7859[MainActivity]: mWNT: t=0xb4000077a019d800 mBlastBufferQueue=0xb4000077c7d0c600 fn= 420 caller= android.view.SurfaceView.applyOrMergeTransaction:1455 android.view.SurfaceView.-$$Nest$mapplyOrMergeTransaction:0 android.view.SurfaceView$SurfaceViewPositionUpdateListener.positionChanged:1537 
04-05 12:33:41.437 13149 13238 I ViewRootImpl@f8b7859[MainActivity]: mWNT: t=0xb400007854ff1400 mBlastBufferQueue=0xb4000077c7d0c600 fn= 420 caller= android.view.ViewRootImpl.lambda$applyTransactionOnDraw$11$android-view-ViewRootImpl:12865 android.view.ViewRootImpl$$ExternalSyntheticLambda1.onFrameDraw:4 android.graphics.HardwareRenderer$FrameDrawingCallback.onFrameDraw:924 
04-05 12:33:41.449 13149 13149 I SurfaceView@53f3f55: Changes: creating=false format=false size=false visible=false alpha=false hint=false mUseAlpha=false visible=false left=false top=true
04-05 12:33:41.449 13149 13149 I SurfaceView@53f3f55: 88031061 Cur surface: Surface(name=null)/@0xbd07737
04-05 12:33:41.449 13149 13149 I SurfaceView@53f3f55: applyTransactionOnVriDraw: vri = ViewRootImpl@f8b7859[MainActivity] fRS = false t = 0xb400007854ff4a00 android.view.SurfaceView.performSurfaceTransaction:959 android.view.SurfaceView.updateSurface:1105 android.view.SurfaceView.lambda$new$0$android-view-SurfaceView:200 
04-05 12:33:41.449 13149 13149 I ViewRootImpl@f8b7859[MainActivity]: applyTransactionOnDraw: mRemoved = false isHardwareEnabled = true t = 0xb400007854ff4a00android.view.SurfaceView.applyTransactionOnVriDraw:2048 android.view.SurfaceView.performSurfaceTransaction:959 android.view.SurfaceView.updateSurface:1105 android.view.SurfaceView.lambda$new$0$android-view-SurfaceView:200 android.view.SurfaceView$$ExternalSyntheticLambda5.onPreDraw:2 
04-05 12:33:41.449 13149 13149 I SurfaceView@53f3f55: updateSurface: mVisible = true mSurface.isValid() = true
04-05 12:33:41.449 13149 13149 I SurfaceView@53f3f55: updateSurface: mSurfaceCreated = true surfaceChanged = false visibleChanged = false
04-05 12:33:41.449 13149 13149 V SurfaceView@53f3f55: Layout: x=0 y=-60 w=720 h=375, frame=Rect(0, 0 - 720, 375)
04-05 12:33:41.451 13149 13239 D SurfaceView@53f3f55: updateSurfacePosition RenderWorker, frameNr = 421, position = [0, -80, 720, 295] surfaceSize = 720x375
04-05 12:33:41.451 13149 13239 I SurfaceView@53f3f55: uSP: rtp = Rect(0, -80 - 720, 295) rtsw = 720 rtsh = 375
04-05 12:33:41.451 13149 13239 I SurfaceView@53f3f55: onSSPAndSRT: pl = 0 pt = -80 sx = 1.0 sy = 1.0
04-05 12:33:41.451 13149 13239 I SurfaceView@53f3f55: aOrMT: ViewRootImpl@f8b7859[MainActivity] t = android.view.SurfaceControl$Transaction@ecfd5c2 fN = 421 android.view.SurfaceView.-$$Nest$mapplyOrMergeTransaction:0 android.view.SurfaceView$SurfaceViewPositionUpdateListener.positionChanged:1537 android.graphics.RenderNode$CompositePositionUpdateListener.positionChanged:373 
04-05 12:33:41.451 13149 13239 I ViewRootImpl@f8b7859[MainActivity]: mWNT: t=0xb4000077a019d800 mBlastBufferQueue=0xb4000077c7d0c600 fn= 421 caller= android.view.SurfaceView.applyOrMergeTransaction:1455 android.view.SurfaceView.-$$Nest$mapplyOrMergeTransaction:0 android.view.SurfaceView$SurfaceViewPositionUpdateListener.positionChanged:1537 
04-05 12:33:41.452 13149 13238 I ViewRootImpl@f8b7859[MainActivity]: mWNT: t=0xb400007854ff4a00 mBlastBufferQueue=0xb4000077c7d0c600 fn= 421 caller= android.view.ViewRootImpl.lambda$applyTransactionOnDraw$11$android-view-ViewRootImpl:12865 android.view.ViewRootImpl$$ExternalSyntheticLambda1.onFrameDraw:4 android.graphics.HardwareRenderer$FrameDrawingCallback.onFrameDraw:924 
04-05 12:33:41.466 13149 13149 I SurfaceView@53f3f55: Changes: creating=false format=false size=false visible=false alpha=false hint=false mUseAlpha=false visible=false left=false top=true
04-05 12:33:41.466 13149 13149 I SurfaceView@53f3f55: 88031061 Cur surface: Surface(name=null)/@0xbd07737
04-05 12:33:41.466 13149 13149 I SurfaceView@53f3f55: applyTransactionOnVriDraw: vri = ViewRootImpl@f8b7859[MainActivity] fRS = false t = 0xb400007854ff5800 android.view.SurfaceView.performSurfaceTransaction:959 android.view.SurfaceView.updateSurface:1105 android.view.SurfaceView.lambda$new$0$android-view-SurfaceView:200 
04-05 12:33:41.466 13149 13149 I ViewRootImpl@f8b7859[MainActivity]: applyTransactionOnDraw: mRemoved = false isHardwareEnabled = true t = 0xb400007854ff5800android.view.SurfaceView.applyTransactionOnVriDraw:2048 android.view.SurfaceView.performSurfaceTransaction:959 android.view.SurfaceView.updateSurface:1105 android.view.SurfaceView.lambda$new$0$android-view-SurfaceView:200 android.view.SurfaceView$$ExternalSyntheticLambda5.onPreDraw:2 
04-05 12:33:41.466 13149 13149 I SurfaceView@53f3f55: updateSurface: mVisible = true mSurface.isValid() = true
04-05 12:33:41.466 13149 13149 I SurfaceView@53f3f55: updateSurface: mSurfaceCreated = true surfaceChanged = false visibleChanged = false
04-05 12:33:41.466 13149 13149 V SurfaceView@53f3f55: Layout: x=0 y=-80 w=720 h=375, frame=Rect(0, 0 - 720, 375)
04-05 12:33:41.468 13149 13239 D SurfaceView@53f3f55: updateSurfacePosition RenderWorker, frameNr = 422, position = [0, -111, 720, 264] surfaceSize = 720x375
04-05 12:33:41.468 13149 13239 I SurfaceView@53f3f55: uSP: rtp = Rect(0, -111 - 720, 264) rtsw = 720 rtsh = 375
04-05 12:33:41.468 13149 13239 I SurfaceView@53f3f55: onSSPAndSRT: pl = 0 pt = -111 sx = 1.0 sy = 1.0
04-05 12:33:41.468 13149 13239 I SurfaceView@53f3f55: aOrMT: ViewRootImpl@f8b7859[MainActivity] t = android.view.SurfaceControl$Transaction@ecfd5c2 fN = 422 android.view.SurfaceView.-$$Nest$mapplyOrMergeTransaction:0 android.view.SurfaceView$SurfaceViewPositionUpdateListener.positionChanged:1537 android.graphics.RenderNode$CompositePositionUpdateListener.positionChanged:373 
04-05 12:33:41.468 13149 13239 I ViewRootImpl@f8b7859[MainActivity]: mWNT: t=0xb4000077a019d800 mBlastBufferQueue=0xb4000077c7d0c600 fn= 422 caller= android.view.SurfaceView.applyOrMergeTransaction:1455 android.view.SurfaceView.-$$Nest$mapplyOrMergeTransaction:0 android.view.SurfaceView$SurfaceViewPositionUpdateListener.positionChanged:1537 
04-05 12:33:41.469 13149 13239 I ViewRootImpl@f8b7859[MainActivity]: mWNT: t=0xb400007854ff5800 mBlastBufferQueue=0xb4000077c7d0c600 fn= 422 caller= android.view.ViewRootImpl.lambda$applyTransactionOnDraw$11$android-view-ViewRootImpl:12865 android.view.ViewRootImpl$$ExternalSyntheticLambda1.onFrameDraw:4 android.graphics.HardwareRenderer$FrameDrawingCallback.onFrameDraw:924 
04-05 12:33:41.482 13149 13149 I SurfaceView@53f3f55: Changes: creating=false format=false size=false visible=false alpha=false hint=false mUseAlpha=false visible=false left=false top=true
04-05 12:33:41.482 13149 13149 I SurfaceView@53f3f55: 88031061 Cur surface: Surface(name=null)/@0xbd07737
04-05 12:33:41.483 13149 13149 I SurfaceView@53f3f55: applyTransactionOnVriDraw: vri = ViewRootImpl@f8b7859[MainActivity] fRS = false t = 0xb400007854ff5c00 android.view.SurfaceView.performSurfaceTransaction:959 android.view.SurfaceView.updateSurface:1105 android.view.SurfaceView.lambda$new$0$android-view-SurfaceView:200 
04-05 12:33:41.483 13149 13149 I ViewRootImpl@f8b7859[MainActivity]: applyTransactionOnDraw: mRemoved = false isHardwareEnabled = true t = 0xb400007854ff5c00android.view.SurfaceView.applyTransactionOnVriDraw:2048 android.view.SurfaceView.performSurfaceTransaction:959 android.view.SurfaceView.updateSurface:1105 android.view.SurfaceView.lambda$new$0$android-view-SurfaceView:200 android.view.SurfaceView$$ExternalSyntheticLambda5.onPreDraw:2 
04-05 12:33:41.483 13149 13149 I SurfaceView@53f3f55: updateSurface: mVisible = true mSurface.isValid() = true
04-05 12:33:41.483 13149 13149 I SurfaceView@53f3f55: updateSurface: mSurfaceCreated = true surfaceChanged = false visibleChanged = false
04-05 12:33:41.483 13149 13149 V SurfaceView@53f3f55: Layout: x=0 y=-111 w=720 h=375, frame=Rect(0, 0 - 720, 375)
04-05 12:33:41.484 13149 13238 D SurfaceView@53f3f55: updateSurfacePosition RenderWorker, frameNr = 423, position = [0, -148, 720, 227] surfaceSize = 720x375
04-05 12:33:41.484 13149 13238 I SurfaceView@53f3f55: uSP: rtp = Rect(0, -148 - 720, 227) rtsw = 720 rtsh = 375
04-05 12:33:41.484 13149 13238 I SurfaceView@53f3f55: onSSPAndSRT: pl = 0 pt = -148 sx = 1.0 sy = 1.0
04-05 12:33:41.485 13149 13238 I SurfaceView@53f3f55: aOrMT: ViewRootImpl@f8b7859[MainActivity] t = android.view.SurfaceControl$Transaction@ecfd5c2 fN = 423 android.view.SurfaceView.-$$Nest$mapplyOrMergeTransaction:0 android.view.SurfaceView$SurfaceViewPositionUpdateListener.positionChanged:1537 android.graphics.RenderNode$CompositePositionUpdateListener.positionChanged:373 
04-05 12:33:41.485 13149 13238 I ViewRootImpl@f8b7859[MainActivity]: mWNT: t=0xb4000077a019d800 mBlastBufferQueue=0xb4000077c7d0c600 fn= 423 caller= android.view.SurfaceView.applyOrMergeTransaction:1455 android.view.SurfaceView.-$$Nest$mapplyOrMergeTransaction:0 android.view.SurfaceView$SurfaceViewPositionUpdateListener.positionChanged:1537 
04-05 12:33:41.485 13149 13238 I ViewRootImpl@f8b7859[MainActivity]: mWNT: t=0xb400007854ff5c00 mBlastBufferQueue=0xb4000077c7d0c600 fn= 423 caller= android.view.ViewRootImpl.lambda$applyTransactionOnDraw$11$android-view-ViewRootImpl:12865 android.view.ViewRootImpl$$ExternalSyntheticLambda1.onFrameDraw:4 android.graphics.HardwareRenderer$FrameDrawingCallback.onFrameDraw:924 
04-05 12:33:41.500 13149 13149 I SurfaceView@53f3f55: Changes: creating=false format=false size=false visible=false alpha=false hint=false mUseAlpha=false visible=false left=false top=true
04-05 12:33:41.500 13149 13149 I SurfaceView@53f3f55: 88031061 Cur surface: Surface(name=null)/@0xbd07737
04-05 12:33:41.501 13149 13149 I SurfaceView@53f3f55: applyTransactionOnVriDraw: vri = ViewRootImpl@f8b7859[MainActivity] fRS = false t = 0xb400007854ff6a00 android.view.SurfaceView.performSurfaceTransaction:959 android.view.SurfaceView.updateSurface:1105 android.view.SurfaceView.lambda$new$0$android-view-SurfaceView:200 
04-05 12:33:41.501 13149 13149 I ViewRootImpl@f8b7859[MainActivity]: applyTransactionOnDraw: mRemoved = false isHardwareEnabled = true t = 0xb400007854ff6a00android.view.SurfaceView.applyTransactionOnVriDraw:2048 android.view.SurfaceView.performSurfaceTransaction:959 android.view.SurfaceView.updateSurface:1105 android.view.SurfaceView.lambda$new$0$android-view-SurfaceView:200 android.view.SurfaceView$$ExternalSyntheticLambda5.onPreDraw:2 
04-05 12:33:41.501 13149 13149 I SurfaceView@53f3f55: updateSurface: mVisible = true mSurface.isValid() = true
04-05 12:33:41.501 13149 13149 I SurfaceView@53f3f55: updateSurface: mSurfaceCreated = true surfaceChanged = false visibleChanged = false
04-05 12:33:41.501 13149 13149 V SurfaceView@53f3f55: Layout: x=0 y=-148 w=720 h=375, frame=Rect(0, 0 - 720, 375)
04-05 12:33:41.503 13149 13239 D SurfaceView@53f3f55: updateSurfacePosition RenderWorker, frameNr = 424, position = [0, -188, 720, 187] surfaceSize = 720x375
04-05 12:33:41.503 13149 13239 I SurfaceView@53f3f55: uSP: rtp = Rect(0, -188 - 720, 187) rtsw = 720 rtsh = 375
04-05 12:33:41.503 13149 13239 I SurfaceView@53f3f55: onSSPAndSRT: pl = 0 pt = -188 sx = 1.0 sy = 1.0
04-05 12:33:41.503 13149 13239 I SurfaceView@53f3f55: aOrMT: ViewRootImpl@f8b7859[MainActivity] t = android.view.SurfaceControl$Transaction@ecfd5c2 fN = 424 android.view.SurfaceView.-$$Nest$mapplyOrMergeTransaction:0 android.view.SurfaceView$SurfaceViewPositionUpdateListener.positionChanged:1537 android.graphics.RenderNode$CompositePositionUpdateListener.positionChanged:373 
04-05 12:33:41.503 13149 13239 I ViewRootImpl@f8b7859[MainActivity]: mWNT: t=0xb4000077a019d800 mBlastBufferQueue=0xb4000077c7d0c600 fn= 424 caller= android.view.SurfaceView.applyOrMergeTransaction:1455 android.view.SurfaceView.-$$Nest$mapplyOrMergeTransaction:0 android.view.SurfaceView$SurfaceViewPositionUpdateListener.positionChanged:1537 
04-05 12:33:41.504 13149 13238 I ViewRootImpl@f8b7859[MainActivity]: mWNT: t=0xb400007854ff6a00 mBlastBufferQueue=0xb4000077c7d0c600 fn= 424 caller= android.view.ViewRootImpl.lambda$applyTransactionOnDraw$11$android-view-ViewRootImpl:12865 android.view.ViewRootImpl$$ExternalSyntheticLambda1.onFrameDraw:4 android.graphics.HardwareRenderer$FrameDrawingCallback.onFrameDraw:924 
04-05 12:33:41.517 13149 13149 I SurfaceView@53f3f55: Changes: creating=false format=false size=false visible=false alpha=false hint=false mUseAlpha=false visible=false left=false top=true
04-05 12:33:41.517 13149 13149 I SurfaceView@53f3f55: 88031061 Cur surface: Surface(name=null)/@0xbd07737
04-05 12:33:41.517 13149 13149 I SurfaceView@53f3f55: applyTransactionOnVriDraw: vri = ViewRootImpl@f8b7859[MainActivity] fRS = false t = 0xb400007854ff6e00 android.view.SurfaceView.performSurfaceTransaction:959 android.view.SurfaceView.updateSurface:1105 android.view.SurfaceView.lambda$new$0$android-view-SurfaceView:200 
04-05 12:33:41.518 13149 13149 I ViewRootImpl@f8b7859[MainActivity]: applyTransactionOnDraw: mRemoved = false isHardwareEnabled = true t = 0xb400007854ff6e00android.view.SurfaceView.applyTransactionOnVriDraw:2048 android.view.SurfaceView.performSurfaceTransaction:959 android.view.SurfaceView.updateSurface:1105 android.view.SurfaceView.lambda$new$0$android-view-SurfaceView:200 android.view.SurfaceView$$ExternalSyntheticLambda5.onPreDraw:2 
04-05 12:33:41.518 13149 13149 I SurfaceView@53f3f55: updateSurface: mVisible = true mSurface.isValid() = true
04-05 12:33:41.518 13149 13149 I SurfaceView@53f3f55: updateSurface: mSurfaceCreated = true surfaceChanged = false visibleChanged = false
04-05 12:33:41.518 13149 13149 V SurfaceView@53f3f55: Layout: x=0 y=-188 w=720 h=375, frame=Rect(0, 0 - 720, 375)
04-05 12:33:41.520 13149 13239 D SurfaceView@53f3f55: updateSurfacePosition RenderWorker, frameNr = 425, position = [0, -226, 720, 149] surfaceSize = 720x375
04-05 12:33:41.520 13149 13239 I SurfaceView@53f3f55: uSP: rtp = Rect(0, -226 - 720, 149) rtsw = 720 rtsh = 375
04-05 12:33:41.520 13149 13239 I SurfaceView@53f3f55: onSSPAndSRT: pl = 0 pt = -226 sx = 1.0 sy = 1.0
04-05 12:33:41.520 13149 13239 I SurfaceView@53f3f55: aOrMT: ViewRootImpl@f8b7859[MainActivity] t = android.view.SurfaceControl$Transaction@ecfd5c2 fN = 425 android.view.SurfaceView.-$$Nest$mapplyOrMergeTransaction:0 android.view.SurfaceView$SurfaceViewPositionUpdateListener.positionChanged:1537 android.graphics.RenderNode$CompositePositionUpdateListener.positionChanged:373 
04-05 12:33:41.521 13149 13239 I ViewRootImpl@f8b7859[MainActivity]: mWNT: t=0xb4000077a019d800 mBlastBufferQueue=0xb4000077c7d0c600 fn= 425 caller= android.view.SurfaceView.applyOrMergeTransaction:1455 android.view.SurfaceView.-$$Nest$mapplyOrMergeTransaction:0 android.view.SurfaceView$SurfaceViewPositionUpdateListener.positionChanged:1537 
04-05 12:33:41.521 13149 13239 I ViewRootImpl@f8b7859[MainActivity]: mWNT: t=0xb400007854ff6e00 mBlastBufferQueue=0xb4000077c7d0c600 fn= 425 caller= android.view.ViewRootImpl.lambda$applyTransactionOnDraw$11$android-view-ViewRootImpl:12865 android.view.ViewRootImpl$$ExternalSyntheticLambda1.onFrameDraw:4 android.graphics.HardwareRenderer$FrameDrawingCallback.onFrameDraw:924 
04-05 12:33:41.534 13149 13149 I SurfaceView@53f3f55: Changes: creating=false format=false size=false visible=false alpha=false hint=false mUseAlpha=false visible=false left=false top=true
04-05 12:33:41.534 13149 13149 I SurfaceView@53f3f55: 88031061 Cur surface: Surface(name=null)/@0xbd07737
04-05 12:33:41.535 13149 13149 I SurfaceView@53f3f55: applyTransactionOnVriDraw: vri = ViewRootImpl@f8b7859[MainActivity] fRS = false t = 0xb4000077d8369e00 android.view.SurfaceView.performSurfaceTransaction:959 android.view.SurfaceView.updateSurface:1105 android.view.SurfaceView.lambda$new$0$android-view-SurfaceView:200 
04-05 12:33:41.535 13149 13149 I ViewRootImpl@f8b7859[MainActivity]: applyTransactionOnDraw: mRemoved = false isHardwareEnabled = true t = 0xb4000077d8369e00android.view.SurfaceView.applyTransactionOnVriDraw:2048 android.view.SurfaceView.performSurfaceTransaction:959 android.view.SurfaceView.updateSurface:1105 android.view.SurfaceView.lambda$new$0$android-view-SurfaceView:200 android.view.SurfaceView$$ExternalSyntheticLambda5.onPreDraw:2 
04-05 12:33:41.535 13149 13149 I SurfaceView@53f3f55: updateSurface: mVisible = true mSurface.isValid() = true
04-05 12:33:41.535 13149 13149 I SurfaceView@53f3f55: updateSurface: mSurfaceCreated = true surfaceChanged = false visibleChanged = false
04-05 12:33:41.535 13149 13149 V SurfaceView@53f3f55: Layout: x=0 y=-226 w=720 h=375, frame=Rect(0, 0 - 720, 375)
04-05 12:33:41.536 13149 13238 D SurfaceView@53f3f55: updateSurfacePosition RenderWorker, frameNr = 426, position = [0, -264, 720, 111] surfaceSize = 720x375
04-05 12:33:41.536 13149 13238 I SurfaceView@53f3f55: uSP: rtp = Rect(0, -264 - 720, 111) rtsw = 720 rtsh = 375
04-05 12:33:41.536 13149 13238 I SurfaceView@53f3f55: onSSPAndSRT: pl = 0 pt = -264 sx = 1.0 sy = 1.0
04-05 12:33:41.536 13149 13238 I SurfaceView@53f3f55: aOrMT: ViewRootImpl@f8b7859[MainActivity] t = android.view.SurfaceControl$Transaction@ecfd5c2 fN = 426 android.view.SurfaceView.-$$Nest$mapplyOrMergeTransaction:0 android.view.SurfaceView$SurfaceViewPositionUpdateListener.positionChanged:1537 android.graphics.RenderNode$CompositePositionUpdateListener.positionChanged:373 
04-05 12:33:41.537 13149 13238 I ViewRootImpl@f8b7859[MainActivity]: mWNT: t=0xb4000077a019d800 mBlastBufferQueue=0xb4000077c7d0c600 fn= 426 caller= android.view.SurfaceView.applyOrMergeTransaction:1455 android.view.SurfaceView.-$$Nest$mapplyOrMergeTransaction:0 android.view.SurfaceView$SurfaceViewPositionUpdateListener.positionChanged:1537 
04-05 12:33:41.537 13149 13238 I ViewRootImpl@f8b7859[MainActivity]: mWNT: t=0xb4000077d8369e00 mBlastBufferQueue=0xb4000077c7d0c600 fn= 426 caller= android.view.ViewRootImpl.lambda$applyTransactionOnDraw$11$android-view-ViewRootImpl:12865 android.view.ViewRootImpl$$ExternalSyntheticLambda1.onFrameDraw:4 android.graphics.HardwareRenderer$FrameDrawingCallback.onFrameDraw:924 
04-05 12:33:41.549 13149 13149 I SurfaceView@53f3f55: Changes: creating=false format=false size=false visible=false alpha=false hint=false mUseAlpha=false visible=false left=false top=true
04-05 12:33:41.549 13149 13149 I SurfaceView@53f3f55: 88031061 Cur surface: Surface(name=null)/@0xbd07737
04-05 12:33:41.549 13149 13149 I SurfaceView@53f3f55: applyTransactionOnVriDraw: vri = ViewRootImpl@f8b7859[MainActivity] fRS = false t = 0xb4000077d83d6c00 android.view.SurfaceView.performSurfaceTransaction:959 android.view.SurfaceView.updateSurface:1105 android.view.SurfaceView.lambda$new$0$android-view-SurfaceView:200 
04-05 12:33:41.549 13149 13149 I ViewRootImpl@f8b7859[MainActivity]: applyTransactionOnDraw: mRemoved = false isHardwareEnabled = true t = 0xb4000077d83d6c00android.view.SurfaceView.applyTransactionOnVriDraw:2048 android.view.SurfaceView.performSurfaceTransaction:959 android.view.SurfaceView.updateSurface:1105 android.view.SurfaceView.lambda$new$0$android-view-SurfaceView:200 android.view.SurfaceView$$ExternalSyntheticLambda5.onPreDraw:2 
04-05 12:33:41.549 13149 13149 I SurfaceView@53f3f55: updateSurface: mVisible = true mSurface.isValid() = true
04-05 12:33:41.549 13149 13149 I SurfaceView@53f3f55: updateSurface: mSurfaceCreated = true surfaceChanged = false visibleChanged = false
04-05 12:33:41.549 13149 13149 V SurfaceView@53f3f55: Layout: x=0 y=-264 w=720 h=375, frame=Rect(0, 0 - 720, 375)
04-05 12:33:41.551 13149 13239 D SurfaceView@53f3f55: updateSurfacePosition RenderWorker, frameNr = 427, position = [0, -302, 720, 73] surfaceSize = 720x375
04-05 12:33:41.551 13149 13239 I SurfaceView@53f3f55: uSP: rtp = Rect(0, -302 - 720, 73) rtsw = 720 rtsh = 375
04-05 12:33:41.551 13149 13239 I SurfaceView@53f3f55: onSSPAndSRT: pl = 0 pt = -302 sx = 1.0 sy = 1.0
04-05 12:33:41.551 13149 13239 I SurfaceView@53f3f55: aOrMT: ViewRootImpl@f8b7859[MainActivity] t = android.view.SurfaceControl$Transaction@ecfd5c2 fN = 427 android.view.SurfaceView.-$$Nest$mapplyOrMergeTransaction:0 android.view.SurfaceView$SurfaceViewPositionUpdateListener.positionChanged:1537 android.graphics.RenderNode$CompositePositionUpdateListener.positionChanged:373 
04-05 12:33:41.551 13149 13239 I ViewRootImpl@f8b7859[MainActivity]: mWNT: t=0xb4000077a019d800 mBlastBufferQueue=0xb4000077c7d0c600 fn= 427 caller= android.view.SurfaceView.applyOrMergeTransaction:1455 android.view.SurfaceView.-$$Nest$mapplyOrMergeTransaction:0 android.view.SurfaceView$SurfaceViewPositionUpdateListener.positionChanged:1537 
