04-05 10:42:51.414 20582 27150 I PluginInstance: Adding Co4nxtrl (https://co4nxtrl.com) ExtractorApi
04-05 10:42:51.414 20582 27150 I PluginInstance: Adding Hownetwork (https://stream.hownetwork.xyz) ExtractorApi
04-05 10:42:51.414 20582 27150 I PluginInstance: Adding Hownetwork (https://cloud.hownetwork.xyz) ExtractorApi
04-05 10:42:51.414 20582 27150 I PluginInstance: Adding Furher (https://furher.in) ExtractorApi
04-05 10:42:51.414 20582 27150 I PluginInstance: Adding Furher 2 (723qrh1p.fun) ExtractorApi
04-05 10:42:51.414 20582 27150 I PluginInstance: Adding Turbovidhls (https://turbovid.xyz) ExtractorApi
04-05 10:42:51.414 20582 27150 I PluginInstance: Adding Emturbovid (https://emturbovid.com) ExtractorApi
04-05 10:42:51.414 20582 27150 I PluginInstance: Adding VidHidePro6 (https://vidhidepro.com) ExtractorApi
04-05 10:42:51.414 20582 27150 I PluginManager: Loaded plugin Donghuastream successfully
04-05 10:42:51.414 20582 28618 I PluginInstance: Adding Upload18 (https://www.upload18.com) ExtractorApi
04-05 10:42:51.414 20582 28618 I PluginInstance: Adding Xshotcok (https://xshotcok.com) ExtractorApi
04-05 10:42:51.414 20582 28618 I PluginInstance: Adding Co4nxtrl (https://co4nxtrl.com) ExtractorApi
04-05 10:42:51.414 20582 28618 I PluginInstance: Adding Hownetwork (https://stream.hownetwork.xyz) ExtractorApi
04-05 10:42:51.414 20582 28618 I PluginInstance: Adding Hownetwork (https://cloud.hownetwork.xyz) ExtractorApi
04-05 10:42:51.414 20582 28618 I PluginInstance: Adding Furher (https://furher.in) ExtractorApi
04-05 10:42:51.414 20582 28618 I PluginInstance: Adding Furher 2 (723qrh1p.fun) ExtractorApi
04-05 10:42:51.414 20582 28618 I PluginInstance: Adding Turbovidhls (https://turbovid.xyz) ExtractorApi
04-05 10:42:51.414 20582 28618 I PluginInstance: Adding Emturbovid (https://emturbovid.com) ExtractorApi
04-05 10:42:51.414 20582 28618 I PluginInstance: Adding VidHidePro6 (https://vidhidepro.com) ExtractorApi
04-05 10:42:51.414 20582 28618 I PluginManager: Loaded plugin Animasu successfully
04-05 10:42:51.414 20582 28616 D ApiError: -------------------------------------------------------------------
04-05 10:42:51.415 20582 28616 D ApiError: safeApiCall: null
04-05 10:42:51.415 20582 28616 D ApiError: safeApiCall: null
04-05 10:42:51.415 20582 28616 W System.err: java.util.ConcurrentModificationException
04-05 10:42:51.415 20582 28616 W System.err: 	at java.util.ArrayList$Itr.checkForComodification(ArrayList.java:1111)
04-05 10:42:51.416 20582 28616 W System.err: 	at java.util.ArrayList$Itr.next(ArrayList.java:1064)
04-05 10:42:51.416 20582 28616 W System.err: 	at j$.util.Collection$-CC.$default$removeIf(SourceFile:545)
04-05 10:42:51.416 20582 28616 W System.err: 	at j$.util.Collection$-EL.removeIf(Unknown Source:11)
04-05 10:42:51.416 20582 28616 W System.err: 	at com.lagradost.cloudstream3.plugins.PluginManager.unloadPlugin(PluginManager.kt:713)
04-05 10:42:51.416 20582 28616 W System.err: 	at com.lagradost.cloudstream3.plugins.PluginManager.downloadPlugin(PluginManager.kt:781)
04-05 10:42:51.416 20582 28616 W System.err: 	at com.lagradost.cloudstream3.plugins.PluginManager$downloadPlugin$2.invokeSuspend(Unknown Source:19)
04-05 10:42:51.416 20582 28616 W System.err: 	at kotlin.coroutines.jvm.internal.BaseContinuationImpl.resumeWith(ContinuationImpl.kt:34)
04-05 10:42:51.416 20582 28616 W System.err: 	at kotlinx.coroutines.DispatchedTask.run(DispatchedTask.kt:100)
04-05 10:42:51.416 20582 28616 W System.err: 	at kotlinx.coroutines.internal.LimitedDispatcher$Worker.run(LimitedDispatcher.kt:124)
04-05 10:42:51.416 20582 28616 W System.err: 	at kotlinx.coroutines.scheduling.TaskImpl.run(Tasks.kt:89)
04-05 10:42:51.416 20582 28616 W System.err: 	at kotlinx.coroutines.scheduling.CoroutineScheduler.runSafely(CoroutineScheduler.kt:586)
04-05 10:42:51.416 20582 28616 W System.err: 	at kotlinx.coroutines.scheduling.CoroutineScheduler$Worker.executeTask(CoroutineScheduler.kt:820)
04-05 10:42:51.416 20582 28616 W System.err: 	at kotlinx.coroutines.scheduling.CoroutineScheduler$Worker.runWorker(CoroutineScheduler.kt:717)
04-05 10:42:51.416 20582 28616 W System.err: 	at kotlinx.coroutines.scheduling.CoroutineScheduler$Worker.run(CoroutineScheduler.kt:704)
04-05 10:42:51.416 20582 28616 D ApiError: -------------------------------------------------------------------
04-05 10:42:51.518 20582 27150 I PluginManager: Unloading plugin: /data/user/0/com.lagradost.cloudstream3/files/Extensions/httpsraw.githubusercontent.combyimam2ndcloudstream-ekstensionrefsheadsmasterrepo.json.-1427536412/LayarKaca21.1214945928.cs3
04-05 10:42:51.518 20582 28616 I PluginManager: Unloading plugin: /data/user/0/com.lagradost.cloudstream3/files/Extensions/httpsraw.githubusercontent.combyimam2ndcloudstream-ekstensionrefsheadsmasterrepo.json.-1427536412/Pencurimovie.898939342.cs3
04-05 10:42:51.518 20582 27150 D ApiError: -------------------------------------------------------------------
04-05 10:42:51.519 20582 27150 D ApiError: safeApiCall: null
04-05 10:42:51.519 20582 27150 D ApiError: safeApiCall: null
04-05 10:42:51.519 20582 27150 W System.err: java.util.ConcurrentModificationException
04-05 10:42:51.519 20582 28616 I PluginManager: Loading plugin: PluginData(internalName=Pencurimovie, url=https://raw.githubusercontent.com/byimam2nd/oce/builds/Pencurimovie.cs3, isOnline=true, filePath=/data/user/0/com.lagradost.cloudstream3/files/Extensions/httpsraw.githubusercontent.combyimam2ndcloudstream-ekstensionrefsheadsmasterrepo.json.-1427536412/Pencurimovie.898939342.cs3, version=-2147483648)
04-05 10:42:51.519 20582 27150 W System.err: 	at java.util.ArrayList$Itr.checkForComodification(ArrayList.java:1111)
04-05 10:42:51.519 20582 27150 W System.err: 	at java.util.ArrayList$Itr.next(ArrayList.java:1064)
04-05 10:42:51.519 20582 27150 W System.err: 	at j$.util.Collection$-CC.$default$removeIf(SourceFile:545)
04-05 10:42:51.519 20582 27150 W System.err: 	at j$.util.Collection$-EL.removeIf(Unknown Source:11)
04-05 10:42:51.519 20582 27150 W System.err: 	at com.lagradost.cloudstream3.plugins.PluginManager.unloadPlugin(PluginManager.kt:713)
04-05 10:42:51.519 20582 27150 W System.err: 	at com.lagradost.cloudstream3.plugins.PluginManager.downloadPlugin(PluginManager.kt:781)
04-05 10:42:51.519 20582 27150 W System.err: 	at com.lagradost.cloudstream3.plugins.PluginManager$downloadPlugin$2.invokeSuspend(Unknown Source:19)
04-05 10:42:51.519 20582 27150 W System.err: 	at kotlin.coroutines.jvm.internal.BaseContinuationImpl.resumeWith(ContinuationImpl.kt:34)
04-05 10:42:51.519 20582 27150 W System.err: 	at kotlinx.coroutines.DispatchedTask.run(DispatchedTask.kt:100)
04-05 10:42:51.519 20582 27150 W System.err: 	at kotlinx.coroutines.internal.LimitedDispatcher$Worker.run(LimitedDispatcher.kt:124)
04-05 10:42:51.519 20582 27150 W System.err: 	at kotlinx.coroutines.scheduling.TaskImpl.run(Tasks.kt:89)
04-05 10:42:51.519 20582 27150 W System.err: 	at kotlinx.coroutines.scheduling.CoroutineScheduler.runSafely(CoroutineScheduler.kt:586)
04-05 10:42:51.519 20582 27150 W System.err: 	at kotlinx.coroutines.scheduling.CoroutineScheduler$Worker.executeTask(CoroutineScheduler.kt:820)
04-05 10:42:51.519 20582 27150 W System.err: 	at kotlinx.coroutines.scheduling.CoroutineScheduler$Worker.runWorker(CoroutineScheduler.kt:717)
04-05 10:42:51.519 20582 27150 W System.err: 	at kotlinx.coroutines.scheduling.CoroutineScheduler$Worker.run(CoroutineScheduler.kt:704)
04-05 10:42:51.519 20582 27150 D ApiError: -------------------------------------------------------------------
04-05 10:42:51.537 20582 28616 I PluginInstance: Adding Pencurimovie (https://ww73.pencurimovie.bond) MainAPI
04-05 10:42:51.546 20582 28616 I PluginInstance: Adding Do7go (https://do7go.com) ExtractorApi
04-05 10:42:51.546 20582 28616 I PluginInstance: Adding DHC Play (https://dhcplay.com) ExtractorApi
04-05 10:42:51.546 20582 28616 I PluginInstance: Adding Hglink (https://hglink.to) ExtractorApi
04-05 10:42:51.546 20582 28616 I PluginInstance: Adding Ghbrisk (https://ghbrisk.com) ExtractorApi
04-05 10:42:51.546 20582 28616 I PluginInstance: Adding Movearnpre (https://movearnpre.com) ExtractorApi
04-05 10:42:51.546 20582 28616 I PluginInstance: Adding Minochinos (https://minochinos.com) ExtractorApi
04-05 10:42:51.546 20582 28616 I PluginInstance: Adding Mivalyo (https://mivalyo.com) ExtractorApi
04-05 10:42:51.546 20582 28616 I PluginInstance: Adding Ryderjet (https://ryderjet.com) ExtractorApi
04-05 10:42:51.546 20582 28616 I PluginInstance: Adding Bingezove (https://bingezove.com) ExtractorApi
04-05 10:42:51.546 20582 28616 I PluginInstance: Adding Dingtezuni (https://dingtezuni.com) ExtractorApi
04-05 10:42:51.546 20582 28616 I PluginInstance: Adding Dhtpre (https://dhtpre.com) ExtractorApi
04-05 10:42:51.546 20582 28616 I PluginInstance: Adding Listeamed (https://listeamed.net) ExtractorApi
04-05 10:42:51.546 20582 28616 I PluginInstance: Adding Streamcasthub (https://live.streamcasthub.store) ExtractorApi
04-05 10:42:51.547 20582 28616 I PluginInstance: Adding Dm21embed (https://dm21.embed4me.vip) ExtractorApi
04-05 10:42:51.547 20582 28616 I PluginInstance: Adding Dm21upns (https://dm21.upns.live) ExtractorApi
04-05 10:42:51.547 20582 28616 I PluginInstance: Adding Pm21p2p (https://pm21.p2pplay.pro) ExtractorApi
04-05 10:42:51.547 20582 28616 I PluginInstance: Adding Dm21 (https://dm21.embed4me.vip) ExtractorApi
04-05 10:42:51.547 20582 28616 I PluginInstance: Adding Meplayer (https://video.4meplayer.com) ExtractorApi
04-05 10:42:51.547 20582 28616 I PluginInstance: Adding Fufaupns (https://fufafilm.upns.pro) ExtractorApi
04-05 10:42:51.547 20582 28616 I PluginInstance: Adding P2pplay (https://nf21.p2pplay.pro) ExtractorApi
04-05 10:42:51.547 20582 28616 I PluginInstance: Adding Playerngefilm21 (https://player.ngefilm21.com) ExtractorApi
04-05 10:42:51.547 20582 28616 I PluginInstance: Adding Rpmvid (https://rpmvid.com) ExtractorApi
04-05 10:42:51.547 20582 28616 I PluginInstance: Adding Voe (https://voe.sx) ExtractorApi
04-05 10:42:51.547 20582 28616 I PluginInstance: Adding Veev (https://veev.to) ExtractorApi
04-05 10:42:51.547 20582 28616 I PluginInstance: Adding Dintezuvio (https://dintezuvio.com) ExtractorApi
04-05 10:42:51.547 20582 28616 I PluginInstance: Adding Hxfile (https://hxfile.co) ExtractorApi
04-05 10:42:51.547 20582 28616 I PluginInstance: Adding Odnoklassniki (https://odnoklassniki.ru) ExtractorApi
04-05 10:42:51.547 20582 28616 I PluginInstance: Adding OkRuSSL (https://ok.ru) ExtractorApi
04-05 10:42:51.547 20582 28616 I PluginInstance: Adding OkRuHTTP (http://ok.ru) ExtractorApi
04-05 10:42:51.547 20582 28616 I PluginInstance: Adding Dailymotion (https://www.dailymotion.com) ExtractorApi
04-05 10:42:51.547 20582 28616 I PluginInstance: Adding Rumble (https://rumble.com) ExtractorApi
04-05 10:42:51.547 20582 28616 I PluginInstance: Adding StreamRuby (https://rubyvidhub.com) ExtractorApi
04-05 10:42:51.547 20582 28616 I PluginInstance: Adding svanila (https://streamruby.net) ExtractorApi
04-05 10:42:51.547 20582 28616 I PluginInstance: Adding svilla (https://streamruby.com) ExtractorApi
04-05 10:42:51.547 20582 28616 I PluginInstance: Adding Vidguard (https://vidguard.to) ExtractorApi
04-05 10:42:51.547 20582 28616 I PluginInstance: Adding Vidguard (https://bembed.net) ExtractorApi
04-05 10:42:51.547 20582 28616 I PluginInstance: Adding Vidguard (https://listeamed.net) ExtractorApi
04-05 10:42:51.547 20582 28616 I PluginInstance: Adding Vidguard (https://vgfplay.com) ExtractorApi
04-05 10:42:51.547 20582 28616 I PluginInstance: Adding Archivd (https://archivd.net) ExtractorApi
04-05 10:42:51.547 20582 28616 I PluginInstance: Adding Uservideo (https://new.uservideo.xyz) ExtractorApi
04-05 10:42:51.547 20582 28616 I PluginInstance: Adding Vidhidepro (https://vidhidepro.com) ExtractorApi
04-05 10:42:51.547 20582 28616 I PluginInstance: Adding DoodStream (https://dsvplay.com) ExtractorApi
04-05 10:42:51.547 20582 28616 I PluginInstance: Adding ArchiveOrg (https://archive.org) ExtractorApi
04-05 10:42:51.547 20582 28616 I PluginInstance: Adding Megacloud (https://megacloud.blog) ExtractorApi
04-05 10:42:51.547 20582 28616 I PluginInstance: Adding Jeniusplay (https://jeniusplay.com) ExtractorApi
04-05 10:42:51.547 20582 28616 I PluginInstance: Adding Gdriveplayer.to (https://gdriveplayer.to) ExtractorApi
04-05 10:42:51.547 20582 28616 I PluginInstance: Adding GDFlix (https://gdflix.co) ExtractorApi
04-05 10:42:51.547 20582 28616 I PluginInstance: Adding Blogger (https://www.blogger.com) ExtractorApi
04-05 10:42:51.547 20582 28616 I PluginInstance: Adding PixelDrain (https://pixeldrain.com) ExtractorApi
04-05 10:42:51.547 20582 28616 I PluginInstance: Adding Upload18 (https://www.upload18.com) ExtractorApi
04-05 10:42:51.547 20582 28616 I PluginInstance: Adding Xshotcok (https://xshotcok.com) ExtractorApi
04-05 10:42:51.547 20582 28616 I PluginInstance: Adding Co4nxtrl (https://co4nxtrl.com) ExtractorApi
04-05 10:42:51.547 20582 28616 I PluginInstance: Adding Hownetwork (https://stream.hownetwork.xyz) ExtractorApi
04-05 10:42:51.547 20582 28616 I PluginInstance: Adding Hownetwork (https://cloud.hownetwork.xyz) ExtractorApi
04-05 10:42:51.548 20582 28616 I PluginInstance: Adding Furher (https://furher.in) ExtractorApi
04-05 10:42:51.548 20582 28616 I PluginInstance: Adding Furher 2 (723qrh1p.fun) ExtractorApi
04-05 10:42:51.548 20582 28616 I PluginInstance: Adding Turbovidhls (https://turbovid.xyz) ExtractorApi
04-05 10:42:51.548 20582 28616 I PluginInstance: Adding Emturbovid (https://emturbovid.com) ExtractorApi
04-05 10:42:51.548 20582 28616 I PluginInstance: Adding VidHidePro6 (https://vidhidepro.com) ExtractorApi
04-05 10:42:51.548 20582 28616 I PluginManager: Loaded plugin Pencurimovie successfully
04-05 10:42:51.549 20582 20582 I COMPACT : showToast = Berhasil memperbarui 6 plugin!
04-05 10:42:51.549 20582 28616 I PluginManager: Plugin update done!
04-05 10:42:51.551 20582 20582 E Toast   : setGravity() shouldn't be called on text toasts, the values won't be used
04-05 10:42:51.551 20582 20582 I Toast   : setView: it's a custom toast
04-05 10:42:51.554 20582 20582 V Toast   : show: caller = com.lagradost.cloudstream3.CommonActivity.showToast:194 
04-05 10:42:51.565 20582 20611 D OpenGLRenderer: setSurface called with nullptr
04-05 10:42:51.565 20582 20611 D OpenGLRenderer: setSurface() destroyed EGLSurface
04-05 10:42:51.565 20582 20611 D OpenGLRenderer: destroyEglSurface
04-05 10:42:51.567 20582 20582 I ViewRootImpl@6e86289[Toast]: dispatchDetachedFromWindow
04-05 10:42:51.567 20582 20582 I BLASTBufferQueue: [ViewRootImpl@6e86289[Toast]#111](f:0,a:1) destructor()
04-05 10:42:51.567 20582 20582 D BufferQueueConsumer: [ViewRootImpl@6e86289[Toast]#111(BLAST Consumer)111](id:506600000082,api:0,p:-1,c:20582) disconnect
04-05 10:42:51.575 20582 20582 D InputTransport: Input channel destroyed: '759a3df', fd=140
04-05 10:42:51.580 20582 20582 V Toast   : HANDLE SHOW: android.widget.Toast$TN@48c126b mView=null mNextView=androidx.cardview.widget.CardView{702a1c8 V.E..V... ......ID 0,0-0,0 #7f0a05b5 app:id/toast_layout_root}
04-05 10:42:51.581 20582 20582 V ToastPresenter: sipHeight = -90
04-05 10:42:51.582 20582 20582 V ToastPresenter: yOffset = 9
04-05 10:42:51.584 20582 20611 D NativeCustomFrequencyManager: [NativeCFMS] BpCustomFrequencyManager::BpCustomFrequencyManager()
04-05 10:42:51.590 20582 20582 D InsetsController: onStateChanged: InsetsState: {mDisplayFrame=Rect(0, 0 - 720, 1600), mDisplayCutout=DisplayCutout{insets=Rect(0, 58 - 0, 0) waterfall=Insets{left=0, top=0, right=0, bottom=0} boundingRect={Bounds=[Rect(0, 0 - 0, 0), Rect(298, 0 - 422, 58), Rect(0, 0 - 0, 0), Rect(0, 0 - 0, 0)]} cutoutPathParserInfo={CutoutPathParserInfo{displayWidth=720 displayHeight=1600 physicalDisplayWidth=720 physicalDisplayHeight=1600 density={1.875} cutoutSpec={M62.05,0l-2.7,0l-2.7,0l-1.4,0.1L53.95,0.2l-1.3,0.2l-1.3,0.2L49.95,0.9l-1.3,0.4l-1.3,0.5l-1.2,0.6L44.95,3 l-1.1,0.7l-1,0.8l-1,0.9l-0.9,1l-0.8,1l-0.7,1.1l-0.7,1.2l-0.6,1.2l-0.5,1.3l-0.4,1.3l-0.4,1.3l-0.5,2.3l-0.4,2.3l-0.4,2.3L34.95,23.9 l-0.6,2.3l-0.7,2.2l-0.4,1.1L32.95,30.6l-0.5,1.1L31.95,32.7c-3.5,7.2-9.3,13.1-16.6,16.6c-17.7,8.5-38.9,1.1-47.4-16.6l-0.5-1.1 l-0.5-1.1l-0.4-1.1l-0.4-1.1l-0.7-2.2l-0.6-2.3l-0.5-2.3l-0.4-2.3l-0.4-2.3l-0.5-2.3l-0.4-1.3l-0.4-1.3L-38.15,11l-0.6-1.2l-0.7-1.2 L-40.05,7.5l-0.8-1l-0.9-1l-1-0.9l-1-0.8L-44.95,3l-1.2-0.6l-1.2-0.6l-1.3-0.5l-1.3-0.4l-1.3-0.3L-52.55,0.4L-53.95,0.2L-55.25,0.1L-56.65,0L-59.35,0 L-62.05,0Z} rotation={0} scale={1.0} physicalPixelDisplaySizeRatio={1.0}}}}, mRoundedCorners=RoundedCorners{[RoundedCorner{position=TopLeft, radius=60, center=Point(60, 60)}, RoundedCorner{position=TopRight, radius=60, center=Point(660, 60)}, RoundedCorner{position=BottomRight, radius=60, center=Point(660, 1540)}, RoundedCorner{position=BottomLeft, radius=60, center=Point(60, 1540)}]}  mRoundedCornerFrame=Rect(0, 0 - 0, 0), mPrivacyIndicatorBounds=PrivacyIndicatorBounds {static bounds=Rect(637, 0 - 720, 58) rotation=0}, mSources= { InsetsSource: {mType=ITYPE_NAVIGATION_BAR, mFrame=[0,1510][720,1600], mVisible=true, mInsetsRoundedCornerFrame=false}, InsetsSource: {mType=ITYPE_LEFT_GESTURES, mFrame=[0,0][0,1600], mVisible=true, mInsetsRoundedCornerFrame=false}, InsetsSource: {mType=ITYPE_RIGHT_GESTURES, mFrame=[720,0][720,1600], mVisible=true, mInsetsRoundedCornerFrame=false}, InsetsSource: {mType=ITYPE_TOP_MANDATORY_GESTURES, mFrame=[0,0][720,81], mVisible=true, mInsetsRoundedCornerFrame=false}, InsetsSource: {mType=ITYPE_BOTTOM_MANDATORY_GESTURES, mFrame=[0,1510][720,1600], mVisible=true, mInsetsRoundedCornerFrame=false}, InsetsSource: {mType=ITYPE_LEFT_DISPLAY_CUTOUT, mFrame=[0,0][-100000,1600], mVisible=true, mInsetsRoundedCornerFrame=false}, InsetsSource: {mType=ITYPE_TOP_DISPLAY_CUTOUT, mFrame=[0,0][720,58], mVisible=true, mInsetsRoundedCornerFrame=false}, InsetsSource: {mType=ITYPE_RIGHT_DISPLAY_CUTOUT, mFrame=[100000,0][720,1600], mVisible=true, mInsetsRoundedCornerFrame=false}, InsetsSource: {mType=ITYPE_BOTTOM_DISPLAY_CUTOUT, mFrame=[0,100000][720,1600], mVisible=true, mInsetsRoundedCornerFrame=false}, InsetsSource: {mType=ITYPE_BOTTOM_TAPPABLE_ELEMENT, mFrame=[0,1510][720,1600], mVisible=true, mInsetsRoundedCornerFrame=false} } host=Toast from=android.view.ViewRootImpl.setView:1732
04-05 10:42:51.592 20582 20582 I ViewRootImpl@21a0261[Toast]: setView = androidx.cardview.widget.CardView@702a1c8 TM=true
04-05 10:42:51.596 20582 20582 I ViewRootImpl@21a0261[Toast]: performTraversals params={(0,9)(wrapxwrap) gr=BOTTOM CENTER sim={adjust=resize} ty=TOAST fmt=TRANSLUCENT wanim=0x1030004 surfaceInsets=Rect(8, 8 - 8, 8)
04-05 10:42:51.596 20582 20582 I ViewRootImpl@21a0261[Toast]:   fl=1000098
04-05 10:42:51.596 20582 20582 I ViewRootImpl@21a0261[Toast]:   pfl=12000000
04-05 10:42:51.596 20582 20582 I ViewRootImpl@21a0261[Toast]:   bhv=DEFAULT
04-05 10:42:51.596 20582 20582 I ViewRootImpl@21a0261[Toast]:   fitTypes=STATUS_BARS NAVIGATION_BARS CAPTION_BAR
04-05 10:42:51.596 20582 20582 I ViewRootImpl@21a0261[Toast]:   fitIgnoreVis naviIconColor=0}
04-05 10:42:51.597 20582 20582 I ViewRootImpl@21a0261[Toast]: performTraversals mFirst=true windowShouldResize=false viewVisibilityChanged=false mForceNextWindowRelayout=false params={(0,9)(wrapxwrap) gr=BOTTOM CENTER sim={adjust=resize} ty=TOAST fmt=TRANSLUCENT wanim=0x1030004 surfaceInsets=Rect(8, 8 - 8, 8)
04-05 10:42:51.597 20582 20582 I ViewRootImpl@21a0261[Toast]:   fl=1000098
04-05 10:42:51.597 20582 20582 I ViewRootImpl@21a0261[Toast]:   pfl=12000000
04-05 10:42:51.597 20582 20582 I ViewRootImpl@21a0261[Toast]:   bhv=DEFAULT
04-05 10:42:51.597 20582 20582 I ViewRootImpl@21a0261[Toast]:   fitTypes=STATUS_BARS NAVIGATION_BARS CAPTION_BAR
04-05 10:42:51.597 20582 20582 I ViewRootImpl@21a0261[Toast]:   fitIgnoreVis naviIconColor=0}
04-05 10:42:51.607 20582 20582 I ViewRootImpl@21a0261[Toast]: updateBlastSurfaceIfNeeded mBlastBufferQueue=null isSameSurfaceControl=false
04-05 10:42:51.607 20582 20582 D BufferQueueConsumer: [](id:506600000083,api:0,p:-1,c:20582) connect: controlledByApp=false
04-05 10:42:51.608 20582 20582 I BLASTBufferQueue: new BLASTBufferQueue, mName= ViewRootImpl@21a0261[Toast] mNativeObject= 0xb40000775e703800 sc.mNativeObject= 0xb4000077d69b73e0 caller= android.view.ViewRootImpl.updateBlastSurfaceIfNeeded:2909 android.view.ViewRootImpl.relayoutWindow:9847 android.view.ViewRootImpl.performTraversals:3884 android.view.ViewRootImpl.doTraversal:3116 android.view.ViewRootImpl$TraversalRunnable.run:10885 android.view.Choreographer$CallbackRecord.run:1301 android.view.Choreographer$CallbackRecord.run:1309 android.view.Choreographer.doCallbacks:923 android.view.Choreographer.doFrame:852 android.view.Choreographer$FrameDisplayEventReceiver.run:1283 
04-05 10:42:51.609 20582 20582 I BLASTBufferQueue: update, w= 508 h= 129 mName = ViewRootImpl@21a0261[Toast] mNativeObject= 0xb40000775e703800 sc.mNativeObject= 0xb4000077d69b73e0 format= -3 caller= android.graphics.BLASTBufferQueue.<init>:84 android.view.ViewRootImpl.updateBlastSurfaceIfNeeded:2909 android.view.ViewRootImpl.relayoutWindow:9847 android.view.ViewRootImpl.performTraversals:3884 android.view.ViewRootImpl.doTraversal:3116 android.view.ViewRootImpl$TraversalRunnable.run:10885 
04-05 10:42:51.609 20582 20582 I ViewRootImpl@21a0261[Toast]: Relayout returned: old=(0,58,720,1510) new=(114,1388,606,1501) req=(492,113)0 dur=9 res=0x3 s={true 0xb4000077b9bbe000} ch=true seqId=0
04-05 10:42:51.611 20582 20582 I ViewRootImpl@21a0261[Toast]: mThreadedRenderer.initialize() mSurface={isValid=true 0xb4000077b9bbe000} hwInitialized=true
04-05 10:42:51.611 20582 20611 D OpenGLRenderer: eglCreateWindowSurface
04-05 10:42:51.612 20582 20582 I ViewRootImpl@21a0261[Toast]: reportNextDraw android.view.ViewRootImpl.performTraversals:4438 android.view.ViewRootImpl.doTraversal:3116 android.view.ViewRootImpl$TraversalRunnable.run:10885 android.view.Choreographer$CallbackRecord.run:1301 android.view.Choreographer$CallbackRecord.run:1309 
04-05 10:42:51.612 20582 20582 I ViewRootImpl@21a0261[Toast]: Setup new sync id=0
04-05 10:42:51.612 20582 20582 I ViewRootImpl@21a0261[Toast]: Setting syncFrameCallback
04-05 10:42:51.612 20582 20582 I ViewRootImpl@21a0261[Toast]: registerCallbacksForSync syncBuffer=false
04-05 10:42:51.613 20582 20677 I ViewRootImpl@21a0261[Toast]: Received frameDrawingCallback syncResult=0 frameNum=1.
04-05 10:42:51.613 20582 20677 I ViewRootImpl@21a0261[Toast]: Setting up sync and frameCommitCallback
04-05 10:42:51.618 20582 20611 I BLASTBufferQueue: [ViewRootImpl@21a0261[Toast]#112](f:0,a:0) onFrameAvailable the first frame is available
04-05 10:42:51.619 20582 20611 I BLASTBufferQueue: [ViewRootImpl@21a0261[Toast]#112](f:0,a:1) acquireNextBufferLocked size=508x129 mFrameNumber=1 applyTransaction=true mTimestamp=1087836517685378(auto) mPendingTransactions.size=0 graphicBufferId=88399017011204 transform=0
04-05 10:42:51.620 20582 20611 I ViewRootImpl@21a0261[Toast]: Received frameCommittedCallback lastAttemptedDrawFrameNum=1 didProduceBuffer=true
04-05 10:42:51.621 20582 20611 D OpenGLRenderer: CFMS:: SetUp Pid : 20582    Tid : 20611
04-05 10:42:51.622 20582 20611 W Parcel  : Expecting binder but got null!
04-05 10:42:51.622 20582 20582 I ViewRootImpl@21a0261[Toast]: onSyncComplete
04-05 10:42:51.623 20582 20582 I ViewRootImpl@21a0261[Toast]: setupSync seqId=0 mSyncId=0 fn=1 caller=android.view.ViewRootImpl$$ExternalSyntheticLambda11.accept:6 android.window.SurfaceSyncer.lambda$setupSync$1$android-window-SurfaceSyncer:128 android.window.SurfaceSyncer$$ExternalSyntheticLambda1.accept:8 android.window.SurfaceSyncer$SyncSet.checkIfSyncIsComplete:382 android.window.SurfaceSyncer$SyncSet.markSyncReady:359 android.window.SurfaceSyncer.markSyncReady:151 android.view.ViewRootImpl.performTraversals:4503 
04-05 10:42:51.623 20582 20582 I ViewRootImpl@21a0261[Toast]: reportDrawFinished seqId=0 mSyncId=-1 fn=1 mSurfaceChangedTransaction=0xb40000785caadc00
04-05 10:42:55.082 20582 20611 D OpenGLRenderer: setSurface called with nullptr
04-05 10:42:55.082 20582 20611 D OpenGLRenderer: setSurface() destroyed EGLSurface
04-05 10:42:55.083 20582 20611 D OpenGLRenderer: destroyEglSurface
04-05 10:42:55.086 20582 20582 I ViewRootImpl@21a0261[Toast]: dispatchDetachedFromWindow
04-05 10:42:55.086 20582 20582 I BLASTBufferQueue: [ViewRootImpl@21a0261[Toast]#112](f:0,a:1) destructor()
04-05 10:42:55.086 20582 20582 D BufferQueueConsumer: [ViewRootImpl@21a0261[Toast]#112(BLAST Consumer)112](id:506600000083,api:0,p:-1,c:20582) disconnect
04-05 10:42:55.094 20582 20582 D InputTransport: Input channel destroyed: 'a36b45c', fd=140
04-05 10:42:55.412 20582 20582 I ViewRootImpl@f724115[MainActivity]: ViewPostIme pointer 0
04-05 10:42:55.468 20582 20582 I ViewRootImpl@f724115[MainActivity]: ViewPostIme pointer 1
04-05 10:42:55.484 20582 20582 I COMPACT : showToast = Mulai proses pembaruan plugin!
04-05 10:42:55.485 20582 27150 I PluginManager: Loading plugin: PluginData(internalName=Funmovieslix, url=https://raw.githubusercontent.com/byimam2nd/oce/builds/Funmovieslix.cs3, isOnline=true, filePath=/data/user/0/com.lagradost.cloudstream3/files/Extensions/httpsraw.githubusercontent.combyimam2ndcloudstream-ekstensionrefsheadsmasterrepo.json.-1427536412/Funmovieslix.1702794745.cs3, version=10)
04-05 10:42:55.485 20582 24367 I PluginManager: Loading plugin: PluginData(internalName=LayarKaca21, url=https://raw.githubusercontent.com/byimam2nd/oce/builds/LayarKaca21.cs3, isOnline=true, filePath=/data/user/0/com.lagradost.cloudstream3/files/Extensions/httpsraw.githubusercontent.combyimam2ndcloudstream-ekstensionrefsheadsmasterrepo.json.-1427536412/LayarKaca21.1214945928.cs3, version=10)
04-05 10:42:55.485 20582 28614 I PluginManager: Loading plugin: PluginData(internalName=Samehadaku, url=https://raw.githubusercontent.com/byimam2nd/oce/builds/Samehadaku.cs3, isOnline=true, filePath=/data/user/0/com.lagradost.cloudstream3/files/Extensions/httpsraw.githubusercontent.combyimam2ndcloudstream-ekstensionrefsheadsmasterrepo.json.-1427536412/Samehadaku.846270246.cs3, version=1)
04-05 10:42:55.486 20582 28618 I PluginManager: Loading plugin: PluginData(internalName=Pencurimovie, url=https://raw.githubusercontent.com/byimam2nd/oce/builds/Pencurimovie.cs3, isOnline=true, filePath=/data/user/0/com.lagradost.cloudstream3/files/Extensions/httpsraw.githubusercontent.combyimam2ndcloudstream-ekstensionrefsheadsmasterrepo.json.-1427536412/Pencurimovie.898939342.cs3, version=10)
04-05 10:42:55.486 20582 28615 I PluginManager: Loading plugin: PluginData(internalName=Animasu, url=https://raw.githubusercontent.com/byimam2nd/oce/builds/Animasu.cs3, isOnline=true, filePath=/data/user/0/com.lagradost.cloudstream3/files/Extensions/httpsraw.githubusercontent.combyimam2ndcloudstream-ekstensionrefsheadsmasterrepo.json.-1427536412/Animasu.807717554.cs3, version=1)
04-05 10:42:55.486 20582 26742 I PluginManager: Loading plugin: PluginData(internalName=Idlix, url=https://raw.githubusercontent.com/byimam2nd/oce/builds/Idlix.cs3, isOnline=true, filePath=/data/user/0/com.lagradost.cloudstream3/files/Extensions/httpsraw.githubusercontent.combyimam2ndcloudstream-ekstensionrefsheadsmasterrepo.json.-1427536412/Idlix.70503296.cs3, version=10)
04-05 10:42:55.486 20582 28616 I PluginManager: Loading plugin: PluginData(internalName=Donghuastream, url=https://raw.githubusercontent.com/byimam2nd/oce/builds/Donghuastream.cs3, isOnline=true, filePath=/data/user/0/com.lagradost.cloudstream3/files/Extensions/httpsraw.githubusercontent.combyimam2ndcloudstream-ekstensionrefsheadsmasterrepo.json.-1427536412/Donghuastream.-2140266928.cs3, version=10)
04-05 10:42:55.486 20582 26829 I PluginManager: Loading plugin: PluginData(internalName=Anichin, url=https://raw.githubusercontent.com/byimam2nd/oce/builds/Anichin.cs3, isOnline=true, filePath=/data/user/0/com.lagradost.cloudstream3/files/Extensions/httpsraw.githubusercontent.combyimam2ndcloudstream-ekstensionrefsheadsmasterrepo.json.-1427536412/Anichin.807426054.cs3, version=10)
04-05 10:42:55.487 20582 20582 E Toast   : setGravity() shouldn't be called on text toasts, the values won't be used
04-05 10:42:55.487 20582 20582 I Toast   : setView: it's a custom toast
04-05 10:42:55.490 20582 20582 V Toast   : show: caller = com.lagradost.cloudstream3.CommonActivity.showToast:194 
04-05 10:42:55.495 20582 20582 V Toast   : HANDLE SHOW: android.widget.Toast$TN@a5b3c0c mView=null mNextView=androidx.cardview.widget.CardView{26c6955 V.E..V... ......ID 0,0-0,0 #7f0a05b5 app:id/toast_layout_root}
04-05 10:42:55.495 20582 20582 V ToastPresenter: sipHeight = -90
04-05 10:42:55.496 20582 20582 V ToastPresenter: yOffset = 9
04-05 10:42:55.500 20582 28616 I PluginManager: Plugin with name Donghuastream already exists
04-05 10:42:55.501 20582 20611 D NativeCustomFrequencyManager: [NativeCFMS] BpCustomFrequencyManager::BpCustomFrequencyManager()
04-05 10:42:55.504 20582 28618 I PluginManager: Plugin with name Pencurimovie already exists
04-05 10:42:55.507 20582 20582 D InsetsController: onStateChanged: InsetsState: {mDisplayFrame=Rect(0, 0 - 720, 1600), mDisplayCutout=DisplayCutout{insets=Rect(0, 58 - 0, 0) waterfall=Insets{left=0, top=0, right=0, bottom=0} boundingRect={Bounds=[Rect(0, 0 - 0, 0), Rect(298, 0 - 422, 58), Rect(0, 0 - 0, 0), Rect(0, 0 - 0, 0)]} cutoutPathParserInfo={CutoutPathParserInfo{displayWidth=720 displayHeight=1600 physicalDisplayWidth=720 physicalDisplayHeight=1600 density={1.875} cutoutSpec={M62.05,0l-2.7,0l-2.7,0l-1.4,0.1L53.95,0.2l-1.3,0.2l-1.3,0.2L49.95,0.9l-1.3,0.4l-1.3,0.5l-1.2,0.6L44.95,3 l-1.1,0.7l-1,0.8l-1,0.9l-0.9,1l-0.8,1l-0.7,1.1l-0.7,1.2l-0.6,1.2l-0.5,1.3l-0.4,1.3l-0.4,1.3l-0.5,2.3l-0.4,2.3l-0.4,2.3L34.95,23.9 l-0.6,2.3l-0.7,2.2l-0.4,1.1L32.95,30.6l-0.5,1.1L31.95,32.7c-3.5,7.2-9.3,13.1-16.6,16.6c-17.7,8.5-38.9,1.1-47.4-16.6l-0.5-1.1 l-0.5-1.1l-0.4-1.1l-0.4-1.1l-0.7-2.2l-0.6-2.3l-0.5-2.3l-0.4-2.3l-0.4-2.3l-0.5-2.3l-0.4-1.3l-0.4-1.3L-38.15,11l-0.6-1.2l-0.7-1.2 L-40.05,7.5l-0.8-1l-0.9-1l-1-0.9l-1-0.8L-44.95,3l-1.2-0.6l-1.2-0.6l-1.3-0.5l-1.3-0.4l-1.3-0.3L-52.55,0.4L-53.95,0.2L-55.25,0.1L-56.65,0L-59.35,0 L-62.05,0Z} rotation={0} scale={1.0} physicalPixelDisplaySizeRatio={1.0}}}}, mRoundedCorners=RoundedCorners{[RoundedCorner{position=TopLeft, radius=60, center=Point(60, 60)}, RoundedCorner{position=TopRight, radius=60, center=Point(660, 60)}, RoundedCorner{position=BottomRight, radius=60, center=Point(660, 1540)}, RoundedCorner{position=BottomLeft, radius=60, center=Point(60, 1540)}]}  mRoundedCornerFrame=Rect(0, 0 - 0, 0), mPrivacyIndicatorBounds=PrivacyIndicatorBounds {static bounds=Rect(637, 0 - 720, 58) rotation=0}, mSources= { InsetsSource: {mType=ITYPE_NAVIGATION_BAR, mFrame=[0,1510][720,1600], mVisible=true, mInsetsRoundedCornerFrame=false}, InsetsSource: {mType=ITYPE_LEFT_GESTURES, mFrame=[0,0][0,1600], mVisible=true, mInsetsRoundedCornerFrame=false}, InsetsSource: {mType=ITYPE_RIGHT_GESTURES, mFrame=[720,0][720,1600], mVisible=true, mInsetsRoundedCornerFrame=false}, InsetsSource: {mType=ITYPE_TOP_MANDATORY_GESTURES, mFrame=[0,0][720,81], mVisible=true, mInsetsRoundedCornerFrame=false}, InsetsSource: {mType=ITYPE_BOTTOM_MANDATORY_GESTURES, mFrame=[0,1510][720,1600], mVisible=true, mInsetsRoundedCornerFrame=false}, InsetsSource: {mType=ITYPE_LEFT_DISPLAY_CUTOUT, mFrame=[0,0][-100000,1600], mVisible=true, mInsetsRoundedCornerFrame=false}, InsetsSource: {mType=ITYPE_TOP_DISPLAY_CUTOUT, mFrame=[0,0][720,58], mVisible=true, mInsetsRoundedCornerFrame=false}, InsetsSource: {mType=ITYPE_RIGHT_DISPLAY_CUTOUT, mFrame=[100000,0][720,1600], mVisible=true, mInsetsRoundedCornerFrame=false}, InsetsSource: {mType=ITYPE_BOTTOM_DISPLAY_CUTOUT, mFrame=[0,100000][720,1600], mVisible=true, mInsetsRoundedCornerFrame=false}, InsetsSource: {mType=ITYPE_BOTTOM_TAPPABLE_ELEMENT, mFrame=[0,1510][720,1600], mVisible=true, mInsetsRoundedCornerFrame=false} } host=Toast from=android.view.ViewRootImpl.setView:1732
04-05 10:42:55.507 20582 26742 I PluginManager: Plugin with name Idlix already exists
04-05 10:42:55.509 20582 20582 I ViewRootImpl@9860cf8[Toast]: setView = androidx.cardview.widget.CardView@26c6955 TM=true
04-05 10:42:55.509 20582 24367 I PluginManager: Plugin with name LayarKaca21 already exists
04-05 10:42:55.512 20582 28615 I PluginManager: Plugin with name Animasu already exists
04-05 10:42:55.513 20582 26829 I PluginManager: Plugin with name Anichin already exists
04-05 10:42:55.514 20582 20582 I ViewRootImpl@9860cf8[Toast]: performTraversals params={(0,9)(wrapxwrap) gr=BOTTOM CENTER sim={adjust=resize} ty=TOAST fmt=TRANSLUCENT wanim=0x1030004 surfaceInsets=Rect(8, 8 - 8, 8)
04-05 10:42:55.514 20582 20582 I ViewRootImpl@9860cf8[Toast]:   fl=1000098
04-05 10:42:55.514 20582 20582 I ViewRootImpl@9860cf8[Toast]:   pfl=12000000
04-05 10:42:55.514 20582 20582 I ViewRootImpl@9860cf8[Toast]:   bhv=DEFAULT
04-05 10:42:55.514 20582 20582 I ViewRootImpl@9860cf8[Toast]:   fitTypes=STATUS_BARS NAVIGATION_BARS CAPTION_BAR
04-05 10:42:55.514 20582 20582 I ViewRootImpl@9860cf8[Toast]:   fitIgnoreVis naviIconColor=0}
04-05 10:42:55.514 20582 26829 I PluginManager: Plugin with name Funmovieslix already exists
04-05 10:42:55.515 20582 20582 I ViewRootImpl@9860cf8[Toast]: performTraversals mFirst=true windowShouldResize=false viewVisibilityChanged=false mForceNextWindowRelayout=false params={(0,9)(wrapxwrap) gr=BOTTOM CENTER sim={adjust=resize} ty=TOAST fmt=TRANSLUCENT wanim=0x1030004 surfaceInsets=Rect(8, 8 - 8, 8)
04-05 10:42:55.515 20582 20582 I ViewRootImpl@9860cf8[Toast]:   fl=1000098
04-05 10:42:55.515 20582 20582 I ViewRootImpl@9860cf8[Toast]:   pfl=12000000
04-05 10:42:55.515 20582 20582 I ViewRootImpl@9860cf8[Toast]:   bhv=DEFAULT
04-05 10:42:55.515 20582 20582 I ViewRootImpl@9860cf8[Toast]:   fitTypes=STATUS_BARS NAVIGATION_BARS CAPTION_BAR
04-05 10:42:55.515 20582 20582 I ViewRootImpl@9860cf8[Toast]:   fitIgnoreVis naviIconColor=0}
04-05 10:42:55.516 20582 28614 I PluginManager: Plugin with name Samehadaku already exists
04-05 10:42:55.524 20582 20582 I ViewRootImpl@9860cf8[Toast]: updateBlastSurfaceIfNeeded mBlastBufferQueue=null isSameSurfaceControl=false
04-05 10:42:55.524 20582 20582 D BufferQueueConsumer: [](id:506600000084,api:0,p:-1,c:20582) connect: controlledByApp=false
04-05 10:42:55.524 20582 20582 I BLASTBufferQueue: new BLASTBufferQueue, mName= ViewRootImpl@9860cf8[Toast] mNativeObject= 0xb40000775e703800 sc.mNativeObject= 0xb40000778a3c8e20 caller= android.view.ViewRootImpl.updateBlastSurfaceIfNeeded:2909 android.view.ViewRootImpl.relayoutWindow:9847 android.view.ViewRootImpl.performTraversals:3884 android.view.ViewRootImpl.doTraversal:3116 android.view.ViewRootImpl$TraversalRunnable.run:10885 android.view.Choreographer$CallbackRecord.run:1301 android.view.Choreographer$CallbackRecord.run:1309 android.view.Choreographer.doCallbacks:923 android.view.Choreographer.doFrame:852 android.view.Choreographer$FrameDisplayEventReceiver.run:1283 
04-05 10:42:55.524 20582 20582 I BLASTBufferQueue: update, w= 517 h= 129 mName = ViewRootImpl@9860cf8[Toast] mNativeObject= 0xb40000775e703800 sc.mNativeObject= 0xb40000778a3c8e20 format= -3 caller= android.graphics.BLASTBufferQueue.<init>:84 android.view.ViewRootImpl.updateBlastSurfaceIfNeeded:2909 android.view.ViewRootImpl.relayoutWindow:9847 android.view.ViewRootImpl.performTraversals:3884 android.view.ViewRootImpl.doTraversal:3116 android.view.ViewRootImpl$TraversalRunnable.run:10885 
04-05 10:42:55.525 20582 20582 I ViewRootImpl@9860cf8[Toast]: Relayout returned: old=(0,58,720,1510) new=(109,1388,610,1501) req=(501,113)0 dur=9 res=0x3 s={true 0xb4000077b9bbe000} ch=true seqId=0
04-05 10:42:55.525 20582 20582 I ViewRootImpl@9860cf8[Toast]: mThreadedRenderer.initialize() mSurface={isValid=true 0xb4000077b9bbe000} hwInitialized=true
04-05 10:42:55.526 20582 20611 D OpenGLRenderer: eglCreateWindowSurface
04-05 10:42:55.526 20582 20582 I ViewRootImpl@9860cf8[Toast]: reportNextDraw android.view.ViewRootImpl.performTraversals:4438 android.view.ViewRootImpl.doTraversal:3116 android.view.ViewRootImpl$TraversalRunnable.run:10885 android.view.Choreographer$CallbackRecord.run:1301 android.view.Choreographer$CallbackRecord.run:1309 
04-05 10:42:55.526 20582 20582 I ViewRootImpl@9860cf8[Toast]: Setup new sync id=0
04-05 10:42:55.526 20582 20582 I ViewRootImpl@9860cf8[Toast]: Setting syncFrameCallback
04-05 10:42:55.526 20582 20582 I ViewRootImpl@9860cf8[Toast]: registerCallbacksForSync syncBuffer=false
04-05 10:42:55.527 20582 20678 I ViewRootImpl@9860cf8[Toast]: Received frameDrawingCallback syncResult=0 frameNum=1.
04-05 10:42:55.527 20582 20678 I ViewRootImpl@9860cf8[Toast]: Setting up sync and frameCommitCallback
04-05 10:42:55.531 20582 20611 I BLASTBufferQueue: [ViewRootImpl@9860cf8[Toast]#113](f:0,a:0) onFrameAvailable the first frame is available
04-05 10:42:55.531 20582 20611 I BLASTBufferQueue: [ViewRootImpl@9860cf8[Toast]#113](f:0,a:1) acquireNextBufferLocked size=517x129 mFrameNumber=1 applyTransaction=true mTimestamp=1087840430043532(auto) mPendingTransactions.size=0 graphicBufferId=88399017011207 transform=0
04-05 10:42:55.531 20582 20611 I ViewRootImpl@9860cf8[Toast]: Received frameCommittedCallback lastAttemptedDrawFrameNum=1 didProduceBuffer=true
04-05 10:42:55.532 20582 20611 D OpenGLRenderer: CFMS:: SetUp Pid : 20582    Tid : 20611
04-05 10:42:55.533 20582 20611 W Parcel  : Expecting binder but got null!
04-05 10:42:55.533 20582 20582 I ViewRootImpl@9860cf8[Toast]: onSyncComplete
04-05 10:42:55.533 20582 20582 I ViewRootImpl@9860cf8[Toast]: setupSync seqId=0 mSyncId=0 fn=1 caller=android.view.ViewRootImpl$$ExternalSyntheticLambda11.accept:6 android.window.SurfaceSyncer.lambda$setupSync$1$android-window-SurfaceSyncer:128 android.window.SurfaceSyncer$$ExternalSyntheticLambda1.accept:8 android.window.SurfaceSyncer$SyncSet.checkIfSyncIsComplete:382 android.window.SurfaceSyncer$SyncSet.markSyncReady:359 android.window.SurfaceSyncer.markSyncReady:151 android.view.ViewRootImpl.performTraversals:4503 
04-05 10:42:55.533 20582 20582 I ViewRootImpl@9860cf8[Toast]: reportDrawFinished seqId=0 mSyncId=-1 fn=1 mSurfaceChangedTransaction=0xb4000077d559b100
04-05 10:42:55.710 20582 28615 D PluginManager: Downloading plugin: https://raw.githubusercontent.com/byimam2nd/oce/builds/Donghuastream.cs3 to /data/user/0/com.lagradost.cloudstream3/files/Extensions/httpsraw.githubusercontent.combyimam2ndcloudstream-ekstensionrefsheadsmasterrepo.json.-1427536412/Donghuastream.-2140266928.cs3
04-05 10:42:55.710 20582 28618 D PluginManager: Downloading plugin: https://raw.githubusercontent.com/byimam2nd/oce/builds/LayarKaca21.cs3 to /data/user/0/com.lagradost.cloudstream3/files/Extensions/httpsraw.githubusercontent.combyimam2ndcloudstream-ekstensionrefsheadsmasterrepo.json.-1427536412/LayarKaca21.1214945928.cs3
04-05 10:42:55.710 20582 28614 D PluginManager: Downloading plugin: https://raw.githubusercontent.com/byimam2nd/oce/builds/Pencurimovie.cs3 to /data/user/0/com.lagradost.cloudstream3/files/Extensions/httpsraw.githubusercontent.combyimam2ndcloudstream-ekstensionrefsheadsmasterrepo.json.-1427536412/Pencurimovie.898939342.cs3
04-05 10:42:55.710 20582 26829 D PluginManager: Downloading plugin: https://raw.githubusercontent.com/byimam2nd/oce/builds/Idlix.cs3 to /data/user/0/com.lagradost.cloudstream3/files/Extensions/httpsraw.githubusercontent.combyimam2ndcloudstream-ekstensionrefsheadsmasterrepo.json.-1427536412/Idlix.70503296.cs3
04-05 10:42:55.710 20582 26742 D PluginManager: Downloading plugin: https://raw.githubusercontent.com/byimam2nd/oce/builds/Animasu.cs3 to /data/user/0/com.lagradost.cloudstream3/files/Extensions/httpsraw.githubusercontent.combyimam2ndcloudstream-ekstensionrefsheadsmasterrepo.json.-1427536412/Animasu.807717554.cs3
04-05 10:42:55.711 20582 24367 D PluginManager: Downloading plugin: https://raw.githubusercontent.com/byimam2nd/oce/builds/Funmovieslix.cs3 to /data/user/0/com.lagradost.cloudstream3/files/Extensions/httpsraw.githubusercontent.combyimam2ndcloudstream-ekstensionrefsheadsmasterrepo.json.-1427536412/Funmovieslix.1702794745.cs3
04-05 10:42:55.711 20582 24364 D PluginManager: Downloading plugin: https://raw.githubusercontent.com/byimam2nd/oce/builds/Anichin.cs3 to /data/user/0/com.lagradost.cloudstream3/files/Extensions/httpsraw.githubusercontent.combyimam2ndcloudstream-ekstensionrefsheadsmasterrepo.json.-1427536412/Anichin.807426054.cs3
04-05 10:42:55.711 20582 19832 D PluginManager: Downloading plugin: https://raw.githubusercontent.com/byimam2nd/oce/builds/Samehadaku.cs3 to /data/user/0/com.lagradost.cloudstream3/files/Extensions/httpsraw.githubusercontent.combyimam2ndcloudstream-ekstensionrefsheadsmasterrepo.json.-1427536412/Samehadaku.846270246.cs3
04-05 10:42:55.779 20582 24367 I PluginManager: Unloading plugin: /data/user/0/com.lagradost.cloudstream3/files/Extensions/httpsraw.githubusercontent.combyimam2ndcloudstream-ekstensionrefsheadsmasterrepo.json.-1427536412/LayarKaca21.1214945928.cs3
04-05 10:42:55.779 20582 24367 I PluginManager: Loading plugin: PluginData(internalName=LayarKaca21, url=https://raw.githubusercontent.com/byimam2nd/oce/builds/LayarKaca21.cs3, isOnline=true, filePath=/data/user/0/com.lagradost.cloudstream3/files/Extensions/httpsraw.githubusercontent.combyimam2ndcloudstream-ekstensionrefsheadsmasterrepo.json.-1427536412/LayarKaca21.1214945928.cs3, version=-2147483648)
04-05 10:42:55.791 20582 24367 I PluginInstance: Adding LayarKaca (https://lk21.de) MainAPI
04-05 10:42:55.796 20582 24367 I PluginInstance: Adding Do7go (https://do7go.com) ExtractorApi
04-05 10:42:55.796 20582 24367 I PluginInstance: Adding DHC Play (https://dhcplay.com) ExtractorApi
04-05 10:42:55.796 20582 24367 I PluginInstance: Adding Hglink (https://hglink.to) ExtractorApi
04-05 10:42:55.796 20582 24367 I PluginInstance: Adding Ghbrisk (https://ghbrisk.com) ExtractorApi
04-05 10:42:55.796 20582 24367 I PluginInstance: Adding Movearnpre (https://movearnpre.com) ExtractorApi
04-05 10:42:55.796 20582 24367 I PluginInstance: Adding Minochinos (https://minochinos.com) ExtractorApi
04-05 10:42:55.796 20582 24367 I PluginInstance: Adding Mivalyo (https://mivalyo.com) ExtractorApi
04-05 10:42:55.796 20582 24367 I PluginInstance: Adding Ryderjet (https://ryderjet.com) ExtractorApi
04-05 10:42:55.796 20582 24367 I PluginInstance: Adding Bingezove (https://bingezove.com) ExtractorApi
04-05 10:42:55.796 20582 24367 I PluginInstance: Adding Dingtezuni (https://dingtezuni.com) ExtractorApi
04-05 10:42:55.796 20582 24367 I PluginInstance: Adding Dhtpre (https://dhtpre.com) ExtractorApi
04-05 10:42:55.796 20582 24367 I PluginInstance: Adding Listeamed (https://listeamed.net) ExtractorApi
04-05 10:42:55.796 20582 24367 I PluginInstance: Adding Streamcasthub (https://live.streamcasthub.store) ExtractorApi
04-05 10:42:55.796 20582 24367 I PluginInstance: Adding Dm21embed (https://dm21.embed4me.vip) ExtractorApi
04-05 10:42:55.796 20582 24367 I PluginInstance: Adding Dm21upns (https://dm21.upns.live) ExtractorApi
04-05 10:42:55.796 20582 24367 I PluginInstance: Adding Pm21p2p (https://pm21.p2pplay.pro) ExtractorApi
04-05 10:42:55.796 20582 24367 I PluginInstance: Adding Dm21 (https://dm21.embed4me.vip) ExtractorApi
04-05 10:42:55.796 20582 24367 I PluginInstance: Adding Meplayer (https://video.4meplayer.com) ExtractorApi
04-05 10:42:55.796 20582 24367 I PluginInstance: Adding Fufaupns (https://fufafilm.upns.pro) ExtractorApi
04-05 10:42:55.796 20582 24367 I PluginInstance: Adding P2pplay (https://nf21.p2pplay.pro) ExtractorApi
04-05 10:42:55.796 20582 24367 I PluginInstance: Adding Playerngefilm21 (https://player.ngefilm21.com) ExtractorApi
04-05 10:42:55.796 20582 24367 I PluginInstance: Adding Rpmvid (https://rpmvid.com) ExtractorApi
04-05 10:42:55.796 20582 24367 I PluginInstance: Adding Voe (https://voe.sx) ExtractorApi
04-05 10:42:55.796 20582 24367 I PluginInstance: Adding Veev (https://veev.to) ExtractorApi
04-05 10:42:55.797 20582 24367 I PluginInstance: Adding Dintezuvio (https://dintezuvio.com) ExtractorApi
04-05 10:42:55.797 20582 24367 I PluginInstance: Adding Hxfile (https://hxfile.co) ExtractorApi
04-05 10:42:55.797 20582 24367 I PluginInstance: Adding Odnoklassniki (https://odnoklassniki.ru) ExtractorApi
04-05 10:42:55.797 20582 24367 I PluginInstance: Adding OkRuSSL (https://ok.ru) ExtractorApi
04-05 10:42:55.797 20582 24367 I PluginInstance: Adding OkRuHTTP (http://ok.ru) ExtractorApi
04-05 10:42:55.797 20582 24367 I PluginInstance: Adding Dailymotion (https://www.dailymotion.com) ExtractorApi
04-05 10:42:55.797 20582 24367 I PluginInstance: Adding Rumble (https://rumble.com) ExtractorApi
04-05 10:42:55.797 20582 24367 I PluginInstance: Adding StreamRuby (https://rubyvidhub.com) ExtractorApi
04-05 10:42:55.797 20582 24367 I PluginInstance: Adding svanila (https://streamruby.net) ExtractorApi
04-05 10:42:55.797 20582 24367 I PluginInstance: Adding svilla (https://streamruby.com) ExtractorApi
04-05 10:42:55.797 20582 24367 I PluginInstance: Adding Vidguard (https://vidguard.to) ExtractorApi
04-05 10:42:55.797 20582 24367 I PluginInstance: Adding Vidguard (https://bembed.net) ExtractorApi
04-05 10:42:55.797 20582 24367 I PluginInstance: Adding Vidguard (https://listeamed.net) ExtractorApi
04-05 10:42:55.797 20582 24367 I PluginInstance: Adding Vidguard (https://vgfplay.com) ExtractorApi
04-05 10:42:55.797 20582 24367 I PluginInstance: Adding Archivd (https://archivd.net) ExtractorApi
04-05 10:42:55.797 20582 24367 I PluginInstance: Adding Uservideo (https://new.uservideo.xyz) ExtractorApi
04-05 10:42:55.797 20582 24367 I PluginInstance: Adding Vidhidepro (https://vidhidepro.com) ExtractorApi
04-05 10:42:55.797 20582 24367 I PluginInstance: Adding DoodStream (https://dsvplay.com) ExtractorApi
04-05 10:42:55.797 20582 24367 I PluginInstance: Adding ArchiveOrg (https://archive.org) ExtractorApi
04-05 10:42:55.797 20582 24367 I PluginInstance: Adding Megacloud (https://megacloud.blog) ExtractorApi
04-05 10:42:55.797 20582 24367 I PluginInstance: Adding Jeniusplay (https://jeniusplay.com) ExtractorApi
04-05 10:42:55.797 20582 24367 I PluginInstance: Adding Gdriveplayer.to (https://gdriveplayer.to) ExtractorApi
04-05 10:42:55.797 20582 24367 I PluginInstance: Adding GDFlix (https://gdflix.co) ExtractorApi
04-05 10:42:55.797 20582 24367 I PluginInstance: Adding Blogger (https://www.blogger.com) ExtractorApi
04-05 10:42:55.797 20582 24367 I PluginInstance: Adding PixelDrain (https://pixeldrain.com) ExtractorApi
04-05 10:42:55.797 20582 24367 I PluginInstance: Adding Upload18 (https://www.upload18.com) ExtractorApi
04-05 10:42:55.797 20582 24367 I PluginInstance: Adding Xshotcok (https://xshotcok.com) ExtractorApi
04-05 10:42:55.797 20582 24367 I PluginInstance: Adding Co4nxtrl (https://co4nxtrl.com) ExtractorApi
04-05 10:42:55.797 20582 24367 I PluginInstance: Adding Hownetwork (https://stream.hownetwork.xyz) ExtractorApi
04-05 10:42:55.797 20582 24367 I PluginInstance: Adding Hownetwork (https://cloud.hownetwork.xyz) ExtractorApi
04-05 10:42:55.797 20582 24367 I PluginInstance: Adding Furher (https://furher.in) ExtractorApi
04-05 10:42:55.797 20582 24367 I PluginInstance: Adding Furher 2 (723qrh1p.fun) ExtractorApi
04-05 10:42:55.797 20582 24367 I PluginInstance: Adding Turbovidhls (https://turbovid.xyz) ExtractorApi
04-05 10:42:55.797 20582 24367 I PluginInstance: Adding Emturbovid (https://emturbovid.com) ExtractorApi
04-05 10:42:55.797 20582 24367 I PluginInstance: Adding VidHidePro6 (https://vidhidepro.com) ExtractorApi
04-05 10:42:55.797 20582 24367 I PluginManager: Loaded plugin LayarKaca21 successfully
04-05 10:42:55.814 20582 24367 I PluginManager: Unloading plugin: /data/user/0/com.lagradost.cloudstream3/files/Extensions/httpsraw.githubusercontent.combyimam2ndcloudstream-ekstensionrefsheadsmasterrepo.json.-1427536412/Animasu.807717554.cs3
04-05 10:42:55.814 20582 24367 I PluginManager: Loading plugin: PluginData(internalName=Animasu, url=https://raw.githubusercontent.com/byimam2nd/oce/builds/Animasu.cs3, isOnline=true, filePath=/data/user/0/com.lagradost.cloudstream3/files/Extensions/httpsraw.githubusercontent.combyimam2ndcloudstream-ekstensionrefsheadsmasterrepo.json.-1427536412/Animasu.807717554.cs3, version=-2147483648)
04-05 10:42:55.818 20582 28614 I PluginManager: Unloading plugin: /data/user/0/com.lagradost.cloudstream3/files/Extensions/httpsraw.githubusercontent.combyimam2ndcloudstream-ekstensionrefsheadsmasterrepo.json.-1427536412/Donghuastream.-2140266928.cs3
04-05 10:42:55.818 20582 28614 I PluginManager: Loading plugin: PluginData(internalName=Donghuastream, url=https://raw.githubusercontent.com/byimam2nd/oce/builds/Donghuastream.cs3, isOnline=true, filePath=/data/user/0/com.lagradost.cloudstream3/files/Extensions/httpsraw.githubusercontent.combyimam2ndcloudstream-ekstensionrefsheadsmasterrepo.json.-1427536412/Donghuastream.-2140266928.cs3, version=-2147483648)
04-05 10:42:55.820 20582 24364 I PluginManager: Unloading plugin: /data/user/0/com.lagradost.cloudstream3/files/Extensions/httpsraw.githubusercontent.combyimam2ndcloudstream-ekstensionrefsheadsmasterrepo.json.-1427536412/Samehadaku.846270246.cs3
04-05 10:42:55.820 20582 19832 I PluginManager: Unloading plugin: /data/user/0/com.lagradost.cloudstream3/files/Extensions/httpsraw.githubusercontent.combyimam2ndcloudstream-ekstensionrefsheadsmasterrepo.json.-1427536412/Idlix.70503296.cs3
04-05 10:42:55.820 20582 19832 D ApiError: -------------------------------------------------------------------
04-05 10:42:55.821 20582 19832 D ApiError: safeApiCall: null
04-05 10:42:55.821 20582 19832 D ApiError: safeApiCall: null
04-05 10:42:55.821 20582 19832 W System.err: java.util.ConcurrentModificationException
04-05 10:42:55.821 20582 19832 W System.err: 	at java.util.ArrayList$Itr.checkForComodification(ArrayList.java:1111)
04-05 10:42:55.821 20582 19832 W System.err: 	at java.util.ArrayList$Itr.next(ArrayList.java:1064)
