04-13 14:57:07.348 31486 31507 D OpenGLRenderer: setSurface called with nullptr
04-13 14:57:07.349 31486 31492 D InputTransport: Input channel destroyed: 'ClientS', fd=158
04-13 14:57:07.349 31486 31507 D OpenGLRenderer: setSurface called with nullptr
04-13 14:57:07.350 31486 31507 D OpenGLRenderer: setSurface called with nullptr
04-13 14:57:07.360 31486 31507 D OpenGLRenderer: setSurface called with nullptr
04-13 14:57:07.360 31486 31492 D InputTransport: Input channel destroyed: 'ClientS', fd=141
04-13 14:57:07.360 31486 31507 D OpenGLRenderer: setSurface called with nullptr
04-13 14:57:07.360 31486 31492 D InputTransport: Input channel destroyed: 'ClientS', fd=133
04-13 14:57:07.361 31486 31507 D OpenGLRenderer: setSurface called with nullptr
04-13 14:57:07.361 31486 31493 W System  : A resource failed to call ZipFile.close. 
04-13 14:57:07.361 31486 31493 W System  : A resource failed to call ZipFile.close. 
04-13 14:57:07.361 31486 31493 W System  : A resource failed to call ZipFile.close. 
04-13 14:57:07.361 31486 31493 W System  : A resource failed to call ZipFile.close. 
04-13 14:57:07.361 31486 31493 W System  : A resource failed to call ZipFile.close. 
04-13 14:57:07.361 31486 31493 W System  : A resource failed to call ZipFile.close. 
04-13 14:57:07.361 31486 31493 W System  : A resource failed to call ZipFile.close. 
04-13 14:57:07.361 31486 31493 W System  : A resource failed to call ZipFile.close. 
04-13 14:57:07.361 31486 31493 W System  : A resource failed to call ZipFile.close. 
04-13 14:57:07.361 31486 31493 W System  : A resource failed to call ZipFile.close. 
04-13 14:57:07.361 31486 31493 W System  : A resource failed to call ZipFile.close. 
04-13 14:57:07.362 31486 31493 W System  : A resource failed to call ZipFile.close. 
04-13 14:57:07.362 31486 31493 W System  : A resource failed to call ZipFile.close. 
04-13 14:57:07.362 31486 31493 W System  : A resource failed to call ZipFile.close. 
04-13 14:57:07.362 31486 31493 W System  : A resource failed to call ZipFile.close. 
04-13 14:57:07.362 31486 31493 W System  : A resource failed to call ZipFile.close. 
04-13 14:57:07.362 31486 31493 W System  : A resource failed to call ZipFile.close. 
04-13 14:57:07.362 31486 31493 W System  : A resource failed to call ZipFile.close. 
04-13 14:57:07.362 31486 31493 W System  : A resource failed to call ZipFile.close. 
04-13 14:57:07.363 31486 31493 W System  : A resource failed to call ZipFile.close. 
04-13 14:57:07.363 31486 31493 W System  : A resource failed to call ZipFile.close. 
04-13 14:57:07.363 31486 31493 W System  : A resource failed to call ZipFile.close. 
04-13 14:57:07.363 31486 31493 W System  : A resource failed to call ZipFile.close. 
04-13 14:57:07.380 31486 31493 W System  : A resource failed to call close. 
04-13 14:57:07.381 31486 31493 W System  : A resource failed to call close. 
04-13 14:57:07.381 31486 31493 W System  : A resource failed to call close. 
04-13 14:57:07.381 31486 31493 W System  : A resource failed to call close. 
04-13 14:57:07.381 31486 31493 W System  : A resource failed to call close. 
04-13 14:57:07.381 31486 31493 W System  : A resource failed to call close. 
04-13 14:57:07.381 31486 31493 W System  : A resource failed to call close. 
04-13 14:57:07.381 31486 31493 W System  : A resource failed to call close. 
04-13 14:57:07.381 31486 31493 W System  : A resource failed to call close. 
04-13 14:57:07.381 31486 31493 W System  : A resource failed to call close. 
04-13 14:57:07.381 31486 31493 W System  : A resource failed to call close. 
04-13 14:57:07.381 31486 31493 W System  : A resource failed to call close. 
04-13 14:57:07.381 31486 31493 W System  : A resource failed to call close. 
04-13 14:57:07.382 31486 31493 W System  : A resource failed to call close. 
04-13 14:57:07.382 31486 31493 W System  : A resource failed to call close. 
04-13 14:57:07.382 31486 31493 W System  : A resource failed to call close. 
04-13 14:57:07.390 31486 31493 W System  : A resource failed to call close. 
04-13 14:57:07.390 31486 31493 W System  : A resource failed to call close. 
04-13 14:57:07.391 31486 31493 W System  : A resource failed to call close. 
04-13 14:57:07.394 31486 31493 W System  : A resource failed to call close. 
04-13 14:57:07.394 31486 31493 W System  : A resource failed to call close. 
04-13 14:57:07.394 31486 31493 W System  : A resource failed to call close. 
04-13 14:57:07.394 31486 31493 W System  : A resource failed to call close. 
04-13 14:57:07.395 31486 31493 W System  : A resource failed to call close. 
04-13 14:57:07.395 31486 31493 W System  : A resource failed to call close. 
04-13 14:57:07.396 31486 31493 W System  : A resource failed to call close. 
04-13 14:57:07.396 31486 31493 W System  : A resource failed to call close. 
04-13 14:57:07.396 31486 31493 W System  : A resource failed to call close. 
04-13 14:57:07.397 31486 31493 W System  : A resource failed to call close. 
04-13 14:57:07.397 31486 31493 W System  : A resource failed to call close. 
04-13 14:57:07.397 31486 31493 W System  : A resource failed to call close. 
04-13 14:57:07.397 31486 31493 W System  : A resource failed to call close. 
04-13 14:57:08.482 31486 31486 I ViewRootImpl@a2f93a6[MainActivity]: ViewPostIme pointer 0
04-13 14:57:08.572 31486 31486 I ViewRootImpl@a2f93a6[MainActivity]: ViewPostIme pointer 1
04-13 14:57:08.574 31486 31486 I Dialog  : mIsDeviceDefault = false, mIsSamsungBasicInteraction = false, isMetaDataInActivity = false
04-13 14:57:08.610 31486 31486 I DecorView: [INFO] isPopOver=false config=false
04-13 14:57:08.610 31486 31486 I DecorView: updateCaptionType: isFloating=false isApplication=true hasWindowDecorCaption=false this=DecorView@8659f45[]
04-13 14:57:08.610 31486 31486 D DecorView: setCaptionType = 0, this = DecorView@8659f45[]
04-13 14:57:08.611 31486 31486 I DecorView: getCurrentDensityDpi: from app context. densityDpi=300 msg=resources_loaded
04-13 14:57:08.611 31486 31486 I DecorView: setWindowBackground: isPopOver=false color=0 d=android.graphics.drawable.ColorDrawable@b03ebcb
04-13 14:57:08.616 31486 31507 D NativeCustomFrequencyManager: [NativeCFMS] BpCustomFrequencyManager::BpCustomFrequencyManager()
04-13 14:57:08.624 31486 31486 I DecorView: notifyKeepScreenOnChanged: keepScreenOn=false
04-13 14:57:08.633 31486 31486 D InsetsController: onStateChanged: InsetsState: {mDisplayFrame=Rect(0, 0 - 720, 1600), mDisplayCutout=DisplayCutout{insets=Rect(0, 58 - 0, 0) waterfall=Insets{left=0, top=0, right=0, bottom=0} boundingRect={Bounds=[Rect(0, 0 - 0, 0), Rect(298, 0 - 422, 58), Rect(0, 0 - 0, 0), Rect(0, 0 - 0, 0)]} cutoutPathParserInfo={CutoutPathParserInfo{displayWidth=720 displayHeight=1600 physicalDisplayWidth=720 physicalDisplayHeight=1600 density={1.875} cutoutSpec={M62.05,0l-2.7,0l-2.7,0l-1.4,0.1L53.95,0.2l-1.3,0.2l-1.3,0.2L49.95,0.9l-1.3,0.4l-1.3,0.5l-1.2,0.6L44.95,3 l-1.1,0.7l-1,0.8l-1,0.9l-0.9,1l-0.8,1l-0.7,1.1l-0.7,1.2l-0.6,1.2l-0.5,1.3l-0.4,1.3l-0.4,1.3l-0.5,2.3l-0.4,2.3l-0.4,2.3L34.95,23.9 l-0.6,2.3l-0.7,2.2l-0.4,1.1L32.95,30.6l-0.5,1.1L31.95,32.7c-3.5,7.2-9.3,13.1-16.6,16.6c-17.7,8.5-38.9,1.1-47.4-16.6l-0.5-1.1 l-0.5-1.1l-0.4-1.1l-0.4-1.1l-0.7-2.2l-0.6-2.3l-0.5-2.3l-0.4-2.3l-0.4-2.3l-0.5-2.3l-0.4-1.3l-0.4-1.3L-38.15,11l-0.6-1.2l-0.7-1.2 L-40.05,7.5l-0.8-1l-0.9-1l-1-0.9l-1-0.8L-44.95,3l-1.2-0.6l-1.2-0.6l-1.3-0.5l-1.3-0.4l-1.3-0.3L-52.55,0.4L-53.95,0.2L-55.25,0.1L-56.65,0L-59.35,0 L-62.05,0Z} rotation={0} scale={1.0} physicalPixelDisplaySizeRatio={1.0}}}}, mRoundedCorners=RoundedCorners{[RoundedCorner{position=TopLeft, radius=60, center=Point(60, 60)}, RoundedCorner{position=TopRight, radius=60, center=Point(660, 60)}, RoundedCorner{position=BottomRight, radius=60, center=Point(660, 1540)}, RoundedCorner{position=BottomLeft, radius=60, center=Point(60, 1540)}]}  mRoundedCornerFrame=Rect(0, 0 - 720, 1600), mPrivacyIndicatorBounds=PrivacyIndicatorBounds {static bounds=Rect(637, 0 - 720, 58) rotation=0}, mSources= { InsetsSource: {mType=ITYPE_STATUS_BAR, mFrame=[0,0][720,58], mVisible=true, mInsetsRoundedCornerFrame=false}, InsetsSource: {mType=ITYPE_NAVIGATION_BAR, mFrame=[0,1510][720,1600], mVisible=true, mInsetsRoundedCornerFrame=false}, InsetsSource: {mType=ITYPE_LEFT_GESTURES, mFrame=[0,0][0,1600], mVisible=true, mInsetsRoundedCornerFrame=false}, InsetsSource: {mType=ITYPE_RIGHT_GESTURES, mFrame=[720,0][720,1600], mVisible=true, mInsetsRoundedCornerFrame=false}, InsetsSource: {mType=ITYPE_TOP_MANDATORY_GESTURES, mFrame=[0,0][720,81], mVisible=true, mInsetsRoundedCornerFrame=false}, InsetsSource: {mType=ITYPE_BOTTOM_MANDATORY_GESTURES, mFrame=[0,1510][720,1600], mVisible=true, mInsetsRoundedCornerFrame=false}, InsetsSource: {mType=ITYPE_LEFT_DISPLAY_CUTOUT, mFrame=[0,0][-100000,1600], mVisible=true, mInsetsRoundedCornerFrame=false}, InsetsSource: {mType=ITYPE_TOP_DISPLAY_CUTOUT, mFrame=[0,0][720,58], mVisible=true, mInsetsRoundedCornerFrame=false}, InsetsSource: {mType=ITYPE_RIGHT_DISPLAY_CUTOUT, mFrame=[100000,0][720,1600], mVisible=true, mInsetsRoundedCornerFrame=false}, InsetsSource: {mType=ITYPE_BOTTOM_DISPLAY_CUTOUT, mFrame=[0,100000][720,1600], mVisible=true, mInsetsRoundedCornerFrame=false}, InsetsSource: {mType=ITYPE_TOP_TAPPABLE_ELEMENT, mFrame=[0,0][720,58], mVisible=true, mInsetsRoundedCornerFrame=false}, InsetsSource: {mType=ITYPE_BOTTOM_TAPPABLE_ELEMENT, mFrame=[0,1510][720,1600], mVisible=true, mInsetsRoundedCornerFrame=false}, InsetsSource: {mType=ITYPE_IME, mFrame=[0,0][0,0], mVisible=false, mInsetsRoundedCornerFrame=false} } host=com.lagradost.cloudstream3/com.lagradost.cloudstream3.MainActivity from=android.view.ViewRootImpl.setView:1732
04-13 14:57:08.634 31486 31486 I ViewRootImpl@313f69f[MainActivity]: setView = com.android.internal.policy.DecorView@8659f45 TM=true
04-13 14:57:08.660 31486 31486 W OnBackInvokedCallback: OnBackInvokedCallback is not enabled for the application.
04-13 14:57:08.660 31486 31486 W OnBackInvokedCallback: Set 'android:enableOnBackInvokedCallback="true"' in the application manifest.
04-13 14:57:08.669 31486 31486 I ViewRootImpl@313f69f[MainActivity]: performTraversals params={(0,0)(fillxfill) gr=CENTER sim={adjust=resize forwardNavigation} ty=APPLICATION fmt=TRANSPARENT wanim=0x7f15000b
04-13 14:57:08.669 31486 31486 I ViewRootImpl@313f69f[MainActivity]:   fl=85810100
04-13 14:57:08.669 31486 31486 I ViewRootImpl@313f69f[MainActivity]:   pfl=12020040
04-13 14:57:08.669 31486 31486 I ViewRootImpl@313f69f[MainActivity]:   vsysui=500
04-13 14:57:08.669 31486 31486 I ViewRootImpl@313f69f[MainActivity]:   bhv=DEFAULT
04-13 14:57:08.669 31486 31486 I ViewRootImpl@313f69f[MainActivity]:   fitSides= naviIconColor=0}
04-13 14:57:08.670 31486 31486 I ViewRootImpl@313f69f[MainActivity]: performTraversals mFirst=true windowShouldResize=true viewVisibilityChanged=false mForceNextWindowRelayout=false params={(0,0)(fillxfill) gr=CENTER sim={adjust=resize forwardNavigation} ty=APPLICATION fmt=TRANSPARENT wanim=0x7f15000b
04-13 14:57:08.670 31486 31486 I ViewRootImpl@313f69f[MainActivity]:   fl=85810100
04-13 14:57:08.670 31486 31486 I ViewRootImpl@313f69f[MainActivity]:   pfl=12020040
04-13 14:57:08.670 31486 31486 I ViewRootImpl@313f69f[MainActivity]:   vsysui=500
04-13 14:57:08.670 31486 31486 I ViewRootImpl@313f69f[MainActivity]:   bhv=DEFAULT
04-13 14:57:08.670 31486 31486 I ViewRootImpl@313f69f[MainActivity]:   fitSides= naviIconColor=0}
04-13 14:57:08.676 31486 31486 I ViewRootImpl@313f69f[MainActivity]: updateBlastSurfaceIfNeeded mBlastBufferQueue=null isSameSurfaceControl=false
04-13 14:57:08.676 31486 31486 D BufferQueueConsumer: [](id:7afe00000024,api:0,p:-1,c:31486) connect: controlledByApp=false
04-13 14:57:08.677 31486 31486 I BLASTBufferQueue: new BLASTBufferQueue, mName= ViewRootImpl@313f69f[MainActivity] mNativeObject= 0xb40000778a236500 sc.mNativeObject= 0xb4000077d4ec78c0 caller= android.view.ViewRootImpl.updateBlastSurfaceIfNeeded:2909 android.view.ViewRootImpl.relayoutWindow:9847 android.view.ViewRootImpl.performTraversals:3884 android.view.ViewRootImpl.doTraversal:3116 android.view.ViewRootImpl$TraversalRunnable.run:10885 android.view.Choreographer$CallbackRecord.run:1301 android.view.Choreographer$CallbackRecord.run:1309 android.view.Choreographer.doCallbacks:923 android.view.Choreographer.doFrame:852 android.view.Choreographer$FrameDisplayEventReceiver.run:1283 
04-13 14:57:08.677 31486 31486 I BLASTBufferQueue: update, w= 720 h= 1600 mName = ViewRootImpl@313f69f[MainActivity] mNativeObject= 0xb40000778a236500 sc.mNativeObject= 0xb4000077d4ec78c0 format= -2 caller= android.graphics.BLASTBufferQueue.<init>:84 android.view.ViewRootImpl.updateBlastSurfaceIfNeeded:2909 android.view.ViewRootImpl.relayoutWindow:9847 android.view.ViewRootImpl.performTraversals:3884 android.view.ViewRootImpl.doTraversal:3116 android.view.ViewRootImpl$TraversalRunnable.run:10885 
04-13 14:57:08.677 31486 31486 I ViewRootImpl@313f69f[MainActivity]: Relayout returned: old=(0,0,720,1600) new=(0,0,720,1600) req=(720,1600)0 dur=6 res=0x3 s={true 0xb4000077a5d14000} ch=true seqId=0
04-13 14:57:08.678 31486 31486 I ViewRootImpl@313f69f[MainActivity]: mThreadedRenderer.initialize() mSurface={isValid=true 0xb4000077a5d14000} hwInitialized=true
04-13 14:57:08.678 31486 31507 D OpenGLRenderer: eglCreateWindowSurface
04-13 14:57:08.704 31486 31486 D AbsListView:  in onLayout changed 
04-13 14:57:08.705 31486 31486 I ViewRootImpl@313f69f[MainActivity]: reportNextDraw android.view.ViewRootImpl.performTraversals:4438 android.view.ViewRootImpl.doTraversal:3116 android.view.ViewRootImpl$TraversalRunnable.run:10885 android.view.Choreographer$CallbackRecord.run:1301 android.view.Choreographer$CallbackRecord.run:1309 
04-13 14:57:08.705 31486 31486 I ViewRootImpl@313f69f[MainActivity]: Setup new sync id=0
04-13 14:57:08.705 31486 31486 I ViewRootImpl@313f69f[MainActivity]: Setting syncFrameCallback
04-13 14:57:08.705 31486 31486 I ViewRootImpl@313f69f[MainActivity]: registerCallbacksForSync syncBuffer=false
04-13 14:57:08.713 31486 31568 I ViewRootImpl@313f69f[MainActivity]: Received frameDrawingCallback syncResult=0 frameNum=1.
04-13 14:57:08.713 31486 31568 I ViewRootImpl@313f69f[MainActivity]: Setting up sync and frameCommitCallback
04-13 14:57:08.722 31486 31507 I BLASTBufferQueue: [ViewRootImpl@313f69f[MainActivity]#36](f:0,a:0) onFrameAvailable the first frame is available
04-13 14:57:08.722 31486 31507 I BLASTBufferQueue: [ViewRootImpl@313f69f[MainActivity]#36](f:0,a:1) acquireNextBufferLocked size=720x1600 mFrameNumber=1 applyTransaction=true mTimestamp=1482378489973510(auto) mPendingTransactions.size=0 graphicBufferId=135231340282077 transform=0
04-13 14:57:08.722 31486 31507 I ViewRootImpl@313f69f[MainActivity]: Received frameCommittedCallback lastAttemptedDrawFrameNum=1 didProduceBuffer=true
04-13 14:57:08.723 31486 31507 D OpenGLRenderer: CFMS:: SetUp Pid : 31486    Tid : 31507
04-13 14:57:08.723 31486 31507 W Parcel  : Expecting binder but got null!
04-13 14:57:08.724 31486 31486 I ViewRootImpl@313f69f[MainActivity]: onSyncComplete
04-13 14:57:08.724 31486 31486 I ViewRootImpl@313f69f[MainActivity]: setupSync seqId=0 mSyncId=0 fn=1 caller=android.view.ViewRootImpl$$ExternalSyntheticLambda11.accept:6 android.window.SurfaceSyncer.lambda$setupSync$1$android-window-SurfaceSyncer:128 android.window.SurfaceSyncer$$ExternalSyntheticLambda1.accept:8 android.window.SurfaceSyncer$SyncSet.checkIfSyncIsComplete:382 android.window.SurfaceSyncer$SyncSet.markSyncReady:359 android.window.SurfaceSyncer.markSyncReady:151 android.view.ViewRootImpl.performTraversals:4503 
04-13 14:57:08.733 31486 31486 I ViewRootImpl@313f69f[MainActivity]: reportDrawFinished seqId=0 mSyncId=-1 fn=1 mSurfaceChangedTransaction=0xb4000077a5e95f00
04-13 14:57:08.744 31486 31486 I ViewRootImpl@a2f93a6[MainActivity]: MSG_WINDOW_FOCUS_CHANGED 0 0
04-13 14:57:08.781 31486 31486 I ViewRootImpl@313f69f[MainActivity]: MSG_WINDOW_FOCUS_CHANGED 1 0
04-13 14:57:08.781 31486 31486 I ViewRootImpl@313f69f[MainActivity]: mThreadedRenderer.initializeIfNeeded()#2 mSurface={isValid=true 0xb4000077a5d14000}
04-13 14:57:08.782 31486 31486 D InputMethodManager: startInputInner - Id : 0
04-13 14:57:08.782 31486 31486 I InputMethodManager: startInputInner - mService.startInputOrWindowGainedFocus
04-13 14:57:09.053 31486 31507 D OpenGLRenderer: setSurface called with nullptr
04-13 14:57:09.053 31486 31507 D OpenGLRenderer: setSurface() destroyed EGLSurface
04-13 14:57:09.053 31486 31507 D OpenGLRenderer: destroyEglSurface
04-13 14:57:09.055 31486 31486 I ViewRootImpl@4310874[Toast]: dispatchDetachedFromWindow
04-13 14:57:09.055 31486 31486 I BLASTBufferQueue: [ViewRootImpl@4310874[Toast]#35](f:0,a:1) destructor()
04-13 14:57:09.055 31486 31486 D BufferQueueConsumer: [ViewRootImpl@4310874[Toast]#35(BLAST Consumer)35](id:7afe00000023,api:0,p:-1,c:31486) disconnect
04-13 14:57:09.059 31486 31486 D InputTransport: Input channel destroyed: '4f94013', fd=478
04-13 14:57:09.528 31486 31486 I ViewRootImpl@313f69f[MainActivity]: ViewPostIme pointer 0
04-13 14:57:09.602 31486 31486 I ViewRootImpl@313f69f[MainActivity]: ViewPostIme pointer 1
04-13 14:57:09.602 31486 31486 D AbsListView: onTouchUp() mTouchMode : 0
04-13 14:57:09.668 31486 31486 I MSHandlerLifeCycle: removeMultiSplitHandler: no exist. decor=DecorView@8659f45[MainActivity]
04-13 14:57:09.669 31486 31507 D OpenGLRenderer: setSurface called with nullptr
04-13 14:57:09.669 31486 31507 D OpenGLRenderer: setSurface() destroyed EGLSurface
04-13 14:57:09.669 31486 31507 D OpenGLRenderer: destroyEglSurface
04-13 14:57:09.672 31486 31507 D OpenGLRenderer: endAllActiveAnimators on 0xb4000077a1d11600 (MaterialTextView) with handle 0xb400007791c0d540
04-13 14:57:09.672 31486 31486 I ViewRootImpl@313f69f[MainActivity]: dispatchDetachedFromWindow
04-13 14:57:09.681 31486 31496 I BLASTBufferQueue: [ViewRootImpl@313f69f[MainActivity]#36](f:0,a:1) destructor()
04-13 14:57:09.681 31486 31496 D BufferQueueConsumer: [ViewRootImpl@313f69f[MainActivity]#36(BLAST Consumer)36](id:7afe00000024,api:0,p:-1,c:31486) disconnect
04-13 14:57:09.684 31486 31486 D InputTransport: Input channel destroyed: '14e2329', fd=141
04-13 14:57:09.696 31486 31486 D InsetsController: onStateChanged: InsetsState: {mDisplayFrame=Rect(0, 0 - 720, 1600), mDisplayCutout=DisplayCutout{insets=Rect(0, 58 - 0, 0) waterfall=Insets{left=0, top=0, right=0, bottom=0} boundingRect={Bounds=[Rect(0, 0 - 0, 0), Rect(298, 0 - 422, 58), Rect(0, 0 - 0, 0), Rect(0, 0 - 0, 0)]} cutoutPathParserInfo={CutoutPathParserInfo{displayWidth=720 displayHeight=1600 physicalDisplayWidth=720 physicalDisplayHeight=1600 density={1.875} cutoutSpec={M62.05,0l-2.7,0l-2.7,0l-1.4,0.1L53.95,0.2l-1.3,0.2l-1.3,0.2L49.95,0.9l-1.3,0.4l-1.3,0.5l-1.2,0.6L44.95,3 l-1.1,0.7l-1,0.8l-1,0.9l-0.9,1l-0.8,1l-0.7,1.1l-0.7,1.2l-0.6,1.2l-0.5,1.3l-0.4,1.3l-0.4,1.3l-0.5,2.3l-0.4,2.3l-0.4,2.3L34.95,23.9 l-0.6,2.3l-0.7,2.2l-0.4,1.1L32.95,30.6l-0.5,1.1L31.95,32.7c-3.5,7.2-9.3,13.1-16.6,16.6c-17.7,8.5-38.9,1.1-47.4-16.6l-0.5-1.1 l-0.5-1.1l-0.4-1.1l-0.4-1.1l-0.7-2.2l-0.6-2.3l-0.5-2.3l-0.4-2.3l-0.4-2.3l-0.5-2.3l-0.4-1.3l-0.4-1.3L-38.15,11l-0.6-1.2l-0.7-1.2 L-40.05,7.5l-0.8-1l-0.9-1l-1-0.9l-1-0.8L-44.95,3l-1.2-0.6l-1.2-0.6l-1.3-0.5l-1.3-0.4l-1.3-0.3L-52.55,0.4L-53.95,0.2L-55.25,0.1L-56.65,0L-59.35,0 L-62.05,0Z} rotation={0} scale={1.0} physicalPixelDisplaySizeRatio={1.0}}}}, mRoundedCorners=RoundedCorners{[RoundedCorner{position=TopLeft, radius=60, center=Point(60, 60)}, RoundedCorner{position=TopRight, radius=60, center=Point(660, 60)}, RoundedCorner{position=BottomRight, radius=60, center=Point(660, 1540)}, RoundedCorner{position=BottomLeft, radius=60, center=Point(60, 1540)}]}  mRoundedCornerFrame=Rect(0, 0 - 720, 1600), mPrivacyIndicatorBounds=PrivacyIndicatorBounds {static bounds=Rect(637, 0 - 720, 58) rotation=0}, mSources= { InsetsSource: {mType=ITYPE_STATUS_BAR, mFrame=[0,0][720,58], mVisible=true, mInsetsRoundedCornerFrame=false}, InsetsSource: {mType=ITYPE_NAVIGATION_BAR, mFrame=[0,1510][720,1600], mVisible=true, mInsetsRoundedCornerFrame=false}, InsetsSource: {mType=ITYPE_LEFT_GESTURES, mFrame=[0,0][0,1600], mVisible=true, mInsetsRoundedCornerFrame=false}, InsetsSource: {mType=ITYPE_RIGHT_GESTURES, mFrame=[720,0][720,1600], mVisible=true, mInsetsRoundedCornerFrame=false}, InsetsSource: {mType=ITYPE_TOP_MANDATORY_GESTURES, mFrame=[0,0][720,81], mVisible=true, mInsetsRoundedCornerFrame=false}, InsetsSource: {mType=ITYPE_BOTTOM_MANDATORY_GESTURES, mFrame=[0,1510][720,1600], mVisible=true, mInsetsRoundedCornerFrame=false}, InsetsSource: {mType=ITYPE_LEFT_DISPLAY_CUTOUT, mFrame=[0,0][-100000,1600], mVisible=true, mInsetsRoundedCornerFrame=false}, InsetsSource: {mType=ITYPE_TOP_DISPLAY_CUTOUT, mFrame=[0,0][720,58], mVisible=true, mInsetsRoundedCornerFrame=false}, InsetsSource: {mType=ITYPE_RIGHT_DISPLAY_CUTOUT, mFrame=[100000,0][720,1600], mVisible=true, mInsetsRoundedCornerFrame=false}, InsetsSource: {mType=ITYPE_BOTTOM_DISPLAY_CUTOUT, mFrame=[0,100000][720,1600], mVisible=true, mInsetsRoundedCornerFrame=false}, InsetsSource: {mType=ITYPE_TOP_TAPPABLE_ELEMENT, mFrame=[0,0][720,58], mVisible=true, mInsetsRoundedCornerFrame=false}, InsetsSource: {mType=ITYPE_BOTTOM_TAPPABLE_ELEMENT, mFrame=[0,1510][720,1600], mVisible=true, mInsetsRoundedCornerFrame=false} } host=com.lagradost.cloudstream3/com.lagradost.cloudstream3.MainActivity from=android.view.ViewRootImpl$ViewRootHandler.handleMessageImpl:6740
04-13 14:57:09.712 31486 31486 I ViewRootImpl@a2f93a6[MainActivity]: MSG_WINDOW_FOCUS_CHANGED 1 0
04-13 14:57:09.712 31486 31486 I ViewRootImpl@a2f93a6[MainActivity]: mThreadedRenderer.initializeIfNeeded()#2 mSurface={isValid=true 0xb4000077c35ca800}
04-13 14:57:09.715 31486 31486 D InputMethodManager: startInputInner - Id : 0
04-13 14:57:09.715 31486 31486 I InputMethodManager: startInputInner - mService.startInputOrWindowGainedFocus
04-13 14:57:14.915 31486 31578 E OpenGLRenderer: Device claims wide gamut support, cannot find matching config, error = EGL_SUCCESS
04-13 14:57:14.915 31486 31578 W OpenGLRenderer: Failed to initialize 101010-2 format, error = EGL_SUCCESS
04-13 14:57:15.004 31486 31491 I st.cloudstream3: Background young concurrent copying GC freed 12MB AllocSpace bytes, 109(8728KB) LOS objects, 29% free, 51MB/73MB, paused 217us,97us total 185.711ms
04-13 14:57:15.006 31486 31492 D InputTransport: Input channel destroyed: 'ClientS', fd=160
04-13 14:57:15.006 31486 31492 D InputTransport: Input channel destroyed: 'ClientS', fd=158
04-13 14:57:15.007 31486 31507 D OpenGLRenderer: setSurface called with nullptr
04-13 14:57:15.772 31486 31486 I ViewRootImpl@a2f93a6[MainActivity]: ViewPostIme pointer 0
04-13 14:57:15.904 31486 31486 I ViewRootImpl@a2f93a6[MainActivity]: ViewPostIme pointer 1
04-13 14:57:16.159 31486 31486 I ViewRootImpl@a2f93a6[MainActivity]: ViewPostIme pointer 0
04-13 14:57:16.876 31486 31486 I ViewRootImpl@a2f93a6[MainActivity]: ViewPostIme pointer 1
04-13 14:57:17.390 31486 31486 I ViewRootImpl@a2f93a6[MainActivity]: ViewPostIme pointer 0
04-13 14:57:17.473 31486 31486 I ViewRootImpl@a2f93a6[MainActivity]: ViewPostIme pointer 1
04-13 14:57:17.731 31486 31486 I ViewRootImpl@a2f93a6[MainActivity]: ViewPostIme pointer 0
04-13 14:57:17.816 31486 31486 I ViewRootImpl@a2f93a6[MainActivity]: ViewPostIme pointer 1
04-13 14:57:18.067 31486 31486 I ViewRootImpl@a2f93a6[MainActivity]: ViewPostIme pointer 0
04-13 14:57:18.139 31486 31486 I ViewRootImpl@a2f93a6[MainActivity]: ViewPostIme pointer 1
04-13 14:57:18.452 31486 31486 I ViewRootImpl@a2f93a6[MainActivity]: ViewPostIme pointer 0
04-13 14:57:18.526 31486 31486 I ViewRootImpl@a2f93a6[MainActivity]: ViewPostIme pointer 1
04-13 14:57:19.860 31486 31486 I ViewRootImpl@a2f93a6[MainActivity]: ViewPostIme pointer 0
04-13 14:57:20.806 31486 31486 I ViewRootImpl@a2f93a6[MainActivity]: ViewPostIme pointer 1
04-13 14:57:21.110 31486 31486 I ViewRootImpl@a2f93a6[MainActivity]: ViewPostIme pointer 0
04-13 14:57:21.277 31486 31486 I ViewRootImpl@a2f93a6[MainActivity]: ViewPostIme pointer 1
04-13 14:57:21.749 31486 31486 I ViewRootImpl@a2f93a6[MainActivity]: ViewPostIme pointer 0
04-13 14:57:21.824 31486 31486 I ViewRootImpl@a2f93a6[MainActivity]: ViewPostIme pointer 1
04-13 14:57:22.246 31486 31486 I ViewRootImpl@a2f93a6[MainActivity]: ViewPostIme pointer 0
04-13 14:57:22.379 31486 31486 I ViewRootImpl@a2f93a6[MainActivity]: ViewPostIme pointer 1
04-13 14:57:22.893 31486 31486 I ViewRootImpl@a2f93a6[MainActivity]: ViewPostIme pointer 0
04-13 14:57:23.286 31486 31486 I ViewRootImpl@a2f93a6[MainActivity]: ViewPostIme pointer 1
04-13 14:57:23.600 31486 31486 I ViewRootImpl@a2f93a6[MainActivity]: ViewPostIme pointer 0
04-13 14:57:23.674 31486 31486 I ViewRootImpl@a2f93a6[MainActivity]: ViewPostIme pointer 1
04-13 14:57:23.681 31486 31486 I NavComponent: Navigating to fragment: 2131362305
04-13 14:57:23.682 31486 31486 I IMM_LC  : hsifw() - flag : 0
04-13 14:57:23.682 31486 31486 I IMM_LC  : hsifw() - mService.hideSoftInput
04-13 14:57:23.711 31486 31486 D ScrollView: initGoToTop
04-13 14:57:23.931 31486 31486 W Resources: Drawable com.lagradost.cloudstream3:drawable/go_forward_30 has unresolved theme attributes! Consider using Resources.getDrawable(int, Theme) or Context.getDrawable(int).
04-13 14:57:23.931 31486 31486 W Resources: java.lang.RuntimeException
04-13 14:57:23.931 31486 31486 W Resources: 	at android.content.res.Resources.getDrawable(Resources.java:967)
04-13 14:57:23.931 31486 31486 W Resources: 	at com.google.android.gms.cast.framework.media.widget.zzq.zzd(com.google.android.gms:play-services-cast-framework@@22.1.0:2)
04-13 14:57:23.931 31486 31486 W Resources: 	at com.google.android.gms.cast.framework.media.widget.zzq.zzc(com.google.android.gms:play-services-cast-framework@@22.1.0:1)
04-13 14:57:23.931 31486 31486 W Resources: 	at com.google.android.gms.cast.framework.media.widget.MiniControllerFragment.zza(com.google.android.gms:play-services-cast-framework@@22.1.0:41)
04-13 14:57:23.931 31486 31486 W Resources: 	at com.google.android.gms.cast.framework.media.widget.MiniControllerFragment.onCreateView(com.google.android.gms:play-services-cast-framework@@22.1.0:30)
04-13 14:57:23.931 31486 31486 W Resources: 	at androidx.fragment.app.Fragment.performCreateView(Fragment.java:3119)
04-13 14:57:23.931 31486 31486 W Resources: 	at androidx.fragment.app.FragmentStateManager.ensureInflatedView(FragmentStateManager.java:418)
04-13 14:57:23.931 31486 31486 W Resources: 	at androidx.fragment.app.FragmentStateManager.moveToExpectedState(FragmentStateManager.java:285)
04-13 14:57:23.931 31486 31486 W Resources: 	at androidx.fragment.app.FragmentLayoutInflaterFactory.onCreateView(FragmentLayoutInflaterFactory.java:142)
04-13 14:57:23.931 31486 31486 W Resources: 	at android.view.LayoutInflater$FactoryMerger.onCreateView(LayoutInflater.java:247)
04-13 14:57:23.931 31486 31486 W Resources: 	at android.view.LayoutInflater.tryCreateView(LayoutInflater.java:1083)
04-13 14:57:23.931 31486 31486 W Resources: 	at android.view.LayoutInflater.createViewFromTag(LayoutInflater.java:1019)
04-13 14:57:23.931 31486 31486 W Resources: 	at android.view.LayoutInflater.createViewFromTag(LayoutInflater.java:983)
04-13 14:57:23.931 31486 31486 W Resources: 	at android.view.LayoutInflater.rInflate(LayoutInflater.java:1145)
04-13 14:57:23.931 31486 31486 W Resources: 	at android.view.LayoutInflater.rInflateChildren(LayoutInflater.java:1106)
04-13 14:57:23.931 31486 31486 W Resources: 	at android.view.LayoutInflater.rInflate(LayoutInflater.java:1148)
04-13 14:57:23.931 31486 31486 W Resources: 	at android.view.LayoutInflater.rInflateChildren(LayoutInflater.java:1106)
04-13 14:57:23.931 31486 31486 W Resources: 	at android.view.LayoutInflater.rInflate(LayoutInflater.java:1148)
04-13 14:57:23.931 31486 31486 W Resources: 	at android.view.LayoutInflater.rInflateChildren(LayoutInflater.java:1106)
04-13 14:57:23.931 31486 31486 W Resources: 	at android.view.LayoutInflater.inflate(LayoutInflater.java:692)
04-13 14:57:23.931 31486 31486 W Resources: 	at android.view.LayoutInflater.inflate(LayoutInflater.java:544)
04-13 14:57:23.931 31486 31486 W Resources: 	at com.lagradost.cloudstream3.ui.player.AbstractPlayerFragment.onCreateView(AbstractPlayerFragment.kt:746)
04-13 14:57:23.931 31486 31486 W Resources: 	at com.lagradost.cloudstream3.ui.player.FullScreenPlayer.onCreateView(FullScreenPlayer.kt:218)
04-13 14:57:23.931 31486 31486 W Resources: 	at com.lagradost.cloudstream3.ui.result.ResultFragmentPhone.onCreateView(ResultFragmentPhone.kt:129)
04-13 14:57:23.931 31486 31486 W Resources: 	at androidx.fragment.app.Fragment.performCreateView(Fragment.java:3119)
04-13 14:57:23.931 31486 31486 W Resources: 	at androidx.fragment.app.FragmentStateManager.createView(FragmentStateManager.java:577)
04-13 14:57:23.931 31486 31486 W Resources: 	at androidx.fragment.app.FragmentStateManager.moveToExpectedState(FragmentStateManager.java:286)
04-13 14:57:23.931 31486 31486 W Resources: 	at androidx.fragment.app.FragmentManager.executeOpsTogether(FragmentManager.java:2214)
04-13 14:57:23.931 31486 31486 W Resources: 	at androidx.fragment.app.FragmentManager.removeRedundantOperationsAndExecute(FragmentManager.java:2115)
04-13 14:57:23.931 31486 31486 W Resources: 	at androidx.fragment.app.FragmentManager.execPendingActions(FragmentManager.java:2052)
04-13 14:57:23.931 31486 31486 W Resources: 	at androidx.fragment.app.FragmentManager$5.run(FragmentManager.java:703)
04-13 14:57:23.931 31486 31486 W Resources: 	at android.os.Handler.handleCallback(Handler.java:942)
04-13 14:57:23.931 31486 31486 W Resources: 	at android.os.Handler.dispatchMessage(Handler.java:99)
04-13 14:57:23.931 31486 31486 W Resources: 	at android.os.Looper.loopOnce(Looper.java:226)
04-13 14:57:23.931 31486 31486 W Resources: 	at android.os.Looper.loop(Looper.java:313)
04-13 14:57:23.931 31486 31486 W Resources: 	at android.app.ActivityThread.main(ActivityThread.java:8762)
04-13 14:57:23.931 31486 31486 W Resources: 	at java.lang.reflect.Method.invoke(Native Method)
04-13 14:57:23.931 31486 31486 W Resources: 	at com.android.internal.os.RuntimeInit$MethodAndArgsCaller.run(RuntimeInit.java:604)
04-13 14:57:23.931 31486 31486 W Resources: 	at com.android.internal.os.ZygoteInit.main(ZygoteInit.java:1067)
04-13 14:57:23.935 31486 31486 I SurfaceView@9a2f8e7: onWindowVisibilityChanged(0) true android.view.SurfaceView{9a2f8e7 V.E..V... ......I. 0,0-0,0} of ViewRootImpl@a2f93a6[MainActivity]
04-13 14:57:23.935 31486 31486 D SurfaceView@9a2f8e7: updateSurface: has no frame
04-13 14:57:23.939 31486 31486 I CS3ExoPlayer: SET STYLE = SaveCaptionStyle(foregroundColor=-1, backgroundColor=0, windowColor=0, edgeType=1, edgeColor=-16777216, typeface=2131296262, typefaceFilePath=null, elevation=40, fixedTextSize=14.0, edgeSize=null, removeCaptions=false, removeBloat=true, upperCase=false, bold=false, italic=false, backgroundRadius=null, alignment=null)
04-13 14:57:23.945 31486 31486 I IMM_LC  : hsifw() - flag : 0
04-13 14:57:23.945 31486 31486 I IMM_LC  : hsifw() - mService.hideSoftInput
04-13 14:57:23.947 31486 10015 I SYNCVM  : addFromUrl = https://funmovieslix.com/tron-ares-2025/
04-13 14:57:23.947 31486 31557 I RVM2    : applyMeta
04-13 14:57:23.947 31486 10015 I SYNCUTIL: getIdsFromUrl https://funmovieslix.com/tron-ares-2025/
04-13 14:57:23.956 31486 31486 I SurfaceView@9a2f8e7: onWindowVisibilityChanged(8) false android.view.SurfaceView{9a2f8e7 V.E..V... ......I. 0,0-0,0} of ViewRootImpl@a2f93a6[MainActivity]
04-13 14:57:23.956 31486 31486 D SurfaceView@9a2f8e7: updateSurface: has no frame
04-13 14:57:23.956 31486 31486 D SurfaceView@9a2f8e7: updateSurface: has no frame
04-13 14:57:23.956 31486 31486 I SurfaceView@9a2f8e7: onDetachedFromWindow: tryReleaseSurfaces()
04-13 14:57:23.956 31486 31486 I SurfaceView@9a2f8e7: releaseSurfaces: viewRoot = ViewRootImpl@a2f93a6[MainActivity]
04-13 14:57:23.956 31486 31486 I SurfaceView@9a2f8e7: applyTransactionOnVriDraw: vri = ViewRootImpl@a2f93a6[MainActivity] fRS = true t = 0xb400007791bfca00 android.view.SurfaceView.releaseSurfaces:858 android.view.SurfaceView.onDetachedFromWindow:500 android.view.View.dispatchDetachedFromWindow:22538 
04-13 14:57:23.956 31486 31486 I SurfaceView@9a2f8e7: applyTransactionOnVriDraw: viewRoot.applyTransactionOnDrawFromReleaseSurfaces
04-13 14:57:23.957 31486 31486 I ViewRootImpl@a2f93a6[MainActivity]: applyTransactionOnDraw: mRemoved = false isHardwareEnabled = true t = 0xb400007791bfca00android.view.ViewRootImpl.applyTransactionOnDrawFromReleaseSurfaces:12850 android.view.SurfaceView.applyTransactionOnVriDraw:2046 android.view.SurfaceView.releaseSurfaces:858 android.view.SurfaceView.onDetachedFromWindow:500 android.view.View.dispatchDetachedFromWindow:22538 
04-13 14:57:23.958 31486 31486 I SurfaceView@9a2f8e7: onWindowVisibilityChanged(0) true android.view.SurfaceView{9a2f8e7 V.E..V... ......I. 0,0-0,0} of ViewRootImpl@a2f93a6[MainActivity]
04-13 14:57:23.958 31486 31486 D SurfaceView@9a2f8e7: updateSurface: has no frame
04-13 14:57:23.960 31486 31486 I DecorView: notifyKeepScreenOnChanged: keepScreenOn=false
04-13 14:57:23.965 31486 31486 I CS3ExoPlayer: reloadPlayer
04-13 14:57:23.965 31486 31486 I CS3ExoPlayer: releasePlayer
04-13 14:57:23.965 31486 31486 I CS3ExoPlayer: Handle event: PlayerAttachedEvent(player=null, source=Player)
04-13 14:57:23.968 31486 31486 I ViewRootImpl@a2f93a6[MainActivity]: performTraversals params={(0,0)(fillxfill) sim={state=always_hidden adjust=resize} ty=BASE_APPLICATION wanim=0x1030309
04-13 14:57:23.968 31486 31486 I ViewRootImpl@a2f93a6[MainActivity]:   fl=85810100
04-13 14:57:23.968 31486 31486 I ViewRootImpl@a2f93a6[MainActivity]:   pfl=12020040
04-13 14:57:23.968 31486 31486 I ViewRootImpl@a2f93a6[MainActivity]:   vsysui=1500
04-13 14:57:23.968 31486 31486 I ViewRootImpl@a2f93a6[MainActivity]:   bhv=SHOW_TRANSIENT_BARS_BY_SWIPE
04-13 14:57:23.968 31486 31486 I ViewRootImpl@a2f93a6[MainActivity]:   fitSides= naviIconColor=0}
04-13 14:57:23.969 31486 31486 I ViewRootImpl@a2f93a6[MainActivity]: performTraversals mFirst=false windowShouldResize=false viewVisibilityChanged=false mForceNextWindowRelayout=false params={(0,0)(fillxfill) sim={state=always_hidden adjust=resize} ty=BASE_APPLICATION fmt=TRANSLUCENT wanim=0x1030309
04-13 14:57:23.969 31486 31486 I ViewRootImpl@a2f93a6[MainActivity]:   fl=85810100
04-13 14:57:23.969 31486 31486 I ViewRootImpl@a2f93a6[MainActivity]:   pfl=12020040
04-13 14:57:23.969 31486 31486 I ViewRootImpl@a2f93a6[MainActivity]:   vsysui=1500
04-13 14:57:23.969 31486 31486 I ViewRootImpl@a2f93a6[MainActivity]:   bhv=SHOW_TRANSIENT_BARS_BY_SWIPE
04-13 14:57:23.969 31486 31486 I ViewRootImpl@a2f93a6[MainActivity]:   fitSides= naviIconColor=0}
04-13 14:57:23.973 31486 31486 I ViewRootImpl@a2f93a6[MainActivity]: updateBlastSurfaceIfNeeded mBlastBufferQueue=0xb40000777f9dde00 isSameSurfaceControl=true
04-13 14:57:23.973 31486 31486 I BLASTBufferQueue: update, w= 720 h= 1600 mName = ViewRootImpl@a2f93a6[MainActivity] mNativeObject= 0xb40000777f9dde00 sc.mNativeObject= 0xb40000777f3d21e0 format= -3 caller= android.view.ViewRootImpl.updateBlastSurfaceIfNeeded:2898 android.view.ViewRootImpl.relayoutWindow:9847 android.view.ViewRootImpl.performTraversals:3884 android.view.ViewRootImpl.doTraversal:3116 android.view.ViewRootImpl$TraversalRunnable.run:10885 android.view.Choreographer$CallbackRecord.run:1301 
04-13 14:57:23.974 31486 31486 I ViewRootImpl@a2f93a6[MainActivity]: Relayout returned: old=(0,0,720,1600) new=(0,0,720,1600) req=(720,1600)0 dur=4 res=0x0 s={true 0xb4000077c35ca800} ch=false seqId=3
04-13 14:57:23.974 31486 31486 I ViewRootImpl@a2f93a6[MainActivity]: updateBoundsLayer: t = android.view.SurfaceControl$Transaction@8fa7bb sc = Surface(name=Bounds for - com.lagradost.cloudstream3/com.lagradost.cloudstream3.MainActivity@3)/@0xfd66003 frame = 3926
04-13 14:57:23.974 31486 31486 I ViewRootImpl@a2f93a6[MainActivity]: mWNT: t=0xb4000077c3225a00 mBlastBufferQueue=0xb40000777f9dde00 fn= 3926 caller= android.view.ViewRootImpl.prepareSurfaces:2985 android.view.ViewRootImpl.performTraversals:4233 android.view.ViewRootImpl.doTraversal:3116 
04-13 14:57:23.974 31486 31486 W View    : requestLayout() improperly called by android.widget.FrameLayout{d244f38 I.E..V... ......I. 0,0-0,0 #7f0a053e app:id/start_panel} during layout: running second layout pass
04-13 14:57:23.974 31486 31486 W View    : requestLayout() improperly called by android.widget.FrameLayout{5e8fb11 I.E..V... ......ID 720,0-720,1358 #7f0a0184 app:id/end_panel} during layout: running second layout pass
04-13 14:57:23.975 31486 31486 D SurfaceView@9a2f8e7: updateSurface: has no frame
04-13 14:57:23.979 31486 31569 I ViewRootImpl@a2f93a6[MainActivity]: mWNT: t=0xb400007791bfca00 mBlastBufferQueue=0xb40000777f9dde00 fn= 3926 caller= android.view.ViewRootImpl.lambda$applyTransactionOnDraw$11$android-view-ViewRootImpl:12865 android.view.ViewRootImpl$$ExternalSyntheticLambda1.onFrameDraw:4 android.graphics.HardwareRenderer$FrameDrawingCallback.onFrameDraw:924 
04-13 14:57:23.995 31486 10015 I SYNCVM  : addFromUrl = https://funmovieslix.com/tron-ares-2025/
04-13 14:57:23.995 31486 10015 I SYNCUTIL: getIdsFromUrl https://funmovieslix.com/tron-ares-2025/
04-13 14:57:24.000 31486 31486 D SurfaceView@9a2f8e7: updateSurface: has no frame
04-13 14:57:24.001 31486 31486 I SurfaceView@9a2f8e7: Changes: creating=true format=true size=true visible=true alpha=false hint=false mUseAlpha=false visible=true left=true top=true
04-13 14:57:24.003 31486 31486 D BufferQueueConsumer: [](id:7afe00000025,api:0,p:-1,c:31486) connect: controlledByApp=false
04-13 14:57:24.004 31486 31486 I BLASTBufferQueue: update, w= 720 h= 375 mName = null mNativeObject= 0xb4000077c35bdc00 sc.mNativeObject= 0xb40000777f3d5520 format= 4 caller= android.view.SurfaceView.createBlastSurfaceControls:1383 android.view.SurfaceView.updateSurface:1079 android.view.SurfaceView.lambda$new$0$android-view-SurfaceView:200 android.view.SurfaceView$$ExternalSyntheticLambda5.onPreDraw:2 android.view.ViewTreeObserver.dispatchOnPreDraw:1121 android.view.ViewRootImpl.performTraversals:4442 
04-13 14:57:24.004 31486 31486 I SurfaceView@9a2f8e7: 161675495 Cur surface: Surface(name=null)/@0x1b2dbb1
04-13 14:57:24.004 31486 31486 I SurfaceView@9a2f8e7: pST: sr = Rect(0, 152 - 720, 527) sw = 720 sh = 375
04-13 14:57:24.004 31486 31486 D SurfaceView@9a2f8e7: performSurfaceTransaction RenderWorker position = [0, 152, 720, 527] surfaceSize = 720x375
04-13 14:57:24.004 31486 31486 I SurfaceView@9a2f8e7: applyTransactionOnVriDraw: vri = ViewRootImpl@a2f93a6[MainActivity] fRS = false t = 0xb40000777f131100 android.view.SurfaceView.performSurfaceTransaction:959 android.view.SurfaceView.updateSurface:1105 android.view.SurfaceView.lambda$new$0$android-view-SurfaceView:200 
04-13 14:57:24.004 31486 31486 I ViewRootImpl@a2f93a6[MainActivity]: applyTransactionOnDraw: mRemoved = false isHardwareEnabled = true t = 0xb40000777f131100android.view.SurfaceView.applyTransactionOnVriDraw:2048 android.view.SurfaceView.performSurfaceTransaction:959 android.view.SurfaceView.updateSurface:1105 android.view.SurfaceView.lambda$new$0$android-view-SurfaceView:200 android.view.SurfaceView$$ExternalSyntheticLambda5.onPreDraw:2 
04-13 14:57:24.004 31486 31486 I SurfaceView@9a2f8e7: updateSurface: mVisible = true mSurface.isValid() = true
04-13 14:57:24.005 31486 31486 I SurfaceView@9a2f8e7: updateSurface: mSurfaceCreated = false surfaceChanged = true visibleChanged = true
04-13 14:57:24.005 31486 31486 I SurfaceView@9a2f8e7: visibleChanged -- surfaceCreated
04-13 14:57:24.005 31486 31486 I SurfaceView@9a2f8e7: surfaceCreated 0 #8 android.view.SurfaceView{9a2f8e7 V.E..V... ......ID 0,0-720,375}
04-13 14:57:24.005 31486 31486 I SurfaceView@9a2f8e7: surfaceChanged -- format=4 w=720 h=375
04-13 14:57:24.005 31486 31486 I SurfaceView@9a2f8e7: surfaceChanged (720,375) 0 #8 android.view.SurfaceView{9a2f8e7 V.E..V... ......ID 0,0-720,375}
04-13 14:57:24.005 31486 31486 I SurfaceView@9a2f8e7: surfaceRedrawNeeded
04-13 14:57:24.005 31486 31486 V SurfaceView@9a2f8e7: Layout: x=0 y=152 w=720 h=375, frame=Rect(0, 0 - 720, 375)
04-13 14:57:24.011 31486 31568 D SurfaceView@9a2f8e7: updateSurfacePosition RenderWorker, frameNr = 3927, position = [36, 216, 684, 555] surfaceSize = 720x375
04-13 14:57:24.011 31486 31568 I SurfaceView@9a2f8e7: uSP: rtp = Rect(36, 216 - 684, 555) rtsw = 720 rtsh = 375
04-13 14:57:24.011 31486 31568 I SurfaceView@9a2f8e7: onSSPAndSRT: pl = 36 pt = 216 sx = 0.9 sy = 0.904
04-13 14:57:24.012 31486 31568 I SurfaceView@9a2f8e7: aOrMT: ViewRootImpl@a2f93a6[MainActivity] t = android.view.SurfaceControl$Transaction@93c7804 fN = 3927 android.view.SurfaceView.-$$Nest$mapplyOrMergeTransaction:0 android.view.SurfaceView$SurfaceViewPositionUpdateListener.positionChanged:1537 android.graphics.RenderNode$CompositePositionUpdateListener.positionChanged:373 
04-13 14:57:24.012 31486 31568 I ViewRootImpl@a2f93a6[MainActivity]: mWNT: t=0xb40000777f131200 mBlastBufferQueue=0xb40000777f9dde00 fn= 3927 caller= android.view.SurfaceView.applyOrMergeTransaction:1455 android.view.SurfaceView.-$$Nest$mapplyOrMergeTransaction:0 android.view.SurfaceView$SurfaceViewPositionUpdateListener.positionChanged:1537 
04-13 14:57:24.012 31486 31568 I ViewRootImpl@a2f93a6[MainActivity]: mWNT: t=0xb40000777f131100 mBlastBufferQueue=0xb40000777f9dde00 fn= 3927 caller= android.view.ViewRootImpl.lambda$applyTransactionOnDraw$11$android-view-ViewRootImpl:12865 android.view.ViewRootImpl$$ExternalSyntheticLambda1.onFrameDraw:4 android.graphics.HardwareRenderer$FrameDrawingCallback.onFrameDraw:924 
04-13 14:57:24.085 31486 31569 D SurfaceView@9a2f8e7: updateSurfacePosition RenderWorker, frameNr = 3932, position = [32, 209, 688, 552] surfaceSize = 720x375
04-13 14:57:24.085 31486 31569 I SurfaceView@9a2f8e7: uSP: rtp = Rect(32, 209 - 688, 552) rtsw = 720 rtsh = 375
04-13 14:57:24.085 31486 31569 I SurfaceView@9a2f8e7: onSSPAndSRT: pl = 32 pt = 209 sx = 0.9111111 sy = 0.91466665
04-13 14:57:24.085 31486 31569 I SurfaceView@9a2f8e7: aOrMT: ViewRootImpl@a2f93a6[MainActivity] t = android.view.SurfaceControl$Transaction@93c7804 fN = 3932 android.view.SurfaceView.-$$Nest$mapplyOrMergeTransaction:0 android.view.SurfaceView$SurfaceViewPositionUpdateListener.positionChanged:1537 android.graphics.RenderNode$CompositePositionUpdateListener.positionChanged:373 
04-13 14:57:24.086 31486 31569 I ViewRootImpl@a2f93a6[MainActivity]: mWNT: t=0xb40000777f131200 mBlastBufferQueue=0xb40000777f9dde00 fn= 3932 caller= android.view.SurfaceView.applyOrMergeTransaction:1455 android.view.SurfaceView.-$$Nest$mapplyOrMergeTransaction:0 android.view.SurfaceView$SurfaceViewPositionUpdateListener.positionChanged:1537 
04-13 14:57:24.086 31486 31486 I SurfaceView@9a2f8e7: finishedDrawing
04-13 14:57:24.091 31486 31568 D SurfaceView@9a2f8e7: updateSurfacePosition RenderWorker, frameNr = 3932, position = [27, 201, 693, 548] surfaceSize = 720x375
04-13 14:57:24.091 31486 31568 I SurfaceView@9a2f8e7: uSP: rtp = Rect(27, 201 - 693, 548) rtsw = 720 rtsh = 375
04-13 14:57:24.091 31486 31568 I SurfaceView@9a2f8e7: onSSPAndSRT: pl = 27 pt = 201 sx = 0.925 sy = 0.9253333
04-13 14:57:24.091 31486 31568 I SurfaceView@9a2f8e7: aOrMT: ViewRootImpl@a2f93a6[MainActivity] t = android.view.SurfaceControl$Transaction@93c7804 fN = 3932 android.view.SurfaceView.-$$Nest$mapplyOrMergeTransaction:0 android.view.SurfaceView$SurfaceViewPositionUpdateListener.positionChanged:1537 android.graphics.RenderNode$CompositePositionUpdateListener.positionChanged:373 
04-13 14:57:24.091 31486 31568 I ViewRootImpl@a2f93a6[MainActivity]: mWNT: t=0xb40000777f131200 mBlastBufferQueue=0xb40000777f9dde00 fn= 3932 caller= android.view.SurfaceView.applyOrMergeTransaction:1455 android.view.SurfaceView.-$$Nest$mapplyOrMergeTransaction:0 android.view.SurfaceView$SurfaceViewPositionUpdateListener.positionChanged:1537 
04-13 14:57:24.094 31486 31569 D SurfaceView@9a2f8e7: updateSurfacePosition RenderWorker, frameNr = 3932, position = [4, 160, 716, 531] surfaceSize = 720x375
04-13 14:57:24.095 31486 31569 I SurfaceView@9a2f8e7: uSP: rtp = Rect(4, 160 - 716, 531) rtsw = 720 rtsh = 375
04-13 14:57:24.095 31486 31569 I SurfaceView@9a2f8e7: onSSPAndSRT: pl = 4 pt = 160 sx = 0.98888886 sy = 0.98933333
04-13 14:57:24.095 31486 31569 I SurfaceView@9a2f8e7: aOrMT: ViewRootImpl@a2f93a6[MainActivity] t = android.view.SurfaceControl$Transaction@93c7804 fN = 3932 android.view.SurfaceView.-$$Nest$mapplyOrMergeTransaction:0 android.view.SurfaceView$SurfaceViewPositionUpdateListener.positionChanged:1537 android.graphics.RenderNode$CompositePositionUpdateListener.positionChanged:373 
04-13 14:57:24.095 31486 31569 I ViewRootImpl@a2f93a6[MainActivity]: mWNT: t=0xb40000777f131200 mBlastBufferQueue=0xb40000777f9dde00 fn= 3932 caller= android.view.SurfaceView.applyOrMergeTransaction:1455 android.view.SurfaceView.-$$Nest$mapplyOrMergeTransaction:0 android.view.SurfaceView$SurfaceViewPositionUpdateListener.positionChanged:1537 
04-13 14:57:24.114 31486 31568 D SurfaceView@9a2f8e7: updateSurfacePosition RenderWorker, frameNr = 3933, position = [1, 154, 719, 528] surfaceSize = 720x375
04-13 14:57:24.115 31486 31568 I SurfaceView@9a2f8e7: uSP: rtp = Rect(1, 154 - 719, 528) rtsw = 720 rtsh = 375
04-13 14:57:24.115 31486 31568 I SurfaceView@9a2f8e7: onSSPAndSRT: pl = 1 pt = 154 sx = 0.99722224 sy = 0.99733335
04-13 14:57:24.115 31486 31568 I SurfaceView@9a2f8e7: aOrMT: ViewRootImpl@a2f93a6[MainActivity] t = android.view.SurfaceControl$Transaction@93c7804 fN = 3933 android.view.SurfaceView.-$$Nest$mapplyOrMergeTransaction:0 android.view.SurfaceView$SurfaceViewPositionUpdateListener.positionChanged:1537 android.graphics.RenderNode$CompositePositionUpdateListener.positionChanged:373 
04-13 14:57:24.115 31486 31568 I ViewRootImpl@a2f93a6[MainActivity]: mWNT: t=0xb40000777f131200 mBlastBufferQueue=0xb40000777f9dde00 fn= 3933 caller= android.view.SurfaceView.applyOrMergeTransaction:1455 android.view.SurfaceView.-$$Nest$mapplyOrMergeTransaction:0 android.view.SurfaceView$SurfaceViewPositionUpdateListener.positionChanged:1537 
04-13 14:57:24.128 31486 31569 D SurfaceView@9a2f8e7: updateSurfacePosition RenderWorker, frameNr = 3934, position = [0, 152, 720, 528] surfaceSize = 720x375
04-13 14:57:24.128 31486 31569 I SurfaceView@9a2f8e7: uSP: rtp = Rect(0, 152 - 720, 528) rtsw = 720 rtsh = 375
04-13 14:57:24.128 31486 31569 I SurfaceView@9a2f8e7: onSSPAndSRT: pl = 0 pt = 152 sx = 1.0 sy = 1.0026667
04-13 14:57:24.128 31486 31569 I SurfaceView@9a2f8e7: aOrMT: ViewRootImpl@a2f93a6[MainActivity] t = android.view.SurfaceControl$Transaction@93c7804 fN = 3934 android.view.SurfaceView.-$$Nest$mapplyOrMergeTransaction:0 android.view.SurfaceView$SurfaceViewPositionUpdateListener.positionChanged:1537 android.graphics.RenderNode$CompositePositionUpdateListener.positionChanged:373 
04-13 14:57:24.129 31486 31569 I ViewRootImpl@a2f93a6[MainActivity]: mWNT: t=0xb40000777f131200 mBlastBufferQueue=0xb40000777f9dde00 fn= 3934 caller= android.view.SurfaceView.applyOrMergeTransaction:1455 android.view.SurfaceView.-$$Nest$mapplyOrMergeTransaction:0 android.view.SurfaceView$SurfaceViewPositionUpdateListener.positionChanged:1537 
04-13 14:57:24.144 31486 31568 D SurfaceView@9a2f8e7: updateSurfacePosition RenderWorker, frameNr = 3935, position = [0, 152, 720, 527] surfaceSize = 720x375
04-13 14:57:24.145 31486 31568 I SurfaceView@9a2f8e7: uSP: rtp = Rect(0, 152 - 720, 527) rtsw = 720 rtsh = 375
04-13 14:57:24.145 31486 31568 I SurfaceView@9a2f8e7: onSSPAndSRT: pl = 0 pt = 152 sx = 1.0 sy = 1.0
04-13 14:57:24.145 31486 31568 I SurfaceView@9a2f8e7: aOrMT: ViewRootImpl@a2f93a6[MainActivity] t = android.view.SurfaceControl$Transaction@93c7804 fN = 3935 android.view.SurfaceView.-$$Nest$mapplyOrMergeTransaction:0 android.view.SurfaceView$SurfaceViewPositionUpdateListener.positionChanged:1537 android.graphics.RenderNode$CompositePositionUpdateListener.positionChanged:373 
04-13 14:57:24.145 31486 31568 I ViewRootImpl@a2f93a6[MainActivity]: mWNT: t=0xb40000777f131200 mBlastBufferQueue=0xb40000777f9dde00 fn= 3935 caller= android.view.SurfaceView.applyOrMergeTransaction:1455 android.view.SurfaceView.-$$Nest$mapplyOrMergeTransaction:0 android.view.SurfaceView$SurfaceViewPositionUpdateListener.positionChanged:1537 
04-13 14:57:24.674 31486 31486 I ViewRootImpl@a2f93a6[MainActivity]: ViewPostIme pointer 0
04-13 14:57:24.781 31486 31486 I ViewRootImpl@a2f93a6[MainActivity]: ViewPostIme pointer 1
04-13 14:57:24.782 31486 31486 I CS3ExoPlayer: newInstance = {}
04-13 14:57:24.782 31486 31486 I NavComponent: Navigating to fragment: 2131362303
04-13 14:57:24.783 31486 31486 I IMM_LC  : hsifw() - flag : 0
04-13 14:57:24.783 31486 31486 I IMM_LC  : hsifw() - mService.hideSoftInput
04-13 14:57:24.785 31486 31486 I CS3ExoPlayer: onStop
04-13 14:57:24.785 31486 31486 I CS3ExoPlayer: saveData
04-13 14:57:24.785 31486 31486 I CS3ExoPlayer: handleEvent Pause
04-13 14:57:24.786 31486 31486 I CS3ExoPlayer: unwrapBundle = null
04-13 14:57:24.786 31486 31486 I CS3ExoPlayer: unwrapBundle = Bundle[{resumePosition=0, syncData={}}]
04-13 14:57:24.862 31486 31486 I SurfaceView@abf89ee: onWindowVisibilityChanged(0) true android.view.SurfaceView{abf89ee V.E..V... ......I. 0,0-0,0} of ViewRootImpl@a2f93a6[MainActivity]
04-13 14:57:24.863 31486 31486 D SurfaceView@abf89ee: updateSurface: has no frame
04-13 14:57:24.865 31486 31486 I CS3ExoPlayer: SET STYLE = SaveCaptionStyle(foregroundColor=-1, backgroundColor=0, windowColor=0, edgeType=1, edgeColor=-16777216, typeface=2131296262, typefaceFilePath=null, elevation=40, fixedTextSize=14.0, edgeSize=null, removeCaptions=false, removeBloat=true, upperCase=false, bold=false, italic=false, backgroundRadius=null, alignment=null)
04-13 14:57:24.870 31486 31486 I CS3ExoPlayer: unwrapBundle = null
04-13 14:57:24.870 31486 31486 I CS3ExoPlayer: unwrapBundle = Bundle[{resumePosition=0, syncData={}}]
