04-05 12:16:07.896 13149 13149 I SurfaceView@d3473f7: updateSurface: mSurfaceCreated = true surfaceChanged = false visibleChanged = false
04-05 12:16:07.896 13149 13149 V SurfaceView@d3473f7: Layout: x=0 y=-729 w=720 h=375, frame=Rect(0, 0 - 720, 375)
04-05 12:16:07.897 13149 13239 D SurfaceView@d3473f7: updateSurfacePosition RenderWorker, frameNr = 190, position = [0, -729, 720, -354] surfaceSize = 720x375
04-05 12:16:07.897 13149 13239 I SurfaceView@d3473f7: uSP: rtp = Rect(0, -729 - 720, -354) rtsw = 720 rtsh = 375
04-05 12:16:07.897 13149 13239 I SurfaceView@d3473f7: onSSPAndSRT: pl = 0 pt = -729 sx = 1.0 sy = 1.0
04-05 12:16:07.898 13149 13239 I SurfaceView@d3473f7: aOrMT: ViewRootImpl@f8b7859[MainActivity] t = android.view.SurfaceControl$Transaction@bd0067b fN = 190 android.view.SurfaceView.-$$Nest$mapplyOrMergeTransaction:0 android.view.SurfaceView$SurfaceViewPositionUpdateListener.positionChanged:1537 android.graphics.RenderNode$CompositePositionUpdateListener.positionChanged:373 
04-05 12:16:07.898 13149 13239 I ViewRootImpl@f8b7859[MainActivity]: mWNT: t=0xb4000077ab8be700 mBlastBufferQueue=0xb4000077c7d0c600 fn= 190 caller= android.view.SurfaceView.applyOrMergeTransaction:1455 android.view.SurfaceView.-$$Nest$mapplyOrMergeTransaction:0 android.view.SurfaceView$SurfaceViewPositionUpdateListener.positionChanged:1537 
04-05 12:16:07.898 13149 13239 I ViewRootImpl@f8b7859[MainActivity]: mWNT: t=0xb4000077d85b7900 mBlastBufferQueue=0xb4000077c7d0c600 fn= 190 caller= android.view.ViewRootImpl.lambda$applyTransactionOnDraw$11$android-view-ViewRootImpl:12865 android.view.ViewRootImpl$$ExternalSyntheticLambda1.onFrameDraw:4 android.graphics.HardwareRenderer$FrameDrawingCallback.onFrameDraw:924 
04-05 12:16:07.913 13149 13149 I SurfaceView@d3473f7: Changes: creating=false format=false size=false visible=false alpha=false hint=false mUseAlpha=false visible=false left=false top=true
04-05 12:16:07.913 13149 13149 I SurfaceView@d3473f7: 221541367 Cur surface: Surface(name=null)/@0x987fffe
04-05 12:16:07.913 13149 13149 I SurfaceView@d3473f7: applyTransactionOnVriDraw: vri = ViewRootImpl@f8b7859[MainActivity] fRS = false t = 0xb4000077d85b7a00 android.view.SurfaceView.performSurfaceTransaction:959 android.view.SurfaceView.updateSurface:1105 android.view.SurfaceView.lambda$new$0$android-view-SurfaceView:200 
04-05 12:16:07.913 13149 13149 I ViewRootImpl@f8b7859[MainActivity]: applyTransactionOnDraw: mRemoved = false isHardwareEnabled = true t = 0xb4000077d85b7a00android.view.SurfaceView.applyTransactionOnVriDraw:2048 android.view.SurfaceView.performSurfaceTransaction:959 android.view.SurfaceView.updateSurface:1105 android.view.SurfaceView.lambda$new$0$android-view-SurfaceView:200 android.view.SurfaceView$$ExternalSyntheticLambda5.onPreDraw:2 
04-05 12:16:07.913 13149 13149 I SurfaceView@d3473f7: updateSurface: mVisible = true mSurface.isValid() = true
04-05 12:16:07.913 13149 13149 I SurfaceView@d3473f7: updateSurface: mSurfaceCreated = true surfaceChanged = false visibleChanged = false
04-05 12:16:07.913 13149 13149 V SurfaceView@d3473f7: Layout: x=0 y=-741 w=720 h=375, frame=Rect(0, 0 - 720, 375)
04-05 12:16:07.914 13149 13238 D SurfaceView@d3473f7: updateSurfacePosition RenderWorker, frameNr = 191, position = [0, -741, 720, -366] surfaceSize = 720x375
04-05 12:16:07.914 13149 13238 I SurfaceView@d3473f7: uSP: rtp = Rect(0, -741 - 720, -366) rtsw = 720 rtsh = 375
04-05 12:16:07.914 13149 13238 I SurfaceView@d3473f7: onSSPAndSRT: pl = 0 pt = -741 sx = 1.0 sy = 1.0
04-05 12:16:07.914 13149 13238 I SurfaceView@d3473f7: aOrMT: ViewRootImpl@f8b7859[MainActivity] t = android.view.SurfaceControl$Transaction@bd0067b fN = 191 android.view.SurfaceView.-$$Nest$mapplyOrMergeTransaction:0 android.view.SurfaceView$SurfaceViewPositionUpdateListener.positionChanged:1537 android.graphics.RenderNode$CompositePositionUpdateListener.positionChanged:373 
04-05 12:16:07.915 13149 13238 I ViewRootImpl@f8b7859[MainActivity]: mWNT: t=0xb4000077ab8be700 mBlastBufferQueue=0xb4000077c7d0c600 fn= 191 caller= android.view.SurfaceView.applyOrMergeTransaction:1455 android.view.SurfaceView.-$$Nest$mapplyOrMergeTransaction:0 android.view.SurfaceView$SurfaceViewPositionUpdateListener.positionChanged:1537 
04-05 12:16:07.915 13149 13238 I ViewRootImpl@f8b7859[MainActivity]: mWNT: t=0xb4000077d85b7a00 mBlastBufferQueue=0xb4000077c7d0c600 fn= 191 caller= android.view.ViewRootImpl.lambda$applyTransactionOnDraw$11$android-view-ViewRootImpl:12865 android.view.ViewRootImpl$$ExternalSyntheticLambda1.onFrameDraw:4 android.graphics.HardwareRenderer$FrameDrawingCallback.onFrameDraw:924 
04-05 12:16:07.929 13149 13149 I SurfaceView@d3473f7: Changes: creating=false format=false size=false visible=false alpha=false hint=false mUseAlpha=false visible=false left=false top=true
04-05 12:16:07.929 13149 13149 I SurfaceView@d3473f7: 221541367 Cur surface: Surface(name=null)/@0x987fffe
04-05 12:16:07.930 13149 13149 I SurfaceView@d3473f7: applyTransactionOnVriDraw: vri = ViewRootImpl@f8b7859[MainActivity] fRS = false t = 0xb4000077d85b7b00 android.view.SurfaceView.performSurfaceTransaction:959 android.view.SurfaceView.updateSurface:1105 android.view.SurfaceView.lambda$new$0$android-view-SurfaceView:200 
04-05 12:16:07.930 13149 13149 I ViewRootImpl@f8b7859[MainActivity]: applyTransactionOnDraw: mRemoved = false isHardwareEnabled = true t = 0xb4000077d85b7b00android.view.SurfaceView.applyTransactionOnVriDraw:2048 android.view.SurfaceView.performSurfaceTransaction:959 android.view.SurfaceView.updateSurface:1105 android.view.SurfaceView.lambda$new$0$android-view-SurfaceView:200 android.view.SurfaceView$$ExternalSyntheticLambda5.onPreDraw:2 
04-05 12:16:07.930 13149 13149 I SurfaceView@d3473f7: updateSurface: mVisible = true mSurface.isValid() = true
04-05 12:16:07.930 13149 13149 I SurfaceView@d3473f7: updateSurface: mSurfaceCreated = true surfaceChanged = false visibleChanged = false
04-05 12:16:07.930 13149 13149 V SurfaceView@d3473f7: Layout: x=0 y=-745 w=720 h=375, frame=Rect(0, 0 - 720, 375)
04-05 12:16:07.930 13149 13239 D SurfaceView@d3473f7: updateSurfacePosition RenderWorker, frameNr = 192, position = [0, -745, 720, -370] surfaceSize = 720x375
04-05 12:16:07.931 13149 13239 I SurfaceView@d3473f7: uSP: rtp = Rect(0, -745 - 720, -370) rtsw = 720 rtsh = 375
04-05 12:16:07.931 13149 13239 I SurfaceView@d3473f7: onSSPAndSRT: pl = 0 pt = -745 sx = 1.0 sy = 1.0
04-05 12:16:07.931 13149 13239 I SurfaceView@d3473f7: aOrMT: ViewRootImpl@f8b7859[MainActivity] t = android.view.SurfaceControl$Transaction@bd0067b fN = 192 android.view.SurfaceView.-$$Nest$mapplyOrMergeTransaction:0 android.view.SurfaceView$SurfaceViewPositionUpdateListener.positionChanged:1537 android.graphics.RenderNode$CompositePositionUpdateListener.positionChanged:373 
04-05 12:16:07.931 13149 13239 I ViewRootImpl@f8b7859[MainActivity]: mWNT: t=0xb4000077ab8be700 mBlastBufferQueue=0xb4000077c7d0c600 fn= 192 caller= android.view.SurfaceView.applyOrMergeTransaction:1455 android.view.SurfaceView.-$$Nest$mapplyOrMergeTransaction:0 android.view.SurfaceView$SurfaceViewPositionUpdateListener.positionChanged:1537 
04-05 12:16:07.931 13149 13239 I ViewRootImpl@f8b7859[MainActivity]: mWNT: t=0xb4000077d85b7b00 mBlastBufferQueue=0xb4000077c7d0c600 fn= 192 caller= android.view.ViewRootImpl.lambda$applyTransactionOnDraw$11$android-view-ViewRootImpl:12865 android.view.ViewRootImpl$$ExternalSyntheticLambda1.onFrameDraw:4 android.graphics.HardwareRenderer$FrameDrawingCallback.onFrameDraw:924 
04-05 12:16:07.946 13149 13149 I SurfaceView@d3473f7: Changes: creating=false format=false size=false visible=false alpha=false hint=false mUseAlpha=false visible=false left=false top=true
04-05 12:16:07.946 13149 13149 I SurfaceView@d3473f7: 221541367 Cur surface: Surface(name=null)/@0x987fffe
04-05 12:16:07.946 13149 13149 I SurfaceView@d3473f7: applyTransactionOnVriDraw: vri = ViewRootImpl@f8b7859[MainActivity] fRS = false t = 0xb4000077d85b7c00 android.view.SurfaceView.performSurfaceTransaction:959 android.view.SurfaceView.updateSurface:1105 android.view.SurfaceView.lambda$new$0$android-view-SurfaceView:200 
04-05 12:16:07.946 13149 13149 I ViewRootImpl@f8b7859[MainActivity]: applyTransactionOnDraw: mRemoved = false isHardwareEnabled = true t = 0xb4000077d85b7c00android.view.SurfaceView.applyTransactionOnVriDraw:2048 android.view.SurfaceView.performSurfaceTransaction:959 android.view.SurfaceView.updateSurface:1105 android.view.SurfaceView.lambda$new$0$android-view-SurfaceView:200 android.view.SurfaceView$$ExternalSyntheticLambda5.onPreDraw:2 
04-05 12:16:07.946 13149 13149 I SurfaceView@d3473f7: updateSurface: mVisible = true mSurface.isValid() = true
04-05 12:16:07.946 13149 13149 I SurfaceView@d3473f7: updateSurface: mSurfaceCreated = true surfaceChanged = false visibleChanged = false
04-05 12:16:07.946 13149 13149 V SurfaceView@d3473f7: Layout: x=0 y=-746 w=720 h=375, frame=Rect(0, 0 - 720, 375)
04-05 12:16:07.947 13149 13238 D SurfaceView@d3473f7: updateSurfacePosition RenderWorker, frameNr = 193, position = [0, -746, 720, -371] surfaceSize = 720x375
04-05 12:16:07.947 13149 13238 I SurfaceView@d3473f7: uSP: rtp = Rect(0, -746 - 720, -371) rtsw = 720 rtsh = 375
04-05 12:16:07.947 13149 13238 I SurfaceView@d3473f7: onSSPAndSRT: pl = 0 pt = -746 sx = 1.0 sy = 1.0
04-05 12:16:07.947 13149 13238 I SurfaceView@d3473f7: aOrMT: ViewRootImpl@f8b7859[MainActivity] t = android.view.SurfaceControl$Transaction@bd0067b fN = 193 android.view.SurfaceView.-$$Nest$mapplyOrMergeTransaction:0 android.view.SurfaceView$SurfaceViewPositionUpdateListener.positionChanged:1537 android.graphics.RenderNode$CompositePositionUpdateListener.positionChanged:373 
04-05 12:16:07.948 13149 13238 I ViewRootImpl@f8b7859[MainActivity]: mWNT: t=0xb4000077ab8be700 mBlastBufferQueue=0xb4000077c7d0c600 fn= 193 caller= android.view.SurfaceView.applyOrMergeTransaction:1455 android.view.SurfaceView.-$$Nest$mapplyOrMergeTransaction:0 android.view.SurfaceView$SurfaceViewPositionUpdateListener.positionChanged:1537 
04-05 12:16:07.948 13149 13239 I ViewRootImpl@f8b7859[MainActivity]: mWNT: t=0xb4000077d85b7c00 mBlastBufferQueue=0xb4000077c7d0c600 fn= 193 caller= android.view.ViewRootImpl.lambda$applyTransactionOnDraw$11$android-view-ViewRootImpl:12865 android.view.ViewRootImpl$$ExternalSyntheticLambda1.onFrameDraw:4 android.graphics.HardwareRenderer$FrameDrawingCallback.onFrameDraw:924 
04-05 12:16:07.963 13149 13149 I SurfaceView@d3473f7: Changes: creating=false format=false size=false visible=false alpha=false hint=false mUseAlpha=false visible=false left=false top=true
04-05 12:16:07.963 13149 13149 I SurfaceView@d3473f7: 221541367 Cur surface: Surface(name=null)/@0x987fffe
04-05 12:16:07.963 13149 13149 I SurfaceView@d3473f7: applyTransactionOnVriDraw: vri = ViewRootImpl@f8b7859[MainActivity] fRS = false t = 0xb4000077d85b7d00 android.view.SurfaceView.performSurfaceTransaction:959 android.view.SurfaceView.updateSurface:1105 android.view.SurfaceView.lambda$new$0$android-view-SurfaceView:200 
04-05 12:16:07.963 13149 13149 I ViewRootImpl@f8b7859[MainActivity]: applyTransactionOnDraw: mRemoved = false isHardwareEnabled = true t = 0xb4000077d85b7d00android.view.SurfaceView.applyTransactionOnVriDraw:2048 android.view.SurfaceView.performSurfaceTransaction:959 android.view.SurfaceView.updateSurface:1105 android.view.SurfaceView.lambda$new$0$android-view-SurfaceView:200 android.view.SurfaceView$$ExternalSyntheticLambda5.onPreDraw:2 
04-05 12:16:07.963 13149 13149 I SurfaceView@d3473f7: updateSurface: mVisible = true mSurface.isValid() = true
04-05 12:16:07.963 13149 13149 I SurfaceView@d3473f7: updateSurface: mSurfaceCreated = true surfaceChanged = false visibleChanged = false
04-05 12:16:07.963 13149 13149 V SurfaceView@d3473f7: Layout: x=0 y=-750 w=720 h=375, frame=Rect(0, 0 - 720, 375)
04-05 12:16:07.964 13149 13238 D SurfaceView@d3473f7: updateSurfacePosition RenderWorker, frameNr = 194, position = [0, -750, 720, -375] surfaceSize = 720x375
04-05 12:16:07.964 13149 13238 I SurfaceView@d3473f7: uSP: rtp = Rect(0, -750 - 720, -375) rtsw = 720 rtsh = 375
04-05 12:16:07.964 13149 13238 I SurfaceView@d3473f7: onSSPAndSRT: pl = 0 pt = -750 sx = 1.0 sy = 1.0
04-05 12:16:07.964 13149 13238 I SurfaceView@d3473f7: aOrMT: ViewRootImpl@f8b7859[MainActivity] t = android.view.SurfaceControl$Transaction@bd0067b fN = 194 android.view.SurfaceView.-$$Nest$mapplyOrMergeTransaction:0 android.view.SurfaceView$SurfaceViewPositionUpdateListener.positionChanged:1537 android.graphics.RenderNode$CompositePositionUpdateListener.positionChanged:373 
04-05 12:16:07.965 13149 13238 I ViewRootImpl@f8b7859[MainActivity]: mWNT: t=0xb4000077ab8be700 mBlastBufferQueue=0xb4000077c7d0c600 fn= 194 caller= android.view.SurfaceView.applyOrMergeTransaction:1455 android.view.SurfaceView.-$$Nest$mapplyOrMergeTransaction:0 android.view.SurfaceView$SurfaceViewPositionUpdateListener.positionChanged:1537 
04-05 12:16:07.965 13149 13238 I ViewRootImpl@f8b7859[MainActivity]: mWNT: t=0xb4000077d85b7d00 mBlastBufferQueue=0xb4000077c7d0c600 fn= 194 caller= android.view.ViewRootImpl.lambda$applyTransactionOnDraw$11$android-view-ViewRootImpl:12865 android.view.ViewRootImpl$$ExternalSyntheticLambda1.onFrameDraw:4 android.graphics.HardwareRenderer$FrameDrawingCallback.onFrameDraw:924 
04-05 12:16:07.979 13149 13149 I SurfaceView@d3473f7: Changes: creating=false format=false size=false visible=false alpha=false hint=false mUseAlpha=false visible=false left=false top=true
04-05 12:16:07.979 13149 13149 I SurfaceView@d3473f7: 221541367 Cur surface: Surface(name=null)/@0x987fffe
04-05 12:16:07.980 13149 13149 I SurfaceView@d3473f7: applyTransactionOnVriDraw: vri = ViewRootImpl@f8b7859[MainActivity] fRS = false t = 0xb4000077d85b7e00 android.view.SurfaceView.performSurfaceTransaction:959 android.view.SurfaceView.updateSurface:1105 android.view.SurfaceView.lambda$new$0$android-view-SurfaceView:200 
04-05 12:16:07.980 13149 13149 I ViewRootImpl@f8b7859[MainActivity]: applyTransactionOnDraw: mRemoved = false isHardwareEnabled = true t = 0xb4000077d85b7e00android.view.SurfaceView.applyTransactionOnVriDraw:2048 android.view.SurfaceView.performSurfaceTransaction:959 android.view.SurfaceView.updateSurface:1105 android.view.SurfaceView.lambda$new$0$android-view-SurfaceView:200 android.view.SurfaceView$$ExternalSyntheticLambda5.onPreDraw:2 
04-05 12:16:07.980 13149 13149 I SurfaceView@d3473f7: updateSurface: mVisible = true mSurface.isValid() = true
04-05 12:16:07.980 13149 13149 I SurfaceView@d3473f7: updateSurface: mSurfaceCreated = true surfaceChanged = false visibleChanged = false
04-05 12:16:07.980 13149 13149 V SurfaceView@d3473f7: Layout: x=0 y=-760 w=720 h=375, frame=Rect(0, 0 - 720, 375)
04-05 12:16:07.981 13149 13239 D SurfaceView@d3473f7: updateSurfacePosition RenderWorker, frameNr = 195, position = [0, -760, 720, -385] surfaceSize = 720x375
04-05 12:16:07.981 13149 13239 I SurfaceView@d3473f7: uSP: rtp = Rect(0, -760 - 720, -385) rtsw = 720 rtsh = 375
04-05 12:16:07.981 13149 13239 I SurfaceView@d3473f7: onSSPAndSRT: pl = 0 pt = -760 sx = 1.0 sy = 1.0
04-05 12:16:07.981 13149 13239 I SurfaceView@d3473f7: aOrMT: ViewRootImpl@f8b7859[MainActivity] t = android.view.SurfaceControl$Transaction@bd0067b fN = 195 android.view.SurfaceView.-$$Nest$mapplyOrMergeTransaction:0 android.view.SurfaceView$SurfaceViewPositionUpdateListener.positionChanged:1537 android.graphics.RenderNode$CompositePositionUpdateListener.positionChanged:373 
04-05 12:16:07.981 13149 13239 I ViewRootImpl@f8b7859[MainActivity]: mWNT: t=0xb4000077ab8be700 mBlastBufferQueue=0xb4000077c7d0c600 fn= 195 caller= android.view.SurfaceView.applyOrMergeTransaction:1455 android.view.SurfaceView.-$$Nest$mapplyOrMergeTransaction:0 android.view.SurfaceView$SurfaceViewPositionUpdateListener.positionChanged:1537 
04-05 12:16:07.982 13149 13238 I ViewRootImpl@f8b7859[MainActivity]: mWNT: t=0xb4000077d85b7e00 mBlastBufferQueue=0xb4000077c7d0c600 fn= 195 caller= android.view.ViewRootImpl.lambda$applyTransactionOnDraw$11$android-view-ViewRootImpl:12865 android.view.ViewRootImpl$$ExternalSyntheticLambda1.onFrameDraw:4 android.graphics.HardwareRenderer$FrameDrawingCallback.onFrameDraw:924 
04-05 12:16:07.996 13149 13149 I SurfaceView@d3473f7: Changes: creating=false format=false size=false visible=false alpha=false hint=false mUseAlpha=false visible=false left=false top=true
04-05 12:16:07.996 13149 13149 I SurfaceView@d3473f7: 221541367 Cur surface: Surface(name=null)/@0x987fffe
04-05 12:16:07.996 13149 13149 I SurfaceView@d3473f7: applyTransactionOnVriDraw: vri = ViewRootImpl@f8b7859[MainActivity] fRS = false t = 0xb4000077d85b7f00 android.view.SurfaceView.performSurfaceTransaction:959 android.view.SurfaceView.updateSurface:1105 android.view.SurfaceView.lambda$new$0$android-view-SurfaceView:200 
04-05 12:16:07.996 13149 13149 I ViewRootImpl@f8b7859[MainActivity]: applyTransactionOnDraw: mRemoved = false isHardwareEnabled = true t = 0xb4000077d85b7f00android.view.SurfaceView.applyTransactionOnVriDraw:2048 android.view.SurfaceView.performSurfaceTransaction:959 android.view.SurfaceView.updateSurface:1105 android.view.SurfaceView.lambda$new$0$android-view-SurfaceView:200 android.view.SurfaceView$$ExternalSyntheticLambda5.onPreDraw:2 
04-05 12:16:07.996 13149 13149 I SurfaceView@d3473f7: updateSurface: mVisible = true mSurface.isValid() = true
04-05 12:16:07.996 13149 13149 I SurfaceView@d3473f7: updateSurface: mSurfaceCreated = true surfaceChanged = false visibleChanged = false
04-05 12:16:07.996 13149 13149 V SurfaceView@d3473f7: Layout: x=0 y=-778 w=720 h=375, frame=Rect(0, 0 - 720, 375)
04-05 12:16:07.997 13149 13239 D SurfaceView@d3473f7: updateSurfacePosition RenderWorker, frameNr = 196, position = [0, -778, 720, -403] surfaceSize = 720x375
04-05 12:16:07.997 13149 13239 I SurfaceView@d3473f7: uSP: rtp = Rect(0, -778 - 720, -403) rtsw = 720 rtsh = 375
04-05 12:16:07.997 13149 13239 I SurfaceView@d3473f7: onSSPAndSRT: pl = 0 pt = -778 sx = 1.0 sy = 1.0
04-05 12:16:07.997 13149 13239 I SurfaceView@d3473f7: aOrMT: ViewRootImpl@f8b7859[MainActivity] t = android.view.SurfaceControl$Transaction@bd0067b fN = 196 android.view.SurfaceView.-$$Nest$mapplyOrMergeTransaction:0 android.view.SurfaceView$SurfaceViewPositionUpdateListener.positionChanged:1537 android.graphics.RenderNode$CompositePositionUpdateListener.positionChanged:373 
04-05 12:16:07.998 13149 13239 I ViewRootImpl@f8b7859[MainActivity]: mWNT: t=0xb4000077ab8be700 mBlastBufferQueue=0xb4000077c7d0c600 fn= 196 caller= android.view.SurfaceView.applyOrMergeTransaction:1455 android.view.SurfaceView.-$$Nest$mapplyOrMergeTransaction:0 android.view.SurfaceView$SurfaceViewPositionUpdateListener.positionChanged:1537 
04-05 12:16:07.998 13149 13239 I ViewRootImpl@f8b7859[MainActivity]: mWNT: t=0xb4000077d85b7f00 mBlastBufferQueue=0xb4000077c7d0c600 fn= 196 caller= android.view.ViewRootImpl.lambda$applyTransactionOnDraw$11$android-view-ViewRootImpl:12865 android.view.ViewRootImpl$$ExternalSyntheticLambda1.onFrameDraw:4 android.graphics.HardwareRenderer$FrameDrawingCallback.onFrameDraw:924 
04-05 12:16:08.012 13149 13149 I SurfaceView@d3473f7: Changes: creating=false format=false size=false visible=false alpha=false hint=false mUseAlpha=false visible=false left=false top=true
04-05 12:16:08.013 13149 13149 I SurfaceView@d3473f7: 221541367 Cur surface: Surface(name=null)/@0x987fffe
04-05 12:16:08.013 13149 13149 I SurfaceView@d3473f7: applyTransactionOnVriDraw: vri = ViewRootImpl@f8b7859[MainActivity] fRS = false t = 0xb4000077d8601000 android.view.SurfaceView.performSurfaceTransaction:959 android.view.SurfaceView.updateSurface:1105 android.view.SurfaceView.lambda$new$0$android-view-SurfaceView:200 
04-05 12:16:08.013 13149 13149 I ViewRootImpl@f8b7859[MainActivity]: applyTransactionOnDraw: mRemoved = false isHardwareEnabled = true t = 0xb4000077d8601000android.view.SurfaceView.applyTransactionOnVriDraw:2048 android.view.SurfaceView.performSurfaceTransaction:959 android.view.SurfaceView.updateSurface:1105 android.view.SurfaceView.lambda$new$0$android-view-SurfaceView:200 android.view.SurfaceView$$ExternalSyntheticLambda5.onPreDraw:2 
04-05 12:16:08.013 13149 13149 I SurfaceView@d3473f7: updateSurface: mVisible = true mSurface.isValid() = true
04-05 12:16:08.013 13149 13149 I SurfaceView@d3473f7: updateSurface: mSurfaceCreated = true surfaceChanged = false visibleChanged = false
04-05 12:16:08.013 13149 13149 V SurfaceView@d3473f7: Layout: x=0 y=-805 w=720 h=375, frame=Rect(0, 0 - 720, 375)
04-05 12:16:08.014 13149 13238 D SurfaceView@d3473f7: updateSurfacePosition RenderWorker, frameNr = 197, position = [0, -805, 720, -430] surfaceSize = 720x375
04-05 12:16:08.014 13149 13238 I SurfaceView@d3473f7: uSP: rtp = Rect(0, -805 - 720, -430) rtsw = 720 rtsh = 375
04-05 12:16:08.014 13149 13238 I SurfaceView@d3473f7: onSSPAndSRT: pl = 0 pt = -805 sx = 1.0 sy = 1.0
04-05 12:16:08.014 13149 13238 I SurfaceView@d3473f7: aOrMT: ViewRootImpl@f8b7859[MainActivity] t = android.view.SurfaceControl$Transaction@bd0067b fN = 197 android.view.SurfaceView.-$$Nest$mapplyOrMergeTransaction:0 android.view.SurfaceView$SurfaceViewPositionUpdateListener.positionChanged:1537 android.graphics.RenderNode$CompositePositionUpdateListener.positionChanged:373 
04-05 12:16:08.014 13149 13238 I ViewRootImpl@f8b7859[MainActivity]: mWNT: t=0xb4000077ab8be700 mBlastBufferQueue=0xb4000077c7d0c600 fn= 197 caller= android.view.SurfaceView.applyOrMergeTransaction:1455 android.view.SurfaceView.-$$Nest$mapplyOrMergeTransaction:0 android.view.SurfaceView$SurfaceViewPositionUpdateListener.positionChanged:1537 
04-05 12:16:08.014 13149 13238 I ViewRootImpl@f8b7859[MainActivity]: mWNT: t=0xb4000077d8601000 mBlastBufferQueue=0xb4000077c7d0c600 fn= 197 caller= android.view.ViewRootImpl.lambda$applyTransactionOnDraw$11$android-view-ViewRootImpl:12865 android.view.ViewRootImpl$$ExternalSyntheticLambda1.onFrameDraw:4 android.graphics.HardwareRenderer$FrameDrawingCallback.onFrameDraw:924 
04-05 12:16:08.029 13149 13149 I SurfaceView@d3473f7: Changes: creating=false format=false size=false visible=false alpha=false hint=false mUseAlpha=false visible=false left=false top=true
04-05 12:16:08.029 13149 13149 I SurfaceView@d3473f7: 221541367 Cur surface: Surface(name=null)/@0x987fffe
04-05 12:16:08.030 13149 13149 I SurfaceView@d3473f7: applyTransactionOnVriDraw: vri = ViewRootImpl@f8b7859[MainActivity] fRS = false t = 0xb4000077d8601400 android.view.SurfaceView.performSurfaceTransaction:959 android.view.SurfaceView.updateSurface:1105 android.view.SurfaceView.lambda$new$0$android-view-SurfaceView:200 
04-05 12:16:08.030 13149 13149 I ViewRootImpl@f8b7859[MainActivity]: applyTransactionOnDraw: mRemoved = false isHardwareEnabled = true t = 0xb4000077d8601400android.view.SurfaceView.applyTransactionOnVriDraw:2048 android.view.SurfaceView.performSurfaceTransaction:959 android.view.SurfaceView.updateSurface:1105 android.view.SurfaceView.lambda$new$0$android-view-SurfaceView:200 android.view.SurfaceView$$ExternalSyntheticLambda5.onPreDraw:2 
04-05 12:16:08.030 13149 13149 I SurfaceView@d3473f7: updateSurface: mVisible = true mSurface.isValid() = true
04-05 12:16:08.030 13149 13149 I SurfaceView@d3473f7: updateSurface: mSurfaceCreated = true surfaceChanged = false visibleChanged = false
04-05 12:16:08.030 13149 13149 V SurfaceView@d3473f7: Layout: x=0 y=-830 w=720 h=375, frame=Rect(0, 0 - 720, 375)
04-05 12:16:08.031 13149 13239 D SurfaceView@d3473f7: updateSurfacePosition RenderWorker, frameNr = 198, position = [0, -830, 720, -455] surfaceSize = 720x375
04-05 12:16:08.031 13149 13239 I SurfaceView@d3473f7: uSP: rtp = Rect(0, -830 - 720, -455) rtsw = 720 rtsh = 375
04-05 12:16:08.031 13149 13239 I SurfaceView@d3473f7: onSSPAndSRT: pl = 0 pt = -830 sx = 1.0 sy = 1.0
04-05 12:16:08.031 13149 13239 I SurfaceView@d3473f7: aOrMT: ViewRootImpl@f8b7859[MainActivity] t = android.view.SurfaceControl$Transaction@bd0067b fN = 198 android.view.SurfaceView.-$$Nest$mapplyOrMergeTransaction:0 android.view.SurfaceView$SurfaceViewPositionUpdateListener.positionChanged:1537 android.graphics.RenderNode$CompositePositionUpdateListener.positionChanged:373 
04-05 12:16:08.031 13149 13239 I ViewRootImpl@f8b7859[MainActivity]: mWNT: t=0xb4000077ab8be700 mBlastBufferQueue=0xb4000077c7d0c600 fn= 198 caller= android.view.SurfaceView.applyOrMergeTransaction:1455 android.view.SurfaceView.-$$Nest$mapplyOrMergeTransaction:0 android.view.SurfaceView$SurfaceViewPositionUpdateListener.positionChanged:1537 
04-05 12:16:08.031 13149 13238 I ViewRootImpl@f8b7859[MainActivity]: mWNT: t=0xb4000077d8601400 mBlastBufferQueue=0xb4000077c7d0c600 fn= 198 caller= android.view.ViewRootImpl.lambda$applyTransactionOnDraw$11$android-view-ViewRootImpl:12865 android.view.ViewRootImpl$$ExternalSyntheticLambda1.onFrameDraw:4 android.graphics.HardwareRenderer$FrameDrawingCallback.onFrameDraw:924 
04-05 12:16:08.046 13149 13149 I SurfaceView@d3473f7: Changes: creating=false format=false size=false visible=false alpha=false hint=false mUseAlpha=false visible=false left=false top=true
04-05 12:16:08.046 13149 13149 I SurfaceView@d3473f7: 221541367 Cur surface: Surface(name=null)/@0x987fffe
04-05 12:16:08.046 13149 13149 I SurfaceView@d3473f7: applyTransactionOnVriDraw: vri = ViewRootImpl@f8b7859[MainActivity] fRS = false t = 0xb4000077d8601d00 android.view.SurfaceView.performSurfaceTransaction:959 android.view.SurfaceView.updateSurface:1105 android.view.SurfaceView.lambda$new$0$android-view-SurfaceView:200 
04-05 12:16:08.046 13149 13149 I ViewRootImpl@f8b7859[MainActivity]: applyTransactionOnDraw: mRemoved = false isHardwareEnabled = true t = 0xb4000077d8601d00android.view.SurfaceView.applyTransactionOnVriDraw:2048 android.view.SurfaceView.performSurfaceTransaction:959 android.view.SurfaceView.updateSurface:1105 android.view.SurfaceView.lambda$new$0$android-view-SurfaceView:200 android.view.SurfaceView$$ExternalSyntheticLambda5.onPreDraw:2 
04-05 12:16:08.046 13149 13149 I SurfaceView@d3473f7: updateSurface: mVisible = true mSurface.isValid() = true
04-05 12:16:08.046 13149 13149 I SurfaceView@d3473f7: updateSurface: mSurfaceCreated = true surfaceChanged = false visibleChanged = false
04-05 12:16:08.046 13149 13149 V SurfaceView@d3473f7: Layout: x=0 y=-856 w=720 h=375, frame=Rect(0, 0 - 720, 375)
04-05 12:16:08.047 13149 13239 D SurfaceView@d3473f7: updateSurfacePosition RenderWorker, frameNr = 199, position = [0, -856, 720, -481] surfaceSize = 720x375
04-05 12:16:08.047 13149 13239 I SurfaceView@d3473f7: uSP: rtp = Rect(0, -856 - 720, -481) rtsw = 720 rtsh = 375
04-05 12:16:08.047 13149 13239 I SurfaceView@d3473f7: onSSPAndSRT: pl = 0 pt = -856 sx = 1.0 sy = 1.0
04-05 12:16:08.047 13149 13239 I SurfaceView@d3473f7: aOrMT: ViewRootImpl@f8b7859[MainActivity] t = android.view.SurfaceControl$Transaction@bd0067b fN = 199 android.view.SurfaceView.-$$Nest$mapplyOrMergeTransaction:0 android.view.SurfaceView$SurfaceViewPositionUpdateListener.positionChanged:1537 android.graphics.RenderNode$CompositePositionUpdateListener.positionChanged:373 
04-05 12:16:08.047 13149 13239 I ViewRootImpl@f8b7859[MainActivity]: mWNT: t=0xb4000077ab8be700 mBlastBufferQueue=0xb4000077c7d0c600 fn= 199 caller= android.view.SurfaceView.applyOrMergeTransaction:1455 android.view.SurfaceView.-$$Nest$mapplyOrMergeTransaction:0 android.view.SurfaceView$SurfaceViewPositionUpdateListener.positionChanged:1537 
04-05 12:16:08.048 13149 13238 I ViewRootImpl@f8b7859[MainActivity]: mWNT: t=0xb4000077d8601d00 mBlastBufferQueue=0xb4000077c7d0c600 fn= 199 caller= android.view.ViewRootImpl.lambda$applyTransactionOnDraw$11$android-view-ViewRootImpl:12865 android.view.ViewRootImpl$$ExternalSyntheticLambda1.onFrameDraw:4 android.graphics.HardwareRenderer$FrameDrawingCallback.onFrameDraw:924 
04-05 12:16:08.062 13149 13149 I SurfaceView@d3473f7: Changes: creating=false format=false size=false visible=false alpha=false hint=false mUseAlpha=false visible=false left=false top=true
04-05 12:16:08.062 13149 13149 I SurfaceView@d3473f7: 221541367 Cur surface: Surface(name=null)/@0x987fffe
04-05 12:16:08.063 13149 13149 I SurfaceView@d3473f7: applyTransactionOnVriDraw: vri = ViewRootImpl@f8b7859[MainActivity] fRS = false t = 0xb4000077c797d000 android.view.SurfaceView.performSurfaceTransaction:959 android.view.SurfaceView.updateSurface:1105 android.view.SurfaceView.lambda$new$0$android-view-SurfaceView:200 
04-05 12:16:08.063 13149 13149 I ViewRootImpl@f8b7859[MainActivity]: applyTransactionOnDraw: mRemoved = false isHardwareEnabled = true t = 0xb4000077c797d000android.view.SurfaceView.applyTransactionOnVriDraw:2048 android.view.SurfaceView.performSurfaceTransaction:959 android.view.SurfaceView.updateSurface:1105 android.view.SurfaceView.lambda$new$0$android-view-SurfaceView:200 android.view.SurfaceView$$ExternalSyntheticLambda5.onPreDraw:2 
04-05 12:16:08.063 13149 13149 I SurfaceView@d3473f7: updateSurface: mVisible = true mSurface.isValid() = true
04-05 12:16:08.063 13149 13149 I SurfaceView@d3473f7: updateSurface: mSurfaceCreated = true surfaceChanged = false visibleChanged = false
04-05 12:16:08.063 13149 13149 V SurfaceView@d3473f7: Layout: x=0 y=-887 w=720 h=375, frame=Rect(0, 0 - 720, 375)
04-05 12:16:08.064 13149 13239 D SurfaceView@d3473f7: updateSurfacePosition RenderWorker, frameNr = 200, position = [0, -887, 720, -512] surfaceSize = 720x375
04-05 12:16:08.064 13149 13239 I SurfaceView@d3473f7: uSP: rtp = Rect(0, -887 - 720, -512) rtsw = 720 rtsh = 375
04-05 12:16:08.064 13149 13239 I SurfaceView@d3473f7: onSSPAndSRT: pl = 0 pt = -887 sx = 1.0 sy = 1.0
04-05 12:16:08.064 13149 13239 I SurfaceView@d3473f7: aOrMT: ViewRootImpl@f8b7859[MainActivity] t = android.view.SurfaceControl$Transaction@bd0067b fN = 200 android.view.SurfaceView.-$$Nest$mapplyOrMergeTransaction:0 android.view.SurfaceView$SurfaceViewPositionUpdateListener.positionChanged:1537 android.graphics.RenderNode$CompositePositionUpdateListener.positionChanged:373 
04-05 12:16:08.064 13149 13239 I ViewRootImpl@f8b7859[MainActivity]: mWNT: t=0xb4000077ab8be700 mBlastBufferQueue=0xb4000077c7d0c600 fn= 200 caller= android.view.SurfaceView.applyOrMergeTransaction:1455 android.view.SurfaceView.-$$Nest$mapplyOrMergeTransaction:0 android.view.SurfaceView$SurfaceViewPositionUpdateListener.positionChanged:1537 
04-05 12:16:08.064 13149 13239 I ViewRootImpl@f8b7859[MainActivity]: mWNT: t=0xb4000077c797d000 mBlastBufferQueue=0xb4000077c7d0c600 fn= 200 caller= android.view.ViewRootImpl.lambda$applyTransactionOnDraw$11$android-view-ViewRootImpl:12865 android.view.ViewRootImpl$$ExternalSyntheticLambda1.onFrameDraw:4 android.graphics.HardwareRenderer$FrameDrawingCallback.onFrameDraw:924 
04-05 12:16:08.079 13149 13149 I SurfaceView@d3473f7: Changes: creating=false format=false size=false visible=false alpha=false hint=false mUseAlpha=false visible=false left=false top=true
04-05 12:16:08.079 13149 13149 I SurfaceView@d3473f7: 221541367 Cur surface: Surface(name=null)/@0x987fffe
04-05 12:16:08.079 13149 13149 I SurfaceView@d3473f7: applyTransactionOnVriDraw: vri = ViewRootImpl@f8b7859[MainActivity] fRS = false t = 0xb4000077c797d600 android.view.SurfaceView.performSurfaceTransaction:959 android.view.SurfaceView.updateSurface:1105 android.view.SurfaceView.lambda$new$0$android-view-SurfaceView:200 
04-05 12:16:08.080 13149 13149 I ViewRootImpl@f8b7859[MainActivity]: applyTransactionOnDraw: mRemoved = false isHardwareEnabled = true t = 0xb4000077c797d600android.view.SurfaceView.applyTransactionOnVriDraw:2048 android.view.SurfaceView.performSurfaceTransaction:959 android.view.SurfaceView.updateSurface:1105 android.view.SurfaceView.lambda$new$0$android-view-SurfaceView:200 android.view.SurfaceView$$ExternalSyntheticLambda5.onPreDraw:2 
04-05 12:16:08.080 13149 13149 I SurfaceView@d3473f7: updateSurface: mVisible = true mSurface.isValid() = true
04-05 12:16:08.080 13149 13149 I SurfaceView@d3473f7: updateSurface: mSurfaceCreated = true surfaceChanged = false visibleChanged = false
04-05 12:16:08.080 13149 13149 V SurfaceView@d3473f7: Layout: x=0 y=-920 w=720 h=375, frame=Rect(0, 0 - 720, 375)
04-05 12:16:08.080 13149 13238 D SurfaceView@d3473f7: updateSurfacePosition RenderWorker, frameNr = 201, position = [0, -920, 720, -545] surfaceSize = 720x375
04-05 12:16:08.080 13149 13238 I SurfaceView@d3473f7: uSP: rtp = Rect(0, -920 - 720, -545) rtsw = 720 rtsh = 375
04-05 12:16:08.081 13149 13238 I SurfaceView@d3473f7: onSSPAndSRT: pl = 0 pt = -920 sx = 1.0 sy = 1.0
04-05 12:16:08.081 13149 13238 I SurfaceView@d3473f7: aOrMT: ViewRootImpl@f8b7859[MainActivity] t = android.view.SurfaceControl$Transaction@bd0067b fN = 201 android.view.SurfaceView.-$$Nest$mapplyOrMergeTransaction:0 android.view.SurfaceView$SurfaceViewPositionUpdateListener.positionChanged:1537 android.graphics.RenderNode$CompositePositionUpdateListener.positionChanged:373 
04-05 12:16:08.081 13149 13238 I ViewRootImpl@f8b7859[MainActivity]: mWNT: t=0xb4000077ab8be700 mBlastBufferQueue=0xb4000077c7d0c600 fn= 201 caller= android.view.SurfaceView.applyOrMergeTransaction:1455 android.view.SurfaceView.-$$Nest$mapplyOrMergeTransaction:0 android.view.SurfaceView$SurfaceViewPositionUpdateListener.positionChanged:1537 
04-05 12:16:08.081 13149 13238 I ViewRootImpl@f8b7859[MainActivity]: mWNT: t=0xb4000077c797d600 mBlastBufferQueue=0xb4000077c7d0c600 fn= 201 caller= android.view.ViewRootImpl.lambda$applyTransactionOnDraw$11$android-view-ViewRootImpl:12865 android.view.ViewRootImpl$$ExternalSyntheticLambda1.onFrameDraw:4 android.graphics.HardwareRenderer$FrameDrawingCallback.onFrameDraw:924 
04-05 12:16:08.096 13149 13149 I SurfaceView@d3473f7: Changes: creating=false format=false size=false visible=false alpha=false hint=false mUseAlpha=false visible=false left=false top=true
04-05 12:16:08.096 13149 13149 I SurfaceView@d3473f7: 221541367 Cur surface: Surface(name=null)/@0x987fffe
04-05 12:16:08.096 13149 13149 I SurfaceView@d3473f7: applyTransactionOnVriDraw: vri = ViewRootImpl@f8b7859[MainActivity] fRS = false t = 0xb4000077c7b10000 android.view.SurfaceView.performSurfaceTransaction:959 android.view.SurfaceView.updateSurface:1105 android.view.SurfaceView.lambda$new$0$android-view-SurfaceView:200 
04-05 12:16:08.096 13149 13149 I ViewRootImpl@f8b7859[MainActivity]: applyTransactionOnDraw: mRemoved = false isHardwareEnabled = true t = 0xb4000077c7b10000android.view.SurfaceView.applyTransactionOnVriDraw:2048 android.view.SurfaceView.performSurfaceTransaction:959 android.view.SurfaceView.updateSurface:1105 android.view.SurfaceView.lambda$new$0$android-view-SurfaceView:200 android.view.SurfaceView$$ExternalSyntheticLambda5.onPreDraw:2 
04-05 12:16:08.096 13149 13149 I SurfaceView@d3473f7: updateSurface: mVisible = true mSurface.isValid() = true
04-05 12:16:08.096 13149 13149 I SurfaceView@d3473f7: updateSurface: mSurfaceCreated = true surfaceChanged = false visibleChanged = false
04-05 12:16:08.096 13149 13149 V SurfaceView@d3473f7: Layout: x=0 y=-949 w=720 h=375, frame=Rect(0, 0 - 720, 375)
04-05 12:16:08.097 13149 13239 D SurfaceView@d3473f7: updateSurfacePosition RenderWorker, frameNr = 202, position = [0, -949, 720, -574] surfaceSize = 720x375
04-05 12:16:08.097 13149 13239 I SurfaceView@d3473f7: uSP: rtp = Rect(0, -949 - 720, -574) rtsw = 720 rtsh = 375
04-05 12:16:08.097 13149 13239 I SurfaceView@d3473f7: onSSPAndSRT: pl = 0 pt = -949 sx = 1.0 sy = 1.0
04-05 12:16:08.097 13149 13239 I SurfaceView@d3473f7: aOrMT: ViewRootImpl@f8b7859[MainActivity] t = android.view.SurfaceControl$Transaction@bd0067b fN = 202 android.view.SurfaceView.-$$Nest$mapplyOrMergeTransaction:0 android.view.SurfaceView$SurfaceViewPositionUpdateListener.positionChanged:1537 android.graphics.RenderNode$CompositePositionUpdateListener.positionChanged:373 
04-05 12:16:08.098 13149 13239 I ViewRootImpl@f8b7859[MainActivity]: mWNT: t=0xb4000077ab8be700 mBlastBufferQueue=0xb4000077c7d0c600 fn= 202 caller= android.view.SurfaceView.applyOrMergeTransaction:1455 android.view.SurfaceView.-$$Nest$mapplyOrMergeTransaction:0 android.view.SurfaceView$SurfaceViewPositionUpdateListener.positionChanged:1537 
04-05 12:16:08.098 13149 13239 I ViewRootImpl@f8b7859[MainActivity]: mWNT: t=0xb4000077c7b10000 mBlastBufferQueue=0xb4000077c7d0c600 fn= 202 caller= android.view.ViewRootImpl.lambda$applyTransactionOnDraw$11$android-view-ViewRootImpl:12865 android.view.ViewRootImpl$$ExternalSyntheticLambda1.onFrameDraw:4 android.graphics.HardwareRenderer$FrameDrawingCallback.onFrameDraw:924 
04-05 12:16:08.112 13149 13149 I SurfaceView@d3473f7: Changes: creating=false format=false size=false visible=false alpha=false hint=false mUseAlpha=false visible=false left=false top=true
04-05 12:16:08.113 13149 13149 I SurfaceView@d3473f7: 221541367 Cur surface: Surface(name=null)/@0x987fffe
04-05 12:16:08.113 13149 13149 I SurfaceView@d3473f7: applyTransactionOnVriDraw: vri = ViewRootImpl@f8b7859[MainActivity] fRS = false t = 0xb4000077c7b10100 android.view.SurfaceView.performSurfaceTransaction:959 android.view.SurfaceView.updateSurface:1105 android.view.SurfaceView.lambda$new$0$android-view-SurfaceView:200 
04-05 12:16:08.113 13149 13149 I ViewRootImpl@f8b7859[MainActivity]: applyTransactionOnDraw: mRemoved = false isHardwareEnabled = true t = 0xb4000077c7b10100android.view.SurfaceView.applyTransactionOnVriDraw:2048 android.view.SurfaceView.performSurfaceTransaction:959 android.view.SurfaceView.updateSurface:1105 android.view.SurfaceView.lambda$new$0$android-view-SurfaceView:200 android.view.SurfaceView$$ExternalSyntheticLambda5.onPreDraw:2 
04-05 12:16:08.113 13149 13149 I SurfaceView@d3473f7: updateSurface: mVisible = true mSurface.isValid() = true
04-05 12:16:08.113 13149 13149 I SurfaceView@d3473f7: updateSurface: mSurfaceCreated = true surfaceChanged = false visibleChanged = false
04-05 12:16:08.113 13149 13149 V SurfaceView@d3473f7: Layout: x=0 y=-966 w=720 h=375, frame=Rect(0, 0 - 720, 375)
04-05 12:16:08.114 13149 13238 D SurfaceView@d3473f7: updateSurfacePosition RenderWorker, frameNr = 203, position = [0, -966, 720, -591] surfaceSize = 720x375
04-05 12:16:08.114 13149 13238 I SurfaceView@d3473f7: uSP: rtp = Rect(0, -966 - 720, -591) rtsw = 720 rtsh = 375
04-05 12:16:08.114 13149 13238 I SurfaceView@d3473f7: onSSPAndSRT: pl = 0 pt = -966 sx = 1.0 sy = 1.0
04-05 12:16:08.114 13149 13238 I SurfaceView@d3473f7: aOrMT: ViewRootImpl@f8b7859[MainActivity] t = android.view.SurfaceControl$Transaction@bd0067b fN = 203 android.view.SurfaceView.-$$Nest$mapplyOrMergeTransaction:0 android.view.SurfaceView$SurfaceViewPositionUpdateListener.positionChanged:1537 android.graphics.RenderNode$CompositePositionUpdateListener.positionChanged:373 
04-05 12:16:08.114 13149 13238 I ViewRootImpl@f8b7859[MainActivity]: mWNT: t=0xb4000077ab8be700 mBlastBufferQueue=0xb4000077c7d0c600 fn= 203 caller= android.view.SurfaceView.applyOrMergeTransaction:1455 android.view.SurfaceView.-$$Nest$mapplyOrMergeTransaction:0 android.view.SurfaceView$SurfaceViewPositionUpdateListener.positionChanged:1537 
04-05 12:16:08.115 13149 13238 I ViewRootImpl@f8b7859[MainActivity]: mWNT: t=0xb4000077c7b10100 mBlastBufferQueue=0xb4000077c7d0c600 fn= 203 caller= android.view.ViewRootImpl.lambda$applyTransactionOnDraw$11$android-view-ViewRootImpl:12865 android.view.ViewRootImpl$$ExternalSyntheticLambda1.onFrameDraw:4 android.graphics.HardwareRenderer$FrameDrawingCallback.onFrameDraw:924 
04-05 12:16:08.117 13149 13149 I ViewRootImpl@f8b7859[MainActivity]: ViewPostIme pointer 1
04-05 12:16:08.129 13149 13149 I SurfaceView@d3473f7: Changes: creating=false format=false size=false visible=false alpha=false hint=false mUseAlpha=false visible=false left=false top=true
04-05 12:16:08.129 13149 13149 I SurfaceView@d3473f7: 221541367 Cur surface: Surface(name=null)/@0x987fffe
04-05 12:16:08.129 13149 13149 I SurfaceView@d3473f7: applyTransactionOnVriDraw: vri = ViewRootImpl@f8b7859[MainActivity] fRS = false t = 0xb4000077c7b10300 android.view.SurfaceView.performSurfaceTransaction:959 android.view.SurfaceView.updateSurface:1105 android.view.SurfaceView.lambda$new$0$android-view-SurfaceView:200 
04-05 12:16:08.129 13149 13149 I ViewRootImpl@f8b7859[MainActivity]: applyTransactionOnDraw: mRemoved = false isHardwareEnabled = true t = 0xb4000077c7b10300android.view.SurfaceView.applyTransactionOnVriDraw:2048 android.view.SurfaceView.performSurfaceTransaction:959 android.view.SurfaceView.updateSurface:1105 android.view.SurfaceView.lambda$new$0$android-view-SurfaceView:200 android.view.SurfaceView$$ExternalSyntheticLambda5.onPreDraw:2 
04-05 12:16:08.129 13149 13149 I SurfaceView@d3473f7: updateSurface: mVisible = true mSurface.isValid() = true
04-05 12:16:08.129 13149 13149 I SurfaceView@d3473f7: updateSurface: mSurfaceCreated = true surfaceChanged = false visibleChanged = false
04-05 12:16:08.129 13149 13149 V SurfaceView@d3473f7: Layout: x=0 y=-986 w=720 h=375, frame=Rect(0, 0 - 720, 375)
04-05 12:16:08.130 13149 13239 I ViewRootImpl@f8b7859[MainActivity]: mWNT: t=0xb4000077c7b10300 mBlastBufferQueue=0xb4000077c7d0c600 fn= 204 caller= android.view.ViewRootImpl.lambda$applyTransactionOnDraw$11$android-view-ViewRootImpl:12865 android.view.ViewRootImpl$$ExternalSyntheticLambda1.onFrameDraw:4 android.graphics.HardwareRenderer$FrameDrawingCallback.onFrameDraw:924 
04-05 12:16:08.145 13149 13149 I SurfaceView@d3473f7: Changes: creating=false format=false size=false visible=false alpha=false hint=false mUseAlpha=false visible=false left=false top=true
04-05 12:16:08.146 13149 13149 I SurfaceView@d3473f7: 221541367 Cur surface: Surface(name=null)/@0x987fffe
04-05 12:16:08.146 13149 13149 I SurfaceView@d3473f7: applyTransactionOnVriDraw: vri = ViewRootImpl@f8b7859[MainActivity] fRS = false t = 0xb4000077c7b10600 android.view.SurfaceView.performSurfaceTransaction:959 android.view.SurfaceView.updateSurface:1105 android.view.SurfaceView.lambda$new$0$android-view-SurfaceView:200 
04-05 12:16:08.146 13149 13149 I ViewRootImpl@f8b7859[MainActivity]: applyTransactionOnDraw: mRemoved = false isHardwareEnabled = true t = 0xb4000077c7b10600android.view.SurfaceView.applyTransactionOnVriDraw:2048 android.view.SurfaceView.performSurfaceTransaction:959 android.view.SurfaceView.updateSurface:1105 android.view.SurfaceView.lambda$new$0$android-view-SurfaceView:200 android.view.SurfaceView$$ExternalSyntheticLambda5.onPreDraw:2 
04-05 12:16:08.146 13149 13149 I SurfaceView@d3473f7: updateSurface: mVisible = true mSurface.isValid() = true
04-05 12:16:08.146 13149 13149 I SurfaceView@d3473f7: updateSurface: mSurfaceCreated = true surfaceChanged = false visibleChanged = false
04-05 12:16:08.146 13149 13149 V SurfaceView@d3473f7: Layout: x=0 y=-1001 w=720 h=375, frame=Rect(0, 0 - 720, 375)
04-05 12:16:08.147 13149 13238 D SurfaceView@d3473f7: updateSurfacePosition RenderWorker, frameNr = 205, position = [0, -1001, 720, -626] surfaceSize = 720x375
04-05 12:16:08.147 13149 13238 I SurfaceView@d3473f7: uSP: rtp = Rect(0, -1001 - 720, -626) rtsw = 720 rtsh = 375
04-05 12:16:08.147 13149 13238 I SurfaceView@d3473f7: onSSPAndSRT: pl = 0 pt = -1001 sx = 1.0 sy = 1.0
04-05 12:16:08.147 13149 13238 I SurfaceView@d3473f7: aOrMT: ViewRootImpl@f8b7859[MainActivity] t = android.view.SurfaceControl$Transaction@bd0067b fN = 205 android.view.SurfaceView.-$$Nest$mapplyOrMergeTransaction:0 android.view.SurfaceView$SurfaceViewPositionUpdateListener.positionChanged:1537 android.graphics.RenderNode$CompositePositionUpdateListener.positionChanged:373 
04-05 12:16:08.147 13149 13238 I ViewRootImpl@f8b7859[MainActivity]: mWNT: t=0xb4000077ab8be700 mBlastBufferQueue=0xb4000077c7d0c600 fn= 205 caller= android.view.SurfaceView.applyOrMergeTransaction:1455 android.view.SurfaceView.-$$Nest$mapplyOrMergeTransaction:0 android.view.SurfaceView$SurfaceViewPositionUpdateListener.positionChanged:1537 
04-05 12:16:08.147 13149 13238 I ViewRootImpl@f8b7859[MainActivity]: mWNT: t=0xb4000077c7b10600 mBlastBufferQueue=0xb4000077c7d0c600 fn= 205 caller= android.view.ViewRootImpl.lambda$applyTransactionOnDraw$11$android-view-ViewRootImpl:12865 android.view.ViewRootImpl$$ExternalSyntheticLambda1.onFrameDraw:4 android.graphics.HardwareRenderer$FrameDrawingCallback.onFrameDraw:924 
04-05 12:16:08.162 13149 13149 I SurfaceView@d3473f7: Changes: creating=false format=false size=false visible=false alpha=false hint=false mUseAlpha=false visible=false left=false top=true
04-05 12:16:08.162 13149 13149 I SurfaceView@d3473f7: 221541367 Cur surface: Surface(name=null)/@0x987fffe
04-05 12:16:08.163 13149 13149 I SurfaceView@d3473f7: applyTransactionOnVriDraw: vri = ViewRootImpl@f8b7859[MainActivity] fRS = false t = 0xb4000077c7b10900 android.view.SurfaceView.performSurfaceTransaction:959 android.view.SurfaceView.updateSurface:1105 android.view.SurfaceView.lambda$new$0$android-view-SurfaceView:200 
04-05 12:16:08.163 13149 13149 I ViewRootImpl@f8b7859[MainActivity]: applyTransactionOnDraw: mRemoved = false isHardwareEnabled = true t = 0xb4000077c7b10900android.view.SurfaceView.applyTransactionOnVriDraw:2048 android.view.SurfaceView.performSurfaceTransaction:959 android.view.SurfaceView.updateSurface:1105 android.view.SurfaceView.lambda$new$0$android-view-SurfaceView:200 android.view.SurfaceView$$ExternalSyntheticLambda5.onPreDraw:2 
04-05 12:16:08.163 13149 13149 I SurfaceView@d3473f7: updateSurface: mVisible = true mSurface.isValid() = true
04-05 12:16:08.163 13149 13149 I SurfaceView@d3473f7: updateSurface: mSurfaceCreated = true surfaceChanged = false visibleChanged = false
04-05 12:16:08.163 13149 13149 V SurfaceView@d3473f7: Layout: x=0 y=-1022 w=720 h=375, frame=Rect(0, 0 - 720, 375)
04-05 12:16:08.164 13149 13239 D SurfaceView@d3473f7: updateSurfacePosition RenderWorker, frameNr = 206, position = [0, -1022, 720, -647] surfaceSize = 720x375
04-05 12:16:08.164 13149 13239 I SurfaceView@d3473f7: uSP: rtp = Rect(0, -1022 - 720, -647) rtsw = 720 rtsh = 375
04-05 12:16:08.164 13149 13239 I SurfaceView@d3473f7: onSSPAndSRT: pl = 0 pt = -1022 sx = 1.0 sy = 1.0
04-05 12:16:08.164 13149 13239 I SurfaceView@d3473f7: aOrMT: ViewRootImpl@f8b7859[MainActivity] t = android.view.SurfaceControl$Transaction@bd0067b fN = 206 android.view.SurfaceView.-$$Nest$mapplyOrMergeTransaction:0 android.view.SurfaceView$SurfaceViewPositionUpdateListener.positionChanged:1537 android.graphics.RenderNode$CompositePositionUpdateListener.positionChanged:373 
04-05 12:16:08.164 13149 13239 I ViewRootImpl@f8b7859[MainActivity]: mWNT: t=0xb4000077ab8be700 mBlastBufferQueue=0xb4000077c7d0c600 fn= 206 caller= android.view.SurfaceView.applyOrMergeTransaction:1455 android.view.SurfaceView.-$$Nest$mapplyOrMergeTransaction:0 android.view.SurfaceView$SurfaceViewPositionUpdateListener.positionChanged:1537 
04-05 12:16:08.165 13149 13239 I ViewRootImpl@f8b7859[MainActivity]: mWNT: t=0xb4000077c7b10900 mBlastBufferQueue=0xb4000077c7d0c600 fn= 206 caller= android.view.ViewRootImpl.lambda$applyTransactionOnDraw$11$android-view-ViewRootImpl:12865 android.view.ViewRootImpl$$ExternalSyntheticLambda1.onFrameDraw:4 android.graphics.HardwareRenderer$FrameDrawingCallback.onFrameDraw:924 
04-05 12:16:08.179 13149 13149 I SurfaceView@d3473f7: Changes: creating=false format=false size=false visible=false alpha=false hint=false mUseAlpha=false visible=false left=false top=true
04-05 12:16:08.179 13149 13149 I SurfaceView@d3473f7: 221541367 Cur surface: Surface(name=null)/@0x987fffe
04-05 12:16:08.179 13149 13149 I SurfaceView@d3473f7: applyTransactionOnVriDraw: vri = ViewRootImpl@f8b7859[MainActivity] fRS = false t = 0xb4000077c7bd0100 android.view.SurfaceView.performSurfaceTransaction:959 android.view.SurfaceView.updateSurface:1105 android.view.SurfaceView.lambda$new$0$android-view-SurfaceView:200 
04-05 12:16:08.179 13149 13149 I ViewRootImpl@f8b7859[MainActivity]: applyTransactionOnDraw: mRemoved = false isHardwareEnabled = true t = 0xb4000077c7bd0100android.view.SurfaceView.applyTransactionOnVriDraw:2048 android.view.SurfaceView.performSurfaceTransaction:959 android.view.SurfaceView.updateSurface:1105 android.view.SurfaceView.lambda$new$0$android-view-SurfaceView:200 android.view.SurfaceView$$ExternalSyntheticLambda5.onPreDraw:2 
04-05 12:16:08.179 13149 13149 I SurfaceView@d3473f7: updateSurface: mVisible = true mSurface.isValid() = true
04-05 12:16:08.179 13149 13149 I SurfaceView@d3473f7: updateSurface: mSurfaceCreated = true surfaceChanged = false visibleChanged = false
04-05 12:16:08.180 13149 13149 V SurfaceView@d3473f7: Layout: x=0 y=-1049 w=720 h=375, frame=Rect(0, 0 - 720, 375)
04-05 12:16:08.180 13149 13238 D SurfaceView@d3473f7: updateSurfacePosition RenderWorker, frameNr = 207, position = [0, -1049, 720, -674] surfaceSize = 720x375
04-05 12:16:08.180 13149 13238 I SurfaceView@d3473f7: uSP: rtp = Rect(0, -1049 - 720, -674) rtsw = 720 rtsh = 375
04-05 12:16:08.180 13149 13238 I SurfaceView@d3473f7: onSSPAndSRT: pl = 0 pt = -1049 sx = 1.0 sy = 1.0
04-05 12:16:08.181 13149 13238 I SurfaceView@d3473f7: aOrMT: ViewRootImpl@f8b7859[MainActivity] t = android.view.SurfaceControl$Transaction@bd0067b fN = 207 android.view.SurfaceView.-$$Nest$mapplyOrMergeTransaction:0 android.view.SurfaceView$SurfaceViewPositionUpdateListener.positionChanged:1537 android.graphics.RenderNode$CompositePositionUpdateListener.positionChanged:373 
04-05 12:16:08.181 13149 13238 I ViewRootImpl@f8b7859[MainActivity]: mWNT: t=0xb4000077ab8be700 mBlastBufferQueue=0xb4000077c7d0c600 fn= 207 caller= android.view.SurfaceView.applyOrMergeTransaction:1455 android.view.SurfaceView.-$$Nest$mapplyOrMergeTransaction:0 android.view.SurfaceView$SurfaceViewPositionUpdateListener.positionChanged:1537 
