04-05 10:43:05.928 28757 28757 I SurfaceView@3d7d945: applyTransactionOnVriDraw: vri = ViewRootImpl@eb84c2a[MainActivity] fRS = false t = 0xb4000077d6f7d700 android.view.SurfaceView.performSurfaceTransaction:959 android.view.SurfaceView.updateSurface:1105 android.view.SurfaceView.lambda$new$0$android-view-SurfaceView:200 
04-05 10:43:05.928 28757 28757 I ViewRootImpl@eb84c2a[MainActivity]: applyTransactionOnDraw: mRemoved = false isHardwareEnabled = true t = 0xb4000077d6f7d700android.view.SurfaceView.applyTransactionOnVriDraw:2048 android.view.SurfaceView.performSurfaceTransaction:959 android.view.SurfaceView.updateSurface:1105 android.view.SurfaceView.lambda$new$0$android-view-SurfaceView:200 android.view.SurfaceView$$ExternalSyntheticLambda5.onPreDraw:2 
04-05 10:43:05.928 28757 28757 I SurfaceView@3d7d945: updateSurface: mVisible = true mSurface.isValid() = true
04-05 10:43:05.928 28757 28757 I SurfaceView@3d7d945: updateSurface: mSurfaceCreated = true surfaceChanged = false visibleChanged = false
04-05 10:43:05.928 28757 28757 V SurfaceView@3d7d945: Layout: x=0 y=-416 w=720 h=375, frame=Rect(0, 0 - 720, 375)
04-05 10:43:05.929 28757 28851 D SurfaceView@3d7d945: updateSurfacePosition RenderWorker, frameNr = 249, position = [0, -416, 720, -41] surfaceSize = 720x375
04-05 10:43:05.929 28757 28851 I SurfaceView@3d7d945: uSP: rtp = Rect(0, -416 - 720, -41) rtsw = 720 rtsh = 375
04-05 10:43:05.929 28757 28851 I SurfaceView@3d7d945: onSSPAndSRT: pl = 0 pt = -416 sx = 1.0 sy = 1.0
04-05 10:43:05.929 28757 28851 I SurfaceView@3d7d945: aOrMT: ViewRootImpl@eb84c2a[MainActivity] t = android.view.SurfaceControl$Transaction@283b4e3 fN = 249 android.view.SurfaceView.-$$Nest$mapplyOrMergeTransaction:0 android.view.SurfaceView$SurfaceViewPositionUpdateListener.positionChanged:1537 android.graphics.RenderNode$CompositePositionUpdateListener.positionChanged:373 
04-05 10:43:05.930 28757 28851 I ViewRootImpl@eb84c2a[MainActivity]: mWNT: t=0xb4000077b72d8b00 mBlastBufferQueue=0xb4000077b6f3b400 fn= 249 caller= android.view.SurfaceView.applyOrMergeTransaction:1455 android.view.SurfaceView.-$$Nest$mapplyOrMergeTransaction:0 android.view.SurfaceView$SurfaceViewPositionUpdateListener.positionChanged:1537 
04-05 10:43:05.930 28757 28851 I ViewRootImpl@eb84c2a[MainActivity]: mWNT: t=0xb4000077d6f7d700 mBlastBufferQueue=0xb4000077b6f3b400 fn= 249 caller= android.view.ViewRootImpl.lambda$applyTransactionOnDraw$11$android-view-ViewRootImpl:12865 android.view.ViewRootImpl$$ExternalSyntheticLambda1.onFrameDraw:4 android.graphics.HardwareRenderer$FrameDrawingCallback.onFrameDraw:924 
04-05 10:43:05.942 28757 28757 I SurfaceView@3d7d945: Changes: creating=false format=false size=false visible=false alpha=false hint=false mUseAlpha=false visible=false left=false top=true
04-05 10:43:05.942 28757 28757 I SurfaceView@3d7d945: 64477509 Cur surface: Surface(name=null)/@0x9a01b61
04-05 10:43:05.943 28757 28757 I SurfaceView@3d7d945: applyTransactionOnVriDraw: vri = ViewRootImpl@eb84c2a[MainActivity] fRS = false t = 0xb4000077d6f7d800 android.view.SurfaceView.performSurfaceTransaction:959 android.view.SurfaceView.updateSurface:1105 android.view.SurfaceView.lambda$new$0$android-view-SurfaceView:200 
04-05 10:43:05.943 28757 28757 I ViewRootImpl@eb84c2a[MainActivity]: applyTransactionOnDraw: mRemoved = false isHardwareEnabled = true t = 0xb4000077d6f7d800android.view.SurfaceView.applyTransactionOnVriDraw:2048 android.view.SurfaceView.performSurfaceTransaction:959 android.view.SurfaceView.updateSurface:1105 android.view.SurfaceView.lambda$new$0$android-view-SurfaceView:200 android.view.SurfaceView$$ExternalSyntheticLambda5.onPreDraw:2 
04-05 10:43:05.943 28757 28757 I SurfaceView@3d7d945: updateSurface: mVisible = true mSurface.isValid() = true
04-05 10:43:05.943 28757 28757 I SurfaceView@3d7d945: updateSurface: mSurfaceCreated = true surfaceChanged = false visibleChanged = false
04-05 10:43:05.943 28757 28757 V SurfaceView@3d7d945: Layout: x=0 y=-446 w=720 h=375, frame=Rect(0, 0 - 720, 375)
04-05 10:43:05.944 28757 28852 D SurfaceView@3d7d945: updateSurfacePosition RenderWorker, frameNr = 250, position = [0, -446, 720, -71] surfaceSize = 720x375
04-05 10:43:05.944 28757 28852 I SurfaceView@3d7d945: uSP: rtp = Rect(0, -446 - 720, -71) rtsw = 720 rtsh = 375
04-05 10:43:05.944 28757 28852 I SurfaceView@3d7d945: onSSPAndSRT: pl = 0 pt = -446 sx = 1.0 sy = 1.0
04-05 10:43:05.944 28757 28852 I SurfaceView@3d7d945: aOrMT: ViewRootImpl@eb84c2a[MainActivity] t = android.view.SurfaceControl$Transaction@283b4e3 fN = 250 android.view.SurfaceView.-$$Nest$mapplyOrMergeTransaction:0 android.view.SurfaceView$SurfaceViewPositionUpdateListener.positionChanged:1537 android.graphics.RenderNode$CompositePositionUpdateListener.positionChanged:373 
04-05 10:43:05.944 28757 28852 I ViewRootImpl@eb84c2a[MainActivity]: mWNT: t=0xb4000077b72d8b00 mBlastBufferQueue=0xb4000077b6f3b400 fn= 250 caller= android.view.SurfaceView.applyOrMergeTransaction:1455 android.view.SurfaceView.-$$Nest$mapplyOrMergeTransaction:0 android.view.SurfaceView$SurfaceViewPositionUpdateListener.positionChanged:1537 
04-05 10:43:05.945 28757 28851 I ViewRootImpl@eb84c2a[MainActivity]: mWNT: t=0xb4000077d6f7d800 mBlastBufferQueue=0xb4000077b6f3b400 fn= 250 caller= android.view.ViewRootImpl.lambda$applyTransactionOnDraw$11$android-view-ViewRootImpl:12865 android.view.ViewRootImpl$$ExternalSyntheticLambda1.onFrameDraw:4 android.graphics.HardwareRenderer$FrameDrawingCallback.onFrameDraw:924 
04-05 10:43:05.959 28757 28757 I SurfaceView@3d7d945: Changes: creating=false format=false size=false visible=false alpha=false hint=false mUseAlpha=false visible=false left=false top=true
04-05 10:43:05.959 28757 28757 I SurfaceView@3d7d945: 64477509 Cur surface: Surface(name=null)/@0x9a01b61
04-05 10:43:05.959 28757 28757 I SurfaceView@3d7d945: applyTransactionOnVriDraw: vri = ViewRootImpl@eb84c2a[MainActivity] fRS = false t = 0xb4000077d6f7d900 android.view.SurfaceView.performSurfaceTransaction:959 android.view.SurfaceView.updateSurface:1105 android.view.SurfaceView.lambda$new$0$android-view-SurfaceView:200 
04-05 10:43:05.959 28757 28757 I ViewRootImpl@eb84c2a[MainActivity]: applyTransactionOnDraw: mRemoved = false isHardwareEnabled = true t = 0xb4000077d6f7d900android.view.SurfaceView.applyTransactionOnVriDraw:2048 android.view.SurfaceView.performSurfaceTransaction:959 android.view.SurfaceView.updateSurface:1105 android.view.SurfaceView.lambda$new$0$android-view-SurfaceView:200 android.view.SurfaceView$$ExternalSyntheticLambda5.onPreDraw:2 
04-05 10:43:05.960 28757 28757 I SurfaceView@3d7d945: updateSurface: mVisible = true mSurface.isValid() = true
04-05 10:43:05.960 28757 28757 I SurfaceView@3d7d945: updateSurface: mSurfaceCreated = true surfaceChanged = false visibleChanged = false
04-05 10:43:05.960 28757 28757 V SurfaceView@3d7d945: Layout: x=0 y=-470 w=720 h=375, frame=Rect(0, 0 - 720, 375)
04-05 10:43:05.960 28757 28852 D SurfaceView@3d7d945: updateSurfacePosition RenderWorker, frameNr = 251, position = [0, -470, 720, -95] surfaceSize = 720x375
04-05 10:43:05.960 28757 28852 I SurfaceView@3d7d945: uSP: rtp = Rect(0, -470 - 720, -95) rtsw = 720 rtsh = 375
04-05 10:43:05.960 28757 28852 I SurfaceView@3d7d945: onSSPAndSRT: pl = 0 pt = -470 sx = 1.0 sy = 1.0
04-05 10:43:05.960 28757 28852 I SurfaceView@3d7d945: aOrMT: ViewRootImpl@eb84c2a[MainActivity] t = android.view.SurfaceControl$Transaction@283b4e3 fN = 251 android.view.SurfaceView.-$$Nest$mapplyOrMergeTransaction:0 android.view.SurfaceView$SurfaceViewPositionUpdateListener.positionChanged:1537 android.graphics.RenderNode$CompositePositionUpdateListener.positionChanged:373 
04-05 10:43:05.961 28757 28852 I ViewRootImpl@eb84c2a[MainActivity]: mWNT: t=0xb4000077b72d8b00 mBlastBufferQueue=0xb4000077b6f3b400 fn= 251 caller= android.view.SurfaceView.applyOrMergeTransaction:1455 android.view.SurfaceView.-$$Nest$mapplyOrMergeTransaction:0 android.view.SurfaceView$SurfaceViewPositionUpdateListener.positionChanged:1537 
04-05 10:43:05.961 28757 28852 I ViewRootImpl@eb84c2a[MainActivity]: mWNT: t=0xb4000077d6f7d900 mBlastBufferQueue=0xb4000077b6f3b400 fn= 251 caller= android.view.ViewRootImpl.lambda$applyTransactionOnDraw$11$android-view-ViewRootImpl:12865 android.view.ViewRootImpl$$ExternalSyntheticLambda1.onFrameDraw:4 android.graphics.HardwareRenderer$FrameDrawingCallback.onFrameDraw:924 
04-05 10:43:05.976 28757 28757 I SurfaceView@3d7d945: Changes: creating=false format=false size=false visible=false alpha=false hint=false mUseAlpha=false visible=false left=false top=true
04-05 10:43:05.976 28757 28757 I SurfaceView@3d7d945: 64477509 Cur surface: Surface(name=null)/@0x9a01b61
04-05 10:43:05.976 28757 28757 I SurfaceView@3d7d945: applyTransactionOnVriDraw: vri = ViewRootImpl@eb84c2a[MainActivity] fRS = false t = 0xb4000077d6f7da00 android.view.SurfaceView.performSurfaceTransaction:959 android.view.SurfaceView.updateSurface:1105 android.view.SurfaceView.lambda$new$0$android-view-SurfaceView:200 
04-05 10:43:05.976 28757 28757 I ViewRootImpl@eb84c2a[MainActivity]: applyTransactionOnDraw: mRemoved = false isHardwareEnabled = true t = 0xb4000077d6f7da00android.view.SurfaceView.applyTransactionOnVriDraw:2048 android.view.SurfaceView.performSurfaceTransaction:959 android.view.SurfaceView.updateSurface:1105 android.view.SurfaceView.lambda$new$0$android-view-SurfaceView:200 android.view.SurfaceView$$ExternalSyntheticLambda5.onPreDraw:2 
04-05 10:43:05.976 28757 28757 I SurfaceView@3d7d945: updateSurface: mVisible = true mSurface.isValid() = true
04-05 10:43:05.976 28757 28757 I SurfaceView@3d7d945: updateSurface: mSurfaceCreated = true surfaceChanged = false visibleChanged = false
04-05 10:43:05.976 28757 28757 V SurfaceView@3d7d945: Layout: x=0 y=-483 w=720 h=375, frame=Rect(0, 0 - 720, 375)
04-05 10:43:05.977 28757 28851 D SurfaceView@3d7d945: updateSurfacePosition RenderWorker, frameNr = 252, position = [0, -483, 720, -108] surfaceSize = 720x375
04-05 10:43:05.977 28757 28851 I SurfaceView@3d7d945: uSP: rtp = Rect(0, -483 - 720, -108) rtsw = 720 rtsh = 375
04-05 10:43:05.977 28757 28851 I SurfaceView@3d7d945: onSSPAndSRT: pl = 0 pt = -483 sx = 1.0 sy = 1.0
04-05 10:43:05.977 28757 28851 I SurfaceView@3d7d945: aOrMT: ViewRootImpl@eb84c2a[MainActivity] t = android.view.SurfaceControl$Transaction@283b4e3 fN = 252 android.view.SurfaceView.-$$Nest$mapplyOrMergeTransaction:0 android.view.SurfaceView$SurfaceViewPositionUpdateListener.positionChanged:1537 android.graphics.RenderNode$CompositePositionUpdateListener.positionChanged:373 
04-05 10:43:05.977 28757 28851 I ViewRootImpl@eb84c2a[MainActivity]: mWNT: t=0xb4000077b72d8b00 mBlastBufferQueue=0xb4000077b6f3b400 fn= 252 caller= android.view.SurfaceView.applyOrMergeTransaction:1455 android.view.SurfaceView.-$$Nest$mapplyOrMergeTransaction:0 android.view.SurfaceView$SurfaceViewPositionUpdateListener.positionChanged:1537 
04-05 10:43:05.978 28757 28851 I ViewRootImpl@eb84c2a[MainActivity]: mWNT: t=0xb4000077d6f7da00 mBlastBufferQueue=0xb4000077b6f3b400 fn= 252 caller= android.view.ViewRootImpl.lambda$applyTransactionOnDraw$11$android-view-ViewRootImpl:12865 android.view.ViewRootImpl$$ExternalSyntheticLambda1.onFrameDraw:4 android.graphics.HardwareRenderer$FrameDrawingCallback.onFrameDraw:924 
04-05 10:43:05.993 28757 28757 I SurfaceView@3d7d945: Changes: creating=false format=false size=false visible=false alpha=false hint=false mUseAlpha=false visible=false left=false top=true
04-05 10:43:05.993 28757 28757 I SurfaceView@3d7d945: 64477509 Cur surface: Surface(name=null)/@0x9a01b61
04-05 10:43:05.993 28757 28757 I SurfaceView@3d7d945: applyTransactionOnVriDraw: vri = ViewRootImpl@eb84c2a[MainActivity] fRS = false t = 0xb4000077d6f7db00 android.view.SurfaceView.performSurfaceTransaction:959 android.view.SurfaceView.updateSurface:1105 android.view.SurfaceView.lambda$new$0$android-view-SurfaceView:200 
04-05 10:43:05.993 28757 28757 I ViewRootImpl@eb84c2a[MainActivity]: applyTransactionOnDraw: mRemoved = false isHardwareEnabled = true t = 0xb4000077d6f7db00android.view.SurfaceView.applyTransactionOnVriDraw:2048 android.view.SurfaceView.performSurfaceTransaction:959 android.view.SurfaceView.updateSurface:1105 android.view.SurfaceView.lambda$new$0$android-view-SurfaceView:200 android.view.SurfaceView$$ExternalSyntheticLambda5.onPreDraw:2 
04-05 10:43:05.993 28757 28757 I SurfaceView@3d7d945: updateSurface: mVisible = true mSurface.isValid() = true
04-05 10:43:05.993 28757 28757 I SurfaceView@3d7d945: updateSurface: mSurfaceCreated = true surfaceChanged = false visibleChanged = false
04-05 10:43:05.993 28757 28757 V SurfaceView@3d7d945: Layout: x=0 y=-490 w=720 h=375, frame=Rect(0, 0 - 720, 375)
04-05 10:43:05.994 28757 28852 D SurfaceView@3d7d945: updateSurfacePosition RenderWorker, frameNr = 253, position = [0, -490, 720, -115] surfaceSize = 720x375
04-05 10:43:05.994 28757 28852 I SurfaceView@3d7d945: uSP: rtp = Rect(0, -490 - 720, -115) rtsw = 720 rtsh = 375
04-05 10:43:05.995 28757 28852 I SurfaceView@3d7d945: onSSPAndSRT: pl = 0 pt = -490 sx = 1.0 sy = 1.0
04-05 10:43:05.995 28757 28852 I SurfaceView@3d7d945: aOrMT: ViewRootImpl@eb84c2a[MainActivity] t = android.view.SurfaceControl$Transaction@283b4e3 fN = 253 android.view.SurfaceView.-$$Nest$mapplyOrMergeTransaction:0 android.view.SurfaceView$SurfaceViewPositionUpdateListener.positionChanged:1537 android.graphics.RenderNode$CompositePositionUpdateListener.positionChanged:373 
04-05 10:43:05.995 28757 28852 I ViewRootImpl@eb84c2a[MainActivity]: mWNT: t=0xb4000077b72d8b00 mBlastBufferQueue=0xb4000077b6f3b400 fn= 253 caller= android.view.SurfaceView.applyOrMergeTransaction:1455 android.view.SurfaceView.-$$Nest$mapplyOrMergeTransaction:0 android.view.SurfaceView$SurfaceViewPositionUpdateListener.positionChanged:1537 
04-05 10:43:05.995 28757 28852 I ViewRootImpl@eb84c2a[MainActivity]: mWNT: t=0xb4000077d6f7db00 mBlastBufferQueue=0xb4000077b6f3b400 fn= 253 caller= android.view.ViewRootImpl.lambda$applyTransactionOnDraw$11$android-view-ViewRootImpl:12865 android.view.ViewRootImpl$$ExternalSyntheticLambda1.onFrameDraw:4 android.graphics.HardwareRenderer$FrameDrawingCallback.onFrameDraw:924 
04-05 10:43:06.009 28757 28757 I SurfaceView@3d7d945: Changes: creating=false format=false size=false visible=false alpha=false hint=false mUseAlpha=false visible=false left=false top=true
04-05 10:43:06.009 28757 28757 I SurfaceView@3d7d945: 64477509 Cur surface: Surface(name=null)/@0x9a01b61
04-05 10:43:06.010 28757 28757 I SurfaceView@3d7d945: applyTransactionOnVriDraw: vri = ViewRootImpl@eb84c2a[MainActivity] fRS = false t = 0xb4000077d6f7dc00 android.view.SurfaceView.performSurfaceTransaction:959 android.view.SurfaceView.updateSurface:1105 android.view.SurfaceView.lambda$new$0$android-view-SurfaceView:200 
04-05 10:43:06.010 28757 28757 I ViewRootImpl@eb84c2a[MainActivity]: applyTransactionOnDraw: mRemoved = false isHardwareEnabled = true t = 0xb4000077d6f7dc00android.view.SurfaceView.applyTransactionOnVriDraw:2048 android.view.SurfaceView.performSurfaceTransaction:959 android.view.SurfaceView.updateSurface:1105 android.view.SurfaceView.lambda$new$0$android-view-SurfaceView:200 android.view.SurfaceView$$ExternalSyntheticLambda5.onPreDraw:2 
04-05 10:43:06.010 28757 28757 I SurfaceView@3d7d945: updateSurface: mVisible = true mSurface.isValid() = true
04-05 10:43:06.010 28757 28757 I SurfaceView@3d7d945: updateSurface: mSurfaceCreated = true surfaceChanged = false visibleChanged = false
04-05 10:43:06.010 28757 28757 V SurfaceView@3d7d945: Layout: x=0 y=-496 w=720 h=375, frame=Rect(0, 0 - 720, 375)
04-05 10:43:06.011 28757 28851 D SurfaceView@3d7d945: updateSurfacePosition RenderWorker, frameNr = 254, position = [0, -496, 720, -121] surfaceSize = 720x375
04-05 10:43:06.011 28757 28851 I SurfaceView@3d7d945: uSP: rtp = Rect(0, -496 - 720, -121) rtsw = 720 rtsh = 375
04-05 10:43:06.011 28757 28851 I SurfaceView@3d7d945: onSSPAndSRT: pl = 0 pt = -496 sx = 1.0 sy = 1.0
04-05 10:43:06.011 28757 28851 I SurfaceView@3d7d945: aOrMT: ViewRootImpl@eb84c2a[MainActivity] t = android.view.SurfaceControl$Transaction@283b4e3 fN = 254 android.view.SurfaceView.-$$Nest$mapplyOrMergeTransaction:0 android.view.SurfaceView$SurfaceViewPositionUpdateListener.positionChanged:1537 android.graphics.RenderNode$CompositePositionUpdateListener.positionChanged:373 
04-05 10:43:06.012 28757 28851 I ViewRootImpl@eb84c2a[MainActivity]: mWNT: t=0xb4000077b72d8b00 mBlastBufferQueue=0xb4000077b6f3b400 fn= 254 caller= android.view.SurfaceView.applyOrMergeTransaction:1455 android.view.SurfaceView.-$$Nest$mapplyOrMergeTransaction:0 android.view.SurfaceView$SurfaceViewPositionUpdateListener.positionChanged:1537 
04-05 10:43:06.012 28757 28851 I ViewRootImpl@eb84c2a[MainActivity]: mWNT: t=0xb4000077d6f7dc00 mBlastBufferQueue=0xb4000077b6f3b400 fn= 254 caller= android.view.ViewRootImpl.lambda$applyTransactionOnDraw$11$android-view-ViewRootImpl:12865 android.view.ViewRootImpl$$ExternalSyntheticLambda1.onFrameDraw:4 android.graphics.HardwareRenderer$FrameDrawingCallback.onFrameDraw:924 
04-05 10:43:06.026 28757 28757 I SurfaceView@3d7d945: Changes: creating=false format=false size=false visible=false alpha=false hint=false mUseAlpha=false visible=false left=false top=true
04-05 10:43:06.027 28757 28757 I SurfaceView@3d7d945: 64477509 Cur surface: Surface(name=null)/@0x9a01b61
04-05 10:43:06.027 28757 28757 I SurfaceView@3d7d945: applyTransactionOnVriDraw: vri = ViewRootImpl@eb84c2a[MainActivity] fRS = false t = 0xb4000077d6f7dd00 android.view.SurfaceView.performSurfaceTransaction:959 android.view.SurfaceView.updateSurface:1105 android.view.SurfaceView.lambda$new$0$android-view-SurfaceView:200 
04-05 10:43:06.027 28757 28757 I ViewRootImpl@eb84c2a[MainActivity]: applyTransactionOnDraw: mRemoved = false isHardwareEnabled = true t = 0xb4000077d6f7dd00android.view.SurfaceView.applyTransactionOnVriDraw:2048 android.view.SurfaceView.performSurfaceTransaction:959 android.view.SurfaceView.updateSurface:1105 android.view.SurfaceView.lambda$new$0$android-view-SurfaceView:200 android.view.SurfaceView$$ExternalSyntheticLambda5.onPreDraw:2 
04-05 10:43:06.027 28757 28757 I SurfaceView@3d7d945: updateSurface: mVisible = true mSurface.isValid() = true
04-05 10:43:06.027 28757 28757 I SurfaceView@3d7d945: updateSurface: mSurfaceCreated = true surfaceChanged = false visibleChanged = false
04-05 10:43:06.027 28757 28757 V SurfaceView@3d7d945: Layout: x=0 y=-501 w=720 h=375, frame=Rect(0, 0 - 720, 375)
04-05 10:43:06.028 28757 28852 D SurfaceView@3d7d945: updateSurfacePosition RenderWorker, frameNr = 255, position = [0, -501, 720, -126] surfaceSize = 720x375
04-05 10:43:06.028 28757 28852 I SurfaceView@3d7d945: uSP: rtp = Rect(0, -501 - 720, -126) rtsw = 720 rtsh = 375
04-05 10:43:06.028 28757 28852 I SurfaceView@3d7d945: onSSPAndSRT: pl = 0 pt = -501 sx = 1.0 sy = 1.0
04-05 10:43:06.028 28757 28852 I SurfaceView@3d7d945: aOrMT: ViewRootImpl@eb84c2a[MainActivity] t = android.view.SurfaceControl$Transaction@283b4e3 fN = 255 android.view.SurfaceView.-$$Nest$mapplyOrMergeTransaction:0 android.view.SurfaceView$SurfaceViewPositionUpdateListener.positionChanged:1537 android.graphics.RenderNode$CompositePositionUpdateListener.positionChanged:373 
04-05 10:43:06.028 28757 28852 I ViewRootImpl@eb84c2a[MainActivity]: mWNT: t=0xb4000077b72d8b00 mBlastBufferQueue=0xb4000077b6f3b400 fn= 255 caller= android.view.SurfaceView.applyOrMergeTransaction:1455 android.view.SurfaceView.-$$Nest$mapplyOrMergeTransaction:0 android.view.SurfaceView$SurfaceViewPositionUpdateListener.positionChanged:1537 
04-05 10:43:06.029 28757 28851 I ViewRootImpl@eb84c2a[MainActivity]: mWNT: t=0xb4000077d6f7dd00 mBlastBufferQueue=0xb4000077b6f3b400 fn= 255 caller= android.view.ViewRootImpl.lambda$applyTransactionOnDraw$11$android-view-ViewRootImpl:12865 android.view.ViewRootImpl$$ExternalSyntheticLambda1.onFrameDraw:4 android.graphics.HardwareRenderer$FrameDrawingCallback.onFrameDraw:924 
04-05 10:43:06.042 28757 28757 I SurfaceView@3d7d945: Changes: creating=false format=false size=false visible=false alpha=false hint=false mUseAlpha=false visible=false left=false top=true
04-05 10:43:06.043 28757 28757 I SurfaceView@3d7d945: 64477509 Cur surface: Surface(name=null)/@0x9a01b61
04-05 10:43:06.043 28757 28757 I SurfaceView@3d7d945: applyTransactionOnVriDraw: vri = ViewRootImpl@eb84c2a[MainActivity] fRS = false t = 0xb4000077d6f7de00 android.view.SurfaceView.performSurfaceTransaction:959 android.view.SurfaceView.updateSurface:1105 android.view.SurfaceView.lambda$new$0$android-view-SurfaceView:200 
04-05 10:43:06.043 28757 28757 I ViewRootImpl@eb84c2a[MainActivity]: applyTransactionOnDraw: mRemoved = false isHardwareEnabled = true t = 0xb4000077d6f7de00android.view.SurfaceView.applyTransactionOnVriDraw:2048 android.view.SurfaceView.performSurfaceTransaction:959 android.view.SurfaceView.updateSurface:1105 android.view.SurfaceView.lambda$new$0$android-view-SurfaceView:200 android.view.SurfaceView$$ExternalSyntheticLambda5.onPreDraw:2 
04-05 10:43:06.043 28757 28757 I SurfaceView@3d7d945: updateSurface: mVisible = true mSurface.isValid() = true
04-05 10:43:06.043 28757 28757 I SurfaceView@3d7d945: updateSurface: mSurfaceCreated = true surfaceChanged = false visibleChanged = false
04-05 10:43:06.043 28757 28757 V SurfaceView@3d7d945: Layout: x=0 y=-508 w=720 h=375, frame=Rect(0, 0 - 720, 375)
04-05 10:43:06.044 28757 28852 D SurfaceView@3d7d945: updateSurfacePosition RenderWorker, frameNr = 256, position = [0, -508, 720, -133] surfaceSize = 720x375
04-05 10:43:06.044 28757 28852 I SurfaceView@3d7d945: uSP: rtp = Rect(0, -508 - 720, -133) rtsw = 720 rtsh = 375
04-05 10:43:06.044 28757 28852 I SurfaceView@3d7d945: onSSPAndSRT: pl = 0 pt = -508 sx = 1.0 sy = 1.0
04-05 10:43:06.044 28757 28852 I SurfaceView@3d7d945: aOrMT: ViewRootImpl@eb84c2a[MainActivity] t = android.view.SurfaceControl$Transaction@283b4e3 fN = 256 android.view.SurfaceView.-$$Nest$mapplyOrMergeTransaction:0 android.view.SurfaceView$SurfaceViewPositionUpdateListener.positionChanged:1537 android.graphics.RenderNode$CompositePositionUpdateListener.positionChanged:373 
04-05 10:43:06.045 28757 28852 I ViewRootImpl@eb84c2a[MainActivity]: mWNT: t=0xb4000077b72d8b00 mBlastBufferQueue=0xb4000077b6f3b400 fn= 256 caller= android.view.SurfaceView.applyOrMergeTransaction:1455 android.view.SurfaceView.-$$Nest$mapplyOrMergeTransaction:0 android.view.SurfaceView$SurfaceViewPositionUpdateListener.positionChanged:1537 
04-05 10:43:06.045 28757 28852 I ViewRootImpl@eb84c2a[MainActivity]: mWNT: t=0xb4000077d6f7de00 mBlastBufferQueue=0xb4000077b6f3b400 fn= 256 caller= android.view.ViewRootImpl.lambda$applyTransactionOnDraw$11$android-view-ViewRootImpl:12865 android.view.ViewRootImpl$$ExternalSyntheticLambda1.onFrameDraw:4 android.graphics.HardwareRenderer$FrameDrawingCallback.onFrameDraw:924 
04-05 10:43:06.059 28757 28757 I SurfaceView@3d7d945: Changes: creating=false format=false size=false visible=false alpha=false hint=false mUseAlpha=false visible=false left=false top=true
04-05 10:43:06.059 28757 28757 I SurfaceView@3d7d945: 64477509 Cur surface: Surface(name=null)/@0x9a01b61
04-05 10:43:06.059 28757 28757 I SurfaceView@3d7d945: applyTransactionOnVriDraw: vri = ViewRootImpl@eb84c2a[MainActivity] fRS = false t = 0xb4000077d6f7df00 android.view.SurfaceView.performSurfaceTransaction:959 android.view.SurfaceView.updateSurface:1105 android.view.SurfaceView.lambda$new$0$android-view-SurfaceView:200 
04-05 10:43:06.060 28757 28757 I ViewRootImpl@eb84c2a[MainActivity]: applyTransactionOnDraw: mRemoved = false isHardwareEnabled = true t = 0xb4000077d6f7df00android.view.SurfaceView.applyTransactionOnVriDraw:2048 android.view.SurfaceView.performSurfaceTransaction:959 android.view.SurfaceView.updateSurface:1105 android.view.SurfaceView.lambda$new$0$android-view-SurfaceView:200 android.view.SurfaceView$$ExternalSyntheticLambda5.onPreDraw:2 
04-05 10:43:06.060 28757 28757 I SurfaceView@3d7d945: updateSurface: mVisible = true mSurface.isValid() = true
04-05 10:43:06.060 28757 28757 I SurfaceView@3d7d945: updateSurface: mSurfaceCreated = true surfaceChanged = false visibleChanged = false
04-05 10:43:06.060 28757 28757 V SurfaceView@3d7d945: Layout: x=0 y=-516 w=720 h=375, frame=Rect(0, 0 - 720, 375)
04-05 10:43:06.061 28757 28851 D SurfaceView@3d7d945: updateSurfacePosition RenderWorker, frameNr = 257, position = [0, -516, 720, -141] surfaceSize = 720x375
04-05 10:43:06.061 28757 28851 I SurfaceView@3d7d945: uSP: rtp = Rect(0, -516 - 720, -141) rtsw = 720 rtsh = 375
04-05 10:43:06.061 28757 28851 I SurfaceView@3d7d945: onSSPAndSRT: pl = 0 pt = -516 sx = 1.0 sy = 1.0
04-05 10:43:06.061 28757 28851 I SurfaceView@3d7d945: aOrMT: ViewRootImpl@eb84c2a[MainActivity] t = android.view.SurfaceControl$Transaction@283b4e3 fN = 257 android.view.SurfaceView.-$$Nest$mapplyOrMergeTransaction:0 android.view.SurfaceView$SurfaceViewPositionUpdateListener.positionChanged:1537 android.graphics.RenderNode$CompositePositionUpdateListener.positionChanged:373 
04-05 10:43:06.061 28757 28851 I ViewRootImpl@eb84c2a[MainActivity]: mWNT: t=0xb4000077b72d8b00 mBlastBufferQueue=0xb4000077b6f3b400 fn= 257 caller= android.view.SurfaceView.applyOrMergeTransaction:1455 android.view.SurfaceView.-$$Nest$mapplyOrMergeTransaction:0 android.view.SurfaceView$SurfaceViewPositionUpdateListener.positionChanged:1537 
04-05 10:43:06.062 28757 28852 I ViewRootImpl@eb84c2a[MainActivity]: mWNT: t=0xb4000077d6f7df00 mBlastBufferQueue=0xb4000077b6f3b400 fn= 257 caller= android.view.ViewRootImpl.lambda$applyTransactionOnDraw$11$android-view-ViewRootImpl:12865 android.view.ViewRootImpl$$ExternalSyntheticLambda1.onFrameDraw:4 android.graphics.HardwareRenderer$FrameDrawingCallback.onFrameDraw:924 
04-05 10:43:06.076 28757 28757 I SurfaceView@3d7d945: Changes: creating=false format=false size=false visible=false alpha=false hint=false mUseAlpha=false visible=false left=false top=true
04-05 10:43:06.076 28757 28757 I SurfaceView@3d7d945: 64477509 Cur surface: Surface(name=null)/@0x9a01b61
04-05 10:43:06.076 28757 28757 I SurfaceView@3d7d945: applyTransactionOnVriDraw: vri = ViewRootImpl@eb84c2a[MainActivity] fRS = false t = 0xb4000077b72d8000 android.view.SurfaceView.performSurfaceTransaction:959 android.view.SurfaceView.updateSurface:1105 android.view.SurfaceView.lambda$new$0$android-view-SurfaceView:200 
04-05 10:43:06.076 28757 28757 I ViewRootImpl@eb84c2a[MainActivity]: applyTransactionOnDraw: mRemoved = false isHardwareEnabled = true t = 0xb4000077b72d8000android.view.SurfaceView.applyTransactionOnVriDraw:2048 android.view.SurfaceView.performSurfaceTransaction:959 android.view.SurfaceView.updateSurface:1105 android.view.SurfaceView.lambda$new$0$android-view-SurfaceView:200 android.view.SurfaceView$$ExternalSyntheticLambda5.onPreDraw:2 
04-05 10:43:06.076 28757 28757 I SurfaceView@3d7d945: updateSurface: mVisible = true mSurface.isValid() = true
04-05 10:43:06.076 28757 28757 I SurfaceView@3d7d945: updateSurface: mSurfaceCreated = true surfaceChanged = false visibleChanged = false
04-05 10:43:06.076 28757 28757 V SurfaceView@3d7d945: Layout: x=0 y=-523 w=720 h=375, frame=Rect(0, 0 - 720, 375)
04-05 10:43:06.077 28757 28851 D SurfaceView@3d7d945: updateSurfacePosition RenderWorker, frameNr = 258, position = [0, -523, 720, -148] surfaceSize = 720x375
04-05 10:43:06.077 28757 28851 I SurfaceView@3d7d945: uSP: rtp = Rect(0, -523 - 720, -148) rtsw = 720 rtsh = 375
04-05 10:43:06.077 28757 28851 I SurfaceView@3d7d945: onSSPAndSRT: pl = 0 pt = -523 sx = 1.0 sy = 1.0
04-05 10:43:06.077 28757 28851 I SurfaceView@3d7d945: aOrMT: ViewRootImpl@eb84c2a[MainActivity] t = android.view.SurfaceControl$Transaction@283b4e3 fN = 258 android.view.SurfaceView.-$$Nest$mapplyOrMergeTransaction:0 android.view.SurfaceView$SurfaceViewPositionUpdateListener.positionChanged:1537 android.graphics.RenderNode$CompositePositionUpdateListener.positionChanged:373 
04-05 10:43:06.078 28757 28851 I ViewRootImpl@eb84c2a[MainActivity]: mWNT: t=0xb4000077b72d8b00 mBlastBufferQueue=0xb4000077b6f3b400 fn= 258 caller= android.view.SurfaceView.applyOrMergeTransaction:1455 android.view.SurfaceView.-$$Nest$mapplyOrMergeTransaction:0 android.view.SurfaceView$SurfaceViewPositionUpdateListener.positionChanged:1537 
04-05 10:43:06.078 28757 28852 I ViewRootImpl@eb84c2a[MainActivity]: mWNT: t=0xb4000077b72d8000 mBlastBufferQueue=0xb4000077b6f3b400 fn= 258 caller= android.view.ViewRootImpl.lambda$applyTransactionOnDraw$11$android-view-ViewRootImpl:12865 android.view.ViewRootImpl$$ExternalSyntheticLambda1.onFrameDraw:4 android.graphics.HardwareRenderer$FrameDrawingCallback.onFrameDraw:924 
04-05 10:43:06.093 28757 28757 I SurfaceView@3d7d945: Changes: creating=false format=false size=false visible=false alpha=false hint=false mUseAlpha=false visible=false left=false top=true
04-05 10:43:06.093 28757 28757 I SurfaceView@3d7d945: 64477509 Cur surface: Surface(name=null)/@0x9a01b61
04-05 10:43:06.093 28757 28757 I SurfaceView@3d7d945: applyTransactionOnVriDraw: vri = ViewRootImpl@eb84c2a[MainActivity] fRS = false t = 0xb4000077c8a1b000 android.view.SurfaceView.performSurfaceTransaction:959 android.view.SurfaceView.updateSurface:1105 android.view.SurfaceView.lambda$new$0$android-view-SurfaceView:200 
04-05 10:43:06.093 28757 28757 I ViewRootImpl@eb84c2a[MainActivity]: applyTransactionOnDraw: mRemoved = false isHardwareEnabled = true t = 0xb4000077c8a1b000android.view.SurfaceView.applyTransactionOnVriDraw:2048 android.view.SurfaceView.performSurfaceTransaction:959 android.view.SurfaceView.updateSurface:1105 android.view.SurfaceView.lambda$new$0$android-view-SurfaceView:200 android.view.SurfaceView$$ExternalSyntheticLambda5.onPreDraw:2 
04-05 10:43:06.093 28757 28757 I SurfaceView@3d7d945: updateSurface: mVisible = true mSurface.isValid() = true
04-05 10:43:06.093 28757 28757 I SurfaceView@3d7d945: updateSurface: mSurfaceCreated = true surfaceChanged = false visibleChanged = false
04-05 10:43:06.093 28757 28757 V SurfaceView@3d7d945: Layout: x=0 y=-530 w=720 h=375, frame=Rect(0, 0 - 720, 375)
04-05 10:43:06.094 28757 28851 D SurfaceView@3d7d945: updateSurfacePosition RenderWorker, frameNr = 259, position = [0, -530, 720, -155] surfaceSize = 720x375
04-05 10:43:06.094 28757 28851 I SurfaceView@3d7d945: uSP: rtp = Rect(0, -530 - 720, -155) rtsw = 720 rtsh = 375
04-05 10:43:06.094 28757 28851 I SurfaceView@3d7d945: onSSPAndSRT: pl = 0 pt = -530 sx = 1.0 sy = 1.0
04-05 10:43:06.095 28757 28851 I SurfaceView@3d7d945: aOrMT: ViewRootImpl@eb84c2a[MainActivity] t = android.view.SurfaceControl$Transaction@283b4e3 fN = 259 android.view.SurfaceView.-$$Nest$mapplyOrMergeTransaction:0 android.view.SurfaceView$SurfaceViewPositionUpdateListener.positionChanged:1537 android.graphics.RenderNode$CompositePositionUpdateListener.positionChanged:373 
04-05 10:43:06.095 28757 28851 I ViewRootImpl@eb84c2a[MainActivity]: mWNT: t=0xb4000077b72d8b00 mBlastBufferQueue=0xb4000077b6f3b400 fn= 259 caller= android.view.SurfaceView.applyOrMergeTransaction:1455 android.view.SurfaceView.-$$Nest$mapplyOrMergeTransaction:0 android.view.SurfaceView$SurfaceViewPositionUpdateListener.positionChanged:1537 
04-05 10:43:06.095 28757 28851 I ViewRootImpl@eb84c2a[MainActivity]: mWNT: t=0xb4000077c8a1b000 mBlastBufferQueue=0xb4000077b6f3b400 fn= 259 caller= android.view.ViewRootImpl.lambda$applyTransactionOnDraw$11$android-view-ViewRootImpl:12865 android.view.ViewRootImpl$$ExternalSyntheticLambda1.onFrameDraw:4 android.graphics.HardwareRenderer$FrameDrawingCallback.onFrameDraw:924 
04-05 10:43:06.109 28757 28757 I SurfaceView@3d7d945: Changes: creating=false format=false size=false visible=false alpha=false hint=false mUseAlpha=false visible=false left=false top=true
04-05 10:43:06.109 28757 28757 I SurfaceView@3d7d945: 64477509 Cur surface: Surface(name=null)/@0x9a01b61
04-05 10:43:06.109 28757 28757 I SurfaceView@3d7d945: applyTransactionOnVriDraw: vri = ViewRootImpl@eb84c2a[MainActivity] fRS = false t = 0xb4000077c8a1b100 android.view.SurfaceView.performSurfaceTransaction:959 android.view.SurfaceView.updateSurface:1105 android.view.SurfaceView.lambda$new$0$android-view-SurfaceView:200 
04-05 10:43:06.110 28757 28757 I ViewRootImpl@eb84c2a[MainActivity]: applyTransactionOnDraw: mRemoved = false isHardwareEnabled = true t = 0xb4000077c8a1b100android.view.SurfaceView.applyTransactionOnVriDraw:2048 android.view.SurfaceView.performSurfaceTransaction:959 android.view.SurfaceView.updateSurface:1105 android.view.SurfaceView.lambda$new$0$android-view-SurfaceView:200 android.view.SurfaceView$$ExternalSyntheticLambda5.onPreDraw:2 
04-05 10:43:06.110 28757 28757 I SurfaceView@3d7d945: updateSurface: mVisible = true mSurface.isValid() = true
04-05 10:43:06.110 28757 28757 I SurfaceView@3d7d945: updateSurface: mSurfaceCreated = true surfaceChanged = false visibleChanged = false
04-05 10:43:06.110 28757 28757 V SurfaceView@3d7d945: Layout: x=0 y=-536 w=720 h=375, frame=Rect(0, 0 - 720, 375)
04-05 10:43:06.111 28757 28852 D SurfaceView@3d7d945: updateSurfacePosition RenderWorker, frameNr = 260, position = [0, -536, 720, -161] surfaceSize = 720x375
04-05 10:43:06.111 28757 28852 I SurfaceView@3d7d945: uSP: rtp = Rect(0, -536 - 720, -161) rtsw = 720 rtsh = 375
04-05 10:43:06.111 28757 28852 I SurfaceView@3d7d945: onSSPAndSRT: pl = 0 pt = -536 sx = 1.0 sy = 1.0
04-05 10:43:06.111 28757 28852 I SurfaceView@3d7d945: aOrMT: ViewRootImpl@eb84c2a[MainActivity] t = android.view.SurfaceControl$Transaction@283b4e3 fN = 260 android.view.SurfaceView.-$$Nest$mapplyOrMergeTransaction:0 android.view.SurfaceView$SurfaceViewPositionUpdateListener.positionChanged:1537 android.graphics.RenderNode$CompositePositionUpdateListener.positionChanged:373 
04-05 10:43:06.111 28757 28852 I ViewRootImpl@eb84c2a[MainActivity]: mWNT: t=0xb4000077b72d8b00 mBlastBufferQueue=0xb4000077b6f3b400 fn= 260 caller= android.view.SurfaceView.applyOrMergeTransaction:1455 android.view.SurfaceView.-$$Nest$mapplyOrMergeTransaction:0 android.view.SurfaceView$SurfaceViewPositionUpdateListener.positionChanged:1537 
04-05 10:43:06.112 28757 28851 I ViewRootImpl@eb84c2a[MainActivity]: mWNT: t=0xb4000077c8a1b100 mBlastBufferQueue=0xb4000077b6f3b400 fn= 260 caller= android.view.ViewRootImpl.lambda$applyTransactionOnDraw$11$android-view-ViewRootImpl:12865 android.view.ViewRootImpl$$ExternalSyntheticLambda1.onFrameDraw:4 android.graphics.HardwareRenderer$FrameDrawingCallback.onFrameDraw:924 
04-05 10:43:06.113 28757 28762 I st.cloudstream3: Background concurrent copying GC freed 18MB AllocSpace bytes, 42(5676KB) LOS objects, 49% free, 24MB/48MB, paused 357us,62us total 286.188ms
04-05 10:43:06.126 28757 28757 I SurfaceView@3d7d945: Changes: creating=false format=false size=false visible=false alpha=false hint=false mUseAlpha=false visible=false left=false top=true
04-05 10:43:06.126 28757 28757 I SurfaceView@3d7d945: 64477509 Cur surface: Surface(name=null)/@0x9a01b61
04-05 10:43:06.126 28757 28757 I SurfaceView@3d7d945: applyTransactionOnVriDraw: vri = ViewRootImpl@eb84c2a[MainActivity] fRS = false t = 0xb4000077c8a1b200 android.view.SurfaceView.performSurfaceTransaction:959 android.view.SurfaceView.updateSurface:1105 android.view.SurfaceView.lambda$new$0$android-view-SurfaceView:200 
04-05 10:43:06.126 28757 28757 I ViewRootImpl@eb84c2a[MainActivity]: applyTransactionOnDraw: mRemoved = false isHardwareEnabled = true t = 0xb4000077c8a1b200android.view.SurfaceView.applyTransactionOnVriDraw:2048 android.view.SurfaceView.performSurfaceTransaction:959 android.view.SurfaceView.updateSurface:1105 android.view.SurfaceView.lambda$new$0$android-view-SurfaceView:200 android.view.SurfaceView$$ExternalSyntheticLambda5.onPreDraw:2 
04-05 10:43:06.126 28757 28757 I SurfaceView@3d7d945: updateSurface: mVisible = true mSurface.isValid() = true
04-05 10:43:06.126 28757 28757 I SurfaceView@3d7d945: updateSurface: mSurfaceCreated = true surfaceChanged = false visibleChanged = false
04-05 10:43:06.126 28757 28757 V SurfaceView@3d7d945: Layout: x=0 y=-540 w=720 h=375, frame=Rect(0, 0 - 720, 375)
04-05 10:43:06.127 28757 28852 D SurfaceView@3d7d945: updateSurfacePosition RenderWorker, frameNr = 261, position = [0, -540, 720, -165] surfaceSize = 720x375
04-05 10:43:06.127 28757 28852 I SurfaceView@3d7d945: uSP: rtp = Rect(0, -540 - 720, -165) rtsw = 720 rtsh = 375
04-05 10:43:06.127 28757 28852 I SurfaceView@3d7d945: onSSPAndSRT: pl = 0 pt = -540 sx = 1.0 sy = 1.0
04-05 10:43:06.127 28757 28852 I SurfaceView@3d7d945: aOrMT: ViewRootImpl@eb84c2a[MainActivity] t = android.view.SurfaceControl$Transaction@283b4e3 fN = 261 android.view.SurfaceView.-$$Nest$mapplyOrMergeTransaction:0 android.view.SurfaceView$SurfaceViewPositionUpdateListener.positionChanged:1537 android.graphics.RenderNode$CompositePositionUpdateListener.positionChanged:373 
04-05 10:43:06.127 28757 28852 I ViewRootImpl@eb84c2a[MainActivity]: mWNT: t=0xb4000077b72d8b00 mBlastBufferQueue=0xb4000077b6f3b400 fn= 261 caller= android.view.SurfaceView.applyOrMergeTransaction:1455 android.view.SurfaceView.-$$Nest$mapplyOrMergeTransaction:0 android.view.SurfaceView$SurfaceViewPositionUpdateListener.positionChanged:1537 
04-05 10:43:06.128 28757 28852 I ViewRootImpl@eb84c2a[MainActivity]: mWNT: t=0xb4000077c8a1b200 mBlastBufferQueue=0xb4000077b6f3b400 fn= 261 caller= android.view.ViewRootImpl.lambda$applyTransactionOnDraw$11$android-view-ViewRootImpl:12865 android.view.ViewRootImpl$$ExternalSyntheticLambda1.onFrameDraw:4 android.graphics.HardwareRenderer$FrameDrawingCallback.onFrameDraw:924 
04-05 10:43:06.142 28757 28757 I SurfaceView@3d7d945: Changes: creating=false format=false size=false visible=false alpha=false hint=false mUseAlpha=false visible=false left=false top=true
04-05 10:43:06.142 28757 28757 I SurfaceView@3d7d945: 64477509 Cur surface: Surface(name=null)/@0x9a01b61
04-05 10:43:06.143 28757 28757 I SurfaceView@3d7d945: applyTransactionOnVriDraw: vri = ViewRootImpl@eb84c2a[MainActivity] fRS = false t = 0xb4000077c8a1b300 android.view.SurfaceView.performSurfaceTransaction:959 android.view.SurfaceView.updateSurface:1105 android.view.SurfaceView.lambda$new$0$android-view-SurfaceView:200 
04-05 10:43:06.143 28757 28757 I ViewRootImpl@eb84c2a[MainActivity]: applyTransactionOnDraw: mRemoved = false isHardwareEnabled = true t = 0xb4000077c8a1b300android.view.SurfaceView.applyTransactionOnVriDraw:2048 android.view.SurfaceView.performSurfaceTransaction:959 android.view.SurfaceView.updateSurface:1105 android.view.SurfaceView.lambda$new$0$android-view-SurfaceView:200 android.view.SurfaceView$$ExternalSyntheticLambda5.onPreDraw:2 
04-05 10:43:06.143 28757 28757 I SurfaceView@3d7d945: updateSurface: mVisible = true mSurface.isValid() = true
04-05 10:43:06.143 28757 28757 I SurfaceView@3d7d945: updateSurface: mSurfaceCreated = true surfaceChanged = false visibleChanged = false
04-05 10:43:06.143 28757 28757 V SurfaceView@3d7d945: Layout: x=0 y=-542 w=720 h=375, frame=Rect(0, 0 - 720, 375)
04-05 10:43:06.143 28757 28851 D SurfaceView@3d7d945: updateSurfacePosition RenderWorker, frameNr = 262, position = [0, -542, 720, -167] surfaceSize = 720x375
04-05 10:43:06.143 28757 28851 I SurfaceView@3d7d945: uSP: rtp = Rect(0, -542 - 720, -167) rtsw = 720 rtsh = 375
04-05 10:43:06.143 28757 28851 I SurfaceView@3d7d945: onSSPAndSRT: pl = 0 pt = -542 sx = 1.0 sy = 1.0
04-05 10:43:06.144 28757 28851 I SurfaceView@3d7d945: aOrMT: ViewRootImpl@eb84c2a[MainActivity] t = android.view.SurfaceControl$Transaction@283b4e3 fN = 262 android.view.SurfaceView.-$$Nest$mapplyOrMergeTransaction:0 android.view.SurfaceView$SurfaceViewPositionUpdateListener.positionChanged:1537 android.graphics.RenderNode$CompositePositionUpdateListener.positionChanged:373 
04-05 10:43:06.144 28757 28851 I ViewRootImpl@eb84c2a[MainActivity]: mWNT: t=0xb4000077b72d8b00 mBlastBufferQueue=0xb4000077b6f3b400 fn= 262 caller= android.view.SurfaceView.applyOrMergeTransaction:1455 android.view.SurfaceView.-$$Nest$mapplyOrMergeTransaction:0 android.view.SurfaceView$SurfaceViewPositionUpdateListener.positionChanged:1537 
04-05 10:43:06.144 28757 28851 I ViewRootImpl@eb84c2a[MainActivity]: mWNT: t=0xb4000077c8a1b300 mBlastBufferQueue=0xb4000077b6f3b400 fn= 262 caller= android.view.ViewRootImpl.lambda$applyTransactionOnDraw$11$android-view-ViewRootImpl:12865 android.view.ViewRootImpl$$ExternalSyntheticLambda1.onFrameDraw:4 android.graphics.HardwareRenderer$FrameDrawingCallback.onFrameDraw:924 
04-05 10:43:06.159 28757 28757 I SurfaceView@3d7d945: Changes: creating=false format=false size=false visible=false alpha=false hint=false mUseAlpha=false visible=false left=false top=true
04-05 10:43:06.159 28757 28757 I SurfaceView@3d7d945: 64477509 Cur surface: Surface(name=null)/@0x9a01b61
04-05 10:43:06.159 28757 28757 I SurfaceView@3d7d945: applyTransactionOnVriDraw: vri = ViewRootImpl@eb84c2a[MainActivity] fRS = false t = 0xb4000077c8a1b400 android.view.SurfaceView.performSurfaceTransaction:959 android.view.SurfaceView.updateSurface:1105 android.view.SurfaceView.lambda$new$0$android-view-SurfaceView:200 
04-05 10:43:06.160 28757 28757 I ViewRootImpl@eb84c2a[MainActivity]: applyTransactionOnDraw: mRemoved = false isHardwareEnabled = true t = 0xb4000077c8a1b400android.view.SurfaceView.applyTransactionOnVriDraw:2048 android.view.SurfaceView.performSurfaceTransaction:959 android.view.SurfaceView.updateSurface:1105 android.view.SurfaceView.lambda$new$0$android-view-SurfaceView:200 android.view.SurfaceView$$ExternalSyntheticLambda5.onPreDraw:2 
04-05 10:43:06.160 28757 28757 I SurfaceView@3d7d945: updateSurface: mVisible = true mSurface.isValid() = true
04-05 10:43:06.160 28757 28757 I SurfaceView@3d7d945: updateSurface: mSurfaceCreated = true surfaceChanged = false visibleChanged = false
04-05 10:43:06.160 28757 28757 V SurfaceView@3d7d945: Layout: x=0 y=-543 w=720 h=375, frame=Rect(0, 0 - 720, 375)
04-05 10:43:06.160 28757 28852 D SurfaceView@3d7d945: updateSurfacePosition RenderWorker, frameNr = 263, position = [0, -543, 720, -168] surfaceSize = 720x375
04-05 10:43:06.160 28757 28852 I SurfaceView@3d7d945: uSP: rtp = Rect(0, -543 - 720, -168) rtsw = 720 rtsh = 375
04-05 10:43:06.160 28757 28852 I SurfaceView@3d7d945: onSSPAndSRT: pl = 0 pt = -543 sx = 1.0 sy = 1.0
04-05 10:43:06.160 28757 28852 I SurfaceView@3d7d945: aOrMT: ViewRootImpl@eb84c2a[MainActivity] t = android.view.SurfaceControl$Transaction@283b4e3 fN = 263 android.view.SurfaceView.-$$Nest$mapplyOrMergeTransaction:0 android.view.SurfaceView$SurfaceViewPositionUpdateListener.positionChanged:1537 android.graphics.RenderNode$CompositePositionUpdateListener.positionChanged:373 
04-05 10:43:06.160 28757 28852 I ViewRootImpl@eb84c2a[MainActivity]: mWNT: t=0xb4000077b72d8b00 mBlastBufferQueue=0xb4000077b6f3b400 fn= 263 caller= android.view.SurfaceView.applyOrMergeTransaction:1455 android.view.SurfaceView.-$$Nest$mapplyOrMergeTransaction:0 android.view.SurfaceView$SurfaceViewPositionUpdateListener.positionChanged:1537 
04-05 10:43:06.161 28757 28852 I ViewRootImpl@eb84c2a[MainActivity]: mWNT: t=0xb4000077c8a1b400 mBlastBufferQueue=0xb4000077b6f3b400 fn= 263 caller= android.view.ViewRootImpl.lambda$applyTransactionOnDraw$11$android-view-ViewRootImpl:12865 android.view.ViewRootImpl$$ExternalSyntheticLambda1.onFrameDraw:4 android.graphics.HardwareRenderer$FrameDrawingCallback.onFrameDraw:924 
04-05 10:43:06.176 28757 28757 I SurfaceView@3d7d945: Changes: creating=false format=false size=false visible=false alpha=false hint=false mUseAlpha=false visible=false left=false top=true
04-05 10:43:06.176 28757 28757 I SurfaceView@3d7d945: 64477509 Cur surface: Surface(name=null)/@0x9a01b61
04-05 10:43:06.176 28757 28757 I SurfaceView@3d7d945: applyTransactionOnVriDraw: vri = ViewRootImpl@eb84c2a[MainActivity] fRS = false t = 0xb400007874675400 android.view.SurfaceView.performSurfaceTransaction:959 android.view.SurfaceView.updateSurface:1105 android.view.SurfaceView.lambda$new$0$android-view-SurfaceView:200 
04-05 10:43:06.176 28757 28757 I ViewRootImpl@eb84c2a[MainActivity]: applyTransactionOnDraw: mRemoved = false isHardwareEnabled = true t = 0xb400007874675400android.view.SurfaceView.applyTransactionOnVriDraw:2048 android.view.SurfaceView.performSurfaceTransaction:959 android.view.SurfaceView.updateSurface:1105 android.view.SurfaceView.lambda$new$0$android-view-SurfaceView:200 android.view.SurfaceView$$ExternalSyntheticLambda5.onPreDraw:2 
04-05 10:43:06.176 28757 28757 I SurfaceView@3d7d945: updateSurface: mVisible = true mSurface.isValid() = true
04-05 10:43:06.176 28757 28757 I SurfaceView@3d7d945: updateSurface: mSurfaceCreated = true surfaceChanged = false visibleChanged = false
04-05 10:43:06.176 28757 28757 V SurfaceView@3d7d945: Layout: x=0 y=-544 w=720 h=375, frame=Rect(0, 0 - 720, 375)
04-05 10:43:06.177 28757 28851 D SurfaceView@3d7d945: updateSurfacePosition RenderWorker, frameNr = 264, position = [0, -544, 720, -169] surfaceSize = 720x375
04-05 10:43:06.177 28757 28851 I SurfaceView@3d7d945: uSP: rtp = Rect(0, -544 - 720, -169) rtsw = 720 rtsh = 375
04-05 10:43:06.177 28757 28851 I SurfaceView@3d7d945: onSSPAndSRT: pl = 0 pt = -544 sx = 1.0 sy = 1.0
04-05 10:43:06.177 28757 28851 I SurfaceView@3d7d945: aOrMT: ViewRootImpl@eb84c2a[MainActivity] t = android.view.SurfaceControl$Transaction@283b4e3 fN = 264 android.view.SurfaceView.-$$Nest$mapplyOrMergeTransaction:0 android.view.SurfaceView$SurfaceViewPositionUpdateListener.positionChanged:1537 android.graphics.RenderNode$CompositePositionUpdateListener.positionChanged:373 
04-05 10:43:06.177 28757 28851 I ViewRootImpl@eb84c2a[MainActivity]: mWNT: t=0xb4000077b72d8b00 mBlastBufferQueue=0xb4000077b6f3b400 fn= 264 caller= android.view.SurfaceView.applyOrMergeTransaction:1455 android.view.SurfaceView.-$$Nest$mapplyOrMergeTransaction:0 android.view.SurfaceView$SurfaceViewPositionUpdateListener.positionChanged:1537 
04-05 10:43:06.178 28757 28851 I ViewRootImpl@eb84c2a[MainActivity]: mWNT: t=0xb400007874675400 mBlastBufferQueue=0xb4000077b6f3b400 fn= 264 caller= android.view.ViewRootImpl.lambda$applyTransactionOnDraw$11$android-view-ViewRootImpl:12865 android.view.ViewRootImpl$$ExternalSyntheticLambda1.onFrameDraw:4 android.graphics.HardwareRenderer$FrameDrawingCallback.onFrameDraw:924 
04-05 10:43:06.259 28757 28757 I SurfaceView@3d7d945: Changes: creating=false format=false size=false visible=false alpha=false hint=false mUseAlpha=false visible=false left=false top=true
04-05 10:43:06.259 28757 28757 I SurfaceView@3d7d945: 64477509 Cur surface: Surface(name=null)/@0x9a01b61
04-05 10:43:06.260 28757 28757 I SurfaceView@3d7d945: applyTransactionOnVriDraw: vri = ViewRootImpl@eb84c2a[MainActivity] fRS = false t = 0xb400007874675500 android.view.SurfaceView.performSurfaceTransaction:959 android.view.SurfaceView.updateSurface:1105 android.view.SurfaceView.lambda$new$0$android-view-SurfaceView:200 
04-05 10:43:06.260 28757 28757 I ViewRootImpl@eb84c2a[MainActivity]: applyTransactionOnDraw: mRemoved = false isHardwareEnabled = true t = 0xb400007874675500android.view.SurfaceView.applyTransactionOnVriDraw:2048 android.view.SurfaceView.performSurfaceTransaction:959 android.view.SurfaceView.updateSurface:1105 android.view.SurfaceView.lambda$new$0$android-view-SurfaceView:200 android.view.SurfaceView$$ExternalSyntheticLambda5.onPreDraw:2 
04-05 10:43:06.260 28757 28757 I SurfaceView@3d7d945: updateSurface: mVisible = true mSurface.isValid() = true
04-05 10:43:06.260 28757 28757 I SurfaceView@3d7d945: updateSurface: mSurfaceCreated = true surfaceChanged = false visibleChanged = false
04-05 10:43:06.260 28757 28757 V SurfaceView@3d7d945: Layout: x=0 y=-548 w=720 h=375, frame=Rect(0, 0 - 720, 375)
04-05 10:43:06.260 28757 28852 D SurfaceView@3d7d945: updateSurfacePosition RenderWorker, frameNr = 265, position = [0, -548, 720, -173] surfaceSize = 720x375
04-05 10:43:06.260 28757 28852 I SurfaceView@3d7d945: uSP: rtp = Rect(0, -548 - 720, -173) rtsw = 720 rtsh = 375
04-05 10:43:06.260 28757 28852 I SurfaceView@3d7d945: onSSPAndSRT: pl = 0 pt = -548 sx = 1.0 sy = 1.0
04-05 10:43:06.260 28757 28852 I SurfaceView@3d7d945: aOrMT: ViewRootImpl@eb84c2a[MainActivity] t = android.view.SurfaceControl$Transaction@283b4e3 fN = 265 android.view.SurfaceView.-$$Nest$mapplyOrMergeTransaction:0 android.view.SurfaceView$SurfaceViewPositionUpdateListener.positionChanged:1537 android.graphics.RenderNode$CompositePositionUpdateListener.positionChanged:373 
04-05 10:43:06.261 28757 28852 I ViewRootImpl@eb84c2a[MainActivity]: mWNT: t=0xb4000077b72d8b00 mBlastBufferQueue=0xb4000077b6f3b400 fn= 265 caller= android.view.SurfaceView.applyOrMergeTransaction:1455 android.view.SurfaceView.-$$Nest$mapplyOrMergeTransaction:0 android.view.SurfaceView$SurfaceViewPositionUpdateListener.positionChanged:1537 
04-05 10:43:06.261 28757 28852 I ViewRootImpl@eb84c2a[MainActivity]: mWNT: t=0xb400007874675500 mBlastBufferQueue=0xb4000077b6f3b400 fn= 265 caller= android.view.ViewRootImpl.lambda$applyTransactionOnDraw$11$android-view-ViewRootImpl:12865 android.view.ViewRootImpl$$ExternalSyntheticLambda1.onFrameDraw:4 android.graphics.HardwareRenderer$FrameDrawingCallback.onFrameDraw:924 
04-05 10:43:06.276 28757 28757 I SurfaceView@3d7d945: Changes: creating=false format=false size=false visible=false alpha=false hint=false mUseAlpha=false visible=false left=false top=true
04-05 10:43:06.276 28757 28757 I SurfaceView@3d7d945: 64477509 Cur surface: Surface(name=null)/@0x9a01b61
04-05 10:43:06.276 28757 28757 I SurfaceView@3d7d945: applyTransactionOnVriDraw: vri = ViewRootImpl@eb84c2a[MainActivity] fRS = false t = 0xb4000078746ae300 android.view.SurfaceView.performSurfaceTransaction:959 android.view.SurfaceView.updateSurface:1105 android.view.SurfaceView.lambda$new$0$android-view-SurfaceView:200 
