04-05 12:04:00.296 30040 30040 I ViewRootImpl@96a8cf7[MainActivity]: applyTransactionOnDraw: mRemoved = false isHardwareEnabled = true t = 0xb4000077c556ec00android.view.SurfaceView.applyTransactionOnVriDraw:2048 android.view.SurfaceView.performSurfaceTransaction:959 android.view.SurfaceView.updateSurface:1105 android.view.SurfaceView.lambda$new$0$android-view-SurfaceView:200 android.view.SurfaceView$$ExternalSyntheticLambda5.onPreDraw:2 
04-05 12:04:00.296 30040 30040 I SurfaceView@3415ff3: updateSurface: mVisible = true mSurface.isValid() = true
04-05 12:04:00.296 30040 30040 I SurfaceView@3415ff3: updateSurface: mSurfaceCreated = true surfaceChanged = false visibleChanged = false
04-05 12:04:00.296 30040 30040 V SurfaceView@3415ff3: Layout: x=0 y=-933 w=720 h=375, frame=Rect(0, 0 - 720, 375)
04-05 12:04:00.296 30040 30131 D SurfaceView@3415ff3: updateSurfacePosition RenderWorker, frameNr = 928, position = [0, -933, 720, -558] surfaceSize = 720x375
04-05 12:04:00.296 30040 30131 I SurfaceView@3415ff3: uSP: rtp = Rect(0, -933 - 720, -558) rtsw = 720 rtsh = 375
04-05 12:04:00.296 30040 30131 I SurfaceView@3415ff3: onSSPAndSRT: pl = 0 pt = -933 sx = 1.0 sy = 1.0
04-05 12:04:00.297 30040 30131 I SurfaceView@3415ff3: aOrMT: ViewRootImpl@96a8cf7[MainActivity] t = android.view.SurfaceControl$Transaction@fc6f4d6 fN = 928 android.view.SurfaceView.-$$Nest$mapplyOrMergeTransaction:0 android.view.SurfaceView$SurfaceViewPositionUpdateListener.positionChanged:1537 android.graphics.RenderNode$CompositePositionUpdateListener.positionChanged:373 
04-05 12:04:00.297 30040 30131 I ViewRootImpl@96a8cf7[MainActivity]: mWNT: t=0xb4000077a057ba00 mBlastBufferQueue=0xb4000077c5424700 fn= 928 caller= android.view.SurfaceView.applyOrMergeTransaction:1455 android.view.SurfaceView.-$$Nest$mapplyOrMergeTransaction:0 android.view.SurfaceView$SurfaceViewPositionUpdateListener.positionChanged:1537 
04-05 12:04:00.297 30040 30131 I ViewRootImpl@96a8cf7[MainActivity]: mWNT: t=0xb4000077c556ec00 mBlastBufferQueue=0xb4000077c5424700 fn= 928 caller= android.view.ViewRootImpl.lambda$applyTransactionOnDraw$11$android-view-ViewRootImpl:12865 android.view.ViewRootImpl$$ExternalSyntheticLambda1.onFrameDraw:4 android.graphics.HardwareRenderer$FrameDrawingCallback.onFrameDraw:924 
04-05 12:04:00.311 30040 30040 I SurfaceView@3415ff3: Changes: creating=false format=false size=false visible=false alpha=false hint=false mUseAlpha=false visible=false left=false top=true
04-05 12:04:00.311 30040 30040 I SurfaceView@3415ff3: 54616051 Cur surface: Surface(name=null)/@0x26bda7b
04-05 12:04:00.312 30040 30040 I SurfaceView@3415ff3: applyTransactionOnVriDraw: vri = ViewRootImpl@96a8cf7[MainActivity] fRS = false t = 0xb4000077c556ed00 android.view.SurfaceView.performSurfaceTransaction:959 android.view.SurfaceView.updateSurface:1105 android.view.SurfaceView.lambda$new$0$android-view-SurfaceView:200 
04-05 12:04:00.312 30040 30040 I ViewRootImpl@96a8cf7[MainActivity]: applyTransactionOnDraw: mRemoved = false isHardwareEnabled = true t = 0xb4000077c556ed00android.view.SurfaceView.applyTransactionOnVriDraw:2048 android.view.SurfaceView.performSurfaceTransaction:959 android.view.SurfaceView.updateSurface:1105 android.view.SurfaceView.lambda$new$0$android-view-SurfaceView:200 android.view.SurfaceView$$ExternalSyntheticLambda5.onPreDraw:2 
04-05 12:04:00.312 30040 30040 I SurfaceView@3415ff3: updateSurface: mVisible = true mSurface.isValid() = true
04-05 12:04:00.312 30040 30040 I SurfaceView@3415ff3: updateSurface: mSurfaceCreated = true surfaceChanged = false visibleChanged = false
04-05 12:04:00.312 30040 30040 V SurfaceView@3415ff3: Layout: x=0 y=-974 w=720 h=375, frame=Rect(0, 0 - 720, 375)
04-05 12:04:00.313 30040 30132 D SurfaceView@3415ff3: updateSurfacePosition RenderWorker, frameNr = 929, position = [0, -974, 720, -599] surfaceSize = 720x375
04-05 12:04:00.313 30040 30132 I SurfaceView@3415ff3: uSP: rtp = Rect(0, -974 - 720, -599) rtsw = 720 rtsh = 375
04-05 12:04:00.313 30040 30132 I SurfaceView@3415ff3: onSSPAndSRT: pl = 0 pt = -974 sx = 1.0 sy = 1.0
04-05 12:04:00.313 30040 30132 I SurfaceView@3415ff3: aOrMT: ViewRootImpl@96a8cf7[MainActivity] t = android.view.SurfaceControl$Transaction@fc6f4d6 fN = 929 android.view.SurfaceView.-$$Nest$mapplyOrMergeTransaction:0 android.view.SurfaceView$SurfaceViewPositionUpdateListener.positionChanged:1537 android.graphics.RenderNode$CompositePositionUpdateListener.positionChanged:373 
04-05 12:04:00.313 30040 30132 I ViewRootImpl@96a8cf7[MainActivity]: mWNT: t=0xb4000077a057ba00 mBlastBufferQueue=0xb4000077c5424700 fn= 929 caller= android.view.SurfaceView.applyOrMergeTransaction:1455 android.view.SurfaceView.-$$Nest$mapplyOrMergeTransaction:0 android.view.SurfaceView$SurfaceViewPositionUpdateListener.positionChanged:1537 
04-05 12:04:00.313 30040 30132 I ViewRootImpl@96a8cf7[MainActivity]: mWNT: t=0xb4000077c556ed00 mBlastBufferQueue=0xb4000077c5424700 fn= 929 caller= android.view.ViewRootImpl.lambda$applyTransactionOnDraw$11$android-view-ViewRootImpl:12865 android.view.ViewRootImpl$$ExternalSyntheticLambda1.onFrameDraw:4 android.graphics.HardwareRenderer$FrameDrawingCallback.onFrameDraw:924 
04-05 12:04:00.328 30040 30040 I SurfaceView@3415ff3: Changes: creating=false format=false size=false visible=false alpha=false hint=false mUseAlpha=false visible=false left=false top=true
04-05 12:04:00.328 30040 30040 I SurfaceView@3415ff3: 54616051 Cur surface: Surface(name=null)/@0x26bda7b
04-05 12:04:00.329 30040 30040 I SurfaceView@3415ff3: applyTransactionOnVriDraw: vri = ViewRootImpl@96a8cf7[MainActivity] fRS = false t = 0xb4000078746a3e00 android.view.SurfaceView.performSurfaceTransaction:959 android.view.SurfaceView.updateSurface:1105 android.view.SurfaceView.lambda$new$0$android-view-SurfaceView:200 
04-05 12:04:00.329 30040 30040 I ViewRootImpl@96a8cf7[MainActivity]: applyTransactionOnDraw: mRemoved = false isHardwareEnabled = true t = 0xb4000078746a3e00android.view.SurfaceView.applyTransactionOnVriDraw:2048 android.view.SurfaceView.performSurfaceTransaction:959 android.view.SurfaceView.updateSurface:1105 android.view.SurfaceView.lambda$new$0$android-view-SurfaceView:200 android.view.SurfaceView$$ExternalSyntheticLambda5.onPreDraw:2 
04-05 12:04:00.329 30040 30040 I SurfaceView@3415ff3: updateSurface: mVisible = true mSurface.isValid() = true
04-05 12:04:00.329 30040 30040 I SurfaceView@3415ff3: updateSurface: mSurfaceCreated = true surfaceChanged = false visibleChanged = false
04-05 12:04:00.329 30040 30040 V SurfaceView@3415ff3: Layout: x=0 y=-1007 w=720 h=375, frame=Rect(0, 0 - 720, 375)
04-05 12:04:00.330 30040 30131 D SurfaceView@3415ff3: updateSurfacePosition RenderWorker, frameNr = 930, position = [0, -1007, 720, -632] surfaceSize = 720x375
04-05 12:04:00.330 30040 30131 I SurfaceView@3415ff3: uSP: rtp = Rect(0, -1007 - 720, -632) rtsw = 720 rtsh = 375
04-05 12:04:00.330 30040 30131 I SurfaceView@3415ff3: onSSPAndSRT: pl = 0 pt = -1007 sx = 1.0 sy = 1.0
04-05 12:04:00.330 30040 30131 I SurfaceView@3415ff3: aOrMT: ViewRootImpl@96a8cf7[MainActivity] t = android.view.SurfaceControl$Transaction@fc6f4d6 fN = 930 android.view.SurfaceView.-$$Nest$mapplyOrMergeTransaction:0 android.view.SurfaceView$SurfaceViewPositionUpdateListener.positionChanged:1537 android.graphics.RenderNode$CompositePositionUpdateListener.positionChanged:373 
04-05 12:04:00.330 30040 30131 I ViewRootImpl@96a8cf7[MainActivity]: mWNT: t=0xb4000077a057ba00 mBlastBufferQueue=0xb4000077c5424700 fn= 930 caller= android.view.SurfaceView.applyOrMergeTransaction:1455 android.view.SurfaceView.-$$Nest$mapplyOrMergeTransaction:0 android.view.SurfaceView$SurfaceViewPositionUpdateListener.positionChanged:1537 
04-05 12:04:00.331 30040 30132 I ViewRootImpl@96a8cf7[MainActivity]: mWNT: t=0xb4000078746a3e00 mBlastBufferQueue=0xb4000077c5424700 fn= 930 caller= android.view.ViewRootImpl.lambda$applyTransactionOnDraw$11$android-view-ViewRootImpl:12865 android.view.ViewRootImpl$$ExternalSyntheticLambda1.onFrameDraw:4 android.graphics.HardwareRenderer$FrameDrawingCallback.onFrameDraw:924 
04-05 12:04:00.345 30040 30040 I SurfaceView@3415ff3: Changes: creating=false format=false size=false visible=false alpha=false hint=false mUseAlpha=false visible=false left=false top=true
04-05 12:04:00.345 30040 30040 I SurfaceView@3415ff3: 54616051 Cur surface: Surface(name=null)/@0x26bda7b
04-05 12:04:00.345 30040 30040 I SurfaceView@3415ff3: applyTransactionOnVriDraw: vri = ViewRootImpl@96a8cf7[MainActivity] fRS = false t = 0xb4000078551f1800 android.view.SurfaceView.performSurfaceTransaction:959 android.view.SurfaceView.updateSurface:1105 android.view.SurfaceView.lambda$new$0$android-view-SurfaceView:200 
04-05 12:04:00.345 30040 30040 I ViewRootImpl@96a8cf7[MainActivity]: applyTransactionOnDraw: mRemoved = false isHardwareEnabled = true t = 0xb4000078551f1800android.view.SurfaceView.applyTransactionOnVriDraw:2048 android.view.SurfaceView.performSurfaceTransaction:959 android.view.SurfaceView.updateSurface:1105 android.view.SurfaceView.lambda$new$0$android-view-SurfaceView:200 android.view.SurfaceView$$ExternalSyntheticLambda5.onPreDraw:2 
04-05 12:04:00.345 30040 30040 I SurfaceView@3415ff3: updateSurface: mVisible = true mSurface.isValid() = true
04-05 12:04:00.345 30040 30040 I SurfaceView@3415ff3: updateSurface: mSurfaceCreated = true surfaceChanged = false visibleChanged = false
04-05 12:04:00.345 30040 30040 V SurfaceView@3415ff3: Layout: x=0 y=-1028 w=720 h=375, frame=Rect(0, 0 - 720, 375)
04-05 12:04:00.346 30040 30131 D SurfaceView@3415ff3: updateSurfacePosition RenderWorker, frameNr = 931, position = [0, -1028, 720, -653] surfaceSize = 720x375
04-05 12:04:00.346 30040 30131 I SurfaceView@3415ff3: uSP: rtp = Rect(0, -1028 - 720, -653) rtsw = 720 rtsh = 375
04-05 12:04:00.346 30040 30131 I SurfaceView@3415ff3: onSSPAndSRT: pl = 0 pt = -1028 sx = 1.0 sy = 1.0
04-05 12:04:00.347 30040 30131 I SurfaceView@3415ff3: aOrMT: ViewRootImpl@96a8cf7[MainActivity] t = android.view.SurfaceControl$Transaction@fc6f4d6 fN = 931 android.view.SurfaceView.-$$Nest$mapplyOrMergeTransaction:0 android.view.SurfaceView$SurfaceViewPositionUpdateListener.positionChanged:1537 android.graphics.RenderNode$CompositePositionUpdateListener.positionChanged:373 
04-05 12:04:00.347 30040 30131 I ViewRootImpl@96a8cf7[MainActivity]: mWNT: t=0xb4000077a057ba00 mBlastBufferQueue=0xb4000077c5424700 fn= 931 caller= android.view.SurfaceView.applyOrMergeTransaction:1455 android.view.SurfaceView.-$$Nest$mapplyOrMergeTransaction:0 android.view.SurfaceView$SurfaceViewPositionUpdateListener.positionChanged:1537 
04-05 12:04:00.347 30040 30131 I ViewRootImpl@96a8cf7[MainActivity]: mWNT: t=0xb4000078551f1800 mBlastBufferQueue=0xb4000077c5424700 fn= 931 caller= android.view.ViewRootImpl.lambda$applyTransactionOnDraw$11$android-view-ViewRootImpl:12865 android.view.ViewRootImpl$$ExternalSyntheticLambda1.onFrameDraw:4 android.graphics.HardwareRenderer$FrameDrawingCallback.onFrameDraw:924 
04-05 12:04:00.361 30040 30040 I SurfaceView@3415ff3: Changes: creating=false format=false size=false visible=false alpha=false hint=false mUseAlpha=false visible=false left=false top=true
04-05 12:04:00.361 30040 30040 I SurfaceView@3415ff3: 54616051 Cur surface: Surface(name=null)/@0x26bda7b
04-05 12:04:00.362 30040 30040 I SurfaceView@3415ff3: applyTransactionOnVriDraw: vri = ViewRootImpl@96a8cf7[MainActivity] fRS = false t = 0xb4000078551f1b00 android.view.SurfaceView.performSurfaceTransaction:959 android.view.SurfaceView.updateSurface:1105 android.view.SurfaceView.lambda$new$0$android-view-SurfaceView:200 
04-05 12:04:00.362 30040 30040 I ViewRootImpl@96a8cf7[MainActivity]: applyTransactionOnDraw: mRemoved = false isHardwareEnabled = true t = 0xb4000078551f1b00android.view.SurfaceView.applyTransactionOnVriDraw:2048 android.view.SurfaceView.performSurfaceTransaction:959 android.view.SurfaceView.updateSurface:1105 android.view.SurfaceView.lambda$new$0$android-view-SurfaceView:200 android.view.SurfaceView$$ExternalSyntheticLambda5.onPreDraw:2 
04-05 12:04:00.362 30040 30040 I SurfaceView@3415ff3: updateSurface: mVisible = true mSurface.isValid() = true
04-05 12:04:00.362 30040 30040 I SurfaceView@3415ff3: updateSurface: mSurfaceCreated = true surfaceChanged = false visibleChanged = false
04-05 12:04:00.362 30040 30040 V SurfaceView@3415ff3: Layout: x=0 y=-1040 w=720 h=375, frame=Rect(0, 0 - 720, 375)
04-05 12:04:00.363 30040 30132 D SurfaceView@3415ff3: updateSurfacePosition RenderWorker, frameNr = 932, position = [0, -1040, 720, -665] surfaceSize = 720x375
04-05 12:04:00.363 30040 30132 I SurfaceView@3415ff3: uSP: rtp = Rect(0, -1040 - 720, -665) rtsw = 720 rtsh = 375
04-05 12:04:00.363 30040 30132 I SurfaceView@3415ff3: onSSPAndSRT: pl = 0 pt = -1040 sx = 1.0 sy = 1.0
04-05 12:04:00.363 30040 30132 I SurfaceView@3415ff3: aOrMT: ViewRootImpl@96a8cf7[MainActivity] t = android.view.SurfaceControl$Transaction@fc6f4d6 fN = 932 android.view.SurfaceView.-$$Nest$mapplyOrMergeTransaction:0 android.view.SurfaceView$SurfaceViewPositionUpdateListener.positionChanged:1537 android.graphics.RenderNode$CompositePositionUpdateListener.positionChanged:373 
04-05 12:04:00.363 30040 30132 I ViewRootImpl@96a8cf7[MainActivity]: mWNT: t=0xb4000077a057ba00 mBlastBufferQueue=0xb4000077c5424700 fn= 932 caller= android.view.SurfaceView.applyOrMergeTransaction:1455 android.view.SurfaceView.-$$Nest$mapplyOrMergeTransaction:0 android.view.SurfaceView$SurfaceViewPositionUpdateListener.positionChanged:1537 
04-05 12:04:00.363 30040 30131 I ViewRootImpl@96a8cf7[MainActivity]: mWNT: t=0xb4000078551f1b00 mBlastBufferQueue=0xb4000077c5424700 fn= 932 caller= android.view.ViewRootImpl.lambda$applyTransactionOnDraw$11$android-view-ViewRootImpl:12865 android.view.ViewRootImpl$$ExternalSyntheticLambda1.onFrameDraw:4 android.graphics.HardwareRenderer$FrameDrawingCallback.onFrameDraw:924 
04-05 12:04:00.378 30040 30040 I SurfaceView@3415ff3: Changes: creating=false format=false size=false visible=false alpha=false hint=false mUseAlpha=false visible=false left=false top=true
04-05 12:04:00.378 30040 30040 I SurfaceView@3415ff3: 54616051 Cur surface: Surface(name=null)/@0x26bda7b
04-05 12:04:00.378 30040 30040 I SurfaceView@3415ff3: applyTransactionOnVriDraw: vri = ViewRootImpl@96a8cf7[MainActivity] fRS = false t = 0xb4000077dfee5000 android.view.SurfaceView.performSurfaceTransaction:959 android.view.SurfaceView.updateSurface:1105 android.view.SurfaceView.lambda$new$0$android-view-SurfaceView:200 
04-05 12:04:00.378 30040 30040 I ViewRootImpl@96a8cf7[MainActivity]: applyTransactionOnDraw: mRemoved = false isHardwareEnabled = true t = 0xb4000077dfee5000android.view.SurfaceView.applyTransactionOnVriDraw:2048 android.view.SurfaceView.performSurfaceTransaction:959 android.view.SurfaceView.updateSurface:1105 android.view.SurfaceView.lambda$new$0$android-view-SurfaceView:200 android.view.SurfaceView$$ExternalSyntheticLambda5.onPreDraw:2 
04-05 12:04:00.378 30040 30040 I SurfaceView@3415ff3: updateSurface: mVisible = true mSurface.isValid() = true
04-05 12:04:00.379 30040 30040 I SurfaceView@3415ff3: updateSurface: mSurfaceCreated = true surfaceChanged = false visibleChanged = false
04-05 12:04:00.379 30040 30040 V SurfaceView@3415ff3: Layout: x=0 y=-1049 w=720 h=375, frame=Rect(0, 0 - 720, 375)
04-05 12:04:00.379 30040 30132 D SurfaceView@3415ff3: updateSurfacePosition RenderWorker, frameNr = 933, position = [0, -1049, 720, -674] surfaceSize = 720x375
04-05 12:04:00.379 30040 30132 I SurfaceView@3415ff3: uSP: rtp = Rect(0, -1049 - 720, -674) rtsw = 720 rtsh = 375
04-05 12:04:00.380 30040 30132 I SurfaceView@3415ff3: onSSPAndSRT: pl = 0 pt = -1049 sx = 1.0 sy = 1.0
04-05 12:04:00.380 30040 30132 I SurfaceView@3415ff3: aOrMT: ViewRootImpl@96a8cf7[MainActivity] t = android.view.SurfaceControl$Transaction@fc6f4d6 fN = 933 android.view.SurfaceView.-$$Nest$mapplyOrMergeTransaction:0 android.view.SurfaceView$SurfaceViewPositionUpdateListener.positionChanged:1537 android.graphics.RenderNode$CompositePositionUpdateListener.positionChanged:373 
04-05 12:04:00.380 30040 30132 I ViewRootImpl@96a8cf7[MainActivity]: mWNT: t=0xb4000077a057ba00 mBlastBufferQueue=0xb4000077c5424700 fn= 933 caller= android.view.SurfaceView.applyOrMergeTransaction:1455 android.view.SurfaceView.-$$Nest$mapplyOrMergeTransaction:0 android.view.SurfaceView$SurfaceViewPositionUpdateListener.positionChanged:1537 
04-05 12:04:00.380 30040 30132 I ViewRootImpl@96a8cf7[MainActivity]: mWNT: t=0xb4000077dfee5000 mBlastBufferQueue=0xb4000077c5424700 fn= 933 caller= android.view.ViewRootImpl.lambda$applyTransactionOnDraw$11$android-view-ViewRootImpl:12865 android.view.ViewRootImpl$$ExternalSyntheticLambda1.onFrameDraw:4 android.graphics.HardwareRenderer$FrameDrawingCallback.onFrameDraw:924 
04-05 12:04:00.394 30040 30040 I SurfaceView@3415ff3: Changes: creating=false format=false size=false visible=false alpha=false hint=false mUseAlpha=false visible=false left=false top=true
04-05 12:04:00.395 30040 30040 I SurfaceView@3415ff3: 54616051 Cur surface: Surface(name=null)/@0x26bda7b
04-05 12:04:00.395 30040 30040 I SurfaceView@3415ff3: applyTransactionOnVriDraw: vri = ViewRootImpl@96a8cf7[MainActivity] fRS = false t = 0xb4000077dfee5200 android.view.SurfaceView.performSurfaceTransaction:959 android.view.SurfaceView.updateSurface:1105 android.view.SurfaceView.lambda$new$0$android-view-SurfaceView:200 
04-05 12:04:00.395 30040 30040 I ViewRootImpl@96a8cf7[MainActivity]: applyTransactionOnDraw: mRemoved = false isHardwareEnabled = true t = 0xb4000077dfee5200android.view.SurfaceView.applyTransactionOnVriDraw:2048 android.view.SurfaceView.performSurfaceTransaction:959 android.view.SurfaceView.updateSurface:1105 android.view.SurfaceView.lambda$new$0$android-view-SurfaceView:200 android.view.SurfaceView$$ExternalSyntheticLambda5.onPreDraw:2 
04-05 12:04:00.395 30040 30040 I SurfaceView@3415ff3: updateSurface: mVisible = true mSurface.isValid() = true
04-05 12:04:00.395 30040 30040 I SurfaceView@3415ff3: updateSurface: mSurfaceCreated = true surfaceChanged = false visibleChanged = false
04-05 12:04:00.395 30040 30040 V SurfaceView@3415ff3: Layout: x=0 y=-1059 w=720 h=375, frame=Rect(0, 0 - 720, 375)
04-05 12:04:00.396 30040 30131 D SurfaceView@3415ff3: updateSurfacePosition RenderWorker, frameNr = 934, position = [0, -1059, 720, -684] surfaceSize = 720x375
04-05 12:04:00.396 30040 30131 I SurfaceView@3415ff3: uSP: rtp = Rect(0, -1059 - 720, -684) rtsw = 720 rtsh = 375
04-05 12:04:00.396 30040 30131 I SurfaceView@3415ff3: onSSPAndSRT: pl = 0 pt = -1059 sx = 1.0 sy = 1.0
04-05 12:04:00.396 30040 30131 I SurfaceView@3415ff3: aOrMT: ViewRootImpl@96a8cf7[MainActivity] t = android.view.SurfaceControl$Transaction@fc6f4d6 fN = 934 android.view.SurfaceView.-$$Nest$mapplyOrMergeTransaction:0 android.view.SurfaceView$SurfaceViewPositionUpdateListener.positionChanged:1537 android.graphics.RenderNode$CompositePositionUpdateListener.positionChanged:373 
04-05 12:04:00.396 30040 30131 I ViewRootImpl@96a8cf7[MainActivity]: mWNT: t=0xb4000077a057ba00 mBlastBufferQueue=0xb4000077c5424700 fn= 934 caller= android.view.SurfaceView.applyOrMergeTransaction:1455 android.view.SurfaceView.-$$Nest$mapplyOrMergeTransaction:0 android.view.SurfaceView$SurfaceViewPositionUpdateListener.positionChanged:1537 
04-05 12:04:00.397 30040 30131 I ViewRootImpl@96a8cf7[MainActivity]: mWNT: t=0xb4000077dfee5200 mBlastBufferQueue=0xb4000077c5424700 fn= 934 caller= android.view.ViewRootImpl.lambda$applyTransactionOnDraw$11$android-view-ViewRootImpl:12865 android.view.ViewRootImpl$$ExternalSyntheticLambda1.onFrameDraw:4 android.graphics.HardwareRenderer$FrameDrawingCallback.onFrameDraw:924 
04-05 12:04:00.409 30040 30040 I ViewRootImpl@96a8cf7[MainActivity]: ViewPostIme pointer 1
04-05 12:04:00.411 30040 30040 I SurfaceView@3415ff3: Changes: creating=false format=false size=false visible=false alpha=false hint=false mUseAlpha=false visible=false left=false top=true
04-05 12:04:00.411 30040 30040 I SurfaceView@3415ff3: 54616051 Cur surface: Surface(name=null)/@0x26bda7b
04-05 12:04:00.411 30040 30040 I SurfaceView@3415ff3: applyTransactionOnVriDraw: vri = ViewRootImpl@96a8cf7[MainActivity] fRS = false t = 0xb4000077dfee5800 android.view.SurfaceView.performSurfaceTransaction:959 android.view.SurfaceView.updateSurface:1105 android.view.SurfaceView.lambda$new$0$android-view-SurfaceView:200 
04-05 12:04:00.411 30040 30040 I ViewRootImpl@96a8cf7[MainActivity]: applyTransactionOnDraw: mRemoved = false isHardwareEnabled = true t = 0xb4000077dfee5800android.view.SurfaceView.applyTransactionOnVriDraw:2048 android.view.SurfaceView.performSurfaceTransaction:959 android.view.SurfaceView.updateSurface:1105 android.view.SurfaceView.lambda$new$0$android-view-SurfaceView:200 android.view.SurfaceView$$ExternalSyntheticLambda5.onPreDraw:2 
04-05 12:04:00.411 30040 30040 I SurfaceView@3415ff3: updateSurface: mVisible = true mSurface.isValid() = true
04-05 12:04:00.411 30040 30040 I SurfaceView@3415ff3: updateSurface: mSurfaceCreated = true surfaceChanged = false visibleChanged = false
04-05 12:04:00.411 30040 30040 V SurfaceView@3415ff3: Layout: x=0 y=-1061 w=720 h=375, frame=Rect(0, 0 - 720, 375)
04-05 12:04:00.412 30040 30132 D SurfaceView@3415ff3: updateSurfacePosition RenderWorker, frameNr = 935, position = [0, -1061, 720, -686] surfaceSize = 720x375
04-05 12:04:00.412 30040 30132 I SurfaceView@3415ff3: uSP: rtp = Rect(0, -1061 - 720, -686) rtsw = 720 rtsh = 375
04-05 12:04:00.412 30040 30132 I SurfaceView@3415ff3: onSSPAndSRT: pl = 0 pt = -1061 sx = 1.0 sy = 1.0
04-05 12:04:00.412 30040 30132 I SurfaceView@3415ff3: aOrMT: ViewRootImpl@96a8cf7[MainActivity] t = android.view.SurfaceControl$Transaction@fc6f4d6 fN = 935 android.view.SurfaceView.-$$Nest$mapplyOrMergeTransaction:0 android.view.SurfaceView$SurfaceViewPositionUpdateListener.positionChanged:1537 android.graphics.RenderNode$CompositePositionUpdateListener.positionChanged:373 
04-05 12:04:00.412 30040 30132 I ViewRootImpl@96a8cf7[MainActivity]: mWNT: t=0xb4000077a057ba00 mBlastBufferQueue=0xb4000077c5424700 fn= 935 caller= android.view.SurfaceView.applyOrMergeTransaction:1455 android.view.SurfaceView.-$$Nest$mapplyOrMergeTransaction:0 android.view.SurfaceView$SurfaceViewPositionUpdateListener.positionChanged:1537 
04-05 12:04:00.412 30040 30132 I ViewRootImpl@96a8cf7[MainActivity]: mWNT: t=0xb4000077dfee5800 mBlastBufferQueue=0xb4000077c5424700 fn= 935 caller= android.view.ViewRootImpl.lambda$applyTransactionOnDraw$11$android-view-ViewRootImpl:12865 android.view.ViewRootImpl$$ExternalSyntheticLambda1.onFrameDraw:4 android.graphics.HardwareRenderer$FrameDrawingCallback.onFrameDraw:924 
04-05 12:04:00.625 30040 30040 I ViewRootImpl@96a8cf7[MainActivity]: ViewPostIme pointer 0
04-05 12:04:00.926 30040 30040 I SurfaceView@3415ff3: Changes: creating=false format=false size=false visible=false alpha=false hint=false mUseAlpha=false visible=false left=false top=true
04-05 12:04:00.926 30040 30040 I SurfaceView@3415ff3: 54616051 Cur surface: Surface(name=null)/@0x26bda7b
04-05 12:04:00.927 30040 30040 I SurfaceView@3415ff3: applyTransactionOnVriDraw: vri = ViewRootImpl@96a8cf7[MainActivity] fRS = false t = 0xb4000077dfee5a00 android.view.SurfaceView.performSurfaceTransaction:959 android.view.SurfaceView.updateSurface:1105 android.view.SurfaceView.lambda$new$0$android-view-SurfaceView:200 
04-05 12:04:00.927 30040 30040 I ViewRootImpl@96a8cf7[MainActivity]: applyTransactionOnDraw: mRemoved = false isHardwareEnabled = true t = 0xb4000077dfee5a00android.view.SurfaceView.applyTransactionOnVriDraw:2048 android.view.SurfaceView.performSurfaceTransaction:959 android.view.SurfaceView.updateSurface:1105 android.view.SurfaceView.lambda$new$0$android-view-SurfaceView:200 android.view.SurfaceView$$ExternalSyntheticLambda5.onPreDraw:2 
04-05 12:04:00.927 30040 30040 I SurfaceView@3415ff3: updateSurface: mVisible = true mSurface.isValid() = true
04-05 12:04:00.927 30040 30040 I SurfaceView@3415ff3: updateSurface: mSurfaceCreated = true surfaceChanged = false visibleChanged = false
04-05 12:04:00.927 30040 30040 V SurfaceView@3415ff3: Layout: x=0 y=-1065 w=720 h=375, frame=Rect(0, 0 - 720, 375)
04-05 12:04:00.928 30040 30131 D SurfaceView@3415ff3: updateSurfacePosition RenderWorker, frameNr = 959, position = [0, -1065, 720, -690] surfaceSize = 720x375
04-05 12:04:00.928 30040 30131 I SurfaceView@3415ff3: uSP: rtp = Rect(0, -1065 - 720, -690) rtsw = 720 rtsh = 375
04-05 12:04:00.928 30040 30131 I SurfaceView@3415ff3: onSSPAndSRT: pl = 0 pt = -1065 sx = 1.0 sy = 1.0
04-05 12:04:00.928 30040 30131 I SurfaceView@3415ff3: aOrMT: ViewRootImpl@96a8cf7[MainActivity] t = android.view.SurfaceControl$Transaction@fc6f4d6 fN = 959 android.view.SurfaceView.-$$Nest$mapplyOrMergeTransaction:0 android.view.SurfaceView$SurfaceViewPositionUpdateListener.positionChanged:1537 android.graphics.RenderNode$CompositePositionUpdateListener.positionChanged:373 
04-05 12:04:00.928 30040 30131 I ViewRootImpl@96a8cf7[MainActivity]: mWNT: t=0xb4000077a057ba00 mBlastBufferQueue=0xb4000077c5424700 fn= 959 caller= android.view.SurfaceView.applyOrMergeTransaction:1455 android.view.SurfaceView.-$$Nest$mapplyOrMergeTransaction:0 android.view.SurfaceView$SurfaceViewPositionUpdateListener.positionChanged:1537 
04-05 12:04:00.928 30040 30131 I ViewRootImpl@96a8cf7[MainActivity]: mWNT: t=0xb4000077dfee5a00 mBlastBufferQueue=0xb4000077c5424700 fn= 959 caller= android.view.ViewRootImpl.lambda$applyTransactionOnDraw$11$android-view-ViewRootImpl:12865 android.view.ViewRootImpl$$ExternalSyntheticLambda1.onFrameDraw:4 android.graphics.HardwareRenderer$FrameDrawingCallback.onFrameDraw:924 
04-05 12:04:00.943 30040 30040 I SurfaceView@3415ff3: Changes: creating=false format=false size=false visible=false alpha=false hint=false mUseAlpha=false visible=false left=false top=true
04-05 12:04:00.943 30040 30040 I SurfaceView@3415ff3: 54616051 Cur surface: Surface(name=null)/@0x26bda7b
04-05 12:04:00.943 30040 30040 I SurfaceView@3415ff3: applyTransactionOnVriDraw: vri = ViewRootImpl@96a8cf7[MainActivity] fRS = false t = 0xb4000077dfee5c00 android.view.SurfaceView.performSurfaceTransaction:959 android.view.SurfaceView.updateSurface:1105 android.view.SurfaceView.lambda$new$0$android-view-SurfaceView:200 
04-05 12:04:00.944 30040 30040 I ViewRootImpl@96a8cf7[MainActivity]: applyTransactionOnDraw: mRemoved = false isHardwareEnabled = true t = 0xb4000077dfee5c00android.view.SurfaceView.applyTransactionOnVriDraw:2048 android.view.SurfaceView.performSurfaceTransaction:959 android.view.SurfaceView.updateSurface:1105 android.view.SurfaceView.lambda$new$0$android-view-SurfaceView:200 android.view.SurfaceView$$ExternalSyntheticLambda5.onPreDraw:2 
04-05 12:04:00.944 30040 30040 I SurfaceView@3415ff3: updateSurface: mVisible = true mSurface.isValid() = true
04-05 12:04:00.944 30040 30040 I SurfaceView@3415ff3: updateSurface: mSurfaceCreated = true surfaceChanged = false visibleChanged = false
04-05 12:04:00.944 30040 30040 V SurfaceView@3415ff3: Layout: x=0 y=-1068 w=720 h=375, frame=Rect(0, 0 - 720, 375)
04-05 12:04:00.945 30040 30132 D SurfaceView@3415ff3: updateSurfacePosition RenderWorker, frameNr = 960, position = [0, -1068, 720, -693] surfaceSize = 720x375
04-05 12:04:00.945 30040 30132 I SurfaceView@3415ff3: uSP: rtp = Rect(0, -1068 - 720, -693) rtsw = 720 rtsh = 375
04-05 12:04:00.945 30040 30132 I SurfaceView@3415ff3: onSSPAndSRT: pl = 0 pt = -1068 sx = 1.0 sy = 1.0
04-05 12:04:00.945 30040 30132 I SurfaceView@3415ff3: aOrMT: ViewRootImpl@96a8cf7[MainActivity] t = android.view.SurfaceControl$Transaction@fc6f4d6 fN = 960 android.view.SurfaceView.-$$Nest$mapplyOrMergeTransaction:0 android.view.SurfaceView$SurfaceViewPositionUpdateListener.positionChanged:1537 android.graphics.RenderNode$CompositePositionUpdateListener.positionChanged:373 
04-05 12:04:00.945 30040 30132 I ViewRootImpl@96a8cf7[MainActivity]: mWNT: t=0xb4000077a057ba00 mBlastBufferQueue=0xb4000077c5424700 fn= 960 caller= android.view.SurfaceView.applyOrMergeTransaction:1455 android.view.SurfaceView.-$$Nest$mapplyOrMergeTransaction:0 android.view.SurfaceView$SurfaceViewPositionUpdateListener.positionChanged:1537 
04-05 12:04:00.945 30040 30131 I ViewRootImpl@96a8cf7[MainActivity]: mWNT: t=0xb4000077dfee5c00 mBlastBufferQueue=0xb4000077c5424700 fn= 960 caller= android.view.ViewRootImpl.lambda$applyTransactionOnDraw$11$android-view-ViewRootImpl:12865 android.view.ViewRootImpl$$ExternalSyntheticLambda1.onFrameDraw:4 android.graphics.HardwareRenderer$FrameDrawingCallback.onFrameDraw:924 
04-05 12:04:00.960 30040 30040 I SurfaceView@3415ff3: Changes: creating=false format=false size=false visible=false alpha=false hint=false mUseAlpha=false visible=false left=false top=true
04-05 12:04:00.960 30040 30040 I SurfaceView@3415ff3: 54616051 Cur surface: Surface(name=null)/@0x26bda7b
04-05 12:04:00.960 30040 30040 I SurfaceView@3415ff3: applyTransactionOnVriDraw: vri = ViewRootImpl@96a8cf7[MainActivity] fRS = false t = 0xb4000077d2700c00 android.view.SurfaceView.performSurfaceTransaction:959 android.view.SurfaceView.updateSurface:1105 android.view.SurfaceView.lambda$new$0$android-view-SurfaceView:200 
04-05 12:04:00.960 30040 30040 I ViewRootImpl@96a8cf7[MainActivity]: applyTransactionOnDraw: mRemoved = false isHardwareEnabled = true t = 0xb4000077d2700c00android.view.SurfaceView.applyTransactionOnVriDraw:2048 android.view.SurfaceView.performSurfaceTransaction:959 android.view.SurfaceView.updateSurface:1105 android.view.SurfaceView.lambda$new$0$android-view-SurfaceView:200 android.view.SurfaceView$$ExternalSyntheticLambda5.onPreDraw:2 
04-05 12:04:00.960 30040 30040 I SurfaceView@3415ff3: updateSurface: mVisible = true mSurface.isValid() = true
04-05 12:04:00.960 30040 30040 I SurfaceView@3415ff3: updateSurface: mSurfaceCreated = true surfaceChanged = false visibleChanged = false
04-05 12:04:00.960 30040 30040 V SurfaceView@3415ff3: Layout: x=0 y=-1070 w=720 h=375, frame=Rect(0, 0 - 720, 375)
04-05 12:04:00.961 30040 30132 D SurfaceView@3415ff3: updateSurfacePosition RenderWorker, frameNr = 961, position = [0, -1070, 720, -695] surfaceSize = 720x375
04-05 12:04:00.961 30040 30132 I SurfaceView@3415ff3: uSP: rtp = Rect(0, -1070 - 720, -695) rtsw = 720 rtsh = 375
04-05 12:04:00.961 30040 30132 I SurfaceView@3415ff3: onSSPAndSRT: pl = 0 pt = -1070 sx = 1.0 sy = 1.0
04-05 12:04:00.961 30040 30132 I SurfaceView@3415ff3: aOrMT: ViewRootImpl@96a8cf7[MainActivity] t = android.view.SurfaceControl$Transaction@fc6f4d6 fN = 961 android.view.SurfaceView.-$$Nest$mapplyOrMergeTransaction:0 android.view.SurfaceView$SurfaceViewPositionUpdateListener.positionChanged:1537 android.graphics.RenderNode$CompositePositionUpdateListener.positionChanged:373 
04-05 12:04:00.962 30040 30132 I ViewRootImpl@96a8cf7[MainActivity]: mWNT: t=0xb4000077a057ba00 mBlastBufferQueue=0xb4000077c5424700 fn= 961 caller= android.view.SurfaceView.applyOrMergeTransaction:1455 android.view.SurfaceView.-$$Nest$mapplyOrMergeTransaction:0 android.view.SurfaceView$SurfaceViewPositionUpdateListener.positionChanged:1537 
04-05 12:04:00.962 30040 30132 I ViewRootImpl@96a8cf7[MainActivity]: mWNT: t=0xb4000077d2700c00 mBlastBufferQueue=0xb4000077c5424700 fn= 961 caller= android.view.ViewRootImpl.lambda$applyTransactionOnDraw$11$android-view-ViewRootImpl:12865 android.view.ViewRootImpl$$ExternalSyntheticLambda1.onFrameDraw:4 android.graphics.HardwareRenderer$FrameDrawingCallback.onFrameDraw:924 
04-05 12:04:00.976 30040 30040 I SurfaceView@3415ff3: Changes: creating=false format=false size=false visible=false alpha=false hint=false mUseAlpha=false visible=false left=false top=true
04-05 12:04:00.976 30040 30040 I SurfaceView@3415ff3: 54616051 Cur surface: Surface(name=null)/@0x26bda7b
04-05 12:04:00.977 30040 30040 I SurfaceView@3415ff3: applyTransactionOnVriDraw: vri = ViewRootImpl@96a8cf7[MainActivity] fRS = false t = 0xb4000077d2703600 android.view.SurfaceView.performSurfaceTransaction:959 android.view.SurfaceView.updateSurface:1105 android.view.SurfaceView.lambda$new$0$android-view-SurfaceView:200 
04-05 12:04:00.977 30040 30040 I ViewRootImpl@96a8cf7[MainActivity]: applyTransactionOnDraw: mRemoved = false isHardwareEnabled = true t = 0xb4000077d2703600android.view.SurfaceView.applyTransactionOnVriDraw:2048 android.view.SurfaceView.performSurfaceTransaction:959 android.view.SurfaceView.updateSurface:1105 android.view.SurfaceView.lambda$new$0$android-view-SurfaceView:200 android.view.SurfaceView$$ExternalSyntheticLambda5.onPreDraw:2 
04-05 12:04:00.977 30040 30040 I SurfaceView@3415ff3: updateSurface: mVisible = true mSurface.isValid() = true
04-05 12:04:00.977 30040 30040 I SurfaceView@3415ff3: updateSurface: mSurfaceCreated = true surfaceChanged = false visibleChanged = false
04-05 12:04:00.977 30040 30040 V SurfaceView@3415ff3: Layout: x=0 y=-1071 w=720 h=375, frame=Rect(0, 0 - 720, 375)
04-05 12:04:00.978 30040 30131 D SurfaceView@3415ff3: updateSurfacePosition RenderWorker, frameNr = 962, position = [0, -1071, 720, -696] surfaceSize = 720x375
04-05 12:04:00.978 30040 30131 I SurfaceView@3415ff3: uSP: rtp = Rect(0, -1071 - 720, -696) rtsw = 720 rtsh = 375
04-05 12:04:00.978 30040 30131 I SurfaceView@3415ff3: onSSPAndSRT: pl = 0 pt = -1071 sx = 1.0 sy = 1.0
04-05 12:04:00.978 30040 30131 I SurfaceView@3415ff3: aOrMT: ViewRootImpl@96a8cf7[MainActivity] t = android.view.SurfaceControl$Transaction@fc6f4d6 fN = 962 android.view.SurfaceView.-$$Nest$mapplyOrMergeTransaction:0 android.view.SurfaceView$SurfaceViewPositionUpdateListener.positionChanged:1537 android.graphics.RenderNode$CompositePositionUpdateListener.positionChanged:373 
04-05 12:04:00.978 30040 30131 I ViewRootImpl@96a8cf7[MainActivity]: mWNT: t=0xb4000077a057ba00 mBlastBufferQueue=0xb4000077c5424700 fn= 962 caller= android.view.SurfaceView.applyOrMergeTransaction:1455 android.view.SurfaceView.-$$Nest$mapplyOrMergeTransaction:0 android.view.SurfaceView$SurfaceViewPositionUpdateListener.positionChanged:1537 
04-05 12:04:00.979 30040 30132 I ViewRootImpl@96a8cf7[MainActivity]: mWNT: t=0xb4000077d2703600 mBlastBufferQueue=0xb4000077c5424700 fn= 962 caller= android.view.ViewRootImpl.lambda$applyTransactionOnDraw$11$android-view-ViewRootImpl:12865 android.view.ViewRootImpl$$ExternalSyntheticLambda1.onFrameDraw:4 android.graphics.HardwareRenderer$FrameDrawingCallback.onFrameDraw:924 
04-05 12:04:01.017 30040 30040 I ViewRootImpl@96a8cf7[MainActivity]: ViewPostIme pointer 1
04-05 12:04:01.364 30040 30040 I ViewRootImpl@96a8cf7[MainActivity]: ViewPostIme pointer 0
04-05 12:04:01.438 30040 30040 I ViewRootImpl@96a8cf7[MainActivity]: ViewPostIme pointer 1
04-05 12:04:01.443 30040 30040 I CS3ExoPlayer: newInstance = {}
04-05 12:04:01.443 30040 30040 I NavComponent: Navigating to fragment: 2131362303
04-05 12:04:01.444 30040 30040 I IMM_LC  : hsifw() - flag : 0
04-05 12:04:01.444 30040 30040 I IMM_LC  : hsifw() - mService.hideSoftInput
04-05 12:04:01.461 30040 30040 I CS3ExoPlayer: onStop
04-05 12:04:01.461 30040 30040 I CS3ExoPlayer: saveData
04-05 12:04:01.461 30040 30040 I CS3ExoPlayer: handleEvent Pause
04-05 12:04:01.462 30040 30040 I CS3ExoPlayer: unwrapBundle = null
04-05 12:04:01.462 30040 30040 I CS3ExoPlayer: unwrapBundle = Bundle[{resumePosition=0, syncData={}}]
04-05 12:04:01.550 30040 30040 I SurfaceView@527e246: onWindowVisibilityChanged(0) true android.view.SurfaceView{527e246 V.E..V... ......I. 0,0-0,0} of ViewRootImpl@96a8cf7[MainActivity]
04-05 12:04:01.551 30040 30040 D SurfaceView@527e246: updateSurface: has no frame
04-05 12:04:01.552 30040 30040 I CS3ExoPlayer: SET STYLE = SaveCaptionStyle(foregroundColor=-1, backgroundColor=0, windowColor=0, edgeType=1, edgeColor=-16777216, typeface=2131296262, typefaceFilePath=null, elevation=40, fixedTextSize=14.0, edgeSize=null, removeCaptions=false, removeBloat=true, upperCase=false, bold=false, italic=false, backgroundRadius=null, alignment=null)
04-05 12:04:01.558 30040 30040 I CS3ExoPlayer: unwrapBundle = null
04-05 12:04:01.558 30040 30040 I CS3ExoPlayer: unwrapBundle = Bundle[{resumePosition=0, syncData={}}]
04-05 12:04:01.558 30040 30040 I PlayViewGen: loadLinks
04-05 12:04:01.558 30040 32468 I SYNCVM  : updateUserData
04-05 12:04:01.558 30040 30040 I CS3ExoPlayer: setActiveSubtitles 0
04-05 12:04:01.559 30040 30040 I CS3ExoPlayer: autoSelectFromSettings = null
04-05 12:04:01.561 30040 30040 D InsetsSourceConsumer: setRequestedVisible: visible=false, type=23, host=com.lagradost.cloudstream3/com.lagradost.cloudstream3.MainActivity, from=android.view.InsetsSourceConsumer.hide:257 android.view.InsetsController.collectSourceControls:1310 android.view.InsetsController.controlAnimationUnchecked:1164 android.view.InsetsController.applyAnimation:1576 android.view.InsetsController.applyAnimation:1557 android.view.InsetsController.hide:1093 android.view.InsetsController.hide:1068 androidx.core.util.HalfKt$$ExternalSyntheticApiModelOutline0.m$1:0 androidx.core.view.WindowInsetsControllerCompat$Impl30.hide:664 androidx.core.view.WindowInsetsControllerCompat.hide:197 
04-05 12:04:01.561 30040 30040 D InsetsSourceConsumer: setRequestedVisible: visible=false, type=22, host=com.lagradost.cloudstream3/com.lagradost.cloudstream3.MainActivity, from=android.view.InsetsSourceConsumer.hide:257 android.view.InsetsController.collectSourceControls:1310 android.view.InsetsController.controlAnimationUnchecked:1164 android.view.InsetsController.applyAnimation:1576 android.view.InsetsController.applyAnimation:1557 android.view.InsetsController.hide:1093 android.view.InsetsController.hide:1068 androidx.core.util.HalfKt$$ExternalSyntheticApiModelOutline0.m$1:0 androidx.core.view.WindowInsetsControllerCompat$Impl30.hide:664 androidx.core.view.WindowInsetsControllerCompat.hide:197 
04-05 12:04:01.561 30040 30040 D InsetsSourceConsumer: setRequestedVisible: visible=false, type=21, host=com.lagradost.cloudstream3/com.lagradost.cloudstream3.MainActivity, from=android.view.InsetsSourceConsumer.hide:257 android.view.InsetsController.collectSourceControls:1310 android.view.InsetsController.controlAnimationUnchecked:1164 android.view.InsetsController.applyAnimation:1576 android.view.InsetsController.applyAnimation:1557 android.view.InsetsController.hide:1093 android.view.InsetsController.hide:1068 androidx.core.util.HalfKt$$ExternalSyntheticApiModelOutline0.m$1:0 androidx.core.view.WindowInsetsControllerCompat$Impl30.hide:664 androidx.core.view.WindowInsetsControllerCompat.hide:197 
04-05 12:04:01.561 30040 30040 D InsetsSourceConsumer: setRequestedVisible: visible=false, type=20, host=com.lagradost.cloudstream3/com.lagradost.cloudstream3.MainActivity, from=android.view.InsetsSourceConsumer.hide:257 android.view.InsetsController.collectSourceControls:1310 android.view.InsetsController.controlAnimationUnchecked:1164 android.view.InsetsController.applyAnimation:1576 android.view.InsetsController.applyAnimation:1557 android.view.InsetsController.hide:1093 android.view.InsetsController.hide:1068 androidx.core.util.HalfKt$$ExternalSyntheticApiModelOutline0.m$1:0 androidx.core.view.WindowInsetsControllerCompat$Impl30.hide:664 androidx.core.view.WindowInsetsControllerCompat.hide:197 
04-05 12:04:01.562 30040 30040 D InsetsSourceConsumer: setRequestedVisible: visible=false, type=2, host=com.lagradost.cloudstream3/com.lagradost.cloudstream3.MainActivity, from=android.view.InsetsSourceConsumer.hide:257 android.view.InsetsController.collectSourceControls:1310 android.view.InsetsController.controlAnimationUnchecked:1164 android.view.InsetsController.applyAnimation:1576 android.view.InsetsController.applyAnimation:1557 android.view.InsetsController.hide:1093 android.view.InsetsController.hide:1068 androidx.core.util.HalfKt$$ExternalSyntheticApiModelOutline0.m$1:0 androidx.core.view.WindowInsetsControllerCompat$Impl30.hide:664 androidx.core.view.WindowInsetsControllerCompat.hide:197 
04-05 12:04:01.562 30040 30040 D InsetsController: controlAnimationUnchecked: Added types=3 animType=1 host=com.lagradost.cloudstream3/com.lagradost.cloudstream3.MainActivity from=android.view.InsetsController.applyAnimation:1576 android.view.InsetsController.applyAnimation:1557 android.view.InsetsController.hide:1093 
04-05 12:04:01.562 30040 30040 D InsetsSourceConsumer: setRequestedVisible: visible=false, type=1, host=com.lagradost.cloudstream3/com.lagradost.cloudstream3.MainActivity, from=android.view.InsetsSourceConsumer.hide:257 android.view.InsetsSourceConsumer.hide:261 android.view.InsetsController.hideDirectly:1593 android.view.InsetsController.controlAnimationUnchecked:1234 android.view.InsetsController.applyAnimation:1576 android.view.InsetsController.applyAnimation:1557 android.view.InsetsController.hide:1093 android.view.InsetsController.hide:1068 androidx.core.util.HalfKt$$ExternalSyntheticApiModelOutline0.m$1:0 androidx.core.view.WindowInsetsControllerCompat$Impl30.hide:664 
04-05 12:04:01.562 30040 30040 D InsetsSourceConsumer: setRequestedVisible: visible=false, type=0, host=com.lagradost.cloudstream3/com.lagradost.cloudstream3.MainActivity, from=android.view.InsetsSourceConsumer.hide:257 android.view.InsetsSourceConsumer.hide:261 android.view.InsetsController.hideDirectly:1593 android.view.InsetsController.controlAnimationUnchecked:1234 android.view.InsetsController.applyAnimation:1576 android.view.InsetsController.applyAnimation:1557 android.view.InsetsController.hide:1093 android.view.InsetsController.hide:1068 androidx.core.util.HalfKt$$ExternalSyntheticApiModelOutline0.m$1:0 androidx.core.view.WindowInsetsControllerCompat$Impl30.hide:664 
04-05 12:04:01.563 30040 30040 I DecorView: notifyKeepScreenOnChanged: keepScreenOn=false
04-05 12:04:01.569 30040 30408 I ViewRootImpl@96a8cf7[MainActivity]: Resizing android.view.ViewRootImpl@da2a1e7: frame = [0,58][720,1600] reportDraw = true forceLayout = true syncSeqId = 5
04-05 12:04:01.661 30040 30051 I ViewRootImpl@96a8cf7[MainActivity]: Resizing android.view.ViewRootImpl@da2a1e7: frame = [58,0][1600,720] reportDraw = true forceLayout = true syncSeqId = 5
04-05 12:04:01.663 30040 30040 I CS3ExoPlayer: reloadPlayer
04-05 12:04:01.663 30040 30040 I CS3ExoPlayer: releasePlayer
04-05 12:04:01.663 30040 30040 I CS3ExoPlayer: Handle event: PlayerAttachedEvent(player=null, source=Player)
04-05 12:04:01.667 30040 30040 I ViewRootImpl@96a8cf7[MainActivity]: performTraversals params={(0,0)(fillxfill) sim={state=always_hidden adjust=resize} layoutInDisplayCutoutMode=shortEdges ty=BASE_APPLICATION wanim=0x1030309
04-05 12:04:01.667 30040 30040 I ViewRootImpl@96a8cf7[MainActivity]:   fl=85810100
04-05 12:04:01.667 30040 30040 I ViewRootImpl@96a8cf7[MainActivity]:   pfl=12020040
04-05 12:04:01.667 30040 30040 I ViewRootImpl@96a8cf7[MainActivity]:   vsysui=1500
04-05 12:04:01.667 30040 30040 I ViewRootImpl@96a8cf7[MainActivity]:   bhv=SHOW_TRANSIENT_BARS_BY_SWIPE
04-05 12:04:01.667 30040 30040 I ViewRootImpl@96a8cf7[MainActivity]:   fitSides= naviIconColor=0}
04-05 12:04:01.667 30040 30040 I ViewRootImpl@96a8cf7[MainActivity]: performTraversals mFirst=false windowShouldResize=false viewVisibilityChanged=false mForceNextWindowRelayout=false params={(0,0)(fillxfill) sim={state=always_hidden adjust=resize} layoutInDisplayCutoutMode=shortEdges ty=BASE_APPLICATION fmt=TRANSLUCENT wanim=0x1030309
04-05 12:04:01.667 30040 30040 I ViewRootImpl@96a8cf7[MainActivity]:   fl=85810100
04-05 12:04:01.667 30040 30040 I ViewRootImpl@96a8cf7[MainActivity]:   pfl=12020040
04-05 12:04:01.667 30040 30040 I ViewRootImpl@96a8cf7[MainActivity]:   vsysui=1500
04-05 12:04:01.667 30040 30040 I ViewRootImpl@96a8cf7[MainActivity]:   bhv=SHOW_TRANSIENT_BARS_BY_SWIPE
04-05 12:04:01.667 30040 30040 I ViewRootImpl@96a8cf7[MainActivity]:   fitSides= naviIconColor=0}
04-05 12:04:01.681 30040 32468 D ExtractorHelper: Ō¢Č’ĖÅ loadExtractorWithFallback called for: https://krakenfiles.com/embed-video/fftpwWYkNC
04-05 12:04:01.681 30040 32468 D ExtractorHelper: ­¤ō× Calling loadExtractor...
04-05 12:04:01.681 30040 30051 I ViewRootImpl@96a8cf7[MainActivity]: Resizing android.view.ViewRootImpl@da2a1e7: frame = [0,0][1600,720] reportDraw = true forceLayout = false syncSeqId = 5
04-05 12:04:01.682 30040 30040 D InsetsController: onStateChanged: InsetsState: {mDisplayFrame=Rect(0, 0 - 1600, 720), mDisplayCutout=DisplayCutout{insets=Rect(58, 0 - 0, 0) waterfall=Insets{left=0, top=0, right=0, bottom=0} boundingRect={Bounds=[Rect(0, 298 - 58, 422), Rect(0, 0 - 0, 0), Rect(0, 0 - 0, 0), Rect(0, 0 - 0, 0)]} cutoutPathParserInfo={CutoutPathParserInfo{displayWidth=720 displayHeight=1600 physicalDisplayWidth=720 physicalDisplayHeight=1600 density={1.875} cutoutSpec={M62.05,0l-2.7,0l-2.7,0l-1.4,0.1L53.95,0.2l-1.3,0.2l-1.3,0.2L49.95,0.9l-1.3,0.4l-1.3,0.5l-1.2,0.6L44.95,3 l-1.1,0.7l-1,0.8l-1,0.9l-0.9,1l-0.8,1l-0.7,1.1l-0.7,1.2l-0.6,1.2l-0.5,1.3l-0.4,1.3l-0.4,1.3l-0.5,2.3l-0.4,2.3l-0.4,2.3L34.95,23.9 l-0.6,2.3l-0.7,2.2l-0.4,1.1L32.95,30.6l-0.5,1.1L31.95,32.7c-3.5,7.2-9.3,13.1-16.6,16.6c-17.7,8.5-38.9,1.1-47.4-16.6l-0.5-1.1 l-0.5-1.1l-0.4-1.1l-0.4-1.1l-0.7-2.2l-0.6-2.3l-0.5-2.3l-0.4-2.3l-0.4-2.3l-0.5-2.3l-0.4-1.3l-0.4-1.3L-38.15,11l-0.6-1.2l-0.7-1.2 L-40.05,7.5l-0.8-1l-0.9-1l-1-0.9l-1-0.8L-44.95,3l-1.2-0.6l-1.2-0.6l-1.3-0.5l-1.3-0.4l-1.3-0.3L-52.55,0.4L-53.95,0.2L-55.25,0.1L-56.65,0L-59.35,0 L-62.05,0Z} rotation={1} scale={1.0} physicalPixelDisplaySizeRatio={1.0}}}}, mRoundedCorners=RoundedCorners{[RoundedCorner{position=TopLeft, radius=60, center=Point(60, 60)}, RoundedCorner{position=TopRight, radius=60, center=Point(1540, 60)}, RoundedCorner{position=BottomRight, radius=60, center=Point(1540, 660)}, RoundedCorner{position=BottomLeft, radius=60, center=Point(60, 660)}]}  mRoundedCornerFrame=Rect(0, 0 - 1600, 720), mPrivacyIndicatorBounds=PrivacyIndicatorBounds {static bounds=Rect(1435, 0 - 1518, 45) rotation=1}, mSources= { InsetsSource: {mType=ITYPE_STATUS_BAR, mFrame=[0,0][1600,45], mVisible=false, mInsetsRoundedCornerFrame=false}, InsetsSource: {mType=ITYPE_NAVIGATION_BAR, mFrame=[1510,0][1600,720], mVisible=false, mInsetsRoundedCornerFrame=false}, InsetsSource: {mType=ITYPE_LEFT_GESTURES, mFrame=[0,0][58,720], mVisible=true, mInsetsRoundedCornerFrame=false}, InsetsSource: {mType=ITYPE_RIGHT_GESTURES, mFrame=[1600,0][1600,720], mVisible=true, mInsetsRoundedCornerFrame=false}, InsetsSource: {mType=ITYPE_TOP_MANDATORY_GESTURES, mFrame=[0,0][1600,45], mVisible=true, mInsetsRoundedCornerFrame=false}, InsetsSource: {mType=ITYPE_BOTTOM_MANDATORY_GESTURES, mFrame=[1510,0][1600,720], mVisible=true, mInsetsRoundedCornerFrame=false}, InsetsSource: {mType=ITYPE_LEFT_DISPLAY_CUTOUT, mFrame=[0,0][58,720], mVisible=true, mInsetsRoundedCornerFrame=false}, InsetsSource: {mType=ITYPE_TOP_DISPLAY_CUTOUT, mFrame=[0,0][1600,-100000], mVisible=true, mInsetsRoundedCornerFrame=false}, InsetsSource: {mType=ITYPE_RIGHT_DISPLAY_CUTOUT, mFrame=[100000,0][1600,720], mVisible=true, mInsetsRoundedCornerFrame=false}, InsetsSource: {mType=ITYPE_BOTTOM_DISPLAY_CUTOUT, mFrame=[0,100000][1600,720], mVisible=true, mInsetsRoundedCornerFrame=false}, InsetsSource: {mType=ITYPE_TOP_TAPPABLE_ELEMENT, mFrame=[0,0][1600,45], mVisible=true, mInsetsRoundedCornerFrame=false}, InsetsSource: {mType=ITYPE_BOTTOM_TAPPABLE_ELEMENT, mFrame=[1510,0][1600,720], mVisible=true, mInsetsRoundedCornerFrame=false}, InsetsSource: {mType=ITYPE_IME, mFrame=[0,0][0,0], mVisible=false, mInsetsRoundedCornerFrame=false} } host=com.lagradost.cloudstream3/com.lagradost.cloudstream3.MainActivity from=android.view.ViewRootImpl.relayoutWindow:9802
04-05 12:04:01.683 30040 30114 D ExtractorHelper: Ō¢Č’ĖÅ loadExtractorWithFallback called for: https://ok.ru/videoembed/5989442652850
04-05 12:04:01.683 30040 30114 D ExtractorHelper: ­¤ō× Calling loadExtractor...
04-05 12:04:01.684 30040 30040 I DecorView: onImmersiveModeChanged: isStatusBarHidden=true
04-05 12:04:01.686 30040 30040 I ViewRootImpl@96a8cf7[MainActivity]: updateBlastSurfaceIfNeeded mBlastBufferQueue=0xb4000077c5424700 isSameSurfaceControl=true
04-05 12:04:01.686 30040 30040 I BLASTBufferQueue: update, w= 1600 h= 720 mName = ViewRootImpl@96a8cf7[MainActivity] mNativeObject= 0xb4000077c5424700 sc.mNativeObject= 0xb400007789a45cc0 format= -3 caller= android.view.ViewRootImpl.updateBlastSurfaceIfNeeded:2898 android.view.ViewRootImpl.relayoutWindow:9847 android.view.ViewRootImpl.performTraversals:3884 android.view.ViewRootImpl.doTraversal:3116 android.view.ViewRootImpl$TraversalRunnable.run:10885 android.view.Choreographer$CallbackRecord.run:1301 
04-05 12:04:01.687 30040 30040 I ViewRootImpl@96a8cf7[MainActivity]: Relayout returned: old=(0,0,720,1600) new=(0,0,1600,720) req=(720,1600)0 dur=19 res=0x1 s={true 0xb4000077c5698000} ch=false seqId=5
04-05 12:04:01.687 30040 30040 I ViewRootImpl@96a8cf7[MainActivity]: Relayout called with blastSync mSyncSeqId=5
04-05 12:04:01.687 30040 30040 I ViewRootImpl@96a8cf7[MainActivity]: reportNextDraw android.view.ViewRootImpl.performTraversals:3900 android.view.ViewRootImpl.doTraversal:3116 android.view.ViewRootImpl$TraversalRunnable.run:10885 android.view.Choreographer$CallbackRecord.run:1301 android.view.Choreographer$CallbackRecord.run:1309 
04-05 12:04:01.703 30040 30040 I IMM_LC  : hsifw() - flag : 0
04-05 12:04:01.703 30040 30040 I IMM_LC  : hsifw() - mService.hideSoftInput
04-05 12:04:01.705 30040 30040 I DecorView: getCurrentDensityDpi: from real metrics. densityDpi=300 msg=remove_caption
04-05 12:04:01.705 30040 30040 I DecorView: [INFO] isPopOver=false config=true
04-05 12:04:01.705 30040 30040 I DecorView: updateCaptionType: isFloating=false isApplication=true hasWindowDecorCaption=false this=DecorView@5c38412[MainActivity]
04-05 12:04:01.706 30040 30040 D DecorView: setCaptionType = 0, this = DecorView@5c38412[MainActivity]
04-05 12:04:01.726 30040 30040 I MSHandlerLifeCycle: removeMultiSplitHandler: no exist. decor=DecorView@5c38412[MainActivity]
