04-05 12:49:34.591 13149 13149 I ViewRootImpl@f8b7859[MainActivity]: applyTransactionOnDraw: mRemoved = false isHardwareEnabled = true t = 0xb400007768143e00android.view.SurfaceView.applyTransactionOnVriDraw:2048 android.view.SurfaceView.performSurfaceTransaction:959 android.view.SurfaceView.updateSurface:1105 android.view.SurfaceView.lambda$new$0$android-view-SurfaceView:200 android.view.SurfaceView$$ExternalSyntheticLambda5.onPreDraw:2 
04-05 12:49:34.591 13149 13149 I SurfaceView@1f975a8: updateSurface: mVisible = true mSurface.isValid() = true
04-05 12:49:34.591 13149 13149 I SurfaceView@1f975a8: updateSurface: mSurfaceCreated = false surfaceChanged = true visibleChanged = true
04-05 12:49:34.591 13149 13149 I SurfaceView@1f975a8: visibleChanged -- surfaceCreated
04-05 12:49:34.591 13149 13149 I SurfaceView@1f975a8: surfaceCreated 0 #8 android.view.SurfaceView{1f975a8 V.E..V... ......ID 0,0-720,375}
04-05 12:49:34.592 13149 13149 I SurfaceView@1f975a8: surfaceChanged -- format=4 w=720 h=375
04-05 12:49:34.592 13149 13149 I SurfaceView@1f975a8: surfaceChanged (720,375) 0 #8 android.view.SurfaceView{1f975a8 V.E..V... ......ID 0,0-720,375}
04-05 12:49:34.592 13149 13149 I SurfaceView@1f975a8: surfaceRedrawNeeded
04-05 12:49:34.592 13149 13149 V SurfaceView@1f975a8: Layout: x=0 y=152 w=720 h=375, frame=Rect(0, 0 - 720, 375)
04-05 12:49:34.610 13149 13238 D SurfaceView@1f975a8: updateSurfacePosition RenderWorker, frameNr = 224, position = [36, 216, 684, 555] surfaceSize = 720x375
04-05 12:49:34.610 13149 13238 I SurfaceView@1f975a8: uSP: rtp = Rect(36, 216 - 684, 555) rtsw = 720 rtsh = 375
04-05 12:49:34.610 13149 13238 I SurfaceView@1f975a8: onSSPAndSRT: pl = 36 pt = 216 sx = 0.9 sy = 0.904
04-05 12:49:34.611 13149 13238 I SurfaceView@1f975a8: aOrMT: ViewRootImpl@f8b7859[MainActivity] t = android.view.SurfaceControl$Transaction@8a548bf fN = 224 android.view.SurfaceView.-$$Nest$mapplyOrMergeTransaction:0 android.view.SurfaceView$SurfaceViewPositionUpdateListener.positionChanged:1537 android.graphics.RenderNode$CompositePositionUpdateListener.positionChanged:373 
04-05 12:49:34.611 13149 13238 I ViewRootImpl@f8b7859[MainActivity]: mWNT: t=0xb400007768143f00 mBlastBufferQueue=0xb4000077c7d0c600 fn= 224 caller= android.view.SurfaceView.applyOrMergeTransaction:1455 android.view.SurfaceView.-$$Nest$mapplyOrMergeTransaction:0 android.view.SurfaceView$SurfaceViewPositionUpdateListener.positionChanged:1537 
04-05 12:49:34.612 13149 13239 I ViewRootImpl@f8b7859[MainActivity]: mWNT: t=0xb400007768143e00 mBlastBufferQueue=0xb4000077c7d0c600 fn= 224 caller= android.view.ViewRootImpl.lambda$applyTransactionOnDraw$11$android-view-ViewRootImpl:12865 android.view.ViewRootImpl$$ExternalSyntheticLambda1.onFrameDraw:4 android.graphics.HardwareRenderer$FrameDrawingCallback.onFrameDraw:924 
04-05 12:49:34.628 13149 13239 D SurfaceView@1f975a8: updateSurfacePosition RenderWorker, frameNr = 225, position = [31, 209, 689, 552] surfaceSize = 720x375
04-05 12:49:34.628 13149 13239 I SurfaceView@1f975a8: uSP: rtp = Rect(31, 209 - 689, 552) rtsw = 720 rtsh = 375
04-05 12:49:34.628 13149 13239 I SurfaceView@1f975a8: onSSPAndSRT: pl = 31 pt = 209 sx = 0.9138889 sy = 0.91466665
04-05 12:49:34.628 13149 13239 I SurfaceView@1f975a8: aOrMT: ViewRootImpl@f8b7859[MainActivity] t = android.view.SurfaceControl$Transaction@8a548bf fN = 225 android.view.SurfaceView.-$$Nest$mapplyOrMergeTransaction:0 android.view.SurfaceView$SurfaceViewPositionUpdateListener.positionChanged:1537 android.graphics.RenderNode$CompositePositionUpdateListener.positionChanged:373 
04-05 12:49:34.629 13149 13239 I ViewRootImpl@f8b7859[MainActivity]: mWNT: t=0xb400007768143f00 mBlastBufferQueue=0xb4000077c7d0c600 fn= 225 caller= android.view.SurfaceView.applyOrMergeTransaction:1455 android.view.SurfaceView.-$$Nest$mapplyOrMergeTransaction:0 android.view.SurfaceView$SurfaceViewPositionUpdateListener.positionChanged:1537 
04-05 12:49:34.636 13149 13149 I SurfaceView@1f975a8: finishedDrawing
04-05 12:49:34.655 13149 13239 D SurfaceView@1f975a8: updateSurfacePosition RenderWorker, frameNr = 226, position = [0, 152, 720, 527] surfaceSize = 720x375
04-05 12:49:34.655 13149 13239 I SurfaceView@1f975a8: uSP: rtp = Rect(0, 152 - 720, 527) rtsw = 720 rtsh = 375
04-05 12:49:34.655 13149 13239 I SurfaceView@1f975a8: onSSPAndSRT: pl = 0 pt = 152 sx = 1.0 sy = 1.0
04-05 12:49:34.655 13149 13239 I SurfaceView@1f975a8: aOrMT: ViewRootImpl@f8b7859[MainActivity] t = android.view.SurfaceControl$Transaction@8a548bf fN = 226 android.view.SurfaceView.-$$Nest$mapplyOrMergeTransaction:0 android.view.SurfaceView$SurfaceViewPositionUpdateListener.positionChanged:1537 android.graphics.RenderNode$CompositePositionUpdateListener.positionChanged:373 
04-05 12:49:34.655 13149 13239 I ViewRootImpl@f8b7859[MainActivity]: mWNT: t=0xb400007768143f00 mBlastBufferQueue=0xb4000077c7d0c600 fn= 226 caller= android.view.SurfaceView.applyOrMergeTransaction:1455 android.view.SurfaceView.-$$Nest$mapplyOrMergeTransaction:0 android.view.SurfaceView$SurfaceViewPositionUpdateListener.positionChanged:1537 
04-05 12:49:35.062 13149 13154 I st.cloudstream3: Background young concurrent copying GC freed 13MB AllocSpace bytes, 29(804KB) LOS objects, 13% free, 93MB/107MB, paused 285us,68us total 483.640ms
04-05 12:49:35.071 13149 13172 D OpenGLRenderer: setSurface called with nullptr
04-05 12:49:35.072 13149 13172 D OpenGLRenderer: setSurface called with nullptr
04-05 12:49:35.075 13149 13155 D InputTransport: Input channel destroyed: 'ClientS', fd=126
04-05 12:49:35.076 13149 13172 D OpenGLRenderer: setSurface called with nullptr
04-05 12:49:35.107 13149 13156 W System  : A resource failed to call close. 
04-05 12:49:35.107 13149 13156 W System  : A resource failed to call close. 
04-05 12:49:35.426 13149 13149 I ViewRootImpl@f8b7859[MainActivity]: ViewPostIme pointer 0
04-05 12:49:35.552 13149 13149 I SurfaceView@1f975a8: Changes: creating=false format=false size=false visible=false alpha=false hint=false mUseAlpha=false visible=false left=false top=true
04-05 12:49:35.552 13149 13149 I SurfaceView@1f975a8: 33125800 Cur surface: Surface(name=null)/@0xa780960
04-05 12:49:35.552 13149 13149 I SurfaceView@1f975a8: applyTransactionOnVriDraw: vri = ViewRootImpl@f8b7859[MainActivity] fRS = false t = 0xb4000077681b2200 android.view.SurfaceView.performSurfaceTransaction:959 android.view.SurfaceView.updateSurface:1105 android.view.SurfaceView.lambda$new$0$android-view-SurfaceView:200 
04-05 12:49:35.552 13149 13149 I ViewRootImpl@f8b7859[MainActivity]: applyTransactionOnDraw: mRemoved = false isHardwareEnabled = true t = 0xb4000077681b2200android.view.SurfaceView.applyTransactionOnVriDraw:2048 android.view.SurfaceView.performSurfaceTransaction:959 android.view.SurfaceView.updateSurface:1105 android.view.SurfaceView.lambda$new$0$android-view-SurfaceView:200 android.view.SurfaceView$$ExternalSyntheticLambda5.onPreDraw:2 
04-05 12:49:35.552 13149 13149 I SurfaceView@1f975a8: updateSurface: mVisible = true mSurface.isValid() = true
04-05 12:49:35.552 13149 13149 I SurfaceView@1f975a8: updateSurface: mSurfaceCreated = true surfaceChanged = false visibleChanged = false
04-05 12:49:35.552 13149 13149 V SurfaceView@1f975a8: Layout: x=0 y=135 w=720 h=375, frame=Rect(0, 0 - 720, 375)
04-05 12:49:35.553 13149 13238 D SurfaceView@1f975a8: updateSurfacePosition RenderWorker, frameNr = 243, position = [0, 135, 720, 510] surfaceSize = 720x375
04-05 12:49:35.553 13149 13238 I SurfaceView@1f975a8: uSP: rtp = Rect(0, 135 - 720, 510) rtsw = 720 rtsh = 375
04-05 12:49:35.553 13149 13238 I SurfaceView@1f975a8: onSSPAndSRT: pl = 0 pt = 135 sx = 1.0 sy = 1.0
04-05 12:49:35.554 13149 13238 I SurfaceView@1f975a8: aOrMT: ViewRootImpl@f8b7859[MainActivity] t = android.view.SurfaceControl$Transaction@8a548bf fN = 243 android.view.SurfaceView.-$$Nest$mapplyOrMergeTransaction:0 android.view.SurfaceView$SurfaceViewPositionUpdateListener.positionChanged:1537 android.graphics.RenderNode$CompositePositionUpdateListener.positionChanged:373 
04-05 12:49:35.554 13149 13238 I ViewRootImpl@f8b7859[MainActivity]: mWNT: t=0xb400007768143f00 mBlastBufferQueue=0xb4000077c7d0c600 fn= 243 caller= android.view.SurfaceView.applyOrMergeTransaction:1455 android.view.SurfaceView.-$$Nest$mapplyOrMergeTransaction:0 android.view.SurfaceView$SurfaceViewPositionUpdateListener.positionChanged:1537 
04-05 12:49:35.554 13149 13238 I ViewRootImpl@f8b7859[MainActivity]: mWNT: t=0xb4000077681b2200 mBlastBufferQueue=0xb4000077c7d0c600 fn= 243 caller= android.view.ViewRootImpl.lambda$applyTransactionOnDraw$11$android-view-ViewRootImpl:12865 android.view.ViewRootImpl$$ExternalSyntheticLambda1.onFrameDraw:4 android.graphics.HardwareRenderer$FrameDrawingCallback.onFrameDraw:924 
04-05 12:49:35.568 13149 13149 I SurfaceView@1f975a8: Changes: creating=false format=false size=false visible=false alpha=false hint=false mUseAlpha=false visible=false left=false top=true
04-05 12:49:35.568 13149 13149 I SurfaceView@1f975a8: 33125800 Cur surface: Surface(name=null)/@0xa780960
04-05 12:49:35.568 13149 13149 I SurfaceView@1f975a8: applyTransactionOnVriDraw: vri = ViewRootImpl@f8b7859[MainActivity] fRS = false t = 0xb4000077681b2300 android.view.SurfaceView.performSurfaceTransaction:959 android.view.SurfaceView.updateSurface:1105 android.view.SurfaceView.lambda$new$0$android-view-SurfaceView:200 
04-05 12:49:35.569 13149 13149 I ViewRootImpl@f8b7859[MainActivity]: applyTransactionOnDraw: mRemoved = false isHardwareEnabled = true t = 0xb4000077681b2300android.view.SurfaceView.applyTransactionOnVriDraw:2048 android.view.SurfaceView.performSurfaceTransaction:959 android.view.SurfaceView.updateSurface:1105 android.view.SurfaceView.lambda$new$0$android-view-SurfaceView:200 android.view.SurfaceView$$ExternalSyntheticLambda5.onPreDraw:2 
04-05 12:49:35.569 13149 13149 I SurfaceView@1f975a8: updateSurface: mVisible = true mSurface.isValid() = true
04-05 12:49:35.569 13149 13149 I SurfaceView@1f975a8: updateSurface: mSurfaceCreated = true surfaceChanged = false visibleChanged = false
04-05 12:49:35.569 13149 13149 V SurfaceView@1f975a8: Layout: x=0 y=103 w=720 h=375, frame=Rect(0, 0 - 720, 375)
04-05 12:49:35.570 13149 13239 D SurfaceView@1f975a8: updateSurfacePosition RenderWorker, frameNr = 244, position = [0, 103, 720, 478] surfaceSize = 720x375
04-05 12:49:35.570 13149 13239 I SurfaceView@1f975a8: uSP: rtp = Rect(0, 103 - 720, 478) rtsw = 720 rtsh = 375
04-05 12:49:35.570 13149 13239 I SurfaceView@1f975a8: onSSPAndSRT: pl = 0 pt = 103 sx = 1.0 sy = 1.0
04-05 12:49:35.570 13149 13239 I SurfaceView@1f975a8: aOrMT: ViewRootImpl@f8b7859[MainActivity] t = android.view.SurfaceControl$Transaction@8a548bf fN = 244 android.view.SurfaceView.-$$Nest$mapplyOrMergeTransaction:0 android.view.SurfaceView$SurfaceViewPositionUpdateListener.positionChanged:1537 android.graphics.RenderNode$CompositePositionUpdateListener.positionChanged:373 
04-05 12:49:35.570 13149 13239 I ViewRootImpl@f8b7859[MainActivity]: mWNT: t=0xb400007768143f00 mBlastBufferQueue=0xb4000077c7d0c600 fn= 244 caller= android.view.SurfaceView.applyOrMergeTransaction:1455 android.view.SurfaceView.-$$Nest$mapplyOrMergeTransaction:0 android.view.SurfaceView$SurfaceViewPositionUpdateListener.positionChanged:1537 
04-05 12:49:35.570 13149 13239 I ViewRootImpl@f8b7859[MainActivity]: mWNT: t=0xb4000077681b2300 mBlastBufferQueue=0xb4000077c7d0c600 fn= 244 caller= android.view.ViewRootImpl.lambda$applyTransactionOnDraw$11$android-view-ViewRootImpl:12865 android.view.ViewRootImpl$$ExternalSyntheticLambda1.onFrameDraw:4 android.graphics.HardwareRenderer$FrameDrawingCallback.onFrameDraw:924 
04-05 12:49:35.585 13149 13149 I SurfaceView@1f975a8: Changes: creating=false format=false size=false visible=false alpha=false hint=false mUseAlpha=false visible=false left=false top=true
04-05 12:49:35.585 13149 13149 I SurfaceView@1f975a8: 33125800 Cur surface: Surface(name=null)/@0xa780960
04-05 12:49:35.585 13149 13149 I SurfaceView@1f975a8: applyTransactionOnVriDraw: vri = ViewRootImpl@f8b7859[MainActivity] fRS = false t = 0xb4000077681b2400 android.view.SurfaceView.performSurfaceTransaction:959 android.view.SurfaceView.updateSurface:1105 android.view.SurfaceView.lambda$new$0$android-view-SurfaceView:200 
04-05 12:49:35.585 13149 13149 I ViewRootImpl@f8b7859[MainActivity]: applyTransactionOnDraw: mRemoved = false isHardwareEnabled = true t = 0xb4000077681b2400android.view.SurfaceView.applyTransactionOnVriDraw:2048 android.view.SurfaceView.performSurfaceTransaction:959 android.view.SurfaceView.updateSurface:1105 android.view.SurfaceView.lambda$new$0$android-view-SurfaceView:200 android.view.SurfaceView$$ExternalSyntheticLambda5.onPreDraw:2 
04-05 12:49:35.585 13149 13149 I SurfaceView@1f975a8: updateSurface: mVisible = true mSurface.isValid() = true
04-05 12:49:35.585 13149 13149 I SurfaceView@1f975a8: updateSurface: mSurfaceCreated = true surfaceChanged = false visibleChanged = false
04-05 12:49:35.585 13149 13149 V SurfaceView@1f975a8: Layout: x=0 y=59 w=720 h=375, frame=Rect(0, 0 - 720, 375)
04-05 12:49:35.586 13149 13238 D SurfaceView@1f975a8: updateSurfacePosition RenderWorker, frameNr = 245, position = [0, 59, 720, 434] surfaceSize = 720x375
04-05 12:49:35.587 13149 13238 I SurfaceView@1f975a8: uSP: rtp = Rect(0, 59 - 720, 434) rtsw = 720 rtsh = 375
04-05 12:49:35.587 13149 13238 I SurfaceView@1f975a8: onSSPAndSRT: pl = 0 pt = 59 sx = 1.0 sy = 1.0
04-05 12:49:35.587 13149 13238 I SurfaceView@1f975a8: aOrMT: ViewRootImpl@f8b7859[MainActivity] t = android.view.SurfaceControl$Transaction@8a548bf fN = 245 android.view.SurfaceView.-$$Nest$mapplyOrMergeTransaction:0 android.view.SurfaceView$SurfaceViewPositionUpdateListener.positionChanged:1537 android.graphics.RenderNode$CompositePositionUpdateListener.positionChanged:373 
04-05 12:49:35.587 13149 13238 I ViewRootImpl@f8b7859[MainActivity]: mWNT: t=0xb400007768143f00 mBlastBufferQueue=0xb4000077c7d0c600 fn= 245 caller= android.view.SurfaceView.applyOrMergeTransaction:1455 android.view.SurfaceView.-$$Nest$mapplyOrMergeTransaction:0 android.view.SurfaceView$SurfaceViewPositionUpdateListener.positionChanged:1537 
04-05 12:49:35.587 13149 13238 I ViewRootImpl@f8b7859[MainActivity]: mWNT: t=0xb4000077681b2400 mBlastBufferQueue=0xb4000077c7d0c600 fn= 245 caller= android.view.ViewRootImpl.lambda$applyTransactionOnDraw$11$android-view-ViewRootImpl:12865 android.view.ViewRootImpl$$ExternalSyntheticLambda1.onFrameDraw:4 android.graphics.HardwareRenderer$FrameDrawingCallback.onFrameDraw:924 
04-05 12:49:35.601 13149 13149 I SurfaceView@1f975a8: Changes: creating=false format=false size=false visible=false alpha=false hint=false mUseAlpha=false visible=false left=false top=true
04-05 12:49:35.601 13149 13149 I SurfaceView@1f975a8: 33125800 Cur surface: Surface(name=null)/@0xa780960
04-05 12:49:35.601 13149 13149 I SurfaceView@1f975a8: applyTransactionOnVriDraw: vri = ViewRootImpl@f8b7859[MainActivity] fRS = false t = 0xb4000077681b2500 android.view.SurfaceView.performSurfaceTransaction:959 android.view.SurfaceView.updateSurface:1105 android.view.SurfaceView.lambda$new$0$android-view-SurfaceView:200 
04-05 12:49:35.602 13149 13149 I ViewRootImpl@f8b7859[MainActivity]: applyTransactionOnDraw: mRemoved = false isHardwareEnabled = true t = 0xb4000077681b2500android.view.SurfaceView.applyTransactionOnVriDraw:2048 android.view.SurfaceView.performSurfaceTransaction:959 android.view.SurfaceView.updateSurface:1105 android.view.SurfaceView.lambda$new$0$android-view-SurfaceView:200 android.view.SurfaceView$$ExternalSyntheticLambda5.onPreDraw:2 
04-05 12:49:35.602 13149 13149 I SurfaceView@1f975a8: updateSurface: mVisible = true mSurface.isValid() = true
04-05 12:49:35.602 13149 13149 I SurfaceView@1f975a8: updateSurface: mSurfaceCreated = true surfaceChanged = false visibleChanged = false
04-05 12:49:35.602 13149 13149 V SurfaceView@1f975a8: Layout: x=0 y=14 w=720 h=375, frame=Rect(0, 0 - 720, 375)
04-05 12:49:35.603 13149 13239 D SurfaceView@1f975a8: updateSurfacePosition RenderWorker, frameNr = 246, position = [0, 14, 720, 389] surfaceSize = 720x375
04-05 12:49:35.603 13149 13239 I SurfaceView@1f975a8: uSP: rtp = Rect(0, 14 - 720, 389) rtsw = 720 rtsh = 375
04-05 12:49:35.603 13149 13239 I SurfaceView@1f975a8: onSSPAndSRT: pl = 0 pt = 14 sx = 1.0 sy = 1.0
04-05 12:49:35.603 13149 13239 I SurfaceView@1f975a8: aOrMT: ViewRootImpl@f8b7859[MainActivity] t = android.view.SurfaceControl$Transaction@8a548bf fN = 246 android.view.SurfaceView.-$$Nest$mapplyOrMergeTransaction:0 android.view.SurfaceView$SurfaceViewPositionUpdateListener.positionChanged:1537 android.graphics.RenderNode$CompositePositionUpdateListener.positionChanged:373 
04-05 12:49:35.603 13149 13239 I ViewRootImpl@f8b7859[MainActivity]: mWNT: t=0xb400007768143f00 mBlastBufferQueue=0xb4000077c7d0c600 fn= 246 caller= android.view.SurfaceView.applyOrMergeTransaction:1455 android.view.SurfaceView.-$$Nest$mapplyOrMergeTransaction:0 android.view.SurfaceView$SurfaceViewPositionUpdateListener.positionChanged:1537 
04-05 12:49:35.603 13149 13239 I ViewRootImpl@f8b7859[MainActivity]: mWNT: t=0xb4000077681b2500 mBlastBufferQueue=0xb4000077c7d0c600 fn= 246 caller= android.view.ViewRootImpl.lambda$applyTransactionOnDraw$11$android-view-ViewRootImpl:12865 android.view.ViewRootImpl$$ExternalSyntheticLambda1.onFrameDraw:4 android.graphics.HardwareRenderer$FrameDrawingCallback.onFrameDraw:924 
04-05 12:49:35.618 13149 13149 I SurfaceView@1f975a8: Changes: creating=false format=false size=false visible=false alpha=false hint=false mUseAlpha=false visible=false left=false top=true
04-05 12:49:35.618 13149 13149 I SurfaceView@1f975a8: 33125800 Cur surface: Surface(name=null)/@0xa780960
04-05 12:49:35.618 13149 13149 I SurfaceView@1f975a8: applyTransactionOnVriDraw: vri = ViewRootImpl@f8b7859[MainActivity] fRS = false t = 0xb4000077d82a4a00 android.view.SurfaceView.performSurfaceTransaction:959 android.view.SurfaceView.updateSurface:1105 android.view.SurfaceView.lambda$new$0$android-view-SurfaceView:200 
04-05 12:49:35.618 13149 13149 I ViewRootImpl@f8b7859[MainActivity]: applyTransactionOnDraw: mRemoved = false isHardwareEnabled = true t = 0xb4000077d82a4a00android.view.SurfaceView.applyTransactionOnVriDraw:2048 android.view.SurfaceView.performSurfaceTransaction:959 android.view.SurfaceView.updateSurface:1105 android.view.SurfaceView.lambda$new$0$android-view-SurfaceView:200 android.view.SurfaceView$$ExternalSyntheticLambda5.onPreDraw:2 
04-05 12:49:35.619 13149 13149 I SurfaceView@1f975a8: updateSurface: mVisible = true mSurface.isValid() = true
04-05 12:49:35.619 13149 13149 I SurfaceView@1f975a8: updateSurface: mSurfaceCreated = true surfaceChanged = false visibleChanged = false
04-05 12:49:35.619 13149 13149 V SurfaceView@1f975a8: Layout: x=0 y=-23 w=720 h=375, frame=Rect(0, 0 - 720, 375)
04-05 12:49:35.620 13149 13238 D SurfaceView@1f975a8: updateSurfacePosition RenderWorker, frameNr = 247, position = [0, -23, 720, 352] surfaceSize = 720x375
04-05 12:49:35.620 13149 13238 I SurfaceView@1f975a8: uSP: rtp = Rect(0, -23 - 720, 352) rtsw = 720 rtsh = 375
04-05 12:49:35.620 13149 13238 I SurfaceView@1f975a8: onSSPAndSRT: pl = 0 pt = -23 sx = 1.0 sy = 1.0
04-05 12:49:35.620 13149 13238 I SurfaceView@1f975a8: aOrMT: ViewRootImpl@f8b7859[MainActivity] t = android.view.SurfaceControl$Transaction@8a548bf fN = 247 android.view.SurfaceView.-$$Nest$mapplyOrMergeTransaction:0 android.view.SurfaceView$SurfaceViewPositionUpdateListener.positionChanged:1537 android.graphics.RenderNode$CompositePositionUpdateListener.positionChanged:373 
04-05 12:49:35.620 13149 13238 I ViewRootImpl@f8b7859[MainActivity]: mWNT: t=0xb400007768143f00 mBlastBufferQueue=0xb4000077c7d0c600 fn= 247 caller= android.view.SurfaceView.applyOrMergeTransaction:1455 android.view.SurfaceView.-$$Nest$mapplyOrMergeTransaction:0 android.view.SurfaceView$SurfaceViewPositionUpdateListener.positionChanged:1537 
04-05 12:49:35.620 13149 13238 I ViewRootImpl@f8b7859[MainActivity]: mWNT: t=0xb4000077d82a4a00 mBlastBufferQueue=0xb4000077c7d0c600 fn= 247 caller= android.view.ViewRootImpl.lambda$applyTransactionOnDraw$11$android-view-ViewRootImpl:12865 android.view.ViewRootImpl$$ExternalSyntheticLambda1.onFrameDraw:4 android.graphics.HardwareRenderer$FrameDrawingCallback.onFrameDraw:924 
04-05 12:49:35.623 13149 13149 I ViewRootImpl@f8b7859[MainActivity]: ViewPostIme pointer 1
04-05 12:49:35.634 13149 13149 I SurfaceView@1f975a8: Changes: creating=false format=false size=false visible=false alpha=false hint=false mUseAlpha=false visible=false left=false top=true
04-05 12:49:35.634 13149 13149 I SurfaceView@1f975a8: 33125800 Cur surface: Surface(name=null)/@0xa780960
04-05 12:49:35.634 13149 13149 I SurfaceView@1f975a8: applyTransactionOnVriDraw: vri = ViewRootImpl@f8b7859[MainActivity] fRS = false t = 0xb4000077d84dab00 android.view.SurfaceView.performSurfaceTransaction:959 android.view.SurfaceView.updateSurface:1105 android.view.SurfaceView.lambda$new$0$android-view-SurfaceView:200 
04-05 12:49:35.635 13149 13149 I ViewRootImpl@f8b7859[MainActivity]: applyTransactionOnDraw: mRemoved = false isHardwareEnabled = true t = 0xb4000077d84dab00android.view.SurfaceView.applyTransactionOnVriDraw:2048 android.view.SurfaceView.performSurfaceTransaction:959 android.view.SurfaceView.updateSurface:1105 android.view.SurfaceView.lambda$new$0$android-view-SurfaceView:200 android.view.SurfaceView$$ExternalSyntheticLambda5.onPreDraw:2 
04-05 12:49:35.635 13149 13149 I SurfaceView@1f975a8: updateSurface: mVisible = true mSurface.isValid() = true
04-05 12:49:35.635 13149 13149 I SurfaceView@1f975a8: updateSurface: mSurfaceCreated = true surfaceChanged = false visibleChanged = false
04-05 12:49:35.635 13149 13149 V SurfaceView@1f975a8: Layout: x=0 y=-53 w=720 h=375, frame=Rect(0, 0 - 720, 375)
04-05 12:49:35.636 13149 13239 I ViewRootImpl@f8b7859[MainActivity]: mWNT: t=0xb4000077d84dab00 mBlastBufferQueue=0xb4000077c7d0c600 fn= 248 caller= android.view.ViewRootImpl.lambda$applyTransactionOnDraw$11$android-view-ViewRootImpl:12865 android.view.ViewRootImpl$$ExternalSyntheticLambda1.onFrameDraw:4 android.graphics.HardwareRenderer$FrameDrawingCallback.onFrameDraw:924 
04-05 12:49:35.651 13149 13149 I SurfaceView@1f975a8: Changes: creating=false format=false size=false visible=false alpha=false hint=false mUseAlpha=false visible=false left=false top=true
04-05 12:49:35.651 13149 13149 I SurfaceView@1f975a8: 33125800 Cur surface: Surface(name=null)/@0xa780960
04-05 12:49:35.651 13149 13149 I SurfaceView@1f975a8: applyTransactionOnVriDraw: vri = ViewRootImpl@f8b7859[MainActivity] fRS = false t = 0xb4000077d850ba00 android.view.SurfaceView.performSurfaceTransaction:959 android.view.SurfaceView.updateSurface:1105 android.view.SurfaceView.lambda$new$0$android-view-SurfaceView:200 
04-05 12:49:35.651 13149 13149 I ViewRootImpl@f8b7859[MainActivity]: applyTransactionOnDraw: mRemoved = false isHardwareEnabled = true t = 0xb4000077d850ba00android.view.SurfaceView.applyTransactionOnVriDraw:2048 android.view.SurfaceView.performSurfaceTransaction:959 android.view.SurfaceView.updateSurface:1105 android.view.SurfaceView.lambda$new$0$android-view-SurfaceView:200 android.view.SurfaceView$$ExternalSyntheticLambda5.onPreDraw:2 
04-05 12:49:35.651 13149 13149 I SurfaceView@1f975a8: updateSurface: mVisible = true mSurface.isValid() = true
04-05 12:49:35.651 13149 13149 I SurfaceView@1f975a8: updateSurface: mSurfaceCreated = true surfaceChanged = false visibleChanged = false
04-05 12:49:35.651 13149 13149 V SurfaceView@1f975a8: Layout: x=0 y=-80 w=720 h=375, frame=Rect(0, 0 - 720, 375)
04-05 12:49:35.652 13149 13238 D SurfaceView@1f975a8: updateSurfacePosition RenderWorker, frameNr = 249, position = [0, -80, 720, 295] surfaceSize = 720x375
04-05 12:49:35.653 13149 13238 I SurfaceView@1f975a8: uSP: rtp = Rect(0, -80 - 720, 295) rtsw = 720 rtsh = 375
04-05 12:49:35.653 13149 13238 I SurfaceView@1f975a8: onSSPAndSRT: pl = 0 pt = -80 sx = 1.0 sy = 1.0
04-05 12:49:35.653 13149 13238 I SurfaceView@1f975a8: aOrMT: ViewRootImpl@f8b7859[MainActivity] t = android.view.SurfaceControl$Transaction@8a548bf fN = 249 android.view.SurfaceView.-$$Nest$mapplyOrMergeTransaction:0 android.view.SurfaceView$SurfaceViewPositionUpdateListener.positionChanged:1537 android.graphics.RenderNode$CompositePositionUpdateListener.positionChanged:373 
04-05 12:49:35.653 13149 13238 I ViewRootImpl@f8b7859[MainActivity]: mWNT: t=0xb400007768143f00 mBlastBufferQueue=0xb4000077c7d0c600 fn= 249 caller= android.view.SurfaceView.applyOrMergeTransaction:1455 android.view.SurfaceView.-$$Nest$mapplyOrMergeTransaction:0 android.view.SurfaceView$SurfaceViewPositionUpdateListener.positionChanged:1537 
04-05 12:49:35.653 13149 13238 I ViewRootImpl@f8b7859[MainActivity]: mWNT: t=0xb4000077d850ba00 mBlastBufferQueue=0xb4000077c7d0c600 fn= 249 caller= android.view.ViewRootImpl.lambda$applyTransactionOnDraw$11$android-view-ViewRootImpl:12865 android.view.ViewRootImpl$$ExternalSyntheticLambda1.onFrameDraw:4 android.graphics.HardwareRenderer$FrameDrawingCallback.onFrameDraw:924 
04-05 12:49:35.667 13149 13149 I SurfaceView@1f975a8: Changes: creating=false format=false size=false visible=false alpha=false hint=false mUseAlpha=false visible=false left=false top=true
04-05 12:49:35.667 13149 13149 I SurfaceView@1f975a8: 33125800 Cur surface: Surface(name=null)/@0xa780960
04-05 12:49:35.668 13149 13149 I SurfaceView@1f975a8: applyTransactionOnVriDraw: vri = ViewRootImpl@f8b7859[MainActivity] fRS = false t = 0xb4000077c7a87200 android.view.SurfaceView.performSurfaceTransaction:959 android.view.SurfaceView.updateSurface:1105 android.view.SurfaceView.lambda$new$0$android-view-SurfaceView:200 
04-05 12:49:35.668 13149 13149 I ViewRootImpl@f8b7859[MainActivity]: applyTransactionOnDraw: mRemoved = false isHardwareEnabled = true t = 0xb4000077c7a87200android.view.SurfaceView.applyTransactionOnVriDraw:2048 android.view.SurfaceView.performSurfaceTransaction:959 android.view.SurfaceView.updateSurface:1105 android.view.SurfaceView.lambda$new$0$android-view-SurfaceView:200 android.view.SurfaceView$$ExternalSyntheticLambda5.onPreDraw:2 
04-05 12:49:35.668 13149 13149 I SurfaceView@1f975a8: updateSurface: mVisible = true mSurface.isValid() = true
04-05 12:49:35.668 13149 13149 I SurfaceView@1f975a8: updateSurface: mSurfaceCreated = true surfaceChanged = false visibleChanged = false
04-05 12:49:35.668 13149 13149 V SurfaceView@1f975a8: Layout: x=0 y=-119 w=720 h=375, frame=Rect(0, 0 - 720, 375)
04-05 12:49:35.669 13149 13239 D SurfaceView@1f975a8: updateSurfacePosition RenderWorker, frameNr = 250, position = [0, -119, 720, 256] surfaceSize = 720x375
04-05 12:49:35.669 13149 13239 I SurfaceView@1f975a8: uSP: rtp = Rect(0, -119 - 720, 256) rtsw = 720 rtsh = 375
04-05 12:49:35.669 13149 13239 I SurfaceView@1f975a8: onSSPAndSRT: pl = 0 pt = -119 sx = 1.0 sy = 1.0
04-05 12:49:35.669 13149 13239 I SurfaceView@1f975a8: aOrMT: ViewRootImpl@f8b7859[MainActivity] t = android.view.SurfaceControl$Transaction@8a548bf fN = 250 android.view.SurfaceView.-$$Nest$mapplyOrMergeTransaction:0 android.view.SurfaceView$SurfaceViewPositionUpdateListener.positionChanged:1537 android.graphics.RenderNode$CompositePositionUpdateListener.positionChanged:373 
04-05 12:49:35.669 13149 13239 I ViewRootImpl@f8b7859[MainActivity]: mWNT: t=0xb400007768143f00 mBlastBufferQueue=0xb4000077c7d0c600 fn= 250 caller= android.view.SurfaceView.applyOrMergeTransaction:1455 android.view.SurfaceView.-$$Nest$mapplyOrMergeTransaction:0 android.view.SurfaceView$SurfaceViewPositionUpdateListener.positionChanged:1537 
04-05 12:49:35.670 13149 13239 I ViewRootImpl@f8b7859[MainActivity]: mWNT: t=0xb4000077c7a87200 mBlastBufferQueue=0xb4000077c7d0c600 fn= 250 caller= android.view.ViewRootImpl.lambda$applyTransactionOnDraw$11$android-view-ViewRootImpl:12865 android.view.ViewRootImpl$$ExternalSyntheticLambda1.onFrameDraw:4 android.graphics.HardwareRenderer$FrameDrawingCallback.onFrameDraw:924 
04-05 12:49:35.684 13149 13149 I SurfaceView@1f975a8: Changes: creating=false format=false size=false visible=false alpha=false hint=false mUseAlpha=false visible=false left=false top=true
04-05 12:49:35.684 13149 13149 I SurfaceView@1f975a8: 33125800 Cur surface: Surface(name=null)/@0xa780960
04-05 12:49:35.684 13149 13149 I SurfaceView@1f975a8: applyTransactionOnVriDraw: vri = ViewRootImpl@f8b7859[MainActivity] fRS = false t = 0xb4000077c7a87b00 android.view.SurfaceView.performSurfaceTransaction:959 android.view.SurfaceView.updateSurface:1105 android.view.SurfaceView.lambda$new$0$android-view-SurfaceView:200 
04-05 12:49:35.685 13149 13149 I ViewRootImpl@f8b7859[MainActivity]: applyTransactionOnDraw: mRemoved = false isHardwareEnabled = true t = 0xb4000077c7a87b00android.view.SurfaceView.applyTransactionOnVriDraw:2048 android.view.SurfaceView.performSurfaceTransaction:959 android.view.SurfaceView.updateSurface:1105 android.view.SurfaceView.lambda$new$0$android-view-SurfaceView:200 android.view.SurfaceView$$ExternalSyntheticLambda5.onPreDraw:2 
04-05 12:49:35.685 13149 13149 I SurfaceView@1f975a8: updateSurface: mVisible = true mSurface.isValid() = true
04-05 12:49:35.685 13149 13149 I SurfaceView@1f975a8: updateSurface: mSurfaceCreated = true surfaceChanged = false visibleChanged = false
04-05 12:49:35.685 13149 13149 V SurfaceView@1f975a8: Layout: x=0 y=-169 w=720 h=375, frame=Rect(0, 0 - 720, 375)
04-05 12:49:35.686 13149 13238 D SurfaceView@1f975a8: updateSurfacePosition RenderWorker, frameNr = 251, position = [0, -169, 720, 206] surfaceSize = 720x375
04-05 12:49:35.686 13149 13238 I SurfaceView@1f975a8: uSP: rtp = Rect(0, -169 - 720, 206) rtsw = 720 rtsh = 375
04-05 12:49:35.686 13149 13238 I SurfaceView@1f975a8: onSSPAndSRT: pl = 0 pt = -169 sx = 1.0 sy = 1.0
04-05 12:49:35.686 13149 13238 I SurfaceView@1f975a8: aOrMT: ViewRootImpl@f8b7859[MainActivity] t = android.view.SurfaceControl$Transaction@8a548bf fN = 251 android.view.SurfaceView.-$$Nest$mapplyOrMergeTransaction:0 android.view.SurfaceView$SurfaceViewPositionUpdateListener.positionChanged:1537 android.graphics.RenderNode$CompositePositionUpdateListener.positionChanged:373 
04-05 12:49:35.686 13149 13238 I ViewRootImpl@f8b7859[MainActivity]: mWNT: t=0xb400007768143f00 mBlastBufferQueue=0xb4000077c7d0c600 fn= 251 caller= android.view.SurfaceView.applyOrMergeTransaction:1455 android.view.SurfaceView.-$$Nest$mapplyOrMergeTransaction:0 android.view.SurfaceView$SurfaceViewPositionUpdateListener.positionChanged:1537 
04-05 12:49:35.686 13149 13238 I ViewRootImpl@f8b7859[MainActivity]: mWNT: t=0xb4000077c7a87b00 mBlastBufferQueue=0xb4000077c7d0c600 fn= 251 caller= android.view.ViewRootImpl.lambda$applyTransactionOnDraw$11$android-view-ViewRootImpl:12865 android.view.ViewRootImpl$$ExternalSyntheticLambda1.onFrameDraw:4 android.graphics.HardwareRenderer$FrameDrawingCallback.onFrameDraw:924 
04-05 12:49:35.701 13149 13149 I SurfaceView@1f975a8: Changes: creating=false format=false size=false visible=false alpha=false hint=false mUseAlpha=false visible=false left=false top=true
04-05 12:49:35.701 13149 13149 I SurfaceView@1f975a8: 33125800 Cur surface: Surface(name=null)/@0xa780960
04-05 12:49:35.701 13149 13149 I SurfaceView@1f975a8: applyTransactionOnVriDraw: vri = ViewRootImpl@f8b7859[MainActivity] fRS = false t = 0xb4000077c7a87f00 android.view.SurfaceView.performSurfaceTransaction:959 android.view.SurfaceView.updateSurface:1105 android.view.SurfaceView.lambda$new$0$android-view-SurfaceView:200 
04-05 12:49:35.701 13149 13149 I ViewRootImpl@f8b7859[MainActivity]: applyTransactionOnDraw: mRemoved = false isHardwareEnabled = true t = 0xb4000077c7a87f00android.view.SurfaceView.applyTransactionOnVriDraw:2048 android.view.SurfaceView.performSurfaceTransaction:959 android.view.SurfaceView.updateSurface:1105 android.view.SurfaceView.lambda$new$0$android-view-SurfaceView:200 android.view.SurfaceView$$ExternalSyntheticLambda5.onPreDraw:2 
04-05 12:49:35.701 13149 13149 I SurfaceView@1f975a8: updateSurface: mVisible = true mSurface.isValid() = true
04-05 12:49:35.701 13149 13149 I SurfaceView@1f975a8: updateSurface: mSurfaceCreated = true surfaceChanged = false visibleChanged = false
04-05 12:49:35.701 13149 13149 V SurfaceView@1f975a8: Layout: x=0 y=-217 w=720 h=375, frame=Rect(0, 0 - 720, 375)
04-05 12:49:35.702 13149 13239 D SurfaceView@1f975a8: updateSurfacePosition RenderWorker, frameNr = 252, position = [0, -217, 720, 158] surfaceSize = 720x375
04-05 12:49:35.702 13149 13239 I SurfaceView@1f975a8: uSP: rtp = Rect(0, -217 - 720, 158) rtsw = 720 rtsh = 375
04-05 12:49:35.702 13149 13239 I SurfaceView@1f975a8: onSSPAndSRT: pl = 0 pt = -217 sx = 1.0 sy = 1.0
04-05 12:49:35.703 13149 13239 I SurfaceView@1f975a8: aOrMT: ViewRootImpl@f8b7859[MainActivity] t = android.view.SurfaceControl$Transaction@8a548bf fN = 252 android.view.SurfaceView.-$$Nest$mapplyOrMergeTransaction:0 android.view.SurfaceView$SurfaceViewPositionUpdateListener.positionChanged:1537 android.graphics.RenderNode$CompositePositionUpdateListener.positionChanged:373 
04-05 12:49:35.703 13149 13239 I ViewRootImpl@f8b7859[MainActivity]: mWNT: t=0xb400007768143f00 mBlastBufferQueue=0xb4000077c7d0c600 fn= 252 caller= android.view.SurfaceView.applyOrMergeTransaction:1455 android.view.SurfaceView.-$$Nest$mapplyOrMergeTransaction:0 android.view.SurfaceView$SurfaceViewPositionUpdateListener.positionChanged:1537 
04-05 12:49:35.703 13149 13239 I ViewRootImpl@f8b7859[MainActivity]: mWNT: t=0xb4000077c7a87f00 mBlastBufferQueue=0xb4000077c7d0c600 fn= 252 caller= android.view.ViewRootImpl.lambda$applyTransactionOnDraw$11$android-view-ViewRootImpl:12865 android.view.ViewRootImpl$$ExternalSyntheticLambda1.onFrameDraw:4 android.graphics.HardwareRenderer$FrameDrawingCallback.onFrameDraw:924 
04-05 12:49:35.717 13149 13149 I SurfaceView@1f975a8: Changes: creating=false format=false size=false visible=false alpha=false hint=false mUseAlpha=false visible=false left=false top=true
04-05 12:49:35.717 13149 13149 I SurfaceView@1f975a8: 33125800 Cur surface: Surface(name=null)/@0xa780960
04-05 12:49:35.718 13149 13149 I SurfaceView@1f975a8: applyTransactionOnVriDraw: vri = ViewRootImpl@f8b7859[MainActivity] fRS = false t = 0xb4000077c7a88000 android.view.SurfaceView.performSurfaceTransaction:959 android.view.SurfaceView.updateSurface:1105 android.view.SurfaceView.lambda$new$0$android-view-SurfaceView:200 
04-05 12:49:35.718 13149 13149 I ViewRootImpl@f8b7859[MainActivity]: applyTransactionOnDraw: mRemoved = false isHardwareEnabled = true t = 0xb4000077c7a88000android.view.SurfaceView.applyTransactionOnVriDraw:2048 android.view.SurfaceView.performSurfaceTransaction:959 android.view.SurfaceView.updateSurface:1105 android.view.SurfaceView.lambda$new$0$android-view-SurfaceView:200 android.view.SurfaceView$$ExternalSyntheticLambda5.onPreDraw:2 
04-05 12:49:35.718 13149 13149 I SurfaceView@1f975a8: updateSurface: mVisible = true mSurface.isValid() = true
04-05 12:49:35.718 13149 13149 I SurfaceView@1f975a8: updateSurface: mSurfaceCreated = true surfaceChanged = false visibleChanged = false
04-05 12:49:35.718 13149 13149 V SurfaceView@1f975a8: Layout: x=0 y=-268 w=720 h=375, frame=Rect(0, 0 - 720, 375)
04-05 12:49:35.719 13149 13238 D SurfaceView@1f975a8: updateSurfacePosition RenderWorker, frameNr = 253, position = [0, -268, 720, 107] surfaceSize = 720x375
04-05 12:49:35.719 13149 13238 I SurfaceView@1f975a8: uSP: rtp = Rect(0, -268 - 720, 107) rtsw = 720 rtsh = 375
04-05 12:49:35.719 13149 13238 I SurfaceView@1f975a8: onSSPAndSRT: pl = 0 pt = -268 sx = 1.0 sy = 1.0
04-05 12:49:35.719 13149 13238 I SurfaceView@1f975a8: aOrMT: ViewRootImpl@f8b7859[MainActivity] t = android.view.SurfaceControl$Transaction@8a548bf fN = 253 android.view.SurfaceView.-$$Nest$mapplyOrMergeTransaction:0 android.view.SurfaceView$SurfaceViewPositionUpdateListener.positionChanged:1537 android.graphics.RenderNode$CompositePositionUpdateListener.positionChanged:373 
04-05 12:49:35.719 13149 13238 I ViewRootImpl@f8b7859[MainActivity]: mWNT: t=0xb400007768143f00 mBlastBufferQueue=0xb4000077c7d0c600 fn= 253 caller= android.view.SurfaceView.applyOrMergeTransaction:1455 android.view.SurfaceView.-$$Nest$mapplyOrMergeTransaction:0 android.view.SurfaceView$SurfaceViewPositionUpdateListener.positionChanged:1537 
04-05 12:49:35.720 13149 13238 I ViewRootImpl@f8b7859[MainActivity]: mWNT: t=0xb4000077c7a88000 mBlastBufferQueue=0xb4000077c7d0c600 fn= 253 caller= android.view.ViewRootImpl.lambda$applyTransactionOnDraw$11$android-view-ViewRootImpl:12865 android.view.ViewRootImpl$$ExternalSyntheticLambda1.onFrameDraw:4 android.graphics.HardwareRenderer$FrameDrawingCallback.onFrameDraw:924 
04-05 12:49:35.734 13149 13149 I SurfaceView@1f975a8: Changes: creating=false format=false size=false visible=false alpha=false hint=false mUseAlpha=false visible=false left=false top=true
04-05 12:49:35.734 13149 13149 I SurfaceView@1f975a8: 33125800 Cur surface: Surface(name=null)/@0xa780960
04-05 12:49:35.734 13149 13149 I SurfaceView@1f975a8: applyTransactionOnVriDraw: vri = ViewRootImpl@f8b7859[MainActivity] fRS = false t = 0xb4000077c7cae100 android.view.SurfaceView.performSurfaceTransaction:959 android.view.SurfaceView.updateSurface:1105 android.view.SurfaceView.lambda$new$0$android-view-SurfaceView:200 
04-05 12:49:35.735 13149 13149 I ViewRootImpl@f8b7859[MainActivity]: applyTransactionOnDraw: mRemoved = false isHardwareEnabled = true t = 0xb4000077c7cae100android.view.SurfaceView.applyTransactionOnVriDraw:2048 android.view.SurfaceView.performSurfaceTransaction:959 android.view.SurfaceView.updateSurface:1105 android.view.SurfaceView.lambda$new$0$android-view-SurfaceView:200 android.view.SurfaceView$$ExternalSyntheticLambda5.onPreDraw:2 
04-05 12:49:35.735 13149 13149 I SurfaceView@1f975a8: updateSurface: mVisible = true mSurface.isValid() = true
04-05 12:49:35.735 13149 13149 I SurfaceView@1f975a8: updateSurface: mSurfaceCreated = true surfaceChanged = false visibleChanged = false
04-05 12:49:35.735 13149 13149 V SurfaceView@1f975a8: Layout: x=0 y=-320 w=720 h=375, frame=Rect(0, 0 - 720, 375)
04-05 12:49:35.736 13149 13239 D SurfaceView@1f975a8: updateSurfacePosition RenderWorker, frameNr = 254, position = [0, -320, 720, 55] surfaceSize = 720x375
04-05 12:49:35.736 13149 13239 I SurfaceView@1f975a8: uSP: rtp = Rect(0, -320 - 720, 55) rtsw = 720 rtsh = 375
04-05 12:49:35.736 13149 13239 I SurfaceView@1f975a8: onSSPAndSRT: pl = 0 pt = -320 sx = 1.0 sy = 1.0
04-05 12:49:35.736 13149 13239 I SurfaceView@1f975a8: aOrMT: ViewRootImpl@f8b7859[MainActivity] t = android.view.SurfaceControl$Transaction@8a548bf fN = 254 android.view.SurfaceView.-$$Nest$mapplyOrMergeTransaction:0 android.view.SurfaceView$SurfaceViewPositionUpdateListener.positionChanged:1537 android.graphics.RenderNode$CompositePositionUpdateListener.positionChanged:373 
04-05 12:49:35.736 13149 13239 I ViewRootImpl@f8b7859[MainActivity]: mWNT: t=0xb400007768143f00 mBlastBufferQueue=0xb4000077c7d0c600 fn= 254 caller= android.view.SurfaceView.applyOrMergeTransaction:1455 android.view.SurfaceView.-$$Nest$mapplyOrMergeTransaction:0 android.view.SurfaceView$SurfaceViewPositionUpdateListener.positionChanged:1537 
04-05 12:49:35.736 13149 13239 I ViewRootImpl@f8b7859[MainActivity]: mWNT: t=0xb4000077c7cae100 mBlastBufferQueue=0xb4000077c7d0c600 fn= 254 caller= android.view.ViewRootImpl.lambda$applyTransactionOnDraw$11$android-view-ViewRootImpl:12865 android.view.ViewRootImpl$$ExternalSyntheticLambda1.onFrameDraw:4 android.graphics.HardwareRenderer$FrameDrawingCallback.onFrameDraw:924 
04-05 12:49:35.751 13149 13149 I SurfaceView@1f975a8: Changes: creating=false format=false size=false visible=false alpha=false hint=false mUseAlpha=false visible=false left=false top=true
04-05 12:49:35.751 13149 13149 I SurfaceView@1f975a8: 33125800 Cur surface: Surface(name=null)/@0xa780960
04-05 12:49:35.751 13149 13149 I SurfaceView@1f975a8: applyTransactionOnVriDraw: vri = ViewRootImpl@f8b7859[MainActivity] fRS = false t = 0xb4000077c7cae900 android.view.SurfaceView.performSurfaceTransaction:959 android.view.SurfaceView.updateSurface:1105 android.view.SurfaceView.lambda$new$0$android-view-SurfaceView:200 
04-05 12:49:35.751 13149 13149 I ViewRootImpl@f8b7859[MainActivity]: applyTransactionOnDraw: mRemoved = false isHardwareEnabled = true t = 0xb4000077c7cae900android.view.SurfaceView.applyTransactionOnVriDraw:2048 android.view.SurfaceView.performSurfaceTransaction:959 android.view.SurfaceView.updateSurface:1105 android.view.SurfaceView.lambda$new$0$android-view-SurfaceView:200 android.view.SurfaceView$$ExternalSyntheticLambda5.onPreDraw:2 
04-05 12:49:35.751 13149 13149 I SurfaceView@1f975a8: updateSurface: mVisible = true mSurface.isValid() = true
04-05 12:49:35.751 13149 13149 I SurfaceView@1f975a8: updateSurface: mSurfaceCreated = true surfaceChanged = false visibleChanged = false
04-05 12:49:35.751 13149 13149 V SurfaceView@1f975a8: Layout: x=0 y=-368 w=720 h=375, frame=Rect(0, 0 - 720, 375)
04-05 12:49:35.752 13149 13238 D SurfaceView@1f975a8: updateSurfacePosition RenderWorker, frameNr = 255, position = [0, -368, 720, 7] surfaceSize = 720x375
04-05 12:49:35.752 13149 13238 I SurfaceView@1f975a8: uSP: rtp = Rect(0, -368 - 720, 7) rtsw = 720 rtsh = 375
04-05 12:49:35.752 13149 13238 I SurfaceView@1f975a8: onSSPAndSRT: pl = 0 pt = -368 sx = 1.0 sy = 1.0
04-05 12:49:35.753 13149 13238 I SurfaceView@1f975a8: aOrMT: ViewRootImpl@f8b7859[MainActivity] t = android.view.SurfaceControl$Transaction@8a548bf fN = 255 android.view.SurfaceView.-$$Nest$mapplyOrMergeTransaction:0 android.view.SurfaceView$SurfaceViewPositionUpdateListener.positionChanged:1537 android.graphics.RenderNode$CompositePositionUpdateListener.positionChanged:373 
04-05 12:49:35.753 13149 13238 I ViewRootImpl@f8b7859[MainActivity]: mWNT: t=0xb400007768143f00 mBlastBufferQueue=0xb4000077c7d0c600 fn= 255 caller= android.view.SurfaceView.applyOrMergeTransaction:1455 android.view.SurfaceView.-$$Nest$mapplyOrMergeTransaction:0 android.view.SurfaceView$SurfaceViewPositionUpdateListener.positionChanged:1537 
04-05 12:49:35.753 13149 13238 I ViewRootImpl@f8b7859[MainActivity]: mWNT: t=0xb4000077c7cae900 mBlastBufferQueue=0xb4000077c7d0c600 fn= 255 caller= android.view.ViewRootImpl.lambda$applyTransactionOnDraw$11$android-view-ViewRootImpl:12865 android.view.ViewRootImpl$$ExternalSyntheticLambda1.onFrameDraw:4 android.graphics.HardwareRenderer$FrameDrawingCallback.onFrameDraw:924 
04-05 12:49:35.767 13149 13149 I SurfaceView@1f975a8: Changes: creating=false format=false size=false visible=false alpha=false hint=false mUseAlpha=false visible=false left=false top=true
04-05 12:49:35.767 13149 13149 I SurfaceView@1f975a8: 33125800 Cur surface: Surface(name=null)/@0xa780960
04-05 12:49:35.768 13149 13149 I SurfaceView@1f975a8: applyTransactionOnVriDraw: vri = ViewRootImpl@f8b7859[MainActivity] fRS = false t = 0xb4000077c7caef00 android.view.SurfaceView.performSurfaceTransaction:959 android.view.SurfaceView.updateSurface:1105 android.view.SurfaceView.lambda$new$0$android-view-SurfaceView:200 
04-05 12:49:35.768 13149 13149 I ViewRootImpl@f8b7859[MainActivity]: applyTransactionOnDraw: mRemoved = false isHardwareEnabled = true t = 0xb4000077c7caef00android.view.SurfaceView.applyTransactionOnVriDraw:2048 android.view.SurfaceView.performSurfaceTransaction:959 android.view.SurfaceView.updateSurface:1105 android.view.SurfaceView.lambda$new$0$android-view-SurfaceView:200 android.view.SurfaceView$$ExternalSyntheticLambda5.onPreDraw:2 
04-05 12:49:35.768 13149 13149 I SurfaceView@1f975a8: updateSurface: mVisible = true mSurface.isValid() = true
04-05 12:49:35.768 13149 13149 I SurfaceView@1f975a8: updateSurface: mSurfaceCreated = true surfaceChanged = false visibleChanged = false
04-05 12:49:35.768 13149 13149 V SurfaceView@1f975a8: Layout: x=0 y=-416 w=720 h=375, frame=Rect(0, 0 - 720, 375)
04-05 12:49:35.769 13149 13239 D SurfaceView@1f975a8: updateSurfacePosition RenderWorker, frameNr = 256, position = [0, -416, 720, -41] surfaceSize = 720x375
04-05 12:49:35.769 13149 13239 I SurfaceView@1f975a8: uSP: rtp = Rect(0, -416 - 720, -41) rtsw = 720 rtsh = 375
04-05 12:49:35.769 13149 13239 I SurfaceView@1f975a8: onSSPAndSRT: pl = 0 pt = -416 sx = 1.0 sy = 1.0
04-05 12:49:35.769 13149 13239 I SurfaceView@1f975a8: aOrMT: ViewRootImpl@f8b7859[MainActivity] t = android.view.SurfaceControl$Transaction@8a548bf fN = 256 android.view.SurfaceView.-$$Nest$mapplyOrMergeTransaction:0 android.view.SurfaceView$SurfaceViewPositionUpdateListener.positionChanged:1537 android.graphics.RenderNode$CompositePositionUpdateListener.positionChanged:373 
04-05 12:49:35.769 13149 13239 I ViewRootImpl@f8b7859[MainActivity]: mWNT: t=0xb400007768143f00 mBlastBufferQueue=0xb4000077c7d0c600 fn= 256 caller= android.view.SurfaceView.applyOrMergeTransaction:1455 android.view.SurfaceView.-$$Nest$mapplyOrMergeTransaction:0 android.view.SurfaceView$SurfaceViewPositionUpdateListener.positionChanged:1537 
04-05 12:49:35.769 13149 13239 I ViewRootImpl@f8b7859[MainActivity]: mWNT: t=0xb4000077c7caef00 mBlastBufferQueue=0xb4000077c7d0c600 fn= 256 caller= android.view.ViewRootImpl.lambda$applyTransactionOnDraw$11$android-view-ViewRootImpl:12865 android.view.ViewRootImpl$$ExternalSyntheticLambda1.onFrameDraw:4 android.graphics.HardwareRenderer$FrameDrawingCallback.onFrameDraw:924 
04-05 12:49:35.784 13149 13149 I SurfaceView@1f975a8: Changes: creating=false format=false size=false visible=false alpha=false hint=false mUseAlpha=false visible=false left=false top=true
04-05 12:49:35.784 13149 13149 I SurfaceView@1f975a8: 33125800 Cur surface: Surface(name=null)/@0xa780960
04-05 12:49:35.784 13149 13149 I SurfaceView@1f975a8: applyTransactionOnVriDraw: vri = ViewRootImpl@f8b7859[MainActivity] fRS = false t = 0xb4000077c7cc8200 android.view.SurfaceView.performSurfaceTransaction:959 android.view.SurfaceView.updateSurface:1105 android.view.SurfaceView.lambda$new$0$android-view-SurfaceView:200 
04-05 12:49:35.785 13149 13149 I ViewRootImpl@f8b7859[MainActivity]: applyTransactionOnDraw: mRemoved = false isHardwareEnabled = true t = 0xb4000077c7cc8200android.view.SurfaceView.applyTransactionOnVriDraw:2048 android.view.SurfaceView.performSurfaceTransaction:959 android.view.SurfaceView.updateSurface:1105 android.view.SurfaceView.lambda$new$0$android-view-SurfaceView:200 android.view.SurfaceView$$ExternalSyntheticLambda5.onPreDraw:2 
04-05 12:49:35.785 13149 13149 I SurfaceView@1f975a8: updateSurface: mVisible = true mSurface.isValid() = true
04-05 12:49:35.785 13149 13149 I SurfaceView@1f975a8: updateSurface: mSurfaceCreated = true surfaceChanged = false visibleChanged = false
04-05 12:49:35.785 13149 13149 V SurfaceView@1f975a8: Layout: x=0 y=-463 w=720 h=375, frame=Rect(0, 0 - 720, 375)
04-05 12:49:35.786 13149 13238 D SurfaceView@1f975a8: updateSurfacePosition RenderWorker, frameNr = 257, position = [0, -463, 720, -88] surfaceSize = 720x375
04-05 12:49:35.786 13149 13238 I SurfaceView@1f975a8: uSP: rtp = Rect(0, -463 - 720, -88) rtsw = 720 rtsh = 375
04-05 12:49:35.786 13149 13238 I SurfaceView@1f975a8: onSSPAndSRT: pl = 0 pt = -463 sx = 1.0 sy = 1.0
04-05 12:49:35.786 13149 13238 I SurfaceView@1f975a8: aOrMT: ViewRootImpl@f8b7859[MainActivity] t = android.view.SurfaceControl$Transaction@8a548bf fN = 257 android.view.SurfaceView.-$$Nest$mapplyOrMergeTransaction:0 android.view.SurfaceView$SurfaceViewPositionUpdateListener.positionChanged:1537 android.graphics.RenderNode$CompositePositionUpdateListener.positionChanged:373 
04-05 12:49:35.786 13149 13238 I ViewRootImpl@f8b7859[MainActivity]: mWNT: t=0xb400007768143f00 mBlastBufferQueue=0xb4000077c7d0c600 fn= 257 caller= android.view.SurfaceView.applyOrMergeTransaction:1455 android.view.SurfaceView.-$$Nest$mapplyOrMergeTransaction:0 android.view.SurfaceView$SurfaceViewPositionUpdateListener.positionChanged:1537 
04-05 12:49:35.786 13149 13238 I ViewRootImpl@f8b7859[MainActivity]: mWNT: t=0xb4000077c7cc8200 mBlastBufferQueue=0xb4000077c7d0c600 fn= 257 caller= android.view.ViewRootImpl.lambda$applyTransactionOnDraw$11$android-view-ViewRootImpl:12865 android.view.ViewRootImpl$$ExternalSyntheticLambda1.onFrameDraw:4 android.graphics.HardwareRenderer$FrameDrawingCallback.onFrameDraw:924 
04-05 12:49:35.801 13149 13149 I SurfaceView@1f975a8: Changes: creating=false format=false size=false visible=false alpha=false hint=false mUseAlpha=false visible=false left=false top=true
04-05 12:49:35.801 13149 13149 I SurfaceView@1f975a8: 33125800 Cur surface: Surface(name=null)/@0xa780960
04-05 12:49:35.801 13149 13149 I SurfaceView@1f975a8: applyTransactionOnVriDraw: vri = ViewRootImpl@f8b7859[MainActivity] fRS = false t = 0xb4000077c7cc8400 android.view.SurfaceView.performSurfaceTransaction:959 android.view.SurfaceView.updateSurface:1105 android.view.SurfaceView.lambda$new$0$android-view-SurfaceView:200 
04-05 12:49:35.801 13149 13149 I ViewRootImpl@f8b7859[MainActivity]: applyTransactionOnDraw: mRemoved = false isHardwareEnabled = true t = 0xb4000077c7cc8400android.view.SurfaceView.applyTransactionOnVriDraw:2048 android.view.SurfaceView.performSurfaceTransaction:959 android.view.SurfaceView.updateSurface:1105 android.view.SurfaceView.lambda$new$0$android-view-SurfaceView:200 android.view.SurfaceView$$ExternalSyntheticLambda5.onPreDraw:2 
04-05 12:49:35.801 13149 13149 I SurfaceView@1f975a8: updateSurface: mVisible = true mSurface.isValid() = true
04-05 12:49:35.801 13149 13149 I SurfaceView@1f975a8: updateSurface: mSurfaceCreated = true surfaceChanged = false visibleChanged = false
04-05 12:49:35.801 13149 13149 V SurfaceView@1f975a8: Layout: x=0 y=-506 w=720 h=375, frame=Rect(0, 0 - 720, 375)
04-05 12:49:35.802 13149 13239 D SurfaceView@1f975a8: updateSurfacePosition RenderWorker, frameNr = 258, position = [0, -506, 720, -131] surfaceSize = 720x375
04-05 12:49:35.802 13149 13239 I SurfaceView@1f975a8: uSP: rtp = Rect(0, -506 - 720, -131) rtsw = 720 rtsh = 375
