04-05 12:49:39.614 13149 13149 I SurfaceView@1f975a8: updateSurface: mSurfaceCreated = true surfaceChanged = false visibleChanged = false
04-05 12:49:39.614 13149 13149 V SurfaceView@1f975a8: Layout: x=0 y=-1141 w=720 h=375, frame=Rect(0, 0 - 720, 375)
04-05 12:49:39.615 13149 13238 D SurfaceView@1f975a8: updateSurfacePosition RenderWorker, frameNr = 408, position = [0, -1141, 720, -766] surfaceSize = 720x375
04-05 12:49:39.615 13149 13238 I SurfaceView@1f975a8: uSP: rtp = Rect(0, -1141 - 720, -766) rtsw = 720 rtsh = 375
04-05 12:49:39.615 13149 13238 I SurfaceView@1f975a8: onSSPAndSRT: pl = 0 pt = -1141 sx = 1.0 sy = 1.0
04-05 12:49:39.615 13149 13238 I SurfaceView@1f975a8: aOrMT: ViewRootImpl@f8b7859[MainActivity] t = android.view.SurfaceControl$Transaction@8a548bf fN = 408 android.view.SurfaceView.-$$Nest$mapplyOrMergeTransaction:0 android.view.SurfaceView$SurfaceViewPositionUpdateListener.positionChanged:1537 android.graphics.RenderNode$CompositePositionUpdateListener.positionChanged:373 
04-05 12:49:39.615 13149 13238 I ViewRootImpl@f8b7859[MainActivity]: mWNT: t=0xb400007768143f00 mBlastBufferQueue=0xb4000077c7d0c600 fn= 408 caller= android.view.SurfaceView.applyOrMergeTransaction:1455 android.view.SurfaceView.-$$Nest$mapplyOrMergeTransaction:0 android.view.SurfaceView$SurfaceViewPositionUpdateListener.positionChanged:1537 
04-05 12:49:39.616 13149 13238 I ViewRootImpl@f8b7859[MainActivity]: mWNT: t=0xb40000777baf4200 mBlastBufferQueue=0xb4000077c7d0c600 fn= 408 caller= android.view.ViewRootImpl.lambda$applyTransactionOnDraw$11$android-view-ViewRootImpl:12865 android.view.ViewRootImpl$$ExternalSyntheticLambda1.onFrameDraw:4 android.graphics.HardwareRenderer$FrameDrawingCallback.onFrameDraw:924 
04-05 12:49:39.630 13149 13149 I SurfaceView@1f975a8: Changes: creating=false format=false size=false visible=false alpha=false hint=false mUseAlpha=false visible=false left=false top=true
04-05 12:49:39.631 13149 13149 I SurfaceView@1f975a8: 33125800 Cur surface: Surface(name=null)/@0xa780960
04-05 12:49:39.631 13149 13149 I SurfaceView@1f975a8: applyTransactionOnVriDraw: vri = ViewRootImpl@f8b7859[MainActivity] fRS = false t = 0xb40000777baf4600 android.view.SurfaceView.performSurfaceTransaction:959 android.view.SurfaceView.updateSurface:1105 android.view.SurfaceView.lambda$new$0$android-view-SurfaceView:200 
04-05 12:49:39.631 13149 13149 I ViewRootImpl@f8b7859[MainActivity]: applyTransactionOnDraw: mRemoved = false isHardwareEnabled = true t = 0xb40000777baf4600android.view.SurfaceView.applyTransactionOnVriDraw:2048 android.view.SurfaceView.performSurfaceTransaction:959 android.view.SurfaceView.updateSurface:1105 android.view.SurfaceView.lambda$new$0$android-view-SurfaceView:200 android.view.SurfaceView$$ExternalSyntheticLambda5.onPreDraw:2 
04-05 12:49:39.631 13149 13149 I SurfaceView@1f975a8: updateSurface: mVisible = true mSurface.isValid() = true
04-05 12:49:39.631 13149 13149 I SurfaceView@1f975a8: updateSurface: mSurfaceCreated = true surfaceChanged = false visibleChanged = false
04-05 12:49:39.631 13149 13149 V SurfaceView@1f975a8: Layout: x=0 y=-1154 w=720 h=375, frame=Rect(0, 0 - 720, 375)
04-05 12:49:39.632 13149 13239 D SurfaceView@1f975a8: updateSurfacePosition RenderWorker, frameNr = 409, position = [0, -1154, 720, -779] surfaceSize = 720x375
04-05 12:49:39.632 13149 13239 I SurfaceView@1f975a8: uSP: rtp = Rect(0, -1154 - 720, -779) rtsw = 720 rtsh = 375
04-05 12:49:39.632 13149 13239 I SurfaceView@1f975a8: onSSPAndSRT: pl = 0 pt = -1154 sx = 1.0 sy = 1.0
04-05 12:49:39.632 13149 13239 I SurfaceView@1f975a8: aOrMT: ViewRootImpl@f8b7859[MainActivity] t = android.view.SurfaceControl$Transaction@8a548bf fN = 409 android.view.SurfaceView.-$$Nest$mapplyOrMergeTransaction:0 android.view.SurfaceView$SurfaceViewPositionUpdateListener.positionChanged:1537 android.graphics.RenderNode$CompositePositionUpdateListener.positionChanged:373 
04-05 12:49:39.632 13149 13239 I ViewRootImpl@f8b7859[MainActivity]: mWNT: t=0xb400007768143f00 mBlastBufferQueue=0xb4000077c7d0c600 fn= 409 caller= android.view.SurfaceView.applyOrMergeTransaction:1455 android.view.SurfaceView.-$$Nest$mapplyOrMergeTransaction:0 android.view.SurfaceView$SurfaceViewPositionUpdateListener.positionChanged:1537 
04-05 12:49:39.633 13149 13239 I ViewRootImpl@f8b7859[MainActivity]: mWNT: t=0xb40000777baf4600 mBlastBufferQueue=0xb4000077c7d0c600 fn= 409 caller= android.view.ViewRootImpl.lambda$applyTransactionOnDraw$11$android-view-ViewRootImpl:12865 android.view.ViewRootImpl$$ExternalSyntheticLambda1.onFrameDraw:4 android.graphics.HardwareRenderer$FrameDrawingCallback.onFrameDraw:924 
04-05 12:49:39.647 13149 13149 I SurfaceView@1f975a8: Changes: creating=false format=false size=false visible=false alpha=false hint=false mUseAlpha=false visible=false left=false top=true
04-05 12:49:39.647 13149 13149 I SurfaceView@1f975a8: 33125800 Cur surface: Surface(name=null)/@0xa780960
04-05 12:49:39.648 13149 13149 I SurfaceView@1f975a8: applyTransactionOnVriDraw: vri = ViewRootImpl@f8b7859[MainActivity] fRS = false t = 0xb40000777baf4a00 android.view.SurfaceView.performSurfaceTransaction:959 android.view.SurfaceView.updateSurface:1105 android.view.SurfaceView.lambda$new$0$android-view-SurfaceView:200 
04-05 12:49:39.648 13149 13149 I ViewRootImpl@f8b7859[MainActivity]: applyTransactionOnDraw: mRemoved = false isHardwareEnabled = true t = 0xb40000777baf4a00android.view.SurfaceView.applyTransactionOnVriDraw:2048 android.view.SurfaceView.performSurfaceTransaction:959 android.view.SurfaceView.updateSurface:1105 android.view.SurfaceView.lambda$new$0$android-view-SurfaceView:200 android.view.SurfaceView$$ExternalSyntheticLambda5.onPreDraw:2 
04-05 12:49:39.648 13149 13149 I SurfaceView@1f975a8: updateSurface: mVisible = true mSurface.isValid() = true
04-05 12:49:39.648 13149 13149 I SurfaceView@1f975a8: updateSurface: mSurfaceCreated = true surfaceChanged = false visibleChanged = false
04-05 12:49:39.648 13149 13149 V SurfaceView@1f975a8: Layout: x=0 y=-1166 w=720 h=375, frame=Rect(0, 0 - 720, 375)
04-05 12:49:39.649 13149 13238 D SurfaceView@1f975a8: updateSurfacePosition RenderWorker, frameNr = 410, position = [0, -1166, 720, -791] surfaceSize = 720x375
04-05 12:49:39.649 13149 13238 I SurfaceView@1f975a8: uSP: rtp = Rect(0, -1166 - 720, -791) rtsw = 720 rtsh = 375
04-05 12:49:39.649 13149 13238 I SurfaceView@1f975a8: onSSPAndSRT: pl = 0 pt = -1166 sx = 1.0 sy = 1.0
04-05 12:49:39.649 13149 13238 I SurfaceView@1f975a8: aOrMT: ViewRootImpl@f8b7859[MainActivity] t = android.view.SurfaceControl$Transaction@8a548bf fN = 410 android.view.SurfaceView.-$$Nest$mapplyOrMergeTransaction:0 android.view.SurfaceView$SurfaceViewPositionUpdateListener.positionChanged:1537 android.graphics.RenderNode$CompositePositionUpdateListener.positionChanged:373 
04-05 12:49:39.649 13149 13238 I ViewRootImpl@f8b7859[MainActivity]: mWNT: t=0xb400007768143f00 mBlastBufferQueue=0xb4000077c7d0c600 fn= 410 caller= android.view.SurfaceView.applyOrMergeTransaction:1455 android.view.SurfaceView.-$$Nest$mapplyOrMergeTransaction:0 android.view.SurfaceView$SurfaceViewPositionUpdateListener.positionChanged:1537 
04-05 12:49:39.650 13149 13238 I ViewRootImpl@f8b7859[MainActivity]: mWNT: t=0xb40000777baf4a00 mBlastBufferQueue=0xb4000077c7d0c600 fn= 410 caller= android.view.ViewRootImpl.lambda$applyTransactionOnDraw$11$android-view-ViewRootImpl:12865 android.view.ViewRootImpl$$ExternalSyntheticLambda1.onFrameDraw:4 android.graphics.HardwareRenderer$FrameDrawingCallback.onFrameDraw:924 
04-05 12:49:39.664 13149 13149 I SurfaceView@1f975a8: Changes: creating=false format=false size=false visible=false alpha=false hint=false mUseAlpha=false visible=false left=false top=true
04-05 12:49:39.664 13149 13149 I SurfaceView@1f975a8: 33125800 Cur surface: Surface(name=null)/@0xa780960
04-05 12:49:39.664 13149 13149 I SurfaceView@1f975a8: applyTransactionOnVriDraw: vri = ViewRootImpl@f8b7859[MainActivity] fRS = false t = 0xb40000777baf4e00 android.view.SurfaceView.performSurfaceTransaction:959 android.view.SurfaceView.updateSurface:1105 android.view.SurfaceView.lambda$new$0$android-view-SurfaceView:200 
04-05 12:49:39.664 13149 13149 I ViewRootImpl@f8b7859[MainActivity]: applyTransactionOnDraw: mRemoved = false isHardwareEnabled = true t = 0xb40000777baf4e00android.view.SurfaceView.applyTransactionOnVriDraw:2048 android.view.SurfaceView.performSurfaceTransaction:959 android.view.SurfaceView.updateSurface:1105 android.view.SurfaceView.lambda$new$0$android-view-SurfaceView:200 android.view.SurfaceView$$ExternalSyntheticLambda5.onPreDraw:2 
04-05 12:49:39.664 13149 13149 I SurfaceView@1f975a8: updateSurface: mVisible = true mSurface.isValid() = true
04-05 12:49:39.664 13149 13149 I SurfaceView@1f975a8: updateSurface: mSurfaceCreated = true surfaceChanged = false visibleChanged = false
04-05 12:49:39.664 13149 13149 V SurfaceView@1f975a8: Layout: x=0 y=-1178 w=720 h=375, frame=Rect(0, 0 - 720, 375)
04-05 12:49:39.665 13149 13239 D SurfaceView@1f975a8: updateSurfacePosition RenderWorker, frameNr = 411, position = [0, -1178, 720, -803] surfaceSize = 720x375
04-05 12:49:39.665 13149 13239 I SurfaceView@1f975a8: uSP: rtp = Rect(0, -1178 - 720, -803) rtsw = 720 rtsh = 375
04-05 12:49:39.665 13149 13239 I SurfaceView@1f975a8: onSSPAndSRT: pl = 0 pt = -1178 sx = 1.0 sy = 1.0
04-05 12:49:39.665 13149 13239 I SurfaceView@1f975a8: aOrMT: ViewRootImpl@f8b7859[MainActivity] t = android.view.SurfaceControl$Transaction@8a548bf fN = 411 android.view.SurfaceView.-$$Nest$mapplyOrMergeTransaction:0 android.view.SurfaceView$SurfaceViewPositionUpdateListener.positionChanged:1537 android.graphics.RenderNode$CompositePositionUpdateListener.positionChanged:373 
04-05 12:49:39.665 13149 13239 I ViewRootImpl@f8b7859[MainActivity]: mWNT: t=0xb400007768143f00 mBlastBufferQueue=0xb4000077c7d0c600 fn= 411 caller= android.view.SurfaceView.applyOrMergeTransaction:1455 android.view.SurfaceView.-$$Nest$mapplyOrMergeTransaction:0 android.view.SurfaceView$SurfaceViewPositionUpdateListener.positionChanged:1537 
04-05 12:49:39.665 13149 13239 I ViewRootImpl@f8b7859[MainActivity]: mWNT: t=0xb40000777baf4e00 mBlastBufferQueue=0xb4000077c7d0c600 fn= 411 caller= android.view.ViewRootImpl.lambda$applyTransactionOnDraw$11$android-view-ViewRootImpl:12865 android.view.ViewRootImpl$$ExternalSyntheticLambda1.onFrameDraw:4 android.graphics.HardwareRenderer$FrameDrawingCallback.onFrameDraw:924 
04-05 12:49:39.681 13149 13149 I SurfaceView@1f975a8: Changes: creating=false format=false size=false visible=false alpha=false hint=false mUseAlpha=false visible=false left=false top=true
04-05 12:49:39.681 13149 13149 I SurfaceView@1f975a8: 33125800 Cur surface: Surface(name=null)/@0xa780960
04-05 12:49:39.681 13149 13149 I SurfaceView@1f975a8: applyTransactionOnVriDraw: vri = ViewRootImpl@f8b7859[MainActivity] fRS = false t = 0xb40000777bbfc600 android.view.SurfaceView.performSurfaceTransaction:959 android.view.SurfaceView.updateSurface:1105 android.view.SurfaceView.lambda$new$0$android-view-SurfaceView:200 
04-05 12:49:39.681 13149 13149 I ViewRootImpl@f8b7859[MainActivity]: applyTransactionOnDraw: mRemoved = false isHardwareEnabled = true t = 0xb40000777bbfc600android.view.SurfaceView.applyTransactionOnVriDraw:2048 android.view.SurfaceView.performSurfaceTransaction:959 android.view.SurfaceView.updateSurface:1105 android.view.SurfaceView.lambda$new$0$android-view-SurfaceView:200 android.view.SurfaceView$$ExternalSyntheticLambda5.onPreDraw:2 
04-05 12:49:39.681 13149 13149 I SurfaceView@1f975a8: updateSurface: mVisible = true mSurface.isValid() = true
04-05 12:49:39.681 13149 13149 I SurfaceView@1f975a8: updateSurface: mSurfaceCreated = true surfaceChanged = false visibleChanged = false
04-05 12:49:39.681 13149 13149 V SurfaceView@1f975a8: Layout: x=0 y=-1188 w=720 h=375, frame=Rect(0, 0 - 720, 375)
04-05 12:49:39.682 13149 13238 D SurfaceView@1f975a8: updateSurfacePosition RenderWorker, frameNr = 412, position = [0, -1188, 720, -813] surfaceSize = 720x375
04-05 12:49:39.682 13149 13238 I SurfaceView@1f975a8: uSP: rtp = Rect(0, -1188 - 720, -813) rtsw = 720 rtsh = 375
04-05 12:49:39.682 13149 13238 I SurfaceView@1f975a8: onSSPAndSRT: pl = 0 pt = -1188 sx = 1.0 sy = 1.0
04-05 12:49:39.682 13149 13238 I SurfaceView@1f975a8: aOrMT: ViewRootImpl@f8b7859[MainActivity] t = android.view.SurfaceControl$Transaction@8a548bf fN = 412 android.view.SurfaceView.-$$Nest$mapplyOrMergeTransaction:0 android.view.SurfaceView$SurfaceViewPositionUpdateListener.positionChanged:1537 android.graphics.RenderNode$CompositePositionUpdateListener.positionChanged:373 
04-05 12:49:39.682 13149 13238 I ViewRootImpl@f8b7859[MainActivity]: mWNT: t=0xb400007768143f00 mBlastBufferQueue=0xb4000077c7d0c600 fn= 412 caller= android.view.SurfaceView.applyOrMergeTransaction:1455 android.view.SurfaceView.-$$Nest$mapplyOrMergeTransaction:0 android.view.SurfaceView$SurfaceViewPositionUpdateListener.positionChanged:1537 
04-05 12:49:39.682 13149 13238 I ViewRootImpl@f8b7859[MainActivity]: mWNT: t=0xb40000777bbfc600 mBlastBufferQueue=0xb4000077c7d0c600 fn= 412 caller= android.view.ViewRootImpl.lambda$applyTransactionOnDraw$11$android-view-ViewRootImpl:12865 android.view.ViewRootImpl$$ExternalSyntheticLambda1.onFrameDraw:4 android.graphics.HardwareRenderer$FrameDrawingCallback.onFrameDraw:924 
04-05 12:49:39.697 13149 13149 I SurfaceView@1f975a8: Changes: creating=false format=false size=false visible=false alpha=false hint=false mUseAlpha=false visible=false left=false top=true
04-05 12:49:39.697 13149 13149 I SurfaceView@1f975a8: 33125800 Cur surface: Surface(name=null)/@0xa780960
04-05 12:49:39.697 13149 13149 I SurfaceView@1f975a8: applyTransactionOnVriDraw: vri = ViewRootImpl@f8b7859[MainActivity] fRS = false t = 0xb40000777bbfc800 android.view.SurfaceView.performSurfaceTransaction:959 android.view.SurfaceView.updateSurface:1105 android.view.SurfaceView.lambda$new$0$android-view-SurfaceView:200 
04-05 12:49:39.698 13149 13149 I ViewRootImpl@f8b7859[MainActivity]: applyTransactionOnDraw: mRemoved = false isHardwareEnabled = true t = 0xb40000777bbfc800android.view.SurfaceView.applyTransactionOnVriDraw:2048 android.view.SurfaceView.performSurfaceTransaction:959 android.view.SurfaceView.updateSurface:1105 android.view.SurfaceView.lambda$new$0$android-view-SurfaceView:200 android.view.SurfaceView$$ExternalSyntheticLambda5.onPreDraw:2 
04-05 12:49:39.698 13149 13149 I SurfaceView@1f975a8: updateSurface: mVisible = true mSurface.isValid() = true
04-05 12:49:39.698 13149 13149 I SurfaceView@1f975a8: updateSurface: mSurfaceCreated = true surfaceChanged = false visibleChanged = false
04-05 12:49:39.698 13149 13149 V SurfaceView@1f975a8: Layout: x=0 y=-1198 w=720 h=375, frame=Rect(0, 0 - 720, 375)
04-05 12:49:39.699 13149 13239 D SurfaceView@1f975a8: updateSurfacePosition RenderWorker, frameNr = 413, position = [0, -1198, 720, -823] surfaceSize = 720x375
04-05 12:49:39.699 13149 13239 I SurfaceView@1f975a8: uSP: rtp = Rect(0, -1198 - 720, -823) rtsw = 720 rtsh = 375
04-05 12:49:39.699 13149 13239 I SurfaceView@1f975a8: onSSPAndSRT: pl = 0 pt = -1198 sx = 1.0 sy = 1.0
04-05 12:49:39.699 13149 13239 I SurfaceView@1f975a8: aOrMT: ViewRootImpl@f8b7859[MainActivity] t = android.view.SurfaceControl$Transaction@8a548bf fN = 413 android.view.SurfaceView.-$$Nest$mapplyOrMergeTransaction:0 android.view.SurfaceView$SurfaceViewPositionUpdateListener.positionChanged:1537 android.graphics.RenderNode$CompositePositionUpdateListener.positionChanged:373 
04-05 12:49:39.700 13149 13239 I ViewRootImpl@f8b7859[MainActivity]: mWNT: t=0xb400007768143f00 mBlastBufferQueue=0xb4000077c7d0c600 fn= 413 caller= android.view.SurfaceView.applyOrMergeTransaction:1455 android.view.SurfaceView.-$$Nest$mapplyOrMergeTransaction:0 android.view.SurfaceView$SurfaceViewPositionUpdateListener.positionChanged:1537 
04-05 12:49:39.700 13149 13239 I ViewRootImpl@f8b7859[MainActivity]: mWNT: t=0xb40000777bbfc800 mBlastBufferQueue=0xb4000077c7d0c600 fn= 413 caller= android.view.ViewRootImpl.lambda$applyTransactionOnDraw$11$android-view-ViewRootImpl:12865 android.view.ViewRootImpl$$ExternalSyntheticLambda1.onFrameDraw:4 android.graphics.HardwareRenderer$FrameDrawingCallback.onFrameDraw:924 
04-05 12:49:39.714 13149 13149 I SurfaceView@1f975a8: Changes: creating=false format=false size=false visible=false alpha=false hint=false mUseAlpha=false visible=false left=false top=true
04-05 12:49:39.714 13149 13149 I SurfaceView@1f975a8: 33125800 Cur surface: Surface(name=null)/@0xa780960
04-05 12:49:39.714 13149 13149 I SurfaceView@1f975a8: applyTransactionOnVriDraw: vri = ViewRootImpl@f8b7859[MainActivity] fRS = false t = 0xb40000777bcdb300 android.view.SurfaceView.performSurfaceTransaction:959 android.view.SurfaceView.updateSurface:1105 android.view.SurfaceView.lambda$new$0$android-view-SurfaceView:200 
04-05 12:49:39.714 13149 13149 I ViewRootImpl@f8b7859[MainActivity]: applyTransactionOnDraw: mRemoved = false isHardwareEnabled = true t = 0xb40000777bcdb300android.view.SurfaceView.applyTransactionOnVriDraw:2048 android.view.SurfaceView.performSurfaceTransaction:959 android.view.SurfaceView.updateSurface:1105 android.view.SurfaceView.lambda$new$0$android-view-SurfaceView:200 android.view.SurfaceView$$ExternalSyntheticLambda5.onPreDraw:2 
04-05 12:49:39.714 13149 13149 I SurfaceView@1f975a8: updateSurface: mVisible = true mSurface.isValid() = true
04-05 12:49:39.714 13149 13149 I SurfaceView@1f975a8: updateSurface: mSurfaceCreated = true surfaceChanged = false visibleChanged = false
04-05 12:49:39.714 13149 13149 V SurfaceView@1f975a8: Layout: x=0 y=-1208 w=720 h=375, frame=Rect(0, 0 - 720, 375)
04-05 12:49:39.715 13149 13238 D SurfaceView@1f975a8: updateSurfacePosition RenderWorker, frameNr = 414, position = [0, -1208, 720, -833] surfaceSize = 720x375
04-05 12:49:39.715 13149 13238 I SurfaceView@1f975a8: uSP: rtp = Rect(0, -1208 - 720, -833) rtsw = 720 rtsh = 375
04-05 12:49:39.715 13149 13238 I SurfaceView@1f975a8: onSSPAndSRT: pl = 0 pt = -1208 sx = 1.0 sy = 1.0
04-05 12:49:39.716 13149 13238 I SurfaceView@1f975a8: aOrMT: ViewRootImpl@f8b7859[MainActivity] t = android.view.SurfaceControl$Transaction@8a548bf fN = 414 android.view.SurfaceView.-$$Nest$mapplyOrMergeTransaction:0 android.view.SurfaceView$SurfaceViewPositionUpdateListener.positionChanged:1537 android.graphics.RenderNode$CompositePositionUpdateListener.positionChanged:373 
04-05 12:49:39.716 13149 13238 I ViewRootImpl@f8b7859[MainActivity]: mWNT: t=0xb400007768143f00 mBlastBufferQueue=0xb4000077c7d0c600 fn= 414 caller= android.view.SurfaceView.applyOrMergeTransaction:1455 android.view.SurfaceView.-$$Nest$mapplyOrMergeTransaction:0 android.view.SurfaceView$SurfaceViewPositionUpdateListener.positionChanged:1537 
04-05 12:49:39.716 13149 13239 I ViewRootImpl@f8b7859[MainActivity]: mWNT: t=0xb40000777bcdb300 mBlastBufferQueue=0xb4000077c7d0c600 fn= 414 caller= android.view.ViewRootImpl.lambda$applyTransactionOnDraw$11$android-view-ViewRootImpl:12865 android.view.ViewRootImpl$$ExternalSyntheticLambda1.onFrameDraw:4 android.graphics.HardwareRenderer$FrameDrawingCallback.onFrameDraw:924 
04-05 12:49:39.731 13149 13149 I SurfaceView@1f975a8: Changes: creating=false format=false size=false visible=false alpha=false hint=false mUseAlpha=false visible=false left=false top=true
04-05 12:49:39.731 13149 13149 I SurfaceView@1f975a8: 33125800 Cur surface: Surface(name=null)/@0xa780960
04-05 12:49:39.731 13149 13149 I SurfaceView@1f975a8: applyTransactionOnVriDraw: vri = ViewRootImpl@f8b7859[MainActivity] fRS = false t = 0xb40000777bcdb500 android.view.SurfaceView.performSurfaceTransaction:959 android.view.SurfaceView.updateSurface:1105 android.view.SurfaceView.lambda$new$0$android-view-SurfaceView:200 
04-05 12:49:39.732 13149 13149 I ViewRootImpl@f8b7859[MainActivity]: applyTransactionOnDraw: mRemoved = false isHardwareEnabled = true t = 0xb40000777bcdb500android.view.SurfaceView.applyTransactionOnVriDraw:2048 android.view.SurfaceView.performSurfaceTransaction:959 android.view.SurfaceView.updateSurface:1105 android.view.SurfaceView.lambda$new$0$android-view-SurfaceView:200 android.view.SurfaceView$$ExternalSyntheticLambda5.onPreDraw:2 
04-05 12:49:39.732 13149 13149 I SurfaceView@1f975a8: updateSurface: mVisible = true mSurface.isValid() = true
04-05 12:49:39.732 13149 13149 I SurfaceView@1f975a8: updateSurface: mSurfaceCreated = true surfaceChanged = false visibleChanged = false
04-05 12:49:39.732 13149 13149 V SurfaceView@1f975a8: Layout: x=0 y=-1216 w=720 h=375, frame=Rect(0, 0 - 720, 375)
04-05 12:49:39.733 13149 13238 D SurfaceView@1f975a8: updateSurfacePosition RenderWorker, frameNr = 415, position = [0, -1216, 720, -841] surfaceSize = 720x375
04-05 12:49:39.733 13149 13238 I SurfaceView@1f975a8: uSP: rtp = Rect(0, -1216 - 720, -841) rtsw = 720 rtsh = 375
04-05 12:49:39.733 13149 13238 I SurfaceView@1f975a8: onSSPAndSRT: pl = 0 pt = -1216 sx = 1.0 sy = 1.0
04-05 12:49:39.734 13149 13238 I SurfaceView@1f975a8: aOrMT: ViewRootImpl@f8b7859[MainActivity] t = android.view.SurfaceControl$Transaction@8a548bf fN = 415 android.view.SurfaceView.-$$Nest$mapplyOrMergeTransaction:0 android.view.SurfaceView$SurfaceViewPositionUpdateListener.positionChanged:1537 android.graphics.RenderNode$CompositePositionUpdateListener.positionChanged:373 
04-05 12:49:39.734 13149 13238 I ViewRootImpl@f8b7859[MainActivity]: mWNT: t=0xb400007768143f00 mBlastBufferQueue=0xb4000077c7d0c600 fn= 415 caller= android.view.SurfaceView.applyOrMergeTransaction:1455 android.view.SurfaceView.-$$Nest$mapplyOrMergeTransaction:0 android.view.SurfaceView$SurfaceViewPositionUpdateListener.positionChanged:1537 
04-05 12:49:39.734 13149 13238 I ViewRootImpl@f8b7859[MainActivity]: mWNT: t=0xb40000777bcdb500 mBlastBufferQueue=0xb4000077c7d0c600 fn= 415 caller= android.view.ViewRootImpl.lambda$applyTransactionOnDraw$11$android-view-ViewRootImpl:12865 android.view.ViewRootImpl$$ExternalSyntheticLambda1.onFrameDraw:4 android.graphics.HardwareRenderer$FrameDrawingCallback.onFrameDraw:924 
04-05 12:49:39.747 13149 13149 I SurfaceView@1f975a8: Changes: creating=false format=false size=false visible=false alpha=false hint=false mUseAlpha=false visible=false left=false top=true
04-05 12:49:39.747 13149 13149 I SurfaceView@1f975a8: 33125800 Cur surface: Surface(name=null)/@0xa780960
04-05 12:49:39.747 13149 13149 I SurfaceView@1f975a8: applyTransactionOnVriDraw: vri = ViewRootImpl@f8b7859[MainActivity] fRS = false t = 0xb40000777bcdb700 android.view.SurfaceView.performSurfaceTransaction:959 android.view.SurfaceView.updateSurface:1105 android.view.SurfaceView.lambda$new$0$android-view-SurfaceView:200 
04-05 12:49:39.748 13149 13149 I ViewRootImpl@f8b7859[MainActivity]: applyTransactionOnDraw: mRemoved = false isHardwareEnabled = true t = 0xb40000777bcdb700android.view.SurfaceView.applyTransactionOnVriDraw:2048 android.view.SurfaceView.performSurfaceTransaction:959 android.view.SurfaceView.updateSurface:1105 android.view.SurfaceView.lambda$new$0$android-view-SurfaceView:200 android.view.SurfaceView$$ExternalSyntheticLambda5.onPreDraw:2 
04-05 12:49:39.748 13149 13149 I SurfaceView@1f975a8: updateSurface: mVisible = true mSurface.isValid() = true
04-05 12:49:39.748 13149 13149 I SurfaceView@1f975a8: updateSurface: mSurfaceCreated = true surfaceChanged = false visibleChanged = false
04-05 12:49:39.748 13149 13149 V SurfaceView@1f975a8: Layout: x=0 y=-1224 w=720 h=375, frame=Rect(0, 0 - 720, 375)
04-05 12:49:39.749 13149 13239 D SurfaceView@1f975a8: updateSurfacePosition RenderWorker, frameNr = 416, position = [0, -1224, 720, -849] surfaceSize = 720x375
04-05 12:49:39.749 13149 13239 I SurfaceView@1f975a8: uSP: rtp = Rect(0, -1224 - 720, -849) rtsw = 720 rtsh = 375
04-05 12:49:39.749 13149 13239 I SurfaceView@1f975a8: onSSPAndSRT: pl = 0 pt = -1224 sx = 1.0 sy = 1.0
04-05 12:49:39.749 13149 13239 I SurfaceView@1f975a8: aOrMT: ViewRootImpl@f8b7859[MainActivity] t = android.view.SurfaceControl$Transaction@8a548bf fN = 416 android.view.SurfaceView.-$$Nest$mapplyOrMergeTransaction:0 android.view.SurfaceView$SurfaceViewPositionUpdateListener.positionChanged:1537 android.graphics.RenderNode$CompositePositionUpdateListener.positionChanged:373 
04-05 12:49:39.749 13149 13239 I ViewRootImpl@f8b7859[MainActivity]: mWNT: t=0xb400007768143f00 mBlastBufferQueue=0xb4000077c7d0c600 fn= 416 caller= android.view.SurfaceView.applyOrMergeTransaction:1455 android.view.SurfaceView.-$$Nest$mapplyOrMergeTransaction:0 android.view.SurfaceView$SurfaceViewPositionUpdateListener.positionChanged:1537 
04-05 12:49:39.750 13149 13239 I ViewRootImpl@f8b7859[MainActivity]: mWNT: t=0xb40000777bcdb700 mBlastBufferQueue=0xb4000077c7d0c600 fn= 416 caller= android.view.ViewRootImpl.lambda$applyTransactionOnDraw$11$android-view-ViewRootImpl:12865 android.view.ViewRootImpl$$ExternalSyntheticLambda1.onFrameDraw:4 android.graphics.HardwareRenderer$FrameDrawingCallback.onFrameDraw:924 
04-05 12:49:39.764 13149 13149 I SurfaceView@1f975a8: Changes: creating=false format=false size=false visible=false alpha=false hint=false mUseAlpha=false visible=false left=false top=true
04-05 12:49:39.765 13149 13149 I SurfaceView@1f975a8: 33125800 Cur surface: Surface(name=null)/@0xa780960
04-05 12:49:39.765 13149 13149 I SurfaceView@1f975a8: applyTransactionOnVriDraw: vri = ViewRootImpl@f8b7859[MainActivity] fRS = false t = 0xb40000777bcdbc00 android.view.SurfaceView.performSurfaceTransaction:959 android.view.SurfaceView.updateSurface:1105 android.view.SurfaceView.lambda$new$0$android-view-SurfaceView:200 
04-05 12:49:39.765 13149 13149 I ViewRootImpl@f8b7859[MainActivity]: applyTransactionOnDraw: mRemoved = false isHardwareEnabled = true t = 0xb40000777bcdbc00android.view.SurfaceView.applyTransactionOnVriDraw:2048 android.view.SurfaceView.performSurfaceTransaction:959 android.view.SurfaceView.updateSurface:1105 android.view.SurfaceView.lambda$new$0$android-view-SurfaceView:200 android.view.SurfaceView$$ExternalSyntheticLambda5.onPreDraw:2 
04-05 12:49:39.765 13149 13149 I SurfaceView@1f975a8: updateSurface: mVisible = true mSurface.isValid() = true
04-05 12:49:39.765 13149 13149 I SurfaceView@1f975a8: updateSurface: mSurfaceCreated = true surfaceChanged = false visibleChanged = false
04-05 12:49:39.766 13149 13149 V SurfaceView@1f975a8: Layout: x=0 y=-1231 w=720 h=375, frame=Rect(0, 0 - 720, 375)
04-05 12:49:39.767 13149 13238 D SurfaceView@1f975a8: updateSurfacePosition RenderWorker, frameNr = 417, position = [0, -1231, 720, -856] surfaceSize = 720x375
04-05 12:49:39.767 13149 13238 I SurfaceView@1f975a8: uSP: rtp = Rect(0, -1231 - 720, -856) rtsw = 720 rtsh = 375
04-05 12:49:39.767 13149 13238 I SurfaceView@1f975a8: onSSPAndSRT: pl = 0 pt = -1231 sx = 1.0 sy = 1.0
04-05 12:49:39.767 13149 13238 I SurfaceView@1f975a8: aOrMT: ViewRootImpl@f8b7859[MainActivity] t = android.view.SurfaceControl$Transaction@8a548bf fN = 417 android.view.SurfaceView.-$$Nest$mapplyOrMergeTransaction:0 android.view.SurfaceView$SurfaceViewPositionUpdateListener.positionChanged:1537 android.graphics.RenderNode$CompositePositionUpdateListener.positionChanged:373 
04-05 12:49:39.768 13149 13238 I ViewRootImpl@f8b7859[MainActivity]: mWNT: t=0xb400007768143f00 mBlastBufferQueue=0xb4000077c7d0c600 fn= 417 caller= android.view.SurfaceView.applyOrMergeTransaction:1455 android.view.SurfaceView.-$$Nest$mapplyOrMergeTransaction:0 android.view.SurfaceView$SurfaceViewPositionUpdateListener.positionChanged:1537 
04-05 12:49:39.768 13149 13239 I ViewRootImpl@f8b7859[MainActivity]: mWNT: t=0xb40000777bcdbc00 mBlastBufferQueue=0xb4000077c7d0c600 fn= 417 caller= android.view.ViewRootImpl.lambda$applyTransactionOnDraw$11$android-view-ViewRootImpl:12865 android.view.ViewRootImpl$$ExternalSyntheticLambda1.onFrameDraw:4 android.graphics.HardwareRenderer$FrameDrawingCallback.onFrameDraw:924 
04-05 12:49:39.780 13149 13149 I SurfaceView@1f975a8: Changes: creating=false format=false size=false visible=false alpha=false hint=false mUseAlpha=false visible=false left=false top=true
04-05 12:49:39.780 13149 13149 I SurfaceView@1f975a8: 33125800 Cur surface: Surface(name=null)/@0xa780960
04-05 12:49:39.781 13149 13149 I SurfaceView@1f975a8: applyTransactionOnVriDraw: vri = ViewRootImpl@f8b7859[MainActivity] fRS = false t = 0xb40000777bcdbf00 android.view.SurfaceView.performSurfaceTransaction:959 android.view.SurfaceView.updateSurface:1105 android.view.SurfaceView.lambda$new$0$android-view-SurfaceView:200 
04-05 12:49:39.781 13149 13149 I ViewRootImpl@f8b7859[MainActivity]: applyTransactionOnDraw: mRemoved = false isHardwareEnabled = true t = 0xb40000777bcdbf00android.view.SurfaceView.applyTransactionOnVriDraw:2048 android.view.SurfaceView.performSurfaceTransaction:959 android.view.SurfaceView.updateSurface:1105 android.view.SurfaceView.lambda$new$0$android-view-SurfaceView:200 android.view.SurfaceView$$ExternalSyntheticLambda5.onPreDraw:2 
04-05 12:49:39.781 13149 13149 I SurfaceView@1f975a8: updateSurface: mVisible = true mSurface.isValid() = true
04-05 12:49:39.781 13149 13149 I SurfaceView@1f975a8: updateSurface: mSurfaceCreated = true surfaceChanged = false visibleChanged = false
04-05 12:49:39.781 13149 13149 V SurfaceView@1f975a8: Layout: x=0 y=-1237 w=720 h=375, frame=Rect(0, 0 - 720, 375)
04-05 12:49:39.782 13149 13238 D SurfaceView@1f975a8: updateSurfacePosition RenderWorker, frameNr = 418, position = [0, -1237, 720, -862] surfaceSize = 720x375
04-05 12:49:39.782 13149 13238 I SurfaceView@1f975a8: uSP: rtp = Rect(0, -1237 - 720, -862) rtsw = 720 rtsh = 375
04-05 12:49:39.782 13149 13238 I SurfaceView@1f975a8: onSSPAndSRT: pl = 0 pt = -1237 sx = 1.0 sy = 1.0
04-05 12:49:39.783 13149 13238 I SurfaceView@1f975a8: aOrMT: ViewRootImpl@f8b7859[MainActivity] t = android.view.SurfaceControl$Transaction@8a548bf fN = 418 android.view.SurfaceView.-$$Nest$mapplyOrMergeTransaction:0 android.view.SurfaceView$SurfaceViewPositionUpdateListener.positionChanged:1537 android.graphics.RenderNode$CompositePositionUpdateListener.positionChanged:373 
04-05 12:49:39.783 13149 13238 I ViewRootImpl@f8b7859[MainActivity]: mWNT: t=0xb400007768143f00 mBlastBufferQueue=0xb4000077c7d0c600 fn= 418 caller= android.view.SurfaceView.applyOrMergeTransaction:1455 android.view.SurfaceView.-$$Nest$mapplyOrMergeTransaction:0 android.view.SurfaceView$SurfaceViewPositionUpdateListener.positionChanged:1537 
04-05 12:49:39.783 13149 13239 I ViewRootImpl@f8b7859[MainActivity]: mWNT: t=0xb40000777bcdbf00 mBlastBufferQueue=0xb4000077c7d0c600 fn= 418 caller= android.view.ViewRootImpl.lambda$applyTransactionOnDraw$11$android-view-ViewRootImpl:12865 android.view.ViewRootImpl$$ExternalSyntheticLambda1.onFrameDraw:4 android.graphics.HardwareRenderer$FrameDrawingCallback.onFrameDraw:924 
04-05 12:49:39.797 13149 13149 I SurfaceView@1f975a8: Changes: creating=false format=false size=false visible=false alpha=false hint=false mUseAlpha=false visible=false left=false top=true
04-05 12:49:39.797 13149 13149 I SurfaceView@1f975a8: 33125800 Cur surface: Surface(name=null)/@0xa780960
04-05 12:49:39.797 13149 13149 I SurfaceView@1f975a8: applyTransactionOnVriDraw: vri = ViewRootImpl@f8b7859[MainActivity] fRS = false t = 0xb40000777bd0a200 android.view.SurfaceView.performSurfaceTransaction:959 android.view.SurfaceView.updateSurface:1105 android.view.SurfaceView.lambda$new$0$android-view-SurfaceView:200 
04-05 12:49:39.798 13149 13149 I ViewRootImpl@f8b7859[MainActivity]: applyTransactionOnDraw: mRemoved = false isHardwareEnabled = true t = 0xb40000777bd0a200android.view.SurfaceView.applyTransactionOnVriDraw:2048 android.view.SurfaceView.performSurfaceTransaction:959 android.view.SurfaceView.updateSurface:1105 android.view.SurfaceView.lambda$new$0$android-view-SurfaceView:200 android.view.SurfaceView$$ExternalSyntheticLambda5.onPreDraw:2 
04-05 12:49:39.798 13149 13149 I SurfaceView@1f975a8: updateSurface: mVisible = true mSurface.isValid() = true
04-05 12:49:39.798 13149 13149 I SurfaceView@1f975a8: updateSurface: mSurfaceCreated = true surfaceChanged = false visibleChanged = false
04-05 12:49:39.798 13149 13149 V SurfaceView@1f975a8: Layout: x=0 y=-1244 w=720 h=375, frame=Rect(0, 0 - 720, 375)
04-05 12:49:39.799 13149 13238 D SurfaceView@1f975a8: updateSurfacePosition RenderWorker, frameNr = 419, position = [0, -1244, 720, -869] surfaceSize = 720x375
04-05 12:49:39.799 13149 13238 I SurfaceView@1f975a8: uSP: rtp = Rect(0, -1244 - 720, -869) rtsw = 720 rtsh = 375
04-05 12:49:39.799 13149 13238 I SurfaceView@1f975a8: onSSPAndSRT: pl = 0 pt = -1244 sx = 1.0 sy = 1.0
04-05 12:49:39.799 13149 13238 I SurfaceView@1f975a8: aOrMT: ViewRootImpl@f8b7859[MainActivity] t = android.view.SurfaceControl$Transaction@8a548bf fN = 419 android.view.SurfaceView.-$$Nest$mapplyOrMergeTransaction:0 android.view.SurfaceView$SurfaceViewPositionUpdateListener.positionChanged:1537 android.graphics.RenderNode$CompositePositionUpdateListener.positionChanged:373 
04-05 12:49:39.799 13149 13238 I ViewRootImpl@f8b7859[MainActivity]: mWNT: t=0xb400007768143f00 mBlastBufferQueue=0xb4000077c7d0c600 fn= 419 caller= android.view.SurfaceView.applyOrMergeTransaction:1455 android.view.SurfaceView.-$$Nest$mapplyOrMergeTransaction:0 android.view.SurfaceView$SurfaceViewPositionUpdateListener.positionChanged:1537 
04-05 12:49:39.800 13149 13238 I ViewRootImpl@f8b7859[MainActivity]: mWNT: t=0xb40000777bd0a200 mBlastBufferQueue=0xb4000077c7d0c600 fn= 419 caller= android.view.ViewRootImpl.lambda$applyTransactionOnDraw$11$android-view-ViewRootImpl:12865 android.view.ViewRootImpl$$ExternalSyntheticLambda1.onFrameDraw:4 android.graphics.HardwareRenderer$FrameDrawingCallback.onFrameDraw:924 
04-05 12:49:39.813 13149 13149 I SurfaceView@1f975a8: Changes: creating=false format=false size=false visible=false alpha=false hint=false mUseAlpha=false visible=false left=false top=true
04-05 12:49:39.813 13149 13149 I SurfaceView@1f975a8: 33125800 Cur surface: Surface(name=null)/@0xa780960
04-05 12:49:39.814 13149 13149 I SurfaceView@1f975a8: applyTransactionOnVriDraw: vri = ViewRootImpl@f8b7859[MainActivity] fRS = false t = 0xb40000777bd0a600 android.view.SurfaceView.performSurfaceTransaction:959 android.view.SurfaceView.updateSurface:1105 android.view.SurfaceView.lambda$new$0$android-view-SurfaceView:200 
04-05 12:49:39.814 13149 13149 I ViewRootImpl@f8b7859[MainActivity]: applyTransactionOnDraw: mRemoved = false isHardwareEnabled = true t = 0xb40000777bd0a600android.view.SurfaceView.applyTransactionOnVriDraw:2048 android.view.SurfaceView.performSurfaceTransaction:959 android.view.SurfaceView.updateSurface:1105 android.view.SurfaceView.lambda$new$0$android-view-SurfaceView:200 android.view.SurfaceView$$ExternalSyntheticLambda5.onPreDraw:2 
04-05 12:49:39.814 13149 13149 I SurfaceView@1f975a8: updateSurface: mVisible = true mSurface.isValid() = true
04-05 12:49:39.814 13149 13149 I SurfaceView@1f975a8: updateSurface: mSurfaceCreated = true surfaceChanged = false visibleChanged = false
04-05 12:49:39.814 13149 13149 V SurfaceView@1f975a8: Layout: x=0 y=-1249 w=720 h=375, frame=Rect(0, 0 - 720, 375)
04-05 12:49:39.815 13149 13239 D SurfaceView@1f975a8: updateSurfacePosition RenderWorker, frameNr = 420, position = [0, -1249, 720, -874] surfaceSize = 720x375
04-05 12:49:39.815 13149 13239 I SurfaceView@1f975a8: uSP: rtp = Rect(0, -1249 - 720, -874) rtsw = 720 rtsh = 375
04-05 12:49:39.815 13149 13239 I SurfaceView@1f975a8: onSSPAndSRT: pl = 0 pt = -1249 sx = 1.0 sy = 1.0
04-05 12:49:39.815 13149 13239 I SurfaceView@1f975a8: aOrMT: ViewRootImpl@f8b7859[MainActivity] t = android.view.SurfaceControl$Transaction@8a548bf fN = 420 android.view.SurfaceView.-$$Nest$mapplyOrMergeTransaction:0 android.view.SurfaceView$SurfaceViewPositionUpdateListener.positionChanged:1537 android.graphics.RenderNode$CompositePositionUpdateListener.positionChanged:373 
04-05 12:49:39.815 13149 13239 I ViewRootImpl@f8b7859[MainActivity]: mWNT: t=0xb400007768143f00 mBlastBufferQueue=0xb4000077c7d0c600 fn= 420 caller= android.view.SurfaceView.applyOrMergeTransaction:1455 android.view.SurfaceView.-$$Nest$mapplyOrMergeTransaction:0 android.view.SurfaceView$SurfaceViewPositionUpdateListener.positionChanged:1537 
04-05 12:49:39.817 13149 13239 I ViewRootImpl@f8b7859[MainActivity]: mWNT: t=0xb40000777bd0a600 mBlastBufferQueue=0xb4000077c7d0c600 fn= 420 caller= android.view.ViewRootImpl.lambda$applyTransactionOnDraw$11$android-view-ViewRootImpl:12865 android.view.ViewRootImpl$$ExternalSyntheticLambda1.onFrameDraw:4 android.graphics.HardwareRenderer$FrameDrawingCallback.onFrameDraw:924 
04-05 12:49:39.830 13149 13149 I SurfaceView@1f975a8: Changes: creating=false format=false size=false visible=false alpha=false hint=false mUseAlpha=false visible=false left=false top=true
04-05 12:49:39.830 13149 13149 I SurfaceView@1f975a8: 33125800 Cur surface: Surface(name=null)/@0xa780960
04-05 12:49:39.831 13149 13149 I SurfaceView@1f975a8: applyTransactionOnVriDraw: vri = ViewRootImpl@f8b7859[MainActivity] fRS = false t = 0xb40000777bd0aa00 android.view.SurfaceView.performSurfaceTransaction:959 android.view.SurfaceView.updateSurface:1105 android.view.SurfaceView.lambda$new$0$android-view-SurfaceView:200 
04-05 12:49:39.831 13149 13149 I ViewRootImpl@f8b7859[MainActivity]: applyTransactionOnDraw: mRemoved = false isHardwareEnabled = true t = 0xb40000777bd0aa00android.view.SurfaceView.applyTransactionOnVriDraw:2048 android.view.SurfaceView.performSurfaceTransaction:959 android.view.SurfaceView.updateSurface:1105 android.view.SurfaceView.lambda$new$0$android-view-SurfaceView:200 android.view.SurfaceView$$ExternalSyntheticLambda5.onPreDraw:2 
04-05 12:49:39.831 13149 13149 I SurfaceView@1f975a8: updateSurface: mVisible = true mSurface.isValid() = true
04-05 12:49:39.831 13149 13149 I SurfaceView@1f975a8: updateSurface: mSurfaceCreated = true surfaceChanged = false visibleChanged = false
04-05 12:49:39.831 13149 13149 V SurfaceView@1f975a8: Layout: x=0 y=-1255 w=720 h=375, frame=Rect(0, 0 - 720, 375)
04-05 12:49:39.832 13149 13238 D SurfaceView@1f975a8: updateSurfacePosition RenderWorker, frameNr = 421, position = [0, -1255, 720, -880] surfaceSize = 720x375
04-05 12:49:39.832 13149 13238 I SurfaceView@1f975a8: uSP: rtp = Rect(0, -1255 - 720, -880) rtsw = 720 rtsh = 375
04-05 12:49:39.832 13149 13238 I SurfaceView@1f975a8: onSSPAndSRT: pl = 0 pt = -1255 sx = 1.0 sy = 1.0
04-05 12:49:39.832 13149 13238 I SurfaceView@1f975a8: aOrMT: ViewRootImpl@f8b7859[MainActivity] t = android.view.SurfaceControl$Transaction@8a548bf fN = 421 android.view.SurfaceView.-$$Nest$mapplyOrMergeTransaction:0 android.view.SurfaceView$SurfaceViewPositionUpdateListener.positionChanged:1537 android.graphics.RenderNode$CompositePositionUpdateListener.positionChanged:373 
04-05 12:49:39.832 13149 13238 I ViewRootImpl@f8b7859[MainActivity]: mWNT: t=0xb400007768143f00 mBlastBufferQueue=0xb4000077c7d0c600 fn= 421 caller= android.view.SurfaceView.applyOrMergeTransaction:1455 android.view.SurfaceView.-$$Nest$mapplyOrMergeTransaction:0 android.view.SurfaceView$SurfaceViewPositionUpdateListener.positionChanged:1537 
04-05 12:49:39.833 13149 13238 I ViewRootImpl@f8b7859[MainActivity]: mWNT: t=0xb40000777bd0aa00 mBlastBufferQueue=0xb4000077c7d0c600 fn= 421 caller= android.view.ViewRootImpl.lambda$applyTransactionOnDraw$11$android-view-ViewRootImpl:12865 android.view.ViewRootImpl$$ExternalSyntheticLambda1.onFrameDraw:4 android.graphics.HardwareRenderer$FrameDrawingCallback.onFrameDraw:924 
04-05 12:49:39.847 13149 13149 I SurfaceView@1f975a8: Changes: creating=false format=false size=false visible=false alpha=false hint=false mUseAlpha=false visible=false left=false top=true
04-05 12:49:39.847 13149 13149 I SurfaceView@1f975a8: 33125800 Cur surface: Surface(name=null)/@0xa780960
04-05 12:49:39.847 13149 13149 I SurfaceView@1f975a8: applyTransactionOnVriDraw: vri = ViewRootImpl@f8b7859[MainActivity] fRS = false t = 0xb40000777bd0ac00 android.view.SurfaceView.performSurfaceTransaction:959 android.view.SurfaceView.updateSurface:1105 android.view.SurfaceView.lambda$new$0$android-view-SurfaceView:200 
04-05 12:49:39.847 13149 13149 I ViewRootImpl@f8b7859[MainActivity]: applyTransactionOnDraw: mRemoved = false isHardwareEnabled = true t = 0xb40000777bd0ac00android.view.SurfaceView.applyTransactionOnVriDraw:2048 android.view.SurfaceView.performSurfaceTransaction:959 android.view.SurfaceView.updateSurface:1105 android.view.SurfaceView.lambda$new$0$android-view-SurfaceView:200 android.view.SurfaceView$$ExternalSyntheticLambda5.onPreDraw:2 
04-05 12:49:39.847 13149 13149 I SurfaceView@1f975a8: updateSurface: mVisible = true mSurface.isValid() = true
04-05 12:49:39.847 13149 13149 I SurfaceView@1f975a8: updateSurface: mSurfaceCreated = true surfaceChanged = false visibleChanged = false
04-05 12:49:39.847 13149 13149 V SurfaceView@1f975a8: Layout: x=0 y=-1260 w=720 h=375, frame=Rect(0, 0 - 720, 375)
04-05 12:49:39.849 13149 13239 D SurfaceView@1f975a8: updateSurfacePosition RenderWorker, frameNr = 422, position = [0, -1260, 720, -885] surfaceSize = 720x375
04-05 12:49:39.849 13149 13239 I SurfaceView@1f975a8: uSP: rtp = Rect(0, -1260 - 720, -885) rtsw = 720 rtsh = 375
04-05 12:49:39.849 13149 13239 I SurfaceView@1f975a8: onSSPAndSRT: pl = 0 pt = -1260 sx = 1.0 sy = 1.0
04-05 12:49:39.849 13149 13239 I SurfaceView@1f975a8: aOrMT: ViewRootImpl@f8b7859[MainActivity] t = android.view.SurfaceControl$Transaction@8a548bf fN = 422 android.view.SurfaceView.-$$Nest$mapplyOrMergeTransaction:0 android.view.SurfaceView$SurfaceViewPositionUpdateListener.positionChanged:1537 android.graphics.RenderNode$CompositePositionUpdateListener.positionChanged:373 
04-05 12:49:39.849 13149 13239 I ViewRootImpl@f8b7859[MainActivity]: mWNT: t=0xb400007768143f00 mBlastBufferQueue=0xb4000077c7d0c600 fn= 422 caller= android.view.SurfaceView.applyOrMergeTransaction:1455 android.view.SurfaceView.-$$Nest$mapplyOrMergeTransaction:0 android.view.SurfaceView$SurfaceViewPositionUpdateListener.positionChanged:1537 
04-05 12:49:39.849 13149 13238 I ViewRootImpl@f8b7859[MainActivity]: mWNT: t=0xb40000777bd0ac00 mBlastBufferQueue=0xb4000077c7d0c600 fn= 422 caller= android.view.ViewRootImpl.lambda$applyTransactionOnDraw$11$android-view-ViewRootImpl:12865 android.view.ViewRootImpl$$ExternalSyntheticLambda1.onFrameDraw:4 android.graphics.HardwareRenderer$FrameDrawingCallback.onFrameDraw:924 
04-05 12:49:39.864 13149 13149 I SurfaceView@1f975a8: Changes: creating=false format=false size=false visible=false alpha=false hint=false mUseAlpha=false visible=false left=false top=true
04-05 12:49:39.864 13149 13149 I SurfaceView@1f975a8: 33125800 Cur surface: Surface(name=null)/@0xa780960
04-05 12:49:39.864 13149 13149 I SurfaceView@1f975a8: applyTransactionOnVriDraw: vri = ViewRootImpl@f8b7859[MainActivity] fRS = false t = 0xb40000777bd0ae00 android.view.SurfaceView.performSurfaceTransaction:959 android.view.SurfaceView.updateSurface:1105 android.view.SurfaceView.lambda$new$0$android-view-SurfaceView:200 
04-05 12:49:39.864 13149 13149 I ViewRootImpl@f8b7859[MainActivity]: applyTransactionOnDraw: mRemoved = false isHardwareEnabled = true t = 0xb40000777bd0ae00android.view.SurfaceView.applyTransactionOnVriDraw:2048 android.view.SurfaceView.performSurfaceTransaction:959 android.view.SurfaceView.updateSurface:1105 android.view.SurfaceView.lambda$new$0$android-view-SurfaceView:200 android.view.SurfaceView$$ExternalSyntheticLambda5.onPreDraw:2 
04-05 12:49:39.864 13149 13149 I SurfaceView@1f975a8: updateSurface: mVisible = true mSurface.isValid() = true
04-05 12:49:39.864 13149 13149 I SurfaceView@1f975a8: updateSurface: mSurfaceCreated = true surfaceChanged = false visibleChanged = false
04-05 12:49:39.864 13149 13149 V SurfaceView@1f975a8: Layout: x=0 y=-1264 w=720 h=375, frame=Rect(0, 0 - 720, 375)
04-05 12:49:39.865 13149 13239 D SurfaceView@1f975a8: updateSurfacePosition RenderWorker, frameNr = 423, position = [0, -1264, 720, -889] surfaceSize = 720x375
04-05 12:49:39.865 13149 13239 I SurfaceView@1f975a8: uSP: rtp = Rect(0, -1264 - 720, -889) rtsw = 720 rtsh = 375
04-05 12:49:39.866 13149 13239 I SurfaceView@1f975a8: onSSPAndSRT: pl = 0 pt = -1264 sx = 1.0 sy = 1.0
04-05 12:49:39.866 13149 13239 I SurfaceView@1f975a8: aOrMT: ViewRootImpl@f8b7859[MainActivity] t = android.view.SurfaceControl$Transaction@8a548bf fN = 423 android.view.SurfaceView.-$$Nest$mapplyOrMergeTransaction:0 android.view.SurfaceView$SurfaceViewPositionUpdateListener.positionChanged:1537 android.graphics.RenderNode$CompositePositionUpdateListener.positionChanged:373 
04-05 12:49:39.866 13149 13239 I ViewRootImpl@f8b7859[MainActivity]: mWNT: t=0xb400007768143f00 mBlastBufferQueue=0xb4000077c7d0c600 fn= 423 caller= android.view.SurfaceView.applyOrMergeTransaction:1455 android.view.SurfaceView.-$$Nest$mapplyOrMergeTransaction:0 android.view.SurfaceView$SurfaceViewPositionUpdateListener.positionChanged:1537 
04-05 12:49:39.866 13149 13239 I ViewRootImpl@f8b7859[MainActivity]: mWNT: t=0xb40000777bd0ae00 mBlastBufferQueue=0xb4000077c7d0c600 fn= 423 caller= android.view.ViewRootImpl.lambda$applyTransactionOnDraw$11$android-view-ViewRootImpl:12865 android.view.ViewRootImpl$$ExternalSyntheticLambda1.onFrameDraw:4 android.graphics.HardwareRenderer$FrameDrawingCallback.onFrameDraw:924 
04-05 12:49:39.880 13149 13149 I SurfaceView@1f975a8: Changes: creating=false format=false size=false visible=false alpha=false hint=false mUseAlpha=false visible=false left=false top=true
04-05 12:49:39.880 13149 13149 I SurfaceView@1f975a8: 33125800 Cur surface: Surface(name=null)/@0xa780960
04-05 12:49:39.881 13149 13149 I SurfaceView@1f975a8: applyTransactionOnVriDraw: vri = ViewRootImpl@f8b7859[MainActivity] fRS = false t = 0xb40000777bd7e800 android.view.SurfaceView.performSurfaceTransaction:959 android.view.SurfaceView.updateSurface:1105 android.view.SurfaceView.lambda$new$0$android-view-SurfaceView:200 
04-05 12:49:39.881 13149 13149 I ViewRootImpl@f8b7859[MainActivity]: applyTransactionOnDraw: mRemoved = false isHardwareEnabled = true t = 0xb40000777bd7e800android.view.SurfaceView.applyTransactionOnVriDraw:2048 android.view.SurfaceView.performSurfaceTransaction:959 android.view.SurfaceView.updateSurface:1105 android.view.SurfaceView.lambda$new$0$android-view-SurfaceView:200 android.view.SurfaceView$$ExternalSyntheticLambda5.onPreDraw:2 
04-05 12:49:39.881 13149 13149 I SurfaceView@1f975a8: updateSurface: mVisible = true mSurface.isValid() = true
04-05 12:49:39.881 13149 13149 I SurfaceView@1f975a8: updateSurface: mSurfaceCreated = true surfaceChanged = false visibleChanged = false
04-05 12:49:39.881 13149 13149 V SurfaceView@1f975a8: Layout: x=0 y=-1269 w=720 h=375, frame=Rect(0, 0 - 720, 375)
04-05 12:49:39.882 13149 13238 D SurfaceView@1f975a8: updateSurfacePosition RenderWorker, frameNr = 424, position = [0, -1269, 720, -894] surfaceSize = 720x375
04-05 12:49:39.882 13149 13238 I SurfaceView@1f975a8: uSP: rtp = Rect(0, -1269 - 720, -894) rtsw = 720 rtsh = 375
04-05 12:49:39.882 13149 13238 I SurfaceView@1f975a8: onSSPAndSRT: pl = 0 pt = -1269 sx = 1.0 sy = 1.0
04-05 12:49:39.882 13149 13238 I SurfaceView@1f975a8: aOrMT: ViewRootImpl@f8b7859[MainActivity] t = android.view.SurfaceControl$Transaction@8a548bf fN = 424 android.view.SurfaceView.-$$Nest$mapplyOrMergeTransaction:0 android.view.SurfaceView$SurfaceViewPositionUpdateListener.positionChanged:1537 android.graphics.RenderNode$CompositePositionUpdateListener.positionChanged:373 
04-05 12:49:39.883 13149 13238 I ViewRootImpl@f8b7859[MainActivity]: mWNT: t=0xb400007768143f00 mBlastBufferQueue=0xb4000077c7d0c600 fn= 424 caller= android.view.SurfaceView.applyOrMergeTransaction:1455 android.view.SurfaceView.-$$Nest$mapplyOrMergeTransaction:0 android.view.SurfaceView$SurfaceViewPositionUpdateListener.positionChanged:1537 
04-05 12:49:39.883 13149 13238 I ViewRootImpl@f8b7859[MainActivity]: mWNT: t=0xb40000777bd7e800 mBlastBufferQueue=0xb4000077c7d0c600 fn= 424 caller= android.view.ViewRootImpl.lambda$applyTransactionOnDraw$11$android-view-ViewRootImpl:12865 android.view.ViewRootImpl$$ExternalSyntheticLambda1.onFrameDraw:4 android.graphics.HardwareRenderer$FrameDrawingCallback.onFrameDraw:924 
04-05 12:49:39.897 13149 13149 I SurfaceView@1f975a8: Changes: creating=false format=false size=false visible=false alpha=false hint=false mUseAlpha=false visible=false left=false top=true
04-05 12:49:39.897 13149 13149 I SurfaceView@1f975a8: 33125800 Cur surface: Surface(name=null)/@0xa780960
04-05 12:49:39.897 13149 13149 I SurfaceView@1f975a8: applyTransactionOnVriDraw: vri = ViewRootImpl@f8b7859[MainActivity] fRS = false t = 0xb40000777be30000 android.view.SurfaceView.performSurfaceTransaction:959 android.view.SurfaceView.updateSurface:1105 android.view.SurfaceView.lambda$new$0$android-view-SurfaceView:200 
04-05 12:49:39.897 13149 13149 I ViewRootImpl@f8b7859[MainActivity]: applyTransactionOnDraw: mRemoved = false isHardwareEnabled = true t = 0xb40000777be30000android.view.SurfaceView.applyTransactionOnVriDraw:2048 android.view.SurfaceView.performSurfaceTransaction:959 android.view.SurfaceView.updateSurface:1105 android.view.SurfaceView.lambda$new$0$android-view-SurfaceView:200 android.view.SurfaceView$$ExternalSyntheticLambda5.onPreDraw:2 
04-05 12:49:39.897 13149 13149 I SurfaceView@1f975a8: updateSurface: mVisible = true mSurface.isValid() = true
04-05 12:49:39.897 13149 13149 I SurfaceView@1f975a8: updateSurface: mSurfaceCreated = true surfaceChanged = false visibleChanged = false
04-05 12:49:39.897 13149 13149 V SurfaceView@1f975a8: Layout: x=0 y=-1273 w=720 h=375, frame=Rect(0, 0 - 720, 375)
04-05 12:49:39.898 13149 13239 D SurfaceView@1f975a8: updateSurfacePosition RenderWorker, frameNr = 425, position = [0, -1273, 720, -898] surfaceSize = 720x375
04-05 12:49:39.899 13149 13239 I SurfaceView@1f975a8: uSP: rtp = Rect(0, -1273 - 720, -898) rtsw = 720 rtsh = 375
04-05 12:49:39.899 13149 13239 I SurfaceView@1f975a8: onSSPAndSRT: pl = 0 pt = -1273 sx = 1.0 sy = 1.0
